ARM Linker, 4.1 [Build 481] [Standard]

==============================================================================

Section Cross References

    stm32f10x_it.o(i.BusFault_Handler) refers to printf8.o(i.__0printf$8) for __2printf
    stm32f10x_it.o(i.BusFault_Handler) refers to hard_init.o(i.delay_ms) for delay_ms
    stm32f10x_it.o(i.BusFault_Handler) refers to stm32f10x_it.o(i.NVIC_SystemReset) for NVIC_SystemReset
    stm32f10x_it.o(i.EXTI0_IRQHandler) refers to hard_init.o(i.delay_ms) for delay_ms
    stm32f10x_it.o(i.EXTI0_IRQHandler) refers to stm32f10x_exti.o(i.EXTI_GetITStatus) for EXTI_GetITStatus
    stm32f10x_it.o(i.EXTI0_IRQHandler) refers to stm32f10x_exti.o(i.EXTI_ClearITPendingBit) for EXTI_ClearITPendingBit
    stm32f10x_it.o(i.EXTI0_IRQHandler) refers to printf8.o(i.__0printf$8) for __2printf
    stm32f10x_it.o(i.EXTI15_10_IRQHandler) refers to stm32f10x_exti.o(i.EXTI_GetITStatus) for EXTI_GetITStatus
    stm32f10x_it.o(i.EXTI15_10_IRQHandler) refers to stm32f10x_exti.o(i.EXTI_ClearITPendingBit) for EXTI_ClearITPendingBit
    stm32f10x_it.o(i.EXTI15_10_IRQHandler) refers to sysdef.o(.data) for CAN_DETECTER
    stm32f10x_it.o(i.EXTI1_IRQHandler) refers to stm32f10x_exti.o(i.EXTI_GetITStatus) for EXTI_GetITStatus
    stm32f10x_it.o(i.EXTI1_IRQHandler) refers to stm32f10x_exti.o(i.EXTI_ClearITPendingBit) for EXTI_ClearITPendingBit
    stm32f10x_it.o(i.EXTI1_IRQHandler) refers to printf8.o(i.__0printf$8) for __2printf
    stm32f10x_it.o(i.EXTI3_IRQHandler) refers to stm32f10x_exti.o(i.EXTI_GetITStatus) for EXTI_GetITStatus
    stm32f10x_it.o(i.EXTI3_IRQHandler) refers to stm32f10x_exti.o(i.EXTI_ClearITPendingBit) for EXTI_ClearITPendingBit
    stm32f10x_it.o(i.EXTI3_IRQHandler) refers to printf8.o(i.__0printf$8) for __2printf
    stm32f10x_it.o(i.EXTI9_5_IRQHandler) refers to stm32f10x_exti.o(i.EXTI_GetITStatus) for EXTI_GetITStatus
    stm32f10x_it.o(i.EXTI9_5_IRQHandler) refers to stm32f10x_exti.o(i.EXTI_ClearITPendingBit) for EXTI_ClearITPendingBit
    stm32f10x_it.o(i.HardFault_Handler) refers to printf8.o(i.__0printf$8) for __2printf
    stm32f10x_it.o(i.HardFault_Handler) refers to hard_init.o(i.delay_ms) for delay_ms
    stm32f10x_it.o(i.HardFault_Handler) refers to stm32f10x_it.o(i.NVIC_SystemReset) for NVIC_SystemReset
    stm32f10x_it.o(i.MemManage_Handler) refers to printf8.o(i.__0printf$8) for __2printf
    stm32f10x_it.o(i.MemManage_Handler) refers to hard_init.o(i.delay_ms) for delay_ms
    stm32f10x_it.o(i.MemManage_Handler) refers to stm32f10x_it.o(i.NVIC_SystemReset) for NVIC_SystemReset
    stm32f10x_it.o(i.NMI_Handler) refers to printf8.o(i.__0printf$8) for __2printf
    stm32f10x_it.o(i.NMI_Handler) refers to hard_init.o(i.delay_ms) for delay_ms
    stm32f10x_it.o(i.NMI_Handler) refers to stm32f10x_it.o(i.NVIC_SystemReset) for NVIC_SystemReset
    stm32f10x_it.o(i.PRINTF_DEBUGMon_Handler) refers to printf8.o(i.__0printf$8) for __2printf
    stm32f10x_it.o(i.PRINTF_DEBUGMon_Handler) refers to hard_init.o(i.delay_ms) for delay_ms
    stm32f10x_it.o(i.PRINTF_DEBUGMon_Handler) refers to stm32f10x_it.o(i.NVIC_SystemReset) for NVIC_SystemReset
    stm32f10x_it.o(i.PendSV_Handler) refers to printf8.o(i.__0printf$8) for __2printf
    stm32f10x_it.o(i.PendSV_Handler) refers to hard_init.o(i.delay_ms) for delay_ms
    stm32f10x_it.o(i.PendSV_Handler) refers to stm32f10x_it.o(i.NVIC_SystemReset) for NVIC_SystemReset
    stm32f10x_it.o(i.RTCAlarm_IRQHandler) refers to stm32f10x_rtc.o(i.RTC_GetITStatus) for RTC_GetITStatus
    stm32f10x_it.o(i.RTCAlarm_IRQHandler) refers to stm32f10x_exti.o(i.EXTI_ClearITPendingBit) for EXTI_ClearITPendingBit
    stm32f10x_it.o(i.RTCAlarm_IRQHandler) refers to stm32f10x_rtc.o(i.RTC_WaitForLastTask) for RTC_WaitForLastTask
    stm32f10x_it.o(i.RTCAlarm_IRQHandler) refers to stm32f10x_rtc.o(i.RTC_ClearITPendingBit) for RTC_ClearITPendingBit
    stm32f10x_it.o(i.RTC_IRQHandler) refers to stm32f10x_rtc.o(i.RTC_GetITStatus) for RTC_GetITStatus
    stm32f10x_it.o(i.RTC_IRQHandler) refers to stm32f10x_rtc.o(i.RTC_ClearITPendingBit) for RTC_ClearITPendingBit
    stm32f10x_it.o(i.RTC_IRQHandler) refers to stm32f10x_rtc.o(i.RTC_WaitForLastTask) for RTC_WaitForLastTask
    stm32f10x_it.o(i.RTC_IRQHandler) refers to stm32f10x_rtc.o(i.RTC_GetCounter) for RTC_GetCounter
    stm32f10x_it.o(i.RTC_IRQHandler) refers to stm32f10x_rtc.o(i.RTC_SetCounter) for RTC_SetCounter
    stm32f10x_it.o(i.SVC_Handler) refers to printf8.o(i.__0printf$8) for __2printf
    stm32f10x_it.o(i.SVC_Handler) refers to hard_init.o(i.delay_ms) for delay_ms
    stm32f10x_it.o(i.SVC_Handler) refers to stm32f10x_it.o(i.NVIC_SystemReset) for NVIC_SystemReset
    stm32f10x_it.o(i.TIM2_IRQHandler) refers to stm32f10x_tim.o(i.TIM_GetITStatus) for TIM_GetITStatus
    stm32f10x_it.o(i.TIM2_IRQHandler) refers to stm32f10x_tim.o(i.TIM_ClearITPendingBit) for TIM_ClearITPendingBit
    stm32f10x_it.o(i.TIM3_IRQHandler) refers to stm32f10x_tim.o(i.TIM_GetITStatus) for TIM_GetITStatus
[...]
    ..\Libraries\STM32F10x_StdPeriph_Driver\src\stm32f10x_crc.c 0x00000000   Number         0  stm32f10x_crc.o ABSOLUTE
    ..\Libraries\STM32F10x_StdPeriph_Driver\src\stm32f10x_dac.c 0x00000000   Number         0  stm32f10x_dac.o ABSOLUTE
    ..\Libraries\STM32F10x_StdPeriph_Driver\src\stm32f10x_dbgmcu.c 0x00000000   Number         0  stm32f10x_dbgmcu.o ABSOLUTE
    ..\Libraries\STM32F10x_StdPeriph_Driver\src\stm32f10x_dma.c 0x00000000   Number         0  stm32f10x_dma.o ABSOLUTE
    ..\Libraries\STM32F10x_StdPeriph_Driver\src\stm32f10x_exti.c 0x00000000   Number         0  stm32f10x_exti.o ABSOLUTE
    ..\Libraries\STM32F10x_StdPeriph_Driver\src\stm32f10x_flash.c 0x00000000   Number         0  stm32f10x_flash.o ABSOLUTE
    ..\Libraries\STM32F10x_StdPeriph_Driver\src\stm32f10x_fsmc.c 0x00000000   Number         0  stm32f10x_fsmc.o ABSOLUTE
    ..\Libraries\STM32F10x_StdPeriph_Driver\src\stm32f10x_gpio.c 0x00000000   Number         0  stm32f10x_gpio.o ABSOLUTE
    ..\Libraries\STM32F10x_StdPeriph_Driver\src\stm32f10x_i2c.c 0x00000000   Number         0  stm32f10x_i2c.o ABSOLUTE
    ..\Libraries\STM32F10x_StdPeriph_Driver\src\stm32f10x_iwdg.c 0x00000000   Number         0  stm32f10x_iwdg.o ABSOLUTE
    ..\Libraries\STM32F10x_StdPeriph_Driver\src\stm32f10x_pwr.c 0x00000000   Number         0  stm32f10x_pwr.o ABSOLUTE
    ..\Libraries\STM32F10x_StdPeriph_Driver\src\stm32f10x_rcc.c 0x00000000   Number         0  stm32f10x_rcc.o ABSOLUTE
    ..\Libraries\STM32F10x_StdPeriph_Driver\src\stm32f10x_rtc.c 0x00000000   Number         0  stm32f10x_rtc.o ABSOLUTE
    ..\Libraries\STM32F10x_StdPeriph_Driver\src\stm32f10x_sdio.c 0x00000000   Number         0  stm32f10x_sdio.o ABSOLUTE
    ..\Libraries\STM32F10x_StdPeriph_Driver\src\stm32f10x_spi.c 0x00000000   Number         0  stm32f10x_spi.o ABSOLUTE
    ..\Libraries\STM32F10x_StdPeriph_Driver\src\stm32f10x_tim.c 0x00000000   Number         0  stm32f10x_tim.o ABSOLUTE
    ..\Libraries\STM32F10x_StdPeriph_Driver\src\stm32f10x_usart.c 0x00000000   Number         0  stm32f10x_usart.o ABSOLUTE
    ..\Libraries\STM32F10x_StdPeriph_Driver\src\stm32f10x_wwdg.c 0x00000000   Number         0  stm32f10x_wwdg.o ABSOLUTE
    ..\\Libraries\\CMSIS\\CM3\\CoreSupport\\core_cm3.c 0x00000000   Number         0  core_cm3.o ABSOLUTE
    cdrcmple.s                               0x00000000   Number         0  cdrcmple.o ABSOLUTE
    dc.s                                     0x00000000   Number         0  dc.o ABSOLUTE
    handlers.s                               0x00000000   Number         0  handlers.o ABSOLUTE
    init.s                                   0x00000000   Number         0  init.o ABSOLUTE
    src\OBD.c                                0x00000000   Number         0  obd.o ABSOLUTE
    src\at45db161d.c                         0x00000000   Number         0  at45db161d.o ABSOLUTE
    src\blueTooth.c                          0x00000000   Number         0  bluetooth.o ABSOLUTE
    src\flash.c                              0x00000000   Number         0  flash.o ABSOLUTE
    src\flashFifo.c                          0x00000000   Number         0  flashfifo.o ABSOLUTE
    src\gps.c                                0x00000000   Number         0  gps.o ABSOLUTE
    src\hard_init.c                          0x00000000   Number         0  hard_init.o ABSOLUTE
    src\iap.c                                0x00000000   Number         0  iap.o ABSOLUTE
    src\main.c                               0x00000000   Number         0  main.o ABSOLUTE
    src\mainfunc.c                           0x00000000   Number         0  mainfunc.o ABSOLUTE
    src\rtc.c                                0x00000000   Number         0  rtc.o ABSOLUTE
    src\sim900.c                             0x00000000   Number         0  sim900.o ABSOLUTE
    src\simfifo.c                            0x00000000   Number         0  simfifo.o ABSOLUTE
    src\stm32f10x_it.c                       0x00000000   Number         0  stm32f10x_it.o ABSOLUTE
    src\sysdef.c                             0x00000000   Number         0  sysdef.o ABSOLUTE
    RESET                                    0x08000000   Section      304  startup_stm32f10x_hd.o(RESET)
    .ARM.Collect$$$$00000000                 0x08000130   Section        0  entry.o(.ARM.Collect$$$$00000000)
    .ARM.Collect$$$$00000001                 0x08000130   Section        4  entry2.o(.ARM.Collect$$$$00000001)
    .ARM.Collect$$$$00000004                 0x08000134   Section        4  entry5.o(.ARM.Collect$$$$00000004)
    .ARM.Collect$$$$00000007                 0x08000138   Section        8  entry7.o(.ARM.Collect$$$$00000007)
    .ARM.Collect$$$$00002712                 0x08000140   Section        4  entry2.o(.ARM.Collect$$$$00002712)
    __lit__00000000                          0x08000140   Data           4  entry2.o(.ARM.Collect$$$$00002712)
    .text                                    0x08000144   Section       36  startup_stm32f10x_hd.o(.text)
    .text                                    0x08000168   Section        0  memseta.o(.text)
    .text                                    0x0800018e   Section        0  strstr.o(.text)
    .text                                    0x080001ba   Section        0  uldiv.o(.text)
    .text                                    0x08000220   Section       36  init.o(.text)
    .text                                    0x08000244   Section        0  llshl.o(.text)
    .text                                    0x08000262   Section        0  llushr.o(.text)
    i.BusFault_Handler                       0x08000284   Section        0  stm32f10x_it.o(i.BusFault_Handler)
    i.CAN_ClearITPendingBit                  0x080002b0   Section        0  stm32f10x_can.o(i.CAN_ClearITPendingBit)
    i.CAN_FIFORelease                        0x08000358   Section        0  stm32f10x_can.o(i.CAN_FIFORelease)
    i.CAN_GetITStatus                        0x08000370   Section        0  stm32f10x_can.o(i.CAN_GetITStatus)
    i.CAN_Receive                            0x08000498   Section        0  stm32f10x_can.o(i.CAN_Receive)
    i.CheckITStatus                          0x08000582   Section        0  stm32f10x_can.o(i.CheckITStatus)
    CheckITStatus                            0x08000583   Thumb Code    16  stm32f10x_can.o(i.CheckITStatus)
    i.EXTI0_IRQHandler                       0x08000594   Section        0  stm32f10x_it.o(i.EXTI0_IRQHandler)
    i.EXTI15_10_IRQHandler                   0x080005c0   Section        0  stm32f10x_it.o(i.EXTI15_10_IRQHandler)
    i.EXTI1_IRQHandler                       0x08000600   Section        0  stm32f10x_it.o(i.EXTI1_IRQHandler)
    i.EXTI3_IRQHandler                       0x08000628   Section        0  stm32f10x_it.o(i.EXTI3_IRQHandler)
    i.EXTI9_5_IRQHandler                     0x08000660   Section        0  stm32f10x_it.o(i.EXTI9_5_IRQHandler)
    i.EXTI_ClearITPendingBit                 0x08000678   Section        0  stm32f10x_exti.o(i.EXTI_ClearITPendingBit)
    i.EXTI_Configuration                     0x08000684   Section        0  hard_init.o(i.EXTI_Configuration)
    i.EXTI_GetITStatus                       0x08000708   Section        0  stm32f10x_exti.o(i.EXTI_GetITStatus)
    i.EXTI_Init                              0x08000734   Section        0  stm32f10x_exti.o(i.EXTI_Init)
    i.FLASH_PrefetchBufferCmd                0x080007e0   Section        0  stm32f10x_flash.o(i.FLASH_PrefetchBufferCmd)
    i.FLASH_SetLatency                       0x080007fc   Section        0  stm32f10x_flash.o(i.FLASH_SetLatency)
    i.GPIO_Configuration                     0x08000814   Section        0  hard_init.o(i.GPIO_Configuration)
    i.GPIO_EXTILineConfig                    0x08000bac   Section        0  stm32f10x_gpio.o(i.GPIO_EXTILineConfig)
    i.GPIO_Init                              0x08000bec   Section        0  stm32f10x_gpio.o(i.GPIO_Init)
    i.GPIO_PinRemapConfig                    0x08000d00   Section        0  stm32f10x_gpio.o(i.GPIO_PinRemapConfig)
    i.GPIO_WriteBit                          0x08000d90   Section        0  stm32f10x_gpio.o(i.GPIO_WriteBit)
    i.HardFault_Handler                      0x08000d9c   Section        0  stm32f10x_it.o(i.HardFault_Handler)
    i.MemManage_Handler                      0x08000dd0   Section        0  stm32f10x_it.o(i.MemManage_Handler)
    i.NMI_Handler                            0x08000dfc   Section        0  stm32f10x_it.o(i.NMI_Handler)
    i.NVIC_Configuration                     0x08000e24   Section        0  hard_init.o(i.NVIC_Configuration)
    i.NVIC_Init                              0x08000fb0   Section        0  misc.o(i.NVIC_Init)
    i.NVIC_PriorityGroupConfig               0x08001034   Section        0  misc.o(i.NVIC_PriorityGroupConfig)
    i.NVIC_SystemReset                       0x08001048   Section        0  stm32f10x_it.o(i.NVIC_SystemReset)
    NVIC_SystemReset                         0x08001049   Thumb Code    34  stm32f10x_it.o(i.NVIC_SystemReset)
    i.PendSV_Handler                         0x08001074   Section        0  stm32f10x_it.o(i.PendSV_Handler)
    i.RCC_APB1PeriphClockCmd                 0x080010a0   Section        0  stm32f10x_rcc.o(i.RCC_APB1PeriphClockCmd)
    i.RCC_APB1PeriphResetCmd                 0x080010c0   Section        0  stm32f10x_rcc.o(i.RCC_APB1PeriphResetCmd)
    i.RCC_APB2PeriphClockCmd                 0x080010e0   Section        0  stm32f10x_rcc.o(i.RCC_APB2PeriphClockCmd)
    i.RCC_APB2PeriphResetCmd                 0x08001100   Section        0  stm32f10x_rcc.o(i.RCC_APB2PeriphResetCmd)
    i.RCC_Configuration                      0x08001120   Section        0  hard_init.o(i.RCC_Configuration)
    i.RCC_DeInit                             0x0800119c   Section        0  stm32f10x_rcc.o(i.RCC_DeInit)
    i.RCC_GetClocksFreq                      0x080011e8   Section        0  stm32f10x_rcc.o(i.RCC_GetClocksFreq)
    i.RCC_GetFlagStatus                      0x080012bc   Section        0  stm32f10x_rcc.o(i.RCC_GetFlagStatus)
    i.RCC_GetSYSCLKSource                    0x080012f8   Section        0  stm32f10x_rcc.o(i.RCC_GetSYSCLKSource)
    i.RCC_HCLKConfig                         0x08001308   Section        0  stm32f10x_rcc.o(i.RCC_HCLKConfig)
    i.RCC_HSICmd                             0x08001320   Section        0  stm32f10x_rcc.o(i.RCC_HSICmd)
    i.RCC_PCLK1Config                        0x0800132c   Section        0  stm32f10x_rcc.o(i.RCC_PCLK1Config)
    i.RCC_PCLK2Config                        0x08001344   Section        0  stm32f10x_rcc.o(i.RCC_PCLK2Config)
    i.RCC_PLLCmd                             0x0800135c   Section        0  stm32f10x_rcc.o(i.RCC_PLLCmd)
    i.RCC_PLLConfig                          0x08001368   Section        0  stm32f10x_rcc.o(i.RCC_PLLConfig)
    i.RCC_SYSCLKConfig                       0x08001384   Section        0  stm32f10x_rcc.o(i.RCC_SYSCLKConfig)
    i.RTCAlarm_IRQHandler                    0x0800139c   Section        0  stm32f10x_it.o(i.RTCAlarm_IRQHandler)
    i.RTC_ClearITPendingBit                  0x080013c0   Section        0  stm32f10x_rtc.o(i.RTC_ClearITPendingBit)
    i.RTC_EnterConfigMode                    0x080013e0   Section        0  stm32f10x_rtc.o(i.RTC_EnterConfigMode)
    i.RTC_ExitConfigMode                     0x080013f8   Section        0  stm32f10x_rtc.o(i.RTC_ExitConfigMode)
    i.RTC_GetCounter                         0x08001414   Section        0  stm32f10x_rtc.o(i.RTC_GetCounter)
    i.RTC_GetITStatus                        0x08001430   Section        0  stm32f10x_rtc.o(i.RTC_GetITStatus)
    i.RTC_IRQHandler                         0x0800145c   Section        0  stm32f10x_it.o(i.RTC_IRQHandler)
    i.RTC_SetCounter                         0x0800148c   Section        0  stm32f10x_rtc.o(i.RTC_SetCounter)
    i.RTC_WaitForLastTask                    0x080014b0   Section        0  stm32f10x_rtc.o(i.RTC_WaitForLastTask)
    i.SVC_Handler                            0x080014c4   Section        0  stm32f10x_it.o(i.SVC_Handler)
    i.SetSysClock                            0x080014ec   Section        0  system_stm32f10x.o(i.SetSysClock)
    SetSysClock                              0x080014ed   Thumb Code     8  system_stm32f10x.o(i.SetSysClock)
    i.SetSysClockTo72                        0x080014f4   Section        0  system_stm32f10x.o(i.SetSysClockTo72)
    SetSysClockTo72                          0x080014f5   Thumb Code   192  system_stm32f10x.o(i.SetSysClockTo72)
    i.SysTick_Handler                        0x080015bc   Section        0  stm32f10x_it.o(i.SysTick_Handler)
    i.SystemInit                             0x080015c0   Section        0  system_stm32f10x.o(i.SystemInit)
    i.TIM2_IRQHandler                        0x08001620   Section        0  stm32f10x_it.o(i.TIM2_IRQHandler)
    i.TIM3_IRQHandler                        0x08001640   Section        0  stm32f10x_it.o(i.TIM3_IRQHandler)
    i.TIM_ClearITPendingBit                  0x08001720   Section        0  stm32f10x_tim.o(i.TIM_ClearITPendingBit)
    i.TIM_Cmd                                0x08001726   Section        0  stm32f10x_tim.o(i.TIM_Cmd)
    i.TIM_Configuration                      0x0800173e   Section        0  hard_init.o(i.TIM_Configuration)
    i.TIM_DeInit                             0x08001790   Section        0  stm32f10x_tim.o(i.TIM_DeInit)
    i.TIM_ETRClockMode2Config                0x08001978   Section        0  stm32f10x_tim.o(i.TIM_ETRClockMode2Config)
    i.TIM_ETRConfig                          0x08001998   Section        0  stm32f10x_tim.o(i.TIM_ETRConfig)
    i.TIM_GetCounter                         0x080019b0   Section        0  stm32f10x_tim.o(i.TIM_GetCounter)
    i.TIM_GetITStatus                        0x080019b6   Section        0  stm32f10x_tim.o(i.TIM_GetITStatus)
    i.TIM_ITRxExternalClockConfig            0x080019d8   Section        0  stm32f10x_tim.o(i.TIM_ITRxExternalClockConfig)
    i.TIM_SelectInputTrigger                 0x080019f0   Section        0  stm32f10x_tim.o(i.TIM_SelectInputTrigger)
    i.TIM_TimeBaseInit                       0x08001a04   Section        0  stm32f10x_tim.o(i.TIM_TimeBaseInit)
    i.UART4_IRQHandler                       0x08001aa8   Section        0  stm32f10x_it.o(i.UART4_IRQHandler)
    i.UART5_IRQHandler                       0x08001b44   Section        0  stm32f10x_it.o(i.UART5_IRQHandler)
    i.USART1_IRQHandler                      0x08001bac   Section        0  stm32f10x_it.o(i.USART1_IRQHandler)
    i.USART2_IRQHandler                      0x08001c28   Section        0  stm32f10x_it.o(i.USART2_IRQHandler)
    i.USART3_IRQHandler                      0x08001ccc   Section        0  stm32f10x_it.o(i.USART3_IRQHandler)
    i.USART_ClearFlag                        0x08001d84   Section        0  stm32f10x_usart.o(i.USART_ClearFlag)
    i.USART_Cmd                              0x08001d96   Section        0  stm32f10x_usart.o(i.USART_Cmd)
    i.USART_Configuration                    0x08001db0   Section        0  hard_init.o(i.USART_Configuration)
    i.USART_GetFlagStatus                    0x08002058   Section        0  stm32f10x_usart.o(i.USART_GetFlagStatus)
    i.USART_GetITStatus                      0x08002072   Section        0  stm32f10x_usart.o(i.USART_GetITStatus)
    i.USART_ITConfig                         0x080020c6   Section        0  stm32f10x_usart.o(i.USART_ITConfig)
    i.USART_Init                             0x08002110   Section        0  stm32f10x_usart.o(i.USART_Init)
    i.USART_ReceiveData                      0x080021e8   Section        0  stm32f10x_usart.o(i.USART_ReceiveData)
    i.USART_SendData                         0x080021f2   Section        0  stm32f10x_usart.o(i.USART_SendData)
    i.USB_LP_CAN1_RX0_IRQHandler             0x080021fc   Section        0  stm32f10x_it.o(i.USB_LP_CAN1_RX0_IRQHandler)
    i.UsageFault_Handler                     0x080022fc   Section        0  stm32f10x_it.o(i.UsageFault_Handler)
    i.__0printf$8                            0x08002328   Section        0  printf8.o(i.__0printf$8)
    i.__scatterload_copy                     0x08002348   Section       14  handlers.o(i.__scatterload_copy)
    i.__scatterload_null                     0x08002356   Section        2  handlers.o(i.__scatterload_null)
    i.__scatterload_zeroinit                 0x08002358   Section       14  handlers.o(i.__scatterload_zeroinit)
    i._printf_core                           0x08002368   Section        0  printf8.o(i._printf_core)
    _printf_core                             0x08002369   Thumb Code  1064  printf8.o(i._printf_core)
    i._printf_post_padding                   0x08002790   Section        0  printf8.o(i._printf_post_padding)
    _printf_post_padding                     0x08002791   Thumb Code    38  printf8.o(i._printf_post_padding)
    i._printf_pre_padding                    0x080027b6   Section        0  printf8.o(i._printf_pre_padding)
    _printf_pre_padding                      0x080027b7   Thumb Code    46  printf8.o(i._printf_pre_padding)
    i.abs_evap_system_vapor_press            0x080027e4   Section        0  obd.o(i.abs_evap_system_vapor_press)
    i.abs_load_formula                       0x08002824   Section        0  obd.o(i.abs_load_formula)
    i.abs_tp_formula_b                       0x08002864   Section        0  obd.o(i.abs_tp_formula_b)
    i.abs_tp_formula_c                       0x080028a4   Section        0  obd.o(i.abs_tp_formula_c)
    i.abs_tp_formula_d                       0x080028e4   Section        0  obd.o(i.abs_tp_formula_d)
    i.abs_tp_formula_e                       0x08002924   Section        0  obd.o(i.abs_tp_formula_e)
    i.abs_tp_formula_f                       0x08002964   Section        0  obd.o(i.abs_tp_formula_f)
    i.air_flow_rate_formula                  0x080029a4   Section        0  obd.o(i.air_flow_rate_formula)
    i.amb_air_temp_formula                   0x080029e4   Section        0  obd.o(i.amb_air_temp_formula)
    i.baro_pressure_formula                  0x08002a24   Section        0  obd.o(i.baro_pressure_formula)
    i.cat_temp_formula1                      0x08002a64   Section        0  obd.o(i.cat_temp_formula1)
    i.cat_temp_formula2                      0x08002aa4   Section        0  obd.o(i.cat_temp_formula2)
    i.cat_temp_formula3                      0x08002ae4   Section        0  obd.o(i.cat_temp_formula3)
    i.cat_temp_formula4                      0x08002b24   Section        0  obd.o(i.cat_temp_formula4)
    i.checkObdReturn                         0x08002b64   Section        0  obd.o(i.checkObdReturn)
    i.clr_distance_formula                   0x08002be4   Section        0  obd.o(i.clr_distance_formula)
    i.clr_time_formula                       0x08002c24   Section        0  obd.o(i.clr_time_formula)
    i.commanded_egr_formula                  0x08002c64   Section        0  obd.o(i.commanded_egr_formula)
    i.coolant_temp_formula                   0x08002ca4   Section        0  obd.o(i.coolant_temp_formula)
    i.delay_ms                               0x08002ce4   Section        0  hard_init.o(i.delay_ms)
    i.ecu_voltage_formula                    0x08002d00   Section        0  obd.o(i.ecu_voltage_formula)
    i.egr_error_formula                      0x08002d40   Section        0  obd.o(i.egr_error_formula)
    i.emission_requirements                  0x08002d80   Section        0  obd.o(i.emission_requirements)
    i.enableCanExti                          0x08002dc0   Section        0  hard_init.o(i.enableCanExti)
    i.engine_load_formula                    0x08002df4   Section        0  obd.o(i.engine_load_formula)
    i.engine_oil_temperature                 0x08002e34   Section        0  obd.o(i.engine_oil_temperature)
    i.engine_rpm_formula                     0x08002e74   Section        0  obd.o(i.engine_rpm_formula)
    i.engine_run_time_formula                0x08002eb4   Section        0  obd.o(i.engine_run_time_formula)
    i.eq_ratio_formula                       0x08002ef4   Section        0  obd.o(i.eq_ratio_formula)
    i.evap_pct_formula                       0x08002f34   Section        0  obd.o(i.evap_pct_formula)
    i.evap_system_vapor_press                0x08002f74   Section        0  obd.o(i.evap_system_vapor_press)
    i.evap_vp_formula                        0x08002fb4   Section        0  obd.o(i.evap_vp_formula)
    i.external_test_cfg_1                    0x08002ff4   Section        0  obd.o(i.external_test_cfg_1)
    i.external_test_cfg_2                    0x08003034   Section        0  obd.o(i.external_test_cfg_2)
    i.fillObdBuf                             0x08003074   Section        0  obd.o(i.fillObdBuf)
    i.fputc                                  0x08003218   Section        0  main.o(i.fputc)
    i.frp_relative_formula                   0x0800323c   Section        0  obd.o(i.frp_relative_formula)
    i.frp_widerange_formula                  0x0800327c   Section        0  obd.o(i.frp_widerange_formula)
    i.fuel_injection_timing                  0x080032bc   Section        0  obd.o(i.fuel_injection_timing)
    i.fuel_level_formula                     0x080032fc   Section        0  obd.o(i.fuel_level_formula)
    i.fuel_pressure_formula                  0x0800333c   Section        0  obd.o(i.fuel_pressure_formula)
    i.fuel_rate                              0x0800337c   Section        0  obd.o(i.fuel_rate)
    i.fuel_system1_frame_dtc                 0x080033bc   Section        0  obd.o(i.fuel_system1_frame_dtc)
    i.fuel_system1_status_formula            0x080033f0   Section        0  obd.o(i.fuel_system1_status_formula)
    i.fuel_type                              0x08003430   Section        0  obd.o(i.fuel_type)
    i.fule_rail_pressure                     0x08003470   Section        0  obd.o(i.fule_rail_pressure)
    i.getBufIndex                            0x080034b0   Section        0  obd.o(i.getBufIndex)
    i.get_device_identifier                  0x080036c4   Section        0  obd.o(i.get_device_identifier)
    i.gpsDataIrq                             0x080036e4   Section        0  gps.o(i.gpsDataIrq)
    i.hardware_init                          0x0800439c   Section        0  hard_init.o(i.hardware_init)
    i.hybrid_battery_pack_remain             0x080043c4   Section        0  obd.o(i.hybrid_battery_pack_remain)
    i.intake_air_temp_formula                0x08004404   Section        0  obd.o(i.intake_air_temp_formula)
    i.intake_pressure_formula                0x08004444   Section        0  obd.o(i.intake_pressure_formula)
    i.long_term_fuel_trim_formula1           0x08004484   Section        0  obd.o(i.long_term_fuel_trim_formula1)
    i.long_term_fuel_trim_formula2           0x080044c4   Section        0  obd.o(i.long_term_fuel_trim_formula2)
    i.long_term_sec_oxygen_1_3               0x08004504   Section        0  obd.o(i.long_term_sec_oxygen_1_3)
    i.long_term_sec_oxygen_2_4               0x08004544   Section        0  obd.o(i.long_term_sec_oxygen_2_4)
    i.main                                   0x08004584   Section        0  main.o(i.main)
    i.mil_distance_formula                   0x080045b4   Section        0  obd.o(i.mil_distance_formula)
    i.mil_time_formula                       0x080045f4   Section        0  obd.o(i.mil_time_formula)
    i.monitior_state_formula                 0x08004634   Section        0  obd.o(i.monitior_state_formula)
    i.numberOftroubleCodes                   0x08004674   Section        0  obd.o(i.numberOftroubleCodes)
    i.o2_sensor_formula1_1                   0x080046b4   Section        0  obd.o(i.o2_sensor_formula1_1)
    i.o2_sensor_formula1_2                   0x080046f4   Section        0  obd.o(i.o2_sensor_formula1_2)
    i.o2_sensor_formula1_3                   0x08004734   Section        0  obd.o(i.o2_sensor_formula1_3)
    i.o2_sensor_formula1_4                   0x08004774   Section        0  obd.o(i.o2_sensor_formula1_4)
    i.o2_sensor_formula2_1                   0x080047b4   Section        0  obd.o(i.o2_sensor_formula2_1)
    i.o2_sensor_formula2_2                   0x080047f4   Section        0  obd.o(i.o2_sensor_formula2_2)
    i.o2_sensor_formula2_3                   0x08004834   Section        0  obd.o(i.o2_sensor_formula2_3)
    i.o2_sensor_formula2_4                   0x08004874   Section        0  obd.o(i.o2_sensor_formula2_4)
    i.o2_sensor_wrc_formula1_1               0x080048b4   Section        0  obd.o(i.o2_sensor_wrc_formula1_1)
    i.o2_sensor_wrc_formula1_2               0x080048f4   Section        0  obd.o(i.o2_sensor_wrc_formula1_2)
    i.o2_sensor_wrc_formula1_3               0x08004934   Section        0  obd.o(i.o2_sensor_wrc_formula1_3)
    i.o2_sensor_wrc_formula1_4               0x08004974   Section        0  obd.o(i.o2_sensor_wrc_formula1_4)
    i.o2_sensor_wrc_formula2_1               0x080049b4   Section        0  obd.o(i.o2_sensor_wrc_formula2_1)
    i.o2_sensor_wrc_formula2_2               0x080049f4   Section        0  obd.o(i.o2_sensor_wrc_formula2_2)
    i.o2_sensor_wrc_formula2_3               0x08004a34   Section        0  obd.o(i.o2_sensor_wrc_formula2_3)
    i.o2_sensor_wrc_formula2_4               0x08004a74   Section        0  obd.o(i.o2_sensor_wrc_formula2_4)
    i.o2_sensor_wrv_formula1_1               0x08004ab4   Section        0  obd.o(i.o2_sensor_wrv_formula1_1)
    i.o2_sensor_wrv_formula1_2               0x08004af4   Section        0  obd.o(i.o2_sensor_wrv_formula1_2)
    i.o2_sensor_wrv_formula1_3               0x08004b34   Section        0  obd.o(i.o2_sensor_wrv_formula1_3)
    i.o2_sensor_wrv_formula1_4               0x08004b74   Section        0  obd.o(i.o2_sensor_wrv_formula1_4)
    i.o2_sensor_wrv_formula2_1               0x08004bb4   Section        0  obd.o(i.o2_sensor_wrv_formula2_1)
    i.o2_sensor_wrv_formula2_2               0x08004bf4   Section        0  obd.o(i.o2_sensor_wrv_formula2_2)
    i.o2_sensor_wrv_formula2_3               0x08004c34   Section        0  obd.o(i.o2_sensor_wrv_formula2_3)
    i.o2_sensor_wrv_formula2_4               0x08004c74   Section        0  obd.o(i.o2_sensor_wrv_formula2_4)
    i.obdIrq                                 0x08004cb4   Section        0  obd.o(i.obdIrq)
    i.obd_requirements_formula               0x08005084   Section        0  obd.o(i.obd_requirements_formula)
    i.oxygen_sensors_present_1               0x080050c4   Section        0  obd.o(i.oxygen_sensors_present_1)
    i.oxygen_sensors_present_2               0x08005104   Section        0  obd.o(i.oxygen_sensors_present_2)
    i.percentage_alcohol_fuel                0x08005144   Section        0  obd.o(i.percentage_alcohol_fuel)
    i.pto_status_formula                     0x08005184   Section        0  obd.o(i.pto_status_formula)
    i.relative_acc_pedal_pos                 0x080051c4   Section        0  obd.o(i.relative_acc_pedal_pos)
    i.relative_tp_formula                    0x08005204   Section        0  obd.o(i.relative_tp_formula)
    i.secondary_air_status_formula           0x08005244   Section        0  obd.o(i.secondary_air_status_formula)
    i.short_term_fuel_trim_formula1          0x08005284   Section        0  obd.o(i.short_term_fuel_trim_formula1)
    i.short_term_fuel_trim_formula2          0x080052c4   Section        0  obd.o(i.short_term_fuel_trim_formula2)
    i.short_term_sec_oxygen_1_3              0x08005304   Section        0  obd.o(i.short_term_sec_oxygen_1_3)
    i.short_term_sec_oxygen_2_4              0x08005344   Section        0  obd.o(i.short_term_sec_oxygen_2_4)
    i.support_pid_00_1f                      0x08005384   Section        0  obd.o(i.support_pid_00_1f)
    i.support_pid_20_3f                      0x080053c4   Section        0  obd.o(i.support_pid_20_3f)
    i.support_pid_41_5f                      0x08005404   Section        0  obd.o(i.support_pid_41_5f)
    i.tac_pct_formula                        0x08005444   Section        0  obd.o(i.tac_pct_formula)
    i.throttle_position_formula              0x08005484   Section        0  obd.o(i.throttle_position_formula)
    i.timing_advance_formula                 0x080054c4   Section        0  obd.o(i.timing_advance_formula)
    i.vehicle_speed_formula                  0x08005504   Section        0  obd.o(i.vehicle_speed_formula)
    i.warm_ups_formula                       0x08005544   Section        0  obd.o(i.warm_ups_formula)
    .constdata                               0x08005584   Section    17640  obd.o(.constdata)
    .data                                    0x20000000   Section       60  sysdef.o(.data)
    .data                                    0x2000003c   Section       20  stm32f10x_it.o(.data)
    temp                                     0x20000040   Data           1  stm32f10x_it.o(.data)
    temp                                     0x20000041   Data           1  stm32f10x_it.o(.data)
    i                                        0x20000044   Data           4  stm32f10x_it.o(.data)
    state                                    0x20000048   Data           4  stm32f10x_it.o(.data)
    counter                                  0x2000004c   Data           4  stm32f10x_it.o(.data)
    .data                                    0x20000050   Section       20  stm32f10x_rcc.o(.data)
    APBAHBPrescTable                         0x20000050   Data          16  stm32f10x_rcc.o(.data)
    ADCPrescTable                            0x20000060   Data           4  stm32f10x_rcc.o(.data)
    .data                                    0x20000064   Section       60  gps.o(.data)
    .data                                    0x200000a0   Section       22  obd.o(.data)
    flag                                     0x200000a0   Data           2  obd.o(.data)
    counter                                  0x200000a2   Data           1  obd.o(.data)
    initFlag                                 0x200000a4   Data           4  obd.o(.data)
    normalCounter                            0x200000a8   Data           2  obd.o(.data)
    fastCounter                              0x200000aa   Data           2  obd.o(.data)
    switchFlag                               0x200000ac   Data           2  obd.o(.data)
    normalIndex                              0x200000ae   Data           2  obd.o(.data)
    fastIndex                                0x200000b0   Data           2  obd.o(.data)
    obdErrorFlag                             0x200000b2   Data           2  obd.o(.data)
    initIndex                                0x200000b4   Data           2  obd.o(.data)
    .data                                    0x200000b8   Section        4  stdout.o(.data)
    .bss                                     0x200000bc   Section     5448  sysdef.o(.bss)
    .bss                                     0x20001604   Section      216  gps.o(.bss)
    .bss                                     0x200016dc   Section      800  obd.o(.bss)
    mapNormalIndex                           0x200016dc   Data         400  obd.o(.bss)
    mapFastIndex                             0x2000186c   Data         400  obd.o(.bss)
    STACK                                    0x20001a00   Section    10240  startup_stm32f10x_hd.o(STACK)

    Global Symbols

    Symbol Name                              Value     Ov Type        Size  Object(Section)

    BuildAttributes$$THM_ISAv4$P$D$K$B$S$PE$A:L22UL41UL21$X:L11$S22US41US21$IEEE1$IW$USESV6$~STKCKD$USESV7$~SHL$OSPACE$ROPI$EBA8$MICROLIB$REQ8$PRES8$EABIv2 0x00000000   Number         0  anon$$obj.o ABSOLUTE
    __ARM_use_no_argv                        0x00000000   Number         0  main.o ABSOLUTE
    _printf_a                                0x00000000   Number         0  stubs.o ABSOLUTE
    _printf_c                                0x00000000   Number         0  stubs.o ABSOLUTE
    _printf_charcount                        0x00000000   Number         0  stubs.o ABSOLUTE
    _printf_d                                0x00000000   Number         0  stubs.o ABSOLUTE
    _printf_e                                0x00000000   Number         0  stubs.o ABSOLUTE
    _printf_f                                0x00000000   Number         0  stubs.o ABSOLUTE
    _printf_flags                            0x00000000   Number         0  stubs.o ABSOLUTE
    _printf_fp_dec                           0x00000000   Number         0  stubs.o ABSOLUTE
    _printf_fp_hex                           0x00000000   Number         0  stubs.o ABSOLUTE
    _printf_g                                0x00000000   Number         0  stubs.o ABSOLUTE
    _printf_i                                0x00000000   Number         0  stubs.o ABSOLUTE
    _printf_int_dec                          0x00000000   Number         0  stubs.o ABSOLUTE
    _printf_l                                0x00000000   Number         0  stubs.o ABSOLUTE
    _printf_lc                               0x00000000   Number         0  stubs.o ABSOLUTE
    _printf_ll                               0x00000000   Number         0  stubs.o ABSOLUTE
    _printf_lld                              0x00000000   Number         0  stubs.o ABSOLUTE
    _printf_lli                              0x00000000   Number         0  stubs.o ABSOLUTE
    _printf_llo                              0x00000000   Number         0  stubs.o ABSOLUTE
    _printf_llu                              0x00000000   Number         0  stubs.o ABSOLUTE
    _printf_llx                              0x00000000   Number         0  stubs.o ABSOLUTE
    _printf_longlong_dec                     0x00000000   Number         0  stubs.o ABSOLUTE
    _printf_longlong_hex                     0x00000000   Number         0  stubs.o ABSOLUTE
    _printf_longlong_oct                     0x00000000   Number         0  stubs.o ABSOLUTE
    _printf_ls                               0x00000000   Number         0  stubs.o ABSOLUTE
    _printf_mbtowc                           0x00000000   Number         0  stubs.o ABSOLUTE
    _printf_n                                0x00000000   Number         0  stubs.o ABSOLUTE
    _printf_o                                0x00000000   Number         0  stubs.o ABSOLUTE
    _printf_p                                0x00000000   Number         0  stubs.o ABSOLUTE
    _printf_percent                          0x00000000   Number         0  stubs.o ABSOLUTE
    _printf_pre_padding                      0x00000000   Number         0  stubs.o ABSOLUTE
    _printf_return_value                     0x00000000   Number         0  stubs.o ABSOLUTE
    _printf_s                                0x00000000   Number         0  stubs.o ABSOLUTE
    _printf_sizespec                         0x00000000   Number         0  stubs.o ABSOLUTE
    _printf_str                              0x00000000   Number         0  stubs.o ABSOLUTE
    _printf_truncate_signed                  0x00000000   Number         0  stubs.o ABSOLUTE
    _printf_truncate_unsigned                0x00000000   Number         0  stubs.o ABSOLUTE
    _printf_u                                0x00000000   Number         0  stubs.o ABSOLUTE
    _printf_wc                               0x00000000   Number         0  stubs.o ABSOLUTE
    _printf_wctomb                           0x00000000   Number         0  stubs.o ABSOLUTE
    _printf_widthprec                        0x00000000   Number         0  stubs.o ABSOLUTE
    _printf_x                                0x00000000   Number         0  stubs.o ABSOLUTE
    __decompress                              - Undefined Weak Reference
    __Vectors_Size                           0x00000130   Number         0  startup_stm32f10x_hd.o ABSOLUTE
    __Vectors                                0x08000000   Data           4  startup_stm32f10x_hd.o(RESET)
    __Vectors_End                            0x08000130   Data           0  startup_stm32f10x_hd.o(RESET)
    __main                                   0x08000131   Thumb Code     0  entry.o(.ARM.Collect$$$$00000000)
    _main_stk                                0x08000131   Thumb Code     0  entry2.o(.ARM.Collect$$$$00000001)
    _main_scatterload                        0x08000135   Thumb Code     0  entry5.o(.ARM.Collect$$$$00000004)
    __main_after_scatterload                 0x08000139   Thumb Code     0  entry5.o(.ARM.Collect$$$$00000004)
    _main_init                               0x08000139   Thumb Code     0  entry7.o(.ARM.Collect$$$$00000007)
    Reset_Handler                            0x08000145   Thumb Code     8  startup_stm32f10x_hd.o(.text)
    DebugMon_Handler                         0x08000159   Thumb Code     2  startup_stm32f10x_hd.o(.text)
    ADC1_2_IRQHandler                        0x0800015f   Thumb Code     0  startup_stm32f10x_hd.o(.text)
    ADC3_IRQHandler                          0x0800015f   Thumb Code     0  startup_stm32f10x_hd.o(.text)
    CAN1_RX1_IRQHandler                      0x0800015f   Thumb Code     0  startup_stm32f10x_hd.o(.text)
    CAN1_SCE_IRQHandler                      0x0800015f   Thumb Code     0  startup_stm32f10x_hd.o(.text)
    DMA1_Channel1_IRQHandler                 0x0800015f   Thumb Code     0  startup_stm32f10x_hd.o(.text)
    DMA1_Channel2_IRQHandler                 0x0800015f   Thumb Code     0  startup_stm32f10x_hd.o(.text)
    DMA1_Channel3_IRQHandler                 0x0800015f   Thumb Code     0  startup_stm32f10x_hd.o(.text)
    DMA1_Channel4_IRQHandler                 0x0800015f   Thumb Code     0  startup_stm32f10x_hd.o(.text)
    DMA1_Channel5_IRQHandler                 0x0800015f   Thumb Code     0  startup_stm32f10x_hd.o(.text)
    DMA1_Channel6_IRQHandler                 0x0800015f   Thumb Code     0  startup_stm32f10x_hd.o(.text)
    DMA1_Channel7_IRQHandler                 0x0800015f   Thumb Code     0  startup_stm32f10x_hd.o(.text)
    DMA2_Channel1_IRQHandler                 0x0800015f   Thumb Code     0  startup_stm32f10x_hd.o(.text)
    DMA2_Channel2_IRQHandler                 0x0800015f   Thumb Code     0  startup_stm32f10x_hd.o(.text)
    DMA2_Channel3_IRQHandler                 0x0800015f   Thumb Code     0  startup_stm32f10x_hd.o(.text)
    DMA2_Channel4_5_IRQHandler               0x0800015f   Thumb Code     0  startup_stm32f10x_hd.o(.text)
    EXTI2_IRQHandler                         0x0800015f   Thumb Code     0  startup_stm32f10x_hd.o(.text)
    EXTI4_IRQHandler                         0x0800015f   Thumb Code     0  startup_stm32f10x_hd.o(.text)
    FLASH_IRQHandler                         0x0800015f   Thumb Code     0  startup_stm32f10x_hd.o(.text)
    FSMC_IRQHandler                          0x0800015f   Thumb Code     0  startup_stm32f10x_hd.o(.text)
    I2C1_ER_IRQHandler                       0x0800015f   Thumb Code     0  startup_stm32f10x_hd.o(.text)
    I2C1_EV_IRQHandler                       0x0800015f   Thumb Code     0  startup_stm32f10x_hd.o(.text)
    I2C2_ER_IRQHandler                       0x0800015f   Thumb Code     0  startup_stm32f10x_hd.o(.text)
    I2C2_EV_IRQHandler                       0x0800015f   Thumb Code     0  startup_stm32f10x_hd.o(.text)
    PVD_IRQHandler                           0x0800015f   Thumb Code     0  startup_stm32f10x_hd.o(.text)
    RCC_IRQHandler                           0x0800015f   Thumb Code     0  startup_stm32f10x_hd.o(.text)
    SDIO_IRQHandler                          0x0800015f   Thumb Code     0  startup_stm32f10x_hd.o(.text)
    SPI1_IRQHandler                          0x0800015f   Thumb Code     0  startup_stm32f10x_hd.o(.text)
    SPI2_IRQHandler                          0x0800015f   Thumb Code     0  startup_stm32f10x_hd.o(.text)
    SPI3_IRQHandler                          0x0800015f   Thumb Code     0  startup_stm32f10x_hd.o(.text)
    TAMPER_IRQHandler                        0x0800015f   Thumb Code     0  startup_stm32f10x_hd.o(.text)
    TIM1_BRK_IRQHandler                      0x0800015f   Thumb Code     0  startup_stm32f10x_hd.o(.text)
    TIM1_CC_IRQHandler                       0x0800015f   Thumb Code     0  startup_stm32f10x_hd.o(.text)
    TIM1_TRG_COM_IRQHandler                  0x0800015f   Thumb Code     0  startup_stm32f10x_hd.o(.text)
    TIM1_UP_IRQHandler                       0x0800015f   Thumb Code     0  startup_stm32f10x_hd.o(.text)
    TIM4_IRQHandler                          0x0800015f   Thumb Code     0  startup_stm32f10x_hd.o(.text)
    TIM5_IRQHandler                          0x0800015f   Thumb Code     0  startup_stm32f10x_hd.o(.text)
    TIM6_IRQHandler                          0x0800015f   Thumb Code     0  startup_stm32f10x_hd.o(.text)
    TIM7_IRQHandler                          0x0800015f   Thumb Code     0  startup_stm32f10x_hd.o(.text)
    TIM8_BRK_IRQHandler                      0x0800015f   Thumb Code     0  startup_stm32f10x_hd.o(.text)
    TIM8_CC_IRQHandler                       0x0800015f   Thumb Code     0  startup_stm32f10x_hd.o(.text)
    TIM8_TRG_COM_IRQHandler                  0x0800015f   Thumb Code     0  startup_stm32f10x_hd.o(.text)
    TIM8_UP_IRQHandler                       0x0800015f   Thumb Code     0  startup_stm32f10x_hd.o(.text)
    USBWakeUp_IRQHandler                     0x0800015f   Thumb Code     0  startup_stm32f10x_hd.o(.text)
    USB_HP_CAN1_TX_IRQHandler                0x0800015f   Thumb Code     0  startup_stm32f10x_hd.o(.text)
    WWDG_IRQHandler                          0x0800015f   Thumb Code     0  startup_stm32f10x_hd.o(.text)
    __aeabi_memset                           0x08000169   Thumb Code    14  memseta.o(.text)
    __aeabi_memset4                          0x08000169   Thumb Code     0  memseta.o(.text)
    __aeabi_memset8                          0x08000169   Thumb Code     0  memseta.o(.text)
    __aeabi_memclr                           0x08000177   Thumb Code     4  memseta.o(.text)
    __aeabi_memclr4                          0x08000177   Thumb Code     0  memseta.o(.text)
    __aeabi_memclr8                          0x08000177   Thumb Code     0  memseta.o(.text)
    _memset$wrapper                          0x0800017b   Thumb Code    20  memseta.o(.text)
    strstr                                   0x0800018f   Thumb Code    44  strstr.o(.text)
    __aeabi_uldivmod                         0x080001bb   Thumb Code   102  uldiv.o(.text)
    __scatterload                            0x08000221   Thumb Code    28  init.o(.text)
    __scatterload_rt2                        0x08000221   Thumb Code     0  init.o(.text)
    __aeabi_llsl                             0x08000245   Thumb Code    30  llshl.o(.text)
    _ll_shift_l                              0x08000245   Thumb Code     0  llshl.o(.text)
    __aeabi_llsr                             0x08000263   Thumb Code    32  llushr.o(.text)
    _ll_ushift_r                             0x08000263   Thumb Code     0  llushr.o(.text)
    BusFault_Handler                         0x08000285   Thumb Code    26  stm32f10x_it.o(i.BusFault_Handler)
    CAN_ClearITPendingBit                    0x080002b1   Thumb Code   162  stm32f10x_can.o(i.CAN_ClearITPendingBit)
    CAN_FIFORelease                          0x08000359   Thumb Code    22  stm32f10x_can.o(i.CAN_FIFORelease)
    CAN_GetITStatus                          0x08000371   Thumb Code   292  stm32f10x_can.o(i.CAN_GetITStatus)
    CAN_Receive                              0x08000499   Thumb Code   234  stm32f10x_can.o(i.CAN_Receive)
    EXTI0_IRQHandler                         0x08000595   Thumb Code    30  stm32f10x_it.o(i.EXTI0_IRQHandler)
    EXTI15_10_IRQHandler                     0x080005c1   Thumb Code    60  stm32f10x_it.o(i.EXTI15_10_IRQHandler)
    EXTI1_IRQHandler                         0x08000601   Thumb Code    24  stm32f10x_it.o(i.EXTI1_IRQHandler)
    EXTI3_IRQHandler                         0x08000629   Thumb Code    24  stm32f10x_it.o(i.EXTI3_IRQHandler)
    EXTI9_5_IRQHandler                       0x08000661   Thumb Code    22  stm32f10x_it.o(i.EXTI9_5_IRQHandler)
    EXTI_ClearITPendingBit                   0x08000679   Thumb Code     6  stm32f10x_exti.o(i.EXTI_ClearITPendingBit)
    EXTI_Configuration                       0x08000685   Thumb Code   130  hard_init.o(i.EXTI_Configuration)
    EXTI_GetITStatus                         0x08000709   Thumb Code    34  stm32f10x_exti.o(i.EXTI_GetITStatus)
    EXTI_Init                                0x08000735   Thumb Code   160  stm32f10x_exti.o(i.EXTI_Init)
    FLASH_PrefetchBufferCmd                  0x080007e1   Thumb Code    22  stm32f10x_flash.o(i.FLASH_PrefetchBufferCmd)
    FLASH_SetLatency                         0x080007fd   Thumb Code    18  stm32f10x_flash.o(i.FLASH_SetLatency)
    GPIO_Configuration                       0x08000815   Thumb Code   902  hard_init.o(i.GPIO_Configuration)
    GPIO_EXTILineConfig                      0x08000bad   Thumb Code    60  stm32f10x_gpio.o(i.GPIO_EXTILineConfig)
    GPIO_Init                                0x08000bed   Thumb Code   274  stm32f10x_gpio.o(i.GPIO_Init)
    GPIO_PinRemapConfig                      0x08000d01   Thumb Code   138  stm32f10x_gpio.o(i.GPIO_PinRemapConfig)
    GPIO_WriteBit                            0x08000d91   Thumb Code    10  stm32f10x_gpio.o(i.GPIO_WriteBit)
    HardFault_Handler                        0x08000d9d   Thumb Code    26  stm32f10x_it.o(i.HardFault_Handler)
    MemManage_Handler                        0x08000dd1   Thumb Code    26  stm32f10x_it.o(i.MemManage_Handler)
    NMI_Handler                              0x08000dfd   Thumb Code    22  stm32f10x_it.o(i.NMI_Handler)
    NVIC_Configuration                       0x08000e25   Thumb Code   394  hard_init.o(i.NVIC_Configuration)
    NVIC_Init                                0x08000fb1   Thumb Code   118  misc.o(i.NVIC_Init)
    NVIC_PriorityGroupConfig                 0x08001035   Thumb Code    10  misc.o(i.NVIC_PriorityGroupConfig)
    PendSV_Handler                           0x08001075   Thumb Code    22  stm32f10x_it.o(i.PendSV_Handler)
    RCC_APB1PeriphClockCmd                   0x080010a1   Thumb Code    26  stm32f10x_rcc.o(i.RCC_APB1PeriphClockCmd)
    RCC_APB1PeriphResetCmd                   0x080010c1   Thumb Code    26  stm32f10x_rcc.o(i.RCC_APB1PeriphResetCmd)
    RCC_APB2PeriphClockCmd                   0x080010e1   Thumb Code    26  stm32f10x_rcc.o(i.RCC_APB2PeriphClockCmd)
    RCC_APB2PeriphResetCmd                   0x08001101   Thumb Code    26  stm32f10x_rcc.o(i.RCC_APB2PeriphResetCmd)
    RCC_Configuration                        0x08001121   Thumb Code   118  hard_init.o(i.RCC_Configuration)
    RCC_DeInit                               0x0800119d   Thumb Code    64  stm32f10x_rcc.o(i.RCC_DeInit)
    RCC_GetClocksFreq                        0x080011e9   Thumb Code   192  stm32f10x_rcc.o(i.RCC_GetClocksFreq)
    RCC_GetFlagStatus                        0x080012bd   Thumb Code    56  stm32f10x_rcc.o(i.RCC_GetFlagStatus)
    RCC_GetSYSCLKSource                      0x080012f9   Thumb Code    10  stm32f10x_rcc.o(i.RCC_GetSYSCLKSource)
    RCC_HCLKConfig                           0x08001309   Thumb Code    18  stm32f10x_rcc.o(i.RCC_HCLKConfig)
    RCC_HSICmd                               0x08001321   Thumb Code     6  stm32f10x_rcc.o(i.RCC_HSICmd)
    RCC_PCLK1Config                          0x0800132d   Thumb Code    18  stm32f10x_rcc.o(i.RCC_PCLK1Config)
    RCC_PCLK2Config                          0x08001345   Thumb Code    20  stm32f10x_rcc.o(i.RCC_PCLK2Config)
    RCC_PLLCmd                               0x0800135d   Thumb Code     6  stm32f10x_rcc.o(i.RCC_PLLCmd)
    RCC_PLLConfig                            0x08001369   Thumb Code    24  stm32f10x_rcc.o(i.RCC_PLLConfig)
    RCC_SYSCLKConfig                         0x08001385   Thumb Code    18  stm32f10x_rcc.o(i.RCC_SYSCLKConfig)
    RTCAlarm_IRQHandler                      0x0800139d   Thumb Code    34  stm32f10x_it.o(i.RTCAlarm_IRQHandler)
    RTC_ClearITPendingBit                    0x080013c1   Thumb Code    22  stm32f10x_rtc.o(i.RTC_ClearITPendingBit)
    RTC_EnterConfigMode                      0x080013e1   Thumb Code    16  stm32f10x_rtc.o(i.RTC_EnterConfigMode)
    RTC_ExitConfigMode                       0x080013f9   Thumb Code    20  stm32f10x_rtc.o(i.RTC_ExitConfigMode)
    RTC_GetCounter                           0x08001415   Thumb Code    18  stm32f10x_rtc.o(i.RTC_GetCounter)
    RTC_GetITStatus                          0x08001431   Thumb Code    34  stm32f10x_rtc.o(i.RTC_GetITStatus)
    RTC_IRQHandler                           0x0800145d   Thumb Code    42  stm32f10x_it.o(i.RTC_IRQHandler)
    RTC_SetCounter                           0x0800148d   Thumb Code    26  stm32f10x_rtc.o(i.RTC_SetCounter)
    RTC_WaitForLastTask                      0x080014b1   Thumb Code    14  stm32f10x_rtc.o(i.RTC_WaitForLastTask)
    SVC_Handler                              0x080014c5   Thumb Code    22  stm32f10x_it.o(i.SVC_Handler)
    SysTick_Handler                          0x080015bd   Thumb Code     2  stm32f10x_it.o(i.SysTick_Handler)
    SystemInit                               0x080015c1   Thumb Code    78  system_stm32f10x.o(i.SystemInit)
    TIM2_IRQHandler                          0x08001621   Thumb Code    30  stm32f10x_it.o(i.TIM2_IRQHandler)
    TIM3_IRQHandler                          0x08001641   Thumb Code   162  stm32f10x_it.o(i.TIM3_IRQHandler)
    TIM_ClearITPendingBit                    0x08001721   Thumb Code     6  stm32f10x_tim.o(i.TIM_ClearITPendingBit)
    TIM_Cmd                                  0x08001727   Thumb Code    24  stm32f10x_tim.o(i.TIM_Cmd)
    TIM_Configuration                        0x0800173f   Thumb Code    80  hard_init.o(i.TIM_Configuration)
    TIM_DeInit                               0x08001791   Thumb Code   424  stm32f10x_tim.o(i.TIM_DeInit)
    TIM_ETRClockMode2Config                  0x08001979   Thumb Code    32  stm32f10x_tim.o(i.TIM_ETRClockMode2Config)
    TIM_ETRConfig                            0x08001999   Thumb Code    24  stm32f10x_tim.o(i.TIM_ETRConfig)
    TIM_GetCounter                           0x080019b1   Thumb Code     6  stm32f10x_tim.o(i.TIM_GetCounter)
    TIM_GetITStatus                          0x080019b7   Thumb Code    34  stm32f10x_tim.o(i.TIM_GetITStatus)
    TIM_ITRxExternalClockConfig              0x080019d9   Thumb Code    24  stm32f10x_tim.o(i.TIM_ITRxExternalClockConfig)
    TIM_SelectInputTrigger                   0x080019f1   Thumb Code    18  stm32f10x_tim.o(i.TIM_SelectInputTrigger)
    TIM_TimeBaseInit                         0x08001a05   Thumb Code   122  stm32f10x_tim.o(i.TIM_TimeBaseInit)
    UART4_IRQHandler                         0x08001aa9   Thumb Code   126  stm32f10x_it.o(i.UART4_IRQHandler)
    UART5_IRQHandler                         0x08001b45   Thumb Code    92  stm32f10x_it.o(i.UART5_IRQHandler)
    USART1_IRQHandler                        0x08001bad   Thumb Code   106  stm32f10x_it.o(i.USART1_IRQHandler)
    USART2_IRQHandler                        0x08001c29   Thumb Code   138  stm32f10x_it.o(i.USART2_IRQHandler)
    USART3_IRQHandler                        0x08001ccd   Thumb Code   154  stm32f10x_it.o(i.USART3_IRQHandler)
    USART_ClearFlag                          0x08001d85   Thumb Code    18  stm32f10x_usart.o(i.USART_ClearFlag)
    USART_Cmd                                0x08001d97   Thumb Code    24  stm32f10x_usart.o(i.USART_Cmd)
    USART_Configuration                      0x08001db1   Thumb Code   644  hard_init.o(i.USART_Configuration)
    USART_GetFlagStatus                      0x08002059   Thumb Code    26  stm32f10x_usart.o(i.USART_GetFlagStatus)
    USART_GetITStatus                        0x08002073   Thumb Code    84  stm32f10x_usart.o(i.USART_GetITStatus)
    USART_ITConfig                           0x080020c7   Thumb Code    74  stm32f10x_usart.o(i.USART_ITConfig)
    USART_Init                               0x08002111   Thumb Code   210  stm32f10x_usart.o(i.USART_Init)
    USART_ReceiveData                        0x080021e9   Thumb Code    10  stm32f10x_usart.o(i.USART_ReceiveData)
    USART_SendData                           0x080021f3   Thumb Code     8  stm32f10x_usart.o(i.USART_SendData)
    USB_LP_CAN1_RX0_IRQHandler               0x080021fd   Thumb Code   172  stm32f10x_it.o(i.USB_LP_CAN1_RX0_IRQHandler)
    UsageFault_Handler                       0x080022fd   Thumb Code    26  stm32f10x_it.o(i.UsageFault_Handler)
    __0printf$8                              0x08002329   Thumb Code    22  printf8.o(i.__0printf$8)
    __1printf$8                              0x08002329   Thumb Code     0  printf8.o(i.__0printf$8)
    __2printf                                0x08002329   Thumb Code     0  printf8.o(i.__0printf$8)
    __scatterload_copy                       0x08002349   Thumb Code    14  handlers.o(i.__scatterload_copy)
    __scatterload_null                       0x08002357   Thumb Code     2  handlers.o(i.__scatterload_null)
    __scatterload_zeroinit                   0x08002359   Thumb Code    14  handlers.o(i.__scatterload_zeroinit)
    abs_evap_system_vapor_press              0x080027e5   Thumb Code    54  obd.o(i.abs_evap_system_vapor_press)
    abs_load_formula                         0x08002825   Thumb Code    54  obd.o(i.abs_load_formula)
    abs_tp_formula_b                         0x08002865   Thumb Code    54  obd.o(i.abs_tp_formula_b)
    abs_tp_formula_c                         0x080028a5   Thumb Code    54  obd.o(i.abs_tp_formula_c)
    abs_tp_formula_d                         0x080028e5   Thumb Code    54  obd.o(i.abs_tp_formula_d)
    abs_tp_formula_e                         0x08002925   Thumb Code    54  obd.o(i.abs_tp_formula_e)
    abs_tp_formula_f                         0x08002965   Thumb Code    54  obd.o(i.abs_tp_formula_f)
    air_flow_rate_formula                    0x080029a5   Thumb Code    54  obd.o(i.air_flow_rate_formula)
    amb_air_temp_formula                     0x080029e5   Thumb Code    54  obd.o(i.amb_air_temp_formula)
    baro_pressure_formula                    0x08002a25   Thumb Code    54  obd.o(i.baro_pressure_formula)
    cat_temp_formula1                        0x08002a65   Thumb Code    54  obd.o(i.cat_temp_formula1)
    cat_temp_formula2                        0x08002aa5   Thumb Code    54  obd.o(i.cat_temp_formula2)
    cat_temp_formula3                        0x08002ae5   Thumb Code    54  obd.o(i.cat_temp_formula3)
    cat_temp_formula4                        0x08002b25   Thumb Code    54  obd.o(i.cat_temp_formula4)
    checkObdReturn                           0x08002b65   Thumb Code    98  obd.o(i.checkObdReturn)
    clr_distance_formula                     0x08002be5   Thumb Code    54  obd.o(i.clr_distance_formula)
    clr_time_formula                         0x08002c25   Thumb Code    54  obd.o(i.clr_time_formula)
    commanded_egr_formula                    0x08002c65   Thumb Code    54  obd.o(i.commanded_egr_formula)
    coolant_temp_formula                     0x08002ca5   Thumb Code    54  obd.o(i.coolant_temp_formula)
    delay_ms                                 0x08002ce5   Thumb Code    26  hard_init.o(i.delay_ms)
    ecu_voltage_formula                      0x08002d01   Thumb Code    54  obd.o(i.ecu_voltage_formula)
    egr_error_formula                        0x08002d41   Thumb Code    54  obd.o(i.egr_error_formula)
    emission_requirements                    0x08002d81   Thumb Code    54  obd.o(i.emission_requirements)
    enableCanExti                            0x08002dc1   Thumb Code    52  hard_init.o(i.enableCanExti)
    engine_load_formula                      0x08002df5   Thumb Code    54  obd.o(i.engine_load_formula)
    engine_oil_temperature                   0x08002e35   Thumb Code    54  obd.o(i.engine_oil_temperature)
    engine_rpm_formula                       0x08002e75   Thumb Code    54  obd.o(i.engine_rpm_formula)
    engine_run_time_formula                  0x08002eb5   Thumb Code    54  obd.o(i.engine_run_time_formula)
    eq_ratio_formula                         0x08002ef5   Thumb Code    54  obd.o(i.eq_ratio_formula)
    evap_pct_formula                         0x08002f35   Thumb Code    54  obd.o(i.evap_pct_formula)
    evap_system_vapor_press                  0x08002f75   Thumb Code    54  obd.o(i.evap_system_vapor_press)
    evap_vp_formula                          0x08002fb5   Thumb Code    54  obd.o(i.evap_vp_formula)
    external_test_cfg_1                      0x08002ff5   Thumb Code    54  obd.o(i.external_test_cfg_1)
    external_test_cfg_2                      0x08003035   Thumb Code    54  obd.o(i.external_test_cfg_2)
    fillObdBuf                               0x08003075   Thumb Code   296  obd.o(i.fillObdBuf)
    fputc                                    0x08003219   Thumb Code    32  main.o(i.fputc)
    frp_relative_formula                     0x0800323d   Thumb Code    54  obd.o(i.frp_relative_formula)
    frp_widerange_formula                    0x0800327d   Thumb Code    54  obd.o(i.frp_widerange_formula)
    fuel_injection_timing                    0x080032bd   Thumb Code    54  obd.o(i.fuel_injection_timing)
    fuel_level_formula                       0x080032fd   Thumb Code    54  obd.o(i.fuel_level_formula)
    fuel_pressure_formula                    0x0800333d   Thumb Code    54  obd.o(i.fuel_pressure_formula)
    fuel_rate                                0x0800337d   Thumb Code    54  obd.o(i.fuel_rate)
    fuel_system1_frame_dtc                   0x080033bd   Thumb Code    42  obd.o(i.fuel_system1_frame_dtc)
    fuel_system1_status_formula              0x080033f1   Thumb Code    54  obd.o(i.fuel_system1_status_formula)
    fuel_type                                0x08003431   Thumb Code    54  obd.o(i.fuel_type)
    fule_rail_pressure                       0x08003471   Thumb Code    54  obd.o(i.fule_rail_pressure)
    getBufIndex                              0x080034b1   Thumb Code   420  obd.o(i.getBufIndex)
    get_device_identifier                    0x080036c5   Thumb Code    30  obd.o(i.get_device_identifier)
    gpsDataIrq                               0x080036e5   Thumb Code  3236  gps.o(i.gpsDataIrq)
    hardware_init                            0x0800439d   Thumb Code    36  hard_init.o(i.hardware_init)
    hybrid_battery_pack_remain               0x080043c5   Thumb Code    54  obd.o(i.hybrid_battery_pack_remain)
    intake_air_temp_formula                  0x08004405   Thumb Code    54  obd.o(i.intake_air_temp_formula)
    intake_pressure_formula                  0x08004445   Thumb Code    54  obd.o(i.intake_pressure_formula)
    long_term_fuel_trim_formula1             0x08004485   Thumb Code    54  obd.o(i.long_term_fuel_trim_formula1)
    long_term_fuel_trim_formula2             0x080044c5   Thumb Code    54  obd.o(i.long_term_fuel_trim_formula2)
    long_term_sec_oxygen_1_3                 0x08004505   Thumb Code    54  obd.o(i.long_term_sec_oxygen_1_3)
    long_term_sec_oxygen_2_4                 0x08004545   Thumb Code    54  obd.o(i.long_term_sec_oxygen_2_4)
    main                                     0x08004585   Thumb Code    32  main.o(i.main)
    mil_distance_formula                     0x080045b5   Thumb Code    54  obd.o(i.mil_distance_formula)
    mil_time_formula                         0x080045f5   Thumb Code    54  obd.o(i.mil_time_formula)
    monitior_state_formula                   0x08004635   Thumb Code    54  obd.o(i.monitior_state_formula)
    numberOftroubleCodes                     0x08004675   Thumb Code    54  obd.o(i.numberOftroubleCodes)
    o2_sensor_formula1_1                     0x080046b5   Thumb Code    54  obd.o(i.o2_sensor_formula1_1)
    o2_sensor_formula1_2                     0x080046f5   Thumb Code    54  obd.o(i.o2_sensor_formula1_2)
    o2_sensor_formula1_3                     0x08004735   Thumb Code    54  obd.o(i.o2_sensor_formula1_3)
    o2_sensor_formula1_4                     0x08004775   Thumb Code    54  obd.o(i.o2_sensor_formula1_4)
    o2_sensor_formula2_1                     0x080047b5   Thumb Code    54  obd.o(i.o2_sensor_formula2_1)
    o2_sensor_formula2_2                     0x080047f5   Thumb Code    54  obd.o(i.o2_sensor_formula2_2)
    o2_sensor_formula2_3                     0x08004835   Thumb Code    54  obd.o(i.o2_sensor_formula2_3)
    o2_sensor_formula2_4                     0x08004875   Thumb Code    54  obd.o(i.o2_sensor_formula2_4)
    o2_sensor_wrc_formula1_1                 0x080048b5   Thumb Code    54  obd.o(i.o2_sensor_wrc_formula1_1)
    o2_sensor_wrc_formula1_2                 0x080048f5   Thumb Code    54  obd.o(i.o2_sensor_wrc_formula1_2)
    o2_sensor_wrc_formula1_3                 0x08004935   Thumb Code    54  obd.o(i.o2_sensor_wrc_formula1_3)
    o2_sensor_wrc_formula1_4                 0x08004975   Thumb Code    54  obd.o(i.o2_sensor_wrc_formula1_4)
    o2_sensor_wrc_formula2_1                 0x080049b5   Thumb Code    54  obd.o(i.o2_sensor_wrc_formula2_1)
    o2_sensor_wrc_formula2_2                 0x080049f5   Thumb Code    54  obd.o(i.o2_sensor_wrc_formula2_2)
    o2_sensor_wrc_formula2_3                 0x08004a35   Thumb Code    54  obd.o(i.o2_sensor_wrc_formula2_3)
    o2_sensor_wrc_formula2_4                 0x08004a75   Thumb Code    54  obd.o(i.o2_sensor_wrc_formula2_4)
    o2_sensor_wrv_formula1_1                 0x08004ab5   Thumb Code    54  obd.o(i.o2_sensor_wrv_formula1_1)
    o2_sensor_wrv_formula1_2                 0x08004af5   Thumb Code    54  obd.o(i.o2_sensor_wrv_formula1_2)
    o2_sensor_wrv_formula1_3                 0x08004b35   Thumb Code    54  obd.o(i.o2_sensor_wrv_formula1_3)
    o2_sensor_wrv_formula1_4                 0x08004b75   Thumb Code    54  obd.o(i.o2_sensor_wrv_formula1_4)
    o2_sensor_wrv_formula2_1                 0x08004bb5   Thumb Code    54  obd.o(i.o2_sensor_wrv_formula2_1)
    o2_sensor_wrv_formula2_2                 0x08004bf5   Thumb Code    54  obd.o(i.o2_sensor_wrv_formula2_2)
    o2_sensor_wrv_formula2_3                 0x08004c35   Thumb Code    54  obd.o(i.o2_sensor_wrv_formula2_3)
    o2_sensor_wrv_formula2_4                 0x08004c75   Thumb Code    54  obd.o(i.o2_sensor_wrv_formula2_4)
    obdIrq                                   0x08004cb5   Thumb Code   890  obd.o(i.obdIrq)
    obd_requirements_formula                 0x08005085   Thumb Code    54  obd.o(i.obd_requirements_formula)
    oxygen_sensors_present_1                 0x080050c5   Thumb Code    54  obd.o(i.oxygen_sensors_present_1)
    oxygen_sensors_present_2                 0x08005105   Thumb Code    54  obd.o(i.oxygen_sensors_present_2)
    percentage_alcohol_fuel                  0x08005145   Thumb Code    54  obd.o(i.percentage_alcohol_fuel)
    pto_status_formula                       0x08005185   Thumb Code    54  obd.o(i.pto_status_formula)
    relative_acc_pedal_pos                   0x080051c5   Thumb Code    54  obd.o(i.relative_acc_pedal_pos)
    relative_tp_formula                      0x08005205   Thumb Code    54  obd.o(i.relative_tp_formula)
    secondary_air_status_formula             0x08005245   Thumb Code    54  obd.o(i.secondary_air_status_formula)
    short_term_fuel_trim_formula1            0x08005285   Thumb Code    54  obd.o(i.short_term_fuel_trim_formula1)
    short_term_fuel_trim_formula2            0x080052c5   Thumb Code    54  obd.o(i.short_term_fuel_trim_formula2)
    short_term_sec_oxygen_1_3                0x08005305   Thumb Code    54  obd.o(i.short_term_sec_oxygen_1_3)
    short_term_sec_oxygen_2_4                0x08005345   Thumb Code    54  obd.o(i.short_term_sec_oxygen_2_4)
    support_pid_00_1f                        0x08005385   Thumb Code    54  obd.o(i.support_pid_00_1f)
    support_pid_20_3f                        0x080053c5   Thumb Code    54  obd.o(i.support_pid_20_3f)
    support_pid_41_5f                        0x08005405   Thumb Code    54  obd.o(i.support_pid_41_5f)
    tac_pct_formula                          0x08005445   Thumb Code    54  obd.o(i.tac_pct_formula)
    throttle_position_formula                0x08005485   Thumb Code    54  obd.o(i.throttle_position_formula)
    timing_advance_formula                   0x080054c5   Thumb Code    54  obd.o(i.timing_advance_formula)
    vehicle_speed_formula                    0x08005505   Thumb Code    54  obd.o(i.vehicle_speed_formula)
    warm_ups_formula                         0x08005545   Thumb Code    54  obd.o(i.warm_ups_formula)
    obdCmdList                               0x08005584   Data       17640  obd.o(.constdata)
    Region$$Table$$Base                      0x08009a6c   Number         0  anon$$obj.o(Region$$Table)
    Region$$Table$$Limit                     0x08009a8c   Number         0  anon$$obj.o(Region$$Table)
    USART1_RX_buffer_count                   0x20000000   Data           4  sysdef.o(.data)
    USART2_RX_buffer_count                   0x20000004   Data           4  sysdef.o(.data)
    USART3_RX_buffer_count                   0x20000008   Data           4  sysdef.o(.data)
    UART4_RX_buffer_count                    0x2000000c   Data           4  sysdef.o(.data)
    UART5_RX_buffer_count                    0x20000010   Data           4  sysdef.o(.data)
    ISP_DIRECTION                            0x20000014   Data           4  sysdef.o(.data)
    BLUE_DIRECTION                           0x20000018   Data           4  sysdef.o(.data)
    rtcModifyFlag                            0x2000001c   Data           4  sysdef.o(.data)
    BLUE_OBD                                 0x20000020   Data           4  sysdef.o(.data)
    OBD_MODE                                 0x20000024   Data           4  sysdef.o(.data)
    CAN_DETECTER                             0x20000028   Data           4  sysdef.o(.data)
    DEVICE_STATE                             0x2000002c   Data           4  sysdef.o(.data)
    OBD_START                                0x20000030   Data           4  sysdef.o(.data)
    timer                                    0x20000034   Data           8  sysdef.o(.data)
    gps_data_value                           0x2000003c   Data           4  stm32f10x_it.o(.data)
    GPSDataType                              0x20000064   Data           4  gps.o(.data)
    GPSDataTypeStrBuff                       0x20000068   Data           8  gps.o(.data)
    GPSDataTypeStrBuffIndex                  0x20000070   Data           4  gps.o(.data)
    GPSDataStart                             0x20000074   Data           1  gps.o(.data)
    ReciveFlag                               0x20000078   Data           4  gps.o(.data)
    gps_data_process_temp                    0x2000007c   Data           4  gps.o(.data)
    GPS_GGA_DINGWEI_OK                       0x20000080   Data           4  gps.o(.data)
    GPS_SHUJU_OK                             0x20000084   Data           4  gps.o(.data)
    GPS_RMC_DINGWEI_OK                       0x20000088   Data           4  gps.o(.data)
    satellite_have_signal                    0x2000008c   Data           4  gps.o(.data)
    satellite_below_10                       0x20000090   Data           4  gps.o(.data)
    satellite_below_20                       0x20000094   Data           4  gps.o(.data)
    satellite_below_30                       0x20000098   Data           4  gps.o(.data)
    satellite_below_40                       0x2000009c   Data           4  gps.o(.data)
    __stdout                                 0x200000b8   Data           4  stdout.o(.data)
    USART1_RX_buffer                         0x200000bc   Data        1300  sysdef.o(.bss)
    USART2_RX_buffer                         0x200005d0   Data        1300  sysdef.o(.bss)
    USART3_RX_buffer                         0x20000ae4   Data         300  sysdef.o(.bss)
    UART4_RX_buffer                          0x20000c10   Data         300  sysdef.o(.bss)
    UART5_RX_buffer                          0x20000d3c   Data         300  sysdef.o(.bss)
    obdNormalBuf                             0x20000e68   Data         410  sysdef.o(.bss)
    obdFastBuf                               0x20001002   Data         410  sysdef.o(.bss)
    sysCfg                                   0x2000119c   Data        1128  sysdef.o(.bss)
    GPS_RMC_Data                             0x20001604   Data          50  gps.o(.bss)
    GPS_GGA_Data                             0x20001638   Data          44  gps.o(.bss)
    GPS_GSV_Data                             0x20001664   Data          56  gps.o(.bss)
    GPS_DATA                                 0x2000169c   Data          64  gps.o(.bss)
    __initial_sp                             0x20004200   Data           0  startup_stm32f10x_hd.o(STACK)



==============================================================================

Memory Map of the image

  Image Entry point : 0x08000131

  Load Region LR_IROM1 (Base: 0x08000000, Size: 0x00009b48, Max: 0x00040000, ABSOLUTE)

    Execution Region ER_IROM1 (Base: 0x08000000, Size: 0x00009a8c, Max: 0x00040000, ABSOLUTE)

    Base Addr    Size         Type   Attr      Idx    E Section Name        Object

    0x08000000   0x00000130   Data   RO         3323    RESET               startup_stm32f10x_hd.o
    0x08000130   0x00000000   Code   RO         5007  * .ARM.Collect$$$$00000000  mc_w.l(entry.o)(mc_w.l)
    0x08000130   0x00000004   Code   RO         5287    .ARM.Collect$$$$00000001  mc_w.l(entry2.o)(mc_w.l)
    0x08000134   0x00000004   Code   RO         5290    .ARM.Collect$$$$00000004  mc_w.l(entry5.o)(mc_w.l)
    0x08000138   0x00000008   Code   RO         5291    .ARM.Collect$$$$00000007  mc_w.l(entry7.o)(mc_w.l)
    0x08000140   0x00000004   Code   RO         5288    .ARM.Collect$$$$00002712  mc_w.l(entry2.o)(mc_w.l)
    0x08000144   0x00000024   Code   RO         3324    .text               startup_stm32f10x_hd.o
    0x08000168   0x00000026   Code   RO         5012    .text               mc_w.l(memseta.o)(mc_w.l)
    0x0800018e   0x0000002c   Code   RO         5016    .text               mc_w.l(strstr.o)(mc_w.l)
    0x080001ba   0x00000066   Code   RO         5295    .text               mc_w.l(uldiv.o)(mc_w.l)
    0x08000220   0x00000024   Code   RO         5345    .text               mc_w.l(init.o)(mc_w.l)
    0x08000244   0x0000001e   Code   RO         5347    .text               mc_w.l(llshl.o)(mc_w.l)
    0x08000262   0x00000020   Code   RO         5349    .text               mc_w.l(llushr.o)(mc_w.l)
    0x08000282   0x00000002   PAD
    0x08000284   0x0000002c   Code   RO          124    i.BusFault_Handler  stm32f10x_it.o
    0x080002b0   0x000000a8   Code   RO         1138    i.CAN_ClearITPendingBit  stm32f10x_can.o
    0x08000358   0x00000016   Code   RO         1141    i.CAN_FIFORelease   stm32f10x_can.o
    0x0800036e   0x00000002   PAD
    0x08000370   0x00000128   Code   RO         1144    i.CAN_GetITStatus   stm32f10x_can.o
    0x08000498   0x000000ea   Code   RO         1148    i.CAN_Receive       stm32f10x_can.o
    0x08000582   0x00000010   Code   RO         1155    i.CheckITStatus     stm32f10x_can.o
    0x08000592   0x00000002   PAD
    0x08000594   0x0000002c   Code   RO          125    i.EXTI0_IRQHandler  stm32f10x_it.o
    0x080005c0   0x00000040   Code   RO          126    i.EXTI15_10_IRQHandler  stm32f10x_it.o
    0x08000600   0x00000028   Code   RO          127    i.EXTI1_IRQHandler  stm32f10x_it.o
    0x08000628   0x00000038   Code   RO          128    i.EXTI3_IRQHandler  stm32f10x_it.o
    0x08000660   0x00000016   Code   RO          129    i.EXTI9_5_IRQHandler  stm32f10x_it.o
    0x08000676   0x00000002   PAD
    0x08000678   0x0000000c   Code   RO         1583    i.EXTI_ClearITPendingBit  stm32f10x_exti.o
    0x08000684   0x00000082   Code   RO         3557    i.EXTI_Configuration  hard_init.o
    0x08000706   0x00000002   PAD
    0x08000708   0x0000002c   Code   RO         1587    i.EXTI_GetITStatus  stm32f10x_exti.o
    0x08000734   0x000000ac   Code   RO         1588    i.EXTI_Init         stm32f10x_exti.o
    0x080007e0   0x0000001c   Code   RO          362    i.FLASH_PrefetchBufferCmd  stm32f10x_flash.o
    0x080007fc   0x00000018   Code   RO          367    i.FLASH_SetLatency  stm32f10x_flash.o
    0x08000814   0x00000398   Code   RO         3558    i.GPIO_Configuration  hard_init.o
    0x08000bac   0x00000040   Code   RO          522    i.GPIO_EXTILineConfig  stm32f10x_gpio.o
    0x08000bec   0x00000112   Code   RO          525    i.GPIO_Init         stm32f10x_gpio.o
    0x08000cfe   0x00000002   PAD
    0x08000d00   0x00000090   Code   RO          527    i.GPIO_PinRemapConfig  stm32f10x_gpio.o
    0x08000d90   0x0000000a   Code   RO          536    i.GPIO_WriteBit     stm32f10x_gpio.o
    0x08000d9a   0x00000002   PAD
    0x08000d9c   0x00000034   Code   RO          130    i.HardFault_Handler  stm32f10x_it.o
    0x08000dd0   0x0000002c   Code   RO          131    i.MemManage_Handler  stm32f10x_it.o
    0x08000dfc   0x00000028   Code   RO          132    i.NMI_Handler       stm32f10x_it.o
    0x08000e24   0x0000018a   Code   RO         3559    i.NVIC_Configuration  hard_init.o
    0x08000fae   0x00000002   PAD
    0x08000fb0   0x00000084   Code   RO          309    i.NVIC_Init         misc.o
    0x08001034   0x00000014   Code   RO          310    i.NVIC_PriorityGroupConfig  misc.o
    0x08001048   0x0000002c   Code   RO          133    i.NVIC_SystemReset  stm32f10x_it.o
    0x08001074   0x0000002c   Code   RO          135    i.PendSV_Handler    stm32f10x_it.o
    0x080010a0   0x00000020   Code   RO          635    i.RCC_APB1PeriphClockCmd  stm32f10x_rcc.o
    0x080010c0   0x00000020   Code   RO          636    i.RCC_APB1PeriphResetCmd  stm32f10x_rcc.o
    0x080010e0   0x00000020   Code   RO          637    i.RCC_APB2PeriphClockCmd  stm32f10x_rcc.o
    0x08001100   0x00000020   Code   RO          638    i.RCC_APB2PeriphResetCmd  stm32f10x_rcc.o
    0x08001120   0x0000007c   Code   RO         3560    i.RCC_Configuration  hard_init.o
    0x0800119c   0x0000004c   Code   RO          644    i.RCC_DeInit        stm32f10x_rcc.o
    0x080011e8   0x000000d4   Code   RO          645    i.RCC_GetClocksFreq  stm32f10x_rcc.o
    0x080012bc   0x0000003c   Code   RO          646    i.RCC_GetFlagStatus  stm32f10x_rcc.o
    0x080012f8   0x00000010   Code   RO          648    i.RCC_GetSYSCLKSource  stm32f10x_rcc.o
    0x08001308   0x00000018   Code   RO          649    i.RCC_HCLKConfig    stm32f10x_rcc.o
    0x08001320   0x0000000c   Code   RO          651    i.RCC_HSICmd        stm32f10x_rcc.o
    0x0800132c   0x00000018   Code   RO          656    i.RCC_PCLK1Config   stm32f10x_rcc.o
    0x08001344   0x00000018   Code   RO          657    i.RCC_PCLK2Config   stm32f10x_rcc.o
    0x0800135c   0x0000000c   Code   RO          658    i.RCC_PLLCmd        stm32f10x_rcc.o
    0x08001368   0x0000001c   Code   RO          659    i.RCC_PLLConfig     stm32f10x_rcc.o
    0x08001384   0x00000018   Code   RO          662    i.RCC_SYSCLKConfig  stm32f10x_rcc.o
    0x0800139c   0x00000022   Code   RO          136    i.RTCAlarm_IRQHandler  stm32f10x_it.o
    0x080013be   0x00000002   PAD
    0x080013c0   0x00000020   Code   RO         2066    i.RTC_ClearITPendingBit  stm32f10x_rtc.o
    0x080013e0   0x00000018   Code   RO         2067    i.RTC_EnterConfigMode  stm32f10x_rtc.o
    0x080013f8   0x0000001c   Code   RO         2068    i.RTC_ExitConfigMode  stm32f10x_rtc.o
    0x08001414   0x0000001c   Code   RO         2069    i.RTC_GetCounter    stm32f10x_rtc.o
    0x08001430   0x0000002c   Code   RO         2072    i.RTC_GetITStatus   stm32f10x_rtc.o
    0x0800145c   0x00000030   Code   RO          137    i.RTC_IRQHandler    stm32f10x_it.o
    0x0800148c   0x00000024   Code   RO         2075    i.RTC_SetCounter    stm32f10x_rtc.o
    0x080014b0   0x00000014   Code   RO         2077    i.RTC_WaitForLastTask  stm32f10x_rtc.o
    0x080014c4   0x00000028   Code   RO          138    i.SVC_Handler       stm32f10x_it.o
    0x080014ec   0x00000008   Code   RO         3287    i.SetSysClock       system_stm32f10x.o
    0x080014f4   0x000000c8   Code   RO         3288    i.SetSysClockTo72   system_stm32f10x.o
    0x080015bc   0x00000002   Code   RO          139    i.SysTick_Handler   stm32f10x_it.o
    0x080015be   0x00000002   PAD
    0x080015c0   0x00000060   Code   RO         3290    i.SystemInit        system_stm32f10x.o
    0x08001620   0x0000001e   Code   RO          140    i.TIM2_IRQHandler   stm32f10x_it.o
    0x0800163e   0x00000002   PAD
    0x08001640   0x000000e0   Code   RO          141    i.TIM3_IRQHandler   stm32f10x_it.o
    0x08001720   0x00000006   Code   RO         2502    i.TIM_ClearITPendingBit  stm32f10x_tim.o
    0x08001726   0x00000018   Code   RO         2507    i.TIM_Cmd           stm32f10x_tim.o
    0x0800173e   0x00000050   Code   RO         3562    i.TIM_Configuration  hard_init.o
    0x0800178e   0x00000002   PAD
    0x08001790   0x000001e8   Code   RO         2512    i.TIM_DeInit        stm32f10x_tim.o
    0x08001978   0x00000020   Code   RO         2514    i.TIM_ETRClockMode2Config  stm32f10x_tim.o
    0x08001998   0x00000018   Code   RO         2515    i.TIM_ETRConfig     stm32f10x_tim.o
    0x080019b0   0x00000006   Code   RO         2526    i.TIM_GetCounter    stm32f10x_tim.o
    0x080019b6   0x00000022   Code   RO         2528    i.TIM_GetITStatus   stm32f10x_tim.o
    0x080019d8   0x00000018   Code   RO         2533    i.TIM_ITRxExternalClockConfig  stm32f10x_tim.o
    0x080019f0   0x00000012   Code   RO         2560    i.TIM_SelectInputTrigger  stm32f10x_tim.o
    0x08001a02   0x00000002   PAD
    0x08001a04   0x000000a4   Code   RO         2578    i.TIM_TimeBaseInit  stm32f10x_tim.o
    0x08001aa8   0x0000009c   Code   RO          142    i.UART4_IRQHandler  stm32f10x_it.o
    0x08001b44   0x00000068   Code   RO          143    i.UART5_IRQHandler  stm32f10x_it.o
    0x08001bac   0x0000007c   Code   RO          144    i.USART1_IRQHandler  stm32f10x_it.o
    0x08001c28   0x000000a4   Code   RO          145    i.USART2_IRQHandler  stm32f10x_it.o
    0x08001ccc   0x000000b8   Code   RO          146    i.USART3_IRQHandler  stm32f10x_it.o
    0x08001d84   0x00000012   Code   RO         3039    i.USART_ClearFlag   stm32f10x_usart.o
    0x08001d96   0x00000018   Code   RO         3043    i.USART_Cmd         stm32f10x_usart.o
    0x08001dae   0x00000002   PAD
    0x08001db0   0x000002a8   Code   RO         3563    i.USART_Configuration  hard_init.o
    0x08002058   0x0000001a   Code   RO         3046    i.USART_GetFlagStatus  stm32f10x_usart.o
    0x08002072   0x00000054   Code   RO         3047    i.USART_GetITStatus  stm32f10x_usart.o
    0x080020c6   0x0000004a   Code   RO         3049    i.USART_ITConfig    stm32f10x_usart.o
    0x08002110   0x000000d8   Code   RO         3050    i.USART_Init        stm32f10x_usart.o
    0x080021e8   0x0000000a   Code   RO         3057    i.USART_ReceiveData  stm32f10x_usart.o
    0x080021f2   0x00000008   Code   RO         3060    i.USART_SendData    stm32f10x_usart.o
    0x080021fa   0x00000002   PAD
    0x080021fc   0x00000100   Code   RO          147    i.USB_LP_CAN1_RX0_IRQHandler  stm32f10x_it.o
    0x080022fc   0x0000002c   Code   RO          148    i.UsageFault_Handler  stm32f10x_it.o
    0x08002328   0x00000020   Code   RO         5229    i.__0printf$8       mc_w.l(printf8.o)(mc_w.l)
    0x08002348   0x0000000e   Code   RO         5359    i.__scatterload_copy  mc_w.l(handlers.o)(mc_w.l)
    0x08002356   0x00000002   Code   RO         5360    i.__scatterload_null  mc_w.l(handlers.o)(mc_w.l)
    0x08002358   0x0000000e   Code   RO         5361    i.__scatterload_zeroinit  mc_w.l(handlers.o)(mc_w.l)
    0x08002366   0x00000002   PAD
    0x08002368   0x00000428   Code   RO         5236    i._printf_core      mc_w.l(printf8.o)(mc_w.l)
    0x08002790   0x00000026   Code   RO         5237    i._printf_post_padding  mc_w.l(printf8.o)(mc_w.l)
    0x080027b6   0x0000002e   Code   RO         5238    i._printf_pre_padding  mc_w.l(printf8.o)(mc_w.l)
    0x080027e4   0x00000040   Code   RO         3801    i.abs_evap_system_vapor_press  obd.o
    0x08002824   0x00000040   Code   RO         3802    i.abs_load_formula  obd.o
    0x08002864   0x00000040   Code   RO         3803    i.abs_tp_formula_b  obd.o
    0x080028a4   0x00000040   Code   RO         3804    i.abs_tp_formula_c  obd.o
    0x080028e4   0x00000040   Code   RO         3805    i.abs_tp_formula_d  obd.o
    0x08002924   0x00000040   Code   RO         3806    i.abs_tp_formula_e  obd.o
    0x08002964   0x00000040   Code   RO         3807    i.abs_tp_formula_f  obd.o
    0x080029a4   0x00000040   Code   RO         3808    i.air_flow_rate_formula  obd.o
    0x080029e4   0x00000040   Code   RO         3809    i.amb_air_temp_formula  obd.o
    0x08002a24   0x00000040   Code   RO         3810    i.baro_pressure_formula  obd.o
    0x08002a64   0x00000040   Code   RO         3811    i.cat_temp_formula1  obd.o
    0x08002aa4   0x00000040   Code   RO         3812    i.cat_temp_formula2  obd.o
    0x08002ae4   0x00000040   Code   RO         3813    i.cat_temp_formula3  obd.o
    0x08002b24   0x00000040   Code   RO         3814    i.cat_temp_formula4  obd.o
    0x08002b64   0x00000080   Code   RO         3815    i.checkObdReturn    obd.o
    0x08002be4   0x00000040   Code   RO         3816    i.clr_distance_formula  obd.o
    0x08002c24   0x00000040   Code   RO         3817    i.clr_time_formula  obd.o
    0x08002c64   0x00000040   Code   RO         3818    i.commanded_egr_formula  obd.o
    0x08002ca4   0x00000040   Code   RO         3819    i.coolant_temp_formula  obd.o
    0x08002ce4   0x0000001a   Code   RO         3569    i.delay_ms          hard_init.o
    0x08002cfe   0x00000002   PAD
    0x08002d00   0x00000040   Code   RO         3820    i.ecu_voltage_formula  obd.o
    0x08002d40   0x00000040   Code   RO         3821    i.egr_error_formula  obd.o
    0x08002d80   0x00000040   Code   RO         3822    i.emission_requirements  obd.o
    0x08002dc0   0x00000034   Code   RO         3570    i.enableCanExti     hard_init.o
    0x08002df4   0x00000040   Code   RO         3823    i.engine_load_formula  obd.o
    0x08002e34   0x00000040   Code   RO         3824    i.engine_oil_temperature  obd.o
    0x08002e74   0x00000040   Code   RO         3825    i.engine_rpm_formula  obd.o
    0x08002eb4   0x00000040   Code   RO         3826    i.engine_run_time_formula  obd.o
    0x08002ef4   0x00000040   Code   RO         3827    i.eq_ratio_formula  obd.o
    0x08002f34   0x00000040   Code   RO         3828    i.evap_pct_formula  obd.o
    0x08002f74   0x00000040   Code   RO         3829    i.evap_system_vapor_press  obd.o
    0x08002fb4   0x00000040   Code   RO         3830    i.evap_vp_formula   obd.o
    0x08002ff4   0x00000040   Code   RO         3832    i.external_test_cfg_1  obd.o
    0x08003034   0x00000040   Code   RO         3833    i.external_test_cfg_2  obd.o
    0x08003074   0x000001a4   Code   RO         3834    i.fillObdBuf        obd.o
    0x08003218   0x00000024   Code   RO          291    i.fputc             main.o
    0x0800323c   0x00000040   Code   RO         3835    i.frp_relative_formula  obd.o
    0x0800327c   0x00000040   Code   RO         3836    i.frp_widerange_formula  obd.o
    0x080032bc   0x00000040   Code   RO         3837    i.fuel_injection_timing  obd.o
    0x080032fc   0x00000040   Code   RO         3838    i.fuel_level_formula  obd.o
    0x0800333c   0x00000040   Code   RO         3839    i.fuel_pressure_formula  obd.o
    0x0800337c   0x00000040   Code   RO         3840    i.fuel_rate         obd.o
    0x080033bc   0x00000034   Code   RO         3841    i.fuel_system1_frame_dtc  obd.o
    0x080033f0   0x00000040   Code   RO         3842    i.fuel_system1_status_formula  obd.o
    0x08003430   0x00000040   Code   RO         3845    i.fuel_type         obd.o
    0x08003470   0x00000040   Code   RO         3846    i.fule_rail_pressure  obd.o
    0x080034b0   0x00000214   Code   RO         3847    i.getBufIndex       obd.o
    0x080036c4   0x0000001e   Code   RO         3848    i.get_device_identifier  obd.o
    0x080036e2   0x00000002   PAD
    0x080036e4   0x00000cb8   Code   RO         3516    i.gpsDataIrq        gps.o
    0x0800439c   0x00000028   Code   RO         3571    i.hardware_init     hard_init.o
    0x080043c4   0x00000040   Code   RO         3849    i.hybrid_battery_pack_remain  obd.o
    0x08004404   0x00000040   Code   RO         3851    i.intake_air_temp_formula  obd.o
    0x08004444   0x00000040   Code   RO         3852    i.intake_pressure_formula  obd.o
    0x08004484   0x00000040   Code   RO         3853    i.long_term_fuel_trim_formula1  obd.o
    0x080044c4   0x00000040   Code   RO         3854    i.long_term_fuel_trim_formula2  obd.o
    0x08004504   0x00000040   Code   RO         3855    i.long_term_sec_oxygen_1_3  obd.o
    0x08004544   0x00000040   Code   RO         3856    i.long_term_sec_oxygen_2_4  obd.o
    0x08004584   0x00000030   Code   RO          292    i.main              main.o
    0x080045b4   0x00000040   Code   RO         3858    i.mil_distance_formula  obd.o
    0x080045f4   0x00000040   Code   RO         3859    i.mil_time_formula  obd.o
    0x08004634   0x00000040   Code   RO         3860    i.monitior_state_formula  obd.o
    0x08004674   0x00000040   Code   RO         3861    i.numberOftroubleCodes  obd.o
    0x080046b4   0x00000040   Code   RO         3862    i.o2_sensor_formula1_1  obd.o
    0x080046f4   0x00000040   Code   RO         3863    i.o2_sensor_formula1_2  obd.o
    0x08004734   0x00000040   Code   RO         3864    i.o2_sensor_formula1_3  obd.o
    0x08004774   0x00000040   Code   RO         3865    i.o2_sensor_formula1_4  obd.o
    0x080047b4   0x00000040   Code   RO         3866    i.o2_sensor_formula2_1  obd.o
    0x080047f4   0x00000040   Code   RO         3867    i.o2_sensor_formula2_2  obd.o
    0x08004834   0x00000040   Code   RO         3868    i.o2_sensor_formula2_3  obd.o
    0x08004874   0x00000040   Code   RO         3869    i.o2_sensor_formula2_4  obd.o
    0x080048b4   0x00000040   Code   RO         3870    i.o2_sensor_wrc_formula1_1  obd.o
    0x080048f4   0x00000040   Code   RO         3871    i.o2_sensor_wrc_formula1_2  obd.o
    0x08004934   0x00000040   Code   RO         3872    i.o2_sensor_wrc_formula1_3  obd.o
    0x08004974   0x00000040   Code   RO         3873    i.o2_sensor_wrc_formula1_4  obd.o
    0x080049b4   0x00000040   Code   RO         3874    i.o2_sensor_wrc_formula2_1  obd.o
    0x080049f4   0x00000040   Code   RO         3875    i.o2_sensor_wrc_formula2_2  obd.o
    0x08004a34   0x00000040   Code   RO         3876    i.o2_sensor_wrc_formula2_3  obd.o
    0x08004a74   0x00000040   Code   RO         3877    i.o2_sensor_wrc_formula2_4  obd.o
    0x08004ab4   0x00000040   Code   RO         3878    i.o2_sensor_wrv_formula1_1  obd.o
    0x08004af4   0x00000040   Code   RO         3879    i.o2_sensor_wrv_formula1_2  obd.o
    0x08004b34   0x00000040   Code   RO         3880    i.o2_sensor_wrv_formula1_3  obd.o
    0x08004b74   0x00000040   Code   RO         3881    i.o2_sensor_wrv_formula1_4  obd.o
    0x08004bb4   0x00000040   Code   RO         3882    i.o2_sensor_wrv_formula2_1  obd.o
    0x08004bf4   0x00000040   Code   RO         3883    i.o2_sensor_wrv_formula2_2  obd.o
    0x08004c34   0x00000040   Code   RO         3884    i.o2_sensor_wrv_formula2_3  obd.o
    0x08004c74   0x00000040   Code   RO         3885    i.o2_sensor_wrv_formula2_4  obd.o
    0x08004cb4   0x000003d0   Code   RO         3892    i.obdIrq            obd.o
    0x08005084   0x00000040   Code   RO         3896    i.obd_requirements_formula  obd.o
    0x080050c4   0x00000040   Code   RO         3897    i.oxygen_sensors_present_1  obd.o
    0x08005104   0x00000040   Code   RO         3898    i.oxygen_sensors_present_2  obd.o
    0x08005144   0x00000040   Code   RO         3899    i.percentage_alcohol_fuel  obd.o
    0x08005184   0x00000040   Code   RO         3900    i.pto_status_formula  obd.o
    0x080051c4   0x00000040   Code   RO         3901    i.relative_acc_pedal_pos  obd.o
    0x08005204   0x00000040   Code   RO         3902    i.relative_tp_formula  obd.o
    0x08005244   0x00000040   Code   RO         3903    i.secondary_air_status_formula  obd.o
    0x08005284   0x00000040   Code   RO         3904    i.short_term_fuel_trim_formula1  obd.o
    0x080052c4   0x00000040   Code   RO         3905    i.short_term_fuel_trim_formula2  obd.o
    0x08005304   0x00000040   Code   RO         3906    i.short_term_sec_oxygen_1_3  obd.o
    0x08005344   0x00000040   Code   RO         3907    i.short_term_sec_oxygen_2_4  obd.o
    0x08005384   0x00000040   Code   RO         3909    i.support_pid_00_1f  obd.o
    0x080053c4   0x00000040   Code   RO         3910    i.support_pid_20_3f  obd.o
    0x08005404   0x00000040   Code   RO         3911    i.support_pid_41_5f  obd.o
    0x08005444   0x00000040   Code   RO         3912    i.tac_pct_formula   obd.o
    0x08005484   0x00000040   Code   RO         3913    i.throttle_position_formula  obd.o
    0x080054c4   0x00000040   Code   RO         3914    i.timing_advance_formula  obd.o
    0x08005504   0x00000040   Code   RO         3915    i.vehicle_speed_formula  obd.o
    0x08005544   0x00000040   Code   RO         3916    i.warm_ups_formula  obd.o
    0x08005584   0x000044e8   Data   RO         3918    .constdata          obd.o
    0x08009a6c   0x00000020   Data   RO         5357    Region$$Table       anon$$obj.o


    Execution Region RW_IRAM1 (Base: 0x20000000, Size: 0x00004200, Max: 0x0000c000, ABSOLUTE)

    Base Addr    Size         Type   Attr      Idx    E Section Name        Object

    0x20000000   0x0000003c   Data   RW            2    .data               sysdef.o
    0x2000003c   0x00000014   Data   RW          149    .data               stm32f10x_it.o
    0x20000050   0x00000014   Data   RW          665    .data               stm32f10x_rcc.o
    0x20000064   0x0000003c   Data   RW         3521    .data               gps.o
    0x200000a0   0x00000016   Data   RW         3919    .data               obd.o
    0x200000b6   0x00000002   PAD
    0x200000b8   0x00000004   Data   RW         5292    .data               mc_w.l(stdout.o)(mc_w.l)
    0x200000bc   0x00001548   Zero   RW            1    .bss                sysdef.o
    0x20001604   0x000000d8   Zero   RW         3520    .bss                gps.o
    0x200016dc   0x00000320   Zero   RW         3917    .bss                obd.o
    0x200019fc   0x00000004   PAD
    0x20001a00   0x00002800   Zero   RW         3321    STACK               startup_stm32f10x_hd.o


==============================================================================

Image component sizes


      Code (inc. data)   RO Data    RW Data    ZI Data      Debug   Object Name

         0          0          0          0          0          0   core_cm3.o
      3256        206          0         60        216          0   gps.o
      2446         64          0          0          0          0   hard_init.o
        84         20          0          0          0          0   main.o
       152         24          0          0          0          0   misc.o
      8218       1312      17640         22        800          0   obd.o
        36          8        304          0      10240          0   startup_stm32f10x_hd.o
       736         10          0          0          0          0   stm32f10x_can.o
       228         28          0          0          0          0   stm32f10x_exti.o
        52         12          0          0          0          0   stm32f10x_flash.o
       492         10          0          0          0          0   stm32f10x_gpio.o
      1904        482          0         20          0          0   stm32f10x_it.o
       640        104          0         20          0          0   stm32f10x_rcc.o
       212         62          0          0          0          0   stm32f10x_rtc.o
       820        106          0          0          0          0   stm32f10x_tim.o
       460          6          0          0          0          0   stm32f10x_usart.o
         0          0          0         60       5448          0   sysdef.o
       304         26          0          0          0          0   system_stm32f10x.o

    ----------------------------------------------------------------------
     20072       2480      17976        184      16708          0   Object Totals
         0          0         32          0          0          0   (incl. Generated)
        32          0          0          2          4          2   (incl. Padding)

    ----------------------------------------------------------------------

      Code (inc. data)   RO Data    RW Data    ZI Data      Debug   Library Member Name

         0          0          0          0          0          0   entry.o
         8          4          0          0          0          0   entry2.o
         4          0          0          0          0          0   entry5.o
         8          4          0          0          0          0   entry7.o
        30          0          0          0          0          0   handlers.o
        36          8          0          0          0          0   init.o
        30          0          0          0          0          0   llshl.o
        32          0          0          0          0          0   llushr.o
        38          0          0          0          0          0   memseta.o
      1180         54          0          0          0          0   printf8.o
         0          0          0          4          0          0   stdout.o
        44          0          0          0          0          0   strstr.o
       102          0          0          0          0          0   uldiv.o

    ----------------------------------------------------------------------
      1516         70          0          4          0          0   Library Totals
         4          0          0          0          0          0   (incl. Padding)

    ----------------------------------------------------------------------

      Code (inc. data)   RO Data    RW Data    ZI Data      Debug   Library Name

      1512         70          0          4          0        836   mc_w.l

    ----------------------------------------------------------------------
      1516         70          0          4          0          0   Library Totals

    ----------------------------------------------------------------------

==============================================================================


      Code (inc. data)   RO Data    RW Data    ZI Data      Debug   

     21588       2550      17976        188      16708     392408   Grand Totals
     21588       2550      17976        188      16708     392408   ELF Image Totals
     21588       2550      17976        188          0          0   ROM Totals

==============================================================================

    Total RO  Size (Code + RO Data)                39564 (  38.64kB)
    Total RW  Size (RW Data + ZI Data)             16896 (  16.50kB)
    Total ROM Size (Code + RO Data + RW Data)      39752 (  38.82kB)

==============================================================================

