ARM Linker, 4.1 [Build 561] [Standard]

==============================================================================

Section Cross References

    stm32f10x_it.o(i.BusFault_Handler) refers to printf8.o(i.__0printf$8) for __2printf
    stm32f10x_it.o(i.BusFault_Handler) refers to hard_init.o(i.delay_ms) for delay_ms
    stm32f10x_it.o(i.BusFault_Handler) refers to stm32f10x_it.o(i.NVIC_SystemReset) for NVIC_SystemReset
    stm32f10x_it.o(i.EXTI0_IRQHandler) refers to hard_init.o(i.delay_ms) for delay_ms
    stm32f10x_it.o(i.EXTI0_IRQHandler) refers to stm32f10x_exti.o(i.EXTI_GetITStatus) for EXTI_GetITStatus
    stm32f10x_it.o(i.EXTI0_IRQHandler) refers to stm32f10x_exti.o(i.EXTI_ClearITPendingBit) for EXTI_ClearITPendingBit
    stm32f10x_it.o(i.EXTI0_IRQHandler) refers to printf8.o(i.__0printf$8) for __2printf
    stm32f10x_it.o(i.EXTI0_IRQHandler) refers to stm32f10x_it.o(.data) for button_push_down
    stm32f10x_it.o(i.EXTI1_IRQHandler) refers to stm32f10x_exti.o(i.EXTI_GetITStatus) for EXTI_GetITStatus
    stm32f10x_it.o(i.EXTI1_IRQHandler) refers to stm32f10x_exti.o(i.EXTI_ClearITPendingBit) for EXTI_ClearITPendingBit
    stm32f10x_it.o(i.EXTI1_IRQHandler) refers to printf8.o(i.__0printf$8) for __2printf
    stm32f10x_it.o(i.EXTI3_IRQHandler) refers to stm32f10x_exti.o(i.EXTI_GetITStatus) for EXTI_GetITStatus
    stm32f10x_it.o(i.EXTI3_IRQHandler) refers to stm32f10x_exti.o(i.EXTI_ClearITPendingBit) for EXTI_ClearITPendingBit
    stm32f10x_it.o(i.EXTI3_IRQHandler) refers to printf8.o(i.__0printf$8) for __2printf
    stm32f10x_it.o(i.EXTI9_5_IRQHandler) refers to stm32f10x_exti.o(i.EXTI_GetITStatus) for EXTI_GetITStatus
    stm32f10x_it.o(i.EXTI9_5_IRQHandler) refers to stm32f10x_exti.o(i.EXTI_ClearITPendingBit) for EXTI_ClearITPendingBit
    stm32f10x_it.o(i.EXTI9_5_IRQHandler) refers to stm32f10x_it.o(.data) for blueToothCounter
    stm32f10x_it.o(i.HardFault_Handler) refers to printf8.o(i.__0printf$8) for __2printf
    stm32f10x_it.o(i.HardFault_Handler) refers to hard_init.o(i.delay_ms) for delay_ms
    stm32f10x_it.o(i.HardFault_Handler) refers to stm32f10x_it.o(i.NVIC_SystemReset) for NVIC_SystemReset
    stm32f10x_it.o(i.MemManage_Handler) refers to printf8.o(i.__0printf$8) for __2printf
    stm32f10x_it.o(i.MemManage_Handler) refers to hard_init.o(i.delay_ms) for delay_ms
    stm32f10x_it.o(i.MemManage_Handler) refers to stm32f10x_it.o(i.NVIC_SystemReset) for NVIC_SystemReset
    stm32f10x_it.o(i.NMI_Handler) refers to printf8.o(i.__0printf$8) for __2printf
    stm32f10x_it.o(i.NMI_Handler) refers to hard_init.o(i.delay_ms) for delay_ms
    stm32f10x_it.o(i.NMI_Handler) refers to stm32f10x_it.o(i.NVIC_SystemReset) for NVIC_SystemReset
    stm32f10x_it.o(i.PRINTF_DEBUGMon_Handler) refers to printf8.o(i.__0printf$8) for __2printf
    stm32f10x_it.o(i.PRINTF_DEBUGMon_Handler) refers to hard_init.o(i.delay_ms) for delay_ms
    stm32f10x_it.o(i.PRINTF_DEBUGMon_Handler) refers to stm32f10x_it.o(i.NVIC_SystemReset) for NVIC_SystemReset
    stm32f10x_it.o(i.PendSV_Handler) refers to printf8.o(i.__0printf$8) for __2printf
    stm32f10x_it.o(i.PendSV_Handler) refers to hard_init.o(i.delay_ms) for delay_ms
    stm32f10x_it.o(i.PendSV_Handler) refers to stm32f10x_it.o(i.NVIC_SystemReset) for NVIC_SystemReset
    stm32f10x_it.o(i.RTCAlarm_IRQHandler) refers to stm32f10x_rtc.o(i.RTC_GetITStatus) for RTC_GetITStatus
    stm32f10x_it.o(i.RTCAlarm_IRQHandler) refers to stm32f10x_exti.o(i.EXTI_ClearITPendingBit) for EXTI_ClearITPendingBit
    stm32f10x_it.o(i.RTCAlarm_IRQHandler) refers to stm32f10x_rtc.o(i.RTC_WaitForLastTask) for RTC_WaitForLastTask
    stm32f10x_it.o(i.RTCAlarm_IRQHandler) refers to stm32f10x_rtc.o(i.RTC_ClearITPendingBit) for RTC_ClearITPendingBit
    stm32f10x_it.o(i.RTC_IRQHandler) refers to stm32f10x_rtc.o(i.RTC_GetITStatus) for RTC_GetITStatus
    stm32f10x_it.o(i.RTC_IRQHandler) refers to stm32f10x_rtc.o(i.RTC_ClearITPendingBit) for RTC_ClearITPendingBit
    stm32f10x_it.o(i.RTC_IRQHandler) refers to sanydata.o(i.rtc) for rtc
    stm32f10x_it.o(i.RTC_IRQHandler) refers to stm32f10x_rtc.o(i.RTC_WaitForLastTask) for RTC_WaitForLastTask
    stm32f10x_it.o(i.RTC_IRQHandler) refers to stm32f10x_rtc.o(i.RTC_GetCounter) for RTC_GetCounter
    stm32f10x_it.o(i.RTC_IRQHandler) refers to stm32f10x_rtc.o(i.RTC_SetCounter) for RTC_SetCounter
    stm32f10x_it.o(i.SVC_Handler) refers to printf8.o(i.__0printf$8) for __2printf
    stm32f10x_it.o(i.SVC_Handler) refers to hard_init.o(i.delay_ms) for delay_ms
    stm32f10x_it.o(i.SVC_Handler) refers to stm32f10x_it.o(i.NVIC_SystemReset) for NVIC_SystemReset
    stm32f10x_it.o(i.TIM2_IRQHandler) refers to stm32f10x_tim.o(i.TIM_GetITStatus) for TIM_GetITStatus
    stm32f10x_it.o(i.TIM2_IRQHandler) refers to stm32f10x_tim.o(i.TIM_ClearITPendingBit) for TIM_ClearITPendingBit
    stm32f10x_it.o(i.TIM2_IRQHandler) refers to stm32f10x_tim.o(i.TIM_Cmd) for TIM_Cmd
[...]
    ../../scanf.c                            0x00000000   Number         0  _strtoul.o ABSOLUTE
    ..\Libraries\CMSIS\CM3\CoreSupport\core_cm3.c 0x00000000   Number         0  core_cm3.o ABSOLUTE
    ..\Libraries\CMSIS\CM3\DeviceSupport\ST\STM32F10x\startup\arm\startup_stm32f10x_hd.s 0x00000000   Number         0  startup_stm32f10x_hd.o ABSOLUTE
    ..\Libraries\CMSIS\system_stm32f10x.c    0x00000000   Number         0  system_stm32f10x.o ABSOLUTE
    ..\Libraries\STM32F10x_StdPeriph_Driver\src\misc.c 0x00000000   Number         0  misc.o ABSOLUTE
    ..\Libraries\STM32F10x_StdPeriph_Driver\src\stm32f10x_adc.c 0x00000000   Number         0  stm32f10x_adc.o ABSOLUTE
    ..\Libraries\STM32F10x_StdPeriph_Driver\src\stm32f10x_bkp.c 0x00000000   Number         0  stm32f10x_bkp.o ABSOLUTE
    ..\Libraries\STM32F10x_StdPeriph_Driver\src\stm32f10x_can.c 0x00000000   Number         0  stm32f10x_can.o ABSOLUTE
    ..\Libraries\STM32F10x_StdPeriph_Driver\src\stm32f10x_cec.c 0x00000000   Number         0  stm32f10x_cec.o ABSOLUTE
    ..\Libraries\STM32F10x_StdPeriph_Driver\src\stm32f10x_crc.c 0x00000000   Number         0  stm32f10x_crc.o ABSOLUTE
    ..\Libraries\STM32F10x_StdPeriph_Driver\src\stm32f10x_dac.c 0x00000000   Number         0  stm32f10x_dac.o ABSOLUTE
    ..\Libraries\STM32F10x_StdPeriph_Driver\src\stm32f10x_dbgmcu.c 0x00000000   Number         0  stm32f10x_dbgmcu.o ABSOLUTE
    ..\Libraries\STM32F10x_StdPeriph_Driver\src\stm32f10x_dma.c 0x00000000   Number         0  stm32f10x_dma.o ABSOLUTE
    ..\Libraries\STM32F10x_StdPeriph_Driver\src\stm32f10x_exti.c 0x00000000   Number         0  stm32f10x_exti.o ABSOLUTE
    ..\Libraries\STM32F10x_StdPeriph_Driver\src\stm32f10x_flash.c 0x00000000   Number         0  stm32f10x_flash.o ABSOLUTE
    ..\Libraries\STM32F10x_StdPeriph_Driver\src\stm32f10x_fsmc.c 0x00000000   Number         0  stm32f10x_fsmc.o ABSOLUTE
    ..\Libraries\STM32F10x_StdPeriph_Driver\src\stm32f10x_gpio.c 0x00000000   Number         0  stm32f10x_gpio.o ABSOLUTE
    ..\Libraries\STM32F10x_StdPeriph_Driver\src\stm32f10x_i2c.c 0x00000000   Number         0  stm32f10x_i2c.o ABSOLUTE
    ..\Libraries\STM32F10x_StdPeriph_Driver\src\stm32f10x_iwdg.c 0x00000000   Number         0  stm32f10x_iwdg.o ABSOLUTE
    ..\Libraries\STM32F10x_StdPeriph_Driver\src\stm32f10x_pwr.c 0x00000000   Number         0  stm32f10x_pwr.o ABSOLUTE
    ..\Libraries\STM32F10x_StdPeriph_Driver\src\stm32f10x_rcc.c 0x00000000   Number         0  stm32f10x_rcc.o ABSOLUTE
    ..\Libraries\STM32F10x_StdPeriph_Driver\src\stm32f10x_rtc.c 0x00000000   Number         0  stm32f10x_rtc.o ABSOLUTE
    ..\Libraries\STM32F10x_StdPeriph_Driver\src\stm32f10x_sdio.c 0x00000000   Number         0  stm32f10x_sdio.o ABSOLUTE
    ..\Libraries\STM32F10x_StdPeriph_Driver\src\stm32f10x_spi.c 0x00000000   Number         0  stm32f10x_spi.o ABSOLUTE
    ..\Libraries\STM32F10x_StdPeriph_Driver\src\stm32f10x_tim.c 0x00000000   Number         0  stm32f10x_tim.o ABSOLUTE
    ..\Libraries\STM32F10x_StdPeriph_Driver\src\stm32f10x_usart.c 0x00000000   Number         0  stm32f10x_usart.o ABSOLUTE
    ..\Libraries\STM32F10x_StdPeriph_Driver\src\stm32f10x_wwdg.c 0x00000000   Number         0  stm32f10x_wwdg.o ABSOLUTE
    ..\\Libraries\\CMSIS\\CM3\\CoreSupport\\core_cm3.c 0x00000000   Number         0  core_cm3.o ABSOLUTE
    cdrcmple.s                               0x00000000   Number         0  cdrcmple.o ABSOLUTE
    dc.s                                     0x00000000   Number         0  dc.o ABSOLUTE
    handlers.s                               0x00000000   Number         0  handlers.o ABSOLUTE
    init.s                                   0x00000000   Number         0  init.o ABSOLUTE
    src\OBD.c                                0x00000000   Number         0  obd.o ABSOLUTE
    src\at45db161d.c                         0x00000000   Number         0  at45db161d.o ABSOLUTE
    src\blueTooth.c                          0x00000000   Number         0  bluetooth.o ABSOLUTE
    src\crc.c                                0x00000000   Number         0  crc.o ABSOLUTE
    src\fifo.c                               0x00000000   Number         0  fifo.o ABSOLUTE
    src\flash.c                              0x00000000   Number         0  flash.o ABSOLUTE
    src\flashFifo.c                          0x00000000   Number         0  flashfifo.o ABSOLUTE
    src\gps.c                                0x00000000   Number         0  gps.o ABSOLUTE
    src\hard_init.c                          0x00000000   Number         0  hard_init.o ABSOLUTE
    src\iap.c                                0x00000000   Number         0  iap.o ABSOLUTE
    src\main.c                               0x00000000   Number         0  main.o ABSOLUTE
    src\mainfunc.c                           0x00000000   Number         0  mainfunc.o ABSOLUTE
    src\rtc.c                                0x00000000   Number         0  rtc.o ABSOLUTE
    src\sanyData.c                           0x00000000   Number         0  sanydata.o ABSOLUTE
    src\sim900.c                             0x00000000   Number         0  sim900.o ABSOLUTE
    src\stm32f10x_it.c                       0x00000000   Number         0  stm32f10x_it.o ABSOLUTE
    src\sysdef.c                             0x00000000   Number         0  sysdef.o ABSOLUTE
    RESET                                    0x08000000   Section      304  startup_stm32f10x_hd.o(RESET)
    .ARM.Collect$$$$00000000                 0x08000130   Section        0  entry.o(.ARM.Collect$$$$00000000)
    .ARM.Collect$$$$00000001                 0x08000130   Section        4  entry2.o(.ARM.Collect$$$$00000001)
    .ARM.Collect$$$$00000004                 0x08000134   Section        4  entry5.o(.ARM.Collect$$$$00000004)
    .ARM.Collect$$$$00000007                 0x08000138   Section        8  entry7.o(.ARM.Collect$$$$00000007)
    .ARM.Collect$$$$00002712                 0x08000140   Section        4  entry2.o(.ARM.Collect$$$$00002712)
    __lit__00000000                          0x08000140   Data           4  entry2.o(.ARM.Collect$$$$00002712)
    .text                                    0x08000144   Section       36  startup_stm32f10x_hd.o(.text)
    .text                                    0x08000168   Section        0  memcpya.o(.text)
    .text                                    0x0800018c   Section        0  memseta.o(.text)
    .text                                    0x080001b2   Section        0  strcat.o(.text)
    .text                                    0x080001ce   Section        0  strstr.o(.text)
    .text                                    0x080001fa   Section        0  strlen.o(.text)
    .text                                    0x0800020a   Section        0  strtol.o(.text)
    .text                                    0x0800027a   Section        0  atoi.o(.text)
    .text                                    0x08000294   Section        0  uldiv.o(.text)
    .text                                    0x080002fc   Section        0  ctype_o.o(.text)
    .text                                    0x08000304   Section        0  _strtoul.o(.text)
    .text                                    0x080003a0   Section       36  init.o(.text)
    .text                                    0x080003c4   Section        0  llshl.o(.text)
    .text                                    0x080003e2   Section        0  llushr.o(.text)
    .text                                    0x08000402   Section        0  _chval.o(.text)
    .text                                    0x08000422   Section        0  __dczerorl2.o(.text)
    i.BKP_DeInit                             0x0800047e   Section        0  stm32f10x_bkp.o(i.BKP_DeInit)
    i.BKP_ReadBackupRegister                 0x08000490   Section        0  stm32f10x_bkp.o(i.BKP_ReadBackupRegister)
    i.BKP_WriteBackupRegister                0x080004a0   Section        0  stm32f10x_bkp.o(i.BKP_WriteBackupRegister)
    i.BusFault_Handler                       0x080004b0   Section        0  stm32f10x_it.o(i.BusFault_Handler)
    i.CAN_ClearITPendingBit                  0x080004dc   Section        0  stm32f10x_can.o(i.CAN_ClearITPendingBit)
    i.CAN_FIFORelease                        0x08000584   Section        0  stm32f10x_can.o(i.CAN_FIFORelease)
    i.CAN_GetITStatus                        0x0800059c   Section        0  stm32f10x_can.o(i.CAN_GetITStatus)
    i.CAN_Receive                            0x080006c4   Section        0  stm32f10x_can.o(i.CAN_Receive)
    i.CAN_Transmit                           0x080007ae   Section        0  stm32f10x_can.o(i.CAN_Transmit)
    i.CheckITStatus                          0x080008d4   Section        0  stm32f10x_can.o(i.CheckITStatus)
    CheckITStatus                            0x080008d5   Thumb Code    16  stm32f10x_can.o(i.CheckITStatus)
    i.EXTI0_IRQHandler                       0x080008e4   Section        0  stm32f10x_it.o(i.EXTI0_IRQHandler)
    i.EXTI1_IRQHandler                       0x0800091c   Section        0  stm32f10x_it.o(i.EXTI1_IRQHandler)
    i.EXTI3_IRQHandler                       0x08000944   Section        0  stm32f10x_it.o(i.EXTI3_IRQHandler)
    i.EXTI9_5_IRQHandler                     0x0800097c   Section        0  stm32f10x_it.o(i.EXTI9_5_IRQHandler)
    i.EXTI_ClearITPendingBit                 0x080009a0   Section        0  stm32f10x_exti.o(i.EXTI_ClearITPendingBit)
    i.EXTI_Configuration                     0x080009ac   Section        0  hard_init.o(i.EXTI_Configuration)
    i.EXTI_GetITStatus                       0x08000a54   Section        0  stm32f10x_exti.o(i.EXTI_GetITStatus)
    i.EXTI_Init                              0x08000a80   Section        0  stm32f10x_exti.o(i.EXTI_Init)
    i.FLASH_ErasePage                        0x08000b2c   Section        0  stm32f10x_flash.o(i.FLASH_ErasePage)
    i.FLASH_GetBank1Status                   0x08000b78   Section        0  stm32f10x_flash.o(i.FLASH_GetBank1Status)
    i.FLASH_Lock                             0x08000bb0   Section        0  stm32f10x_flash.o(i.FLASH_Lock)
    i.FLASH_PrefetchBufferCmd                0x08000bc4   Section        0  stm32f10x_flash.o(i.FLASH_PrefetchBufferCmd)
    i.FLASH_ProgramWord                      0x08000be0   Section        0  stm32f10x_flash.o(i.FLASH_ProgramWord)
    i.FLASH_SetLatency                       0x08000c44   Section        0  stm32f10x_flash.o(i.FLASH_SetLatency)
    i.FLASH_Unlock                           0x08000c5c   Section        0  stm32f10x_flash.o(i.FLASH_Unlock)
    i.FLASH_WaitForLastOperation             0x08000c74   Section        0  stm32f10x_flash.o(i.FLASH_WaitForLastOperation)
    i.GPIO_Configuration                     0x08000c9c   Section        0  hard_init.o(i.GPIO_Configuration)
    i.GPIO_EXTILineConfig                    0x0800104c   Section        0  stm32f10x_gpio.o(i.GPIO_EXTILineConfig)
    i.GPIO_Init                              0x0800108c   Section        0  stm32f10x_gpio.o(i.GPIO_Init)
    i.GPIO_PinRemapConfig                    0x080011a0   Section        0  stm32f10x_gpio.o(i.GPIO_PinRemapConfig)
    i.GPIO_WriteBit                          0x08001230   Section        0  stm32f10x_gpio.o(i.GPIO_WriteBit)
    i.HardFault_Handler                      0x0800123c   Section        0  stm32f10x_it.o(i.HardFault_Handler)
    i.Is_Leap_Year                           0x08001270   Section        0  rtc.o(i.Is_Leap_Year)
    i.MemManage_Handler                      0x080012ac   Section        0  stm32f10x_it.o(i.MemManage_Handler)
    i.NMI_Handler                            0x080012d8   Section        0  stm32f10x_it.o(i.NMI_Handler)
    i.NVIC_Configuration                     0x08001300   Section        0  hard_init.o(i.NVIC_Configuration)
    i.NVIC_Init                              0x08001474   Section        0  misc.o(i.NVIC_Init)
    i.NVIC_PriorityGroupConfig               0x080014f8   Section        0  misc.o(i.NVIC_PriorityGroupConfig)
    i.NVIC_SystemReset                       0x0800150c   Section        0  stm32f10x_it.o(i.NVIC_SystemReset)
    NVIC_SystemReset                         0x0800150d   Thumb Code    34  stm32f10x_it.o(i.NVIC_SystemReset)
    i.PWR_BackupAccessCmd                    0x08001538   Section        0  stm32f10x_pwr.o(i.PWR_BackupAccessCmd)
    i.PendSV_Handler                         0x08001544   Section        0  stm32f10x_it.o(i.PendSV_Handler)
    i.RCC_APB1PeriphClockCmd                 0x08001570   Section        0  stm32f10x_rcc.o(i.RCC_APB1PeriphClockCmd)
    i.RCC_APB2PeriphClockCmd                 0x08001590   Section        0  stm32f10x_rcc.o(i.RCC_APB2PeriphClockCmd)
    i.RCC_BackupResetCmd                     0x080015b0   Section        0  stm32f10x_rcc.o(i.RCC_BackupResetCmd)
    i.RCC_ClearFlag                          0x080015bc   Section        0  stm32f10x_rcc.o(i.RCC_ClearFlag)
    i.RCC_Configuration                      0x080015d0   Section        0  hard_init.o(i.RCC_Configuration)
    i.RCC_DeInit                             0x0800164c   Section        0  stm32f10x_rcc.o(i.RCC_DeInit)
    i.RCC_GetClocksFreq                      0x08001698   Section        0  stm32f10x_rcc.o(i.RCC_GetClocksFreq)
    i.RCC_GetFlagStatus                      0x0800176c   Section        0  stm32f10x_rcc.o(i.RCC_GetFlagStatus)
    i.RCC_GetSYSCLKSource                    0x080017a8   Section        0  stm32f10x_rcc.o(i.RCC_GetSYSCLKSource)
    i.RCC_HCLKConfig                         0x080017b8   Section        0  stm32f10x_rcc.o(i.RCC_HCLKConfig)
    i.RCC_HSICmd                             0x080017d0   Section        0  stm32f10x_rcc.o(i.RCC_HSICmd)
    i.RCC_LSEConfig                          0x080017dc   Section        0  stm32f10x_rcc.o(i.RCC_LSEConfig)
    i.RCC_LSICmd                             0x08001810   Section        0  stm32f10x_rcc.o(i.RCC_LSICmd)
    i.RCC_PCLK1Config                        0x0800181c   Section        0  stm32f10x_rcc.o(i.RCC_PCLK1Config)
    i.RCC_PCLK2Config                        0x08001834   Section        0  stm32f10x_rcc.o(i.RCC_PCLK2Config)
    i.RCC_PLLCmd                             0x0800184c   Section        0  stm32f10x_rcc.o(i.RCC_PLLCmd)
    i.RCC_PLLConfig                          0x08001858   Section        0  stm32f10x_rcc.o(i.RCC_PLLConfig)
    i.RCC_RTCCLKCmd                          0x08001874   Section        0  stm32f10x_rcc.o(i.RCC_RTCCLKCmd)
    i.RCC_RTCCLKConfig                       0x08001880   Section        0  stm32f10x_rcc.o(i.RCC_RTCCLKConfig)
    i.RCC_SYSCLKConfig                       0x08001890   Section        0  stm32f10x_rcc.o(i.RCC_SYSCLKConfig)
    i.RTCAlarm_IRQHandler                    0x080018a8   Section        0  stm32f10x_it.o(i.RTCAlarm_IRQHandler)
    i.RTC_ClearITPendingBit                  0x080018cc   Section        0  stm32f10x_rtc.o(i.RTC_ClearITPendingBit)
    i.RTC_Configuration                      0x080018ec   Section        0  hard_init.o(i.RTC_Configuration)
    i.RTC_EnterConfigMode                    0x0800192c   Section        0  stm32f10x_rtc.o(i.RTC_EnterConfigMode)
    i.RTC_ExitConfigMode                     0x08001944   Section        0  stm32f10x_rtc.o(i.RTC_ExitConfigMode)
    i.RTC_Get                                0x08001960   Section        0  rtc.o(i.RTC_Get)
    i.RTC_GetCounter                         0x08001a78   Section        0  stm32f10x_rtc.o(i.RTC_GetCounter)
    i.RTC_GetITStatus                        0x08001a94   Section        0  stm32f10x_rtc.o(i.RTC_GetITStatus)
    i.RTC_Get_Week                           0x08001ac0   Section        0  rtc.o(i.RTC_Get_Week)
    i.RTC_IRQHandler                         0x08001b38   Section        0  stm32f10x_it.o(i.RTC_IRQHandler)
    i.RTC_ITConfig                           0x08001b6c   Section        0  stm32f10x_rtc.o(i.RTC_ITConfig)
    i.RTC_Set                                0x08001b9c   Section        0  rtc.o(i.RTC_Set)
    i.RTC_SetCounter                         0x08001c5c   Section        0  stm32f10x_rtc.o(i.RTC_SetCounter)
    i.RTC_SetPrescaler                       0x08001c80   Section        0  stm32f10x_rtc.o(i.RTC_SetPrescaler)
    i.RTC_WaitForLastTask                    0x08001ca4   Section        0  stm32f10x_rtc.o(i.RTC_WaitForLastTask)
    i.RTC_WaitForSynchro                     0x08001cb8   Section        0  stm32f10x_rtc.o(i.RTC_WaitForSynchro)
    i.SVC_Handler                            0x08001ce0   Section        0  stm32f10x_it.o(i.SVC_Handler)
    i.Send_AT_And_Wait                       0x08001d08   Section        0  sim900.o(i.Send_AT_And_Wait)
    i.SetSysClock                            0x08001d6c   Section        0  system_stm32f10x.o(i.SetSysClock)
    SetSysClock                              0x08001d6d   Thumb Code     8  system_stm32f10x.o(i.SetSysClock)
    i.SetSysClockTo72                        0x08001d74   Section        0  system_stm32f10x.o(i.SetSysClockTo72)
    SetSysClockTo72                          0x08001d75   Thumb Code   192  system_stm32f10x.o(i.SetSysClockTo72)
    i.SysTick_Handler                        0x08001e3c   Section        0  stm32f10x_it.o(i.SysTick_Handler)
    i.SystemInit                             0x08001e40   Section        0  system_stm32f10x.o(i.SystemInit)
    i.TIM2_IRQHandler                        0x08001ea0   Section        0  stm32f10x_it.o(i.TIM2_IRQHandler)
    i.TIM3_IRQHandler                        0x08001ec8   Section        0  stm32f10x_it.o(i.TIM3_IRQHandler)
    i.TIM_ARRPreloadConfig                   0x08001ee4   Section        0  stm32f10x_tim.o(i.TIM_ARRPreloadConfig)
    i.TIM_ClearITPendingBit                  0x08001efc   Section        0  stm32f10x_tim.o(i.TIM_ClearITPendingBit)
    i.TIM_Cmd                                0x08001f02   Section        0  stm32f10x_tim.o(i.TIM_Cmd)
    i.TIM_Configuration                      0x08001f1c   Section        0  hard_init.o(i.TIM_Configuration)
    i.TIM_GetITStatus                        0x08001f68   Section        0  stm32f10x_tim.o(i.TIM_GetITStatus)
    i.TIM_ITConfig                           0x08001f8a   Section        0  stm32f10x_tim.o(i.TIM_ITConfig)
    i.TIM_TimeBaseInit                       0x08001fa4   Section        0  stm32f10x_tim.o(i.TIM_TimeBaseInit)
    i.UART4_IRQHandler                       0x08002048   Section        0  stm32f10x_it.o(i.UART4_IRQHandler)
    i.UART5_IRQHandler                       0x08002128   Section        0  stm32f10x_it.o(i.UART5_IRQHandler)
    i.USART1_IRQHandler                      0x08002190   Section        0  stm32f10x_it.o(i.USART1_IRQHandler)
    i.USART2_IRQHandler                      0x08002224   Section        0  stm32f10x_it.o(i.USART2_IRQHandler)
    i.USART3_IRQHandler                      0x080022c8   Section        0  stm32f10x_it.o(i.USART3_IRQHandler)
    i.USART_ClearFlag                        0x08002364   Section        0  stm32f10x_usart.o(i.USART_ClearFlag)
    i.USART_Cmd                              0x08002376   Section        0  stm32f10x_usart.o(i.USART_Cmd)
    i.USART_Configuration                    0x08002390   Section        0  hard_init.o(i.USART_Configuration)
    i.USART_GetFlagStatus                    0x08002638   Section        0  stm32f10x_usart.o(i.USART_GetFlagStatus)
    i.USART_GetITStatus                      0x08002652   Section        0  stm32f10x_usart.o(i.USART_GetITStatus)
    i.USART_ITConfig                         0x080026a6   Section        0  stm32f10x_usart.o(i.USART_ITConfig)
    i.USART_Init                             0x080026f0   Section        0  stm32f10x_usart.o(i.USART_Init)
    i.USART_ReceiveData                      0x080027c8   Section        0  stm32f10x_usart.o(i.USART_ReceiveData)
    i.USART_SendData                         0x080027d2   Section        0  stm32f10x_usart.o(i.USART_SendData)
    i.USB_LP_CAN1_RX0_IRQHandler             0x080027dc   Section        0  stm32f10x_it.o(i.USB_LP_CAN1_RX0_IRQHandler)
    i.UsageFault_Handler                     0x080028cc   Section        0  stm32f10x_it.o(i.UsageFault_Handler)
    i.__0printf$8                            0x080028f8   Section        0  printf8.o(i.__0printf$8)
    i.__0sprintf$8                           0x08002918   Section        0  printf8.o(i.__0sprintf$8)
    i.__aeabi_errno_addr                     0x08002940   Section        0  errno.o(i.__aeabi_errno_addr)
    i.__scatterload_copy                     0x08002948   Section       14  handlers.o(i.__scatterload_copy)
    i.__scatterload_null                     0x08002956   Section        2  handlers.o(i.__scatterload_null)
    i.__scatterload_zeroinit                 0x08002958   Section       14  handlers.o(i.__scatterload_zeroinit)
    i._printf_core                           0x08002968   Section        0  printf8.o(i._printf_core)
    _printf_core                             0x08002969   Thumb Code  1064  printf8.o(i._printf_core)
    i._printf_post_padding                   0x08002d90   Section        0  printf8.o(i._printf_post_padding)
    _printf_post_padding                     0x08002d91   Thumb Code    38  printf8.o(i._printf_post_padding)
    i._printf_pre_padding                    0x08002db6   Section        0  printf8.o(i._printf_pre_padding)
    _printf_pre_padding                      0x08002db7   Thumb Code    46  printf8.o(i._printf_pre_padding)
    i._sputc                                 0x08002de4   Section        0  printf8.o(i._sputc)
    _sputc                                   0x08002de5   Thumb Code    10  printf8.o(i._sputc)
    i.checkAckMsg                            0x08002df0   Section        0  sanydata.o(i.checkAckMsg)
    i.checkConnectState                      0x08002e00   Section        0  mainfunc.o(i.checkConnectState)
    i.checkCrc                               0x08002f04   Section        0  sanydata.o(i.checkCrc)
    i.collectAndSend                         0x08002f1c   Section        0  mainfunc.o(i.collectAndSend)
    i.dataSend                               0x080030fc   Section        0  mainfunc.o(i.dataSend)
    i.dealFifoMsg                            0x08003644   Section        0  fifo.o(i.dealFifoMsg)
    i.dealMsg                                0x080036ec   Section        0  fifo.o(i.dealMsg)
    i.delay_ms                               0x08003c34   Section        0  hard_init.o(i.delay_ms)
    i.establishConnect                       0x08003c50   Section        0  mainfunc.o(i.establishConnect)
    i.feedDog                                0x08003f30   Section        0  hard_init.o(i.feedDog)
    i.fifoIsEmpty                            0x08003f40   Section        0  fifo.o(i.fifoIsEmpty)
    i.fillCanBuffer                          0x08003f50   Section        0  sanydata.o(i.fillCanBuffer)
    i.fputc                                  0x080042a8   Section        0  main.o(i.fputc)
    i.getCrc                                 0x080042cc   Section        0  sanydata.o(i.getCrc)
    i.getOutFifoPointer                      0x080042fc   Section        0  fifo.o(i.getOutFifoPointer)
    i.gpsDataIrq                             0x08004328   Section        0  gps.o(i.gpsDataIrq)
    i.hardware_init                          0x08004fe0   Section        0  hard_init.o(i.hardware_init)
    i.lockCan                                0x0800500c   Section        0  sanydata.o(i.lockCan)
    i.main                                   0x0800527c   Section        0  main.o(i.main)
    i.obdTest                                0x080052dc   Section        0  obd.o(i.obdTest)
    i.openUsart1                             0x080053b0   Section        0  hard_init.o(i.openUsart1)
    i.power_sim900                           0x080053f4   Section        0  sim900.o(i.power_sim900)
    i.reConnect                              0x080054f4   Section        0  sanydata.o(i.reConnect)
    i.readFlashCfg                           0x080059dc   Section        0  flash.o(i.readFlashCfg)
    i.readImei                               0x08005b78   Section        0  sim900.o(i.readImei)
    i.read_cellid                            0x08005bfc   Section        0  sim900.o(i.read_cellid)
    i.read_cimi                              0x08005cf4   Section        0  sim900.o(i.read_cimi)
    i.read_csq                               0x08005da0   Section        0  sim900.o(i.read_csq)
    i.reportObd                              0x08005e44   Section        0  mainfunc.o(i.reportObd)
    i.rtc                                    0x08005e80   Section        0  sanydata.o(i.rtc)
    i.rtcConfig                              0x08005f90   Section        0  rtc.o(i.rtcConfig)
    i.rtcTest                                0x080060a0   Section        0  rtc.o(i.rtcTest)
    i.sendData                               0x08006110   Section        0  sanydata.o(i.sendData)
    i.setDataHeader                          0x08006388   Section        0  mainfunc.o(i.setDataHeader)
    i.setNetArgument                         0x080063d0   Section        0  sanydata.o(i.setNetArgument)
    i.setSimApn                              0x080064e0   Section        0  sim900.o(i.setSimApn)
    i.sim900_power_on                        0x0800677c   Section        0  sim900.o(i.sim900_power_on)
    i.str2hex                                0x080067fc   Section        0  mainfunc.o(i.str2hex)
    i.sysErrorHandle                         0x080068a0   Section        0  hard_init.o(i.sysErrorHandle)
    i.unlockCan                              0x08006938   Section        0  sanydata.o(i.unlockCan)
    i.writeFlash                             0x08006a64   Section        0  flash.o(i.writeFlash)
    i.writeFlashCfg                          0x08006a96   Section        0  flash.o(i.writeFlashCfg)
    .constdata                               0x08006ac4   Section       24  rtc.o(.constdata)
    .constdata                               0x08006adc   Section      129  ctype_o.o(.constdata)
    .constdata                               0x08006b60   Section        4  ctype_o.o(.constdata)
    table                                    0x08006b60   Data           4  ctype_o.o(.constdata)
    .data                                    0x20000000   Section       32  sysdef.o(.data)
    .data                                    0x20000020   Section       34  stm32f10x_it.o(.data)
    temp                                     0x20000040   Data           1  stm32f10x_it.o(.data)
    temp                                     0x20000041   Data           1  stm32f10x_it.o(.data)
    .data                                    0x20000042   Section       20  stm32f10x_rcc.o(.data)
    APBAHBPrescTable                         0x20000042   Data          16  stm32f10x_rcc.o(.data)
    ADCPrescTable                            0x20000052   Data           4  stm32f10x_rcc.o(.data)
    .data                                    0x20000058   Section       16  fifo.o(.data)
    charIndex                                0x2000005c   Data           4  fifo.o(.data)
    std                                      0x20000060   Data           1  fifo.o(.data)
    bufferPointer                            0x20000064   Data           4  fifo.o(.data)
    .data                                    0x20000068   Section       60  gps.o(.data)
    .data                                    0x200000a4   Section       28  hard_init.o(.data)
    side                                     0x200000b4   Data           4  hard_init.o(.data)
    dnsFlag                                  0x200000b8   Data           4  hard_init.o(.data)
    .data                                    0x200000c0   Section        1  mainfunc.o(.data)
    socketFlag                               0x200000c0   Data           1  mainfunc.o(.data)
    .data                                    0x200000c4   Section      110  sanydata.o(.data)
    reTryCounter                             0x200000e8   Data           4  sanydata.o(.data)
    msgId                                    0x200000ec   Data           4  sanydata.o(.data)
    netSend                                  0x200000f0   Data          20  sanydata.o(.data)
    regieterCounter                          0x20000104   Data           4  sanydata.o(.data)
    charIndex                                0x20000108   Data           4  sanydata.o(.data)
    tmp1                                     0x2000010c   Data           4  sanydata.o(.data)
    std                                      0x20000110   Data           5  sanydata.o(.data)
    i                                        0x20000118   Data           4  sanydata.o(.data)
    timeCounter                              0x2000011c   Data           4  sanydata.o(.data)
    timer                                    0x20000120   Data           4  sanydata.o(.data)
    powerState                               0x20000124   Data           4  sanydata.o(.data)
    timeOutCounter                           0x20000128   Data           4  sanydata.o(.data)
    .data                                    0x20000134   Section       67  sim900.o(.data)
    apnType                                  0x20000160   Data           4  sim900.o(.data)
    .data                                    0x20000178   Section        2  rtc.o(.data)
    daycnt                                   0x20000178   Data           2  rtc.o(.data)
    .data                                    0x2000017c   Section        4  stdout.o(.data)
    .data                                    0x20000180   Section        4  errno.o(.data)
    _errno                                   0x20000180   Data           4  errno.o(.data)
    .bss                                     0x20000184   Section     3500  sysdef.o(.bss)
    .bss                                     0x20000f30   Section      160  main.o(.bss)
    .bss                                     0x20000fd0   Section     1372  fifo.o(.bss)
    .bss                                     0x2000152c   Section      216  gps.o(.bss)
    .bss                                     0x20001604   Section     1216  mainfunc.o(.bss)
    socketCmd                                0x20001604   Data          40  mainfunc.o(.bss)
    socketState                              0x2000162c   Data          10  mainfunc.o(.bss)
    sendBuf                                  0x20001636   Data        1000  mainfunc.o(.bss)
    sendCmd                                  0x20001a1e   Data          20  mainfunc.o(.bss)
    setSocket                                0x20001a32   Data          20  mainfunc.o(.bss)
    .bss                                     0x20001ac4   Section     2184  sanydata.o(.bss)
    msg                                      0x20001ac4   Data         400  sanydata.o(.bss)
    msg                                      0x20001c54   Data         400  sanydata.o(.bss)
    .bss                                     0x2000234c   Section      356  sim900.o(.bss)
    .bss                                     0x200024b0   Section       10  rtc.o(.bss)
    STACK                                    0x200024c0   Section     1024  startup_stm32f10x_hd.o(STACK)

    Global Symbols

    Symbol Name                              Value     Ov Type        Size  Object(Section)

    BuildAttributes$$THM_ISAv4$P$D$K$B$S$PE$A:L22UL41UL21$X:L11$S22US41US21$IEEE1$IW$USESV6$~STKCKD$USESV7$~SHL$OSPACE$ROPI$EBA8$MICROLIB$REQ8$PRES8$EABIv2 0x00000000   Number         0  anon$$obj.o ABSOLUTE
    __ARM_use_no_argv                        0x00000000   Number         0  main.o ABSOLUTE
    _printf_a                                0x00000000   Number         0  stubs.o ABSOLUTE
    _printf_c                                0x00000000   Number         0  stubs.o ABSOLUTE
    _printf_charcount                        0x00000000   Number         0  stubs.o ABSOLUTE
    _printf_d                                0x00000000   Number         0  stubs.o ABSOLUTE
    _printf_e                                0x00000000   Number         0  stubs.o ABSOLUTE
    _printf_f                                0x00000000   Number         0  stubs.o ABSOLUTE
    _printf_flags                            0x00000000   Number         0  stubs.o ABSOLUTE
    _printf_fp_dec                           0x00000000   Number         0  stubs.o ABSOLUTE
    _printf_fp_hex                           0x00000000   Number         0  stubs.o ABSOLUTE
    _printf_g                                0x00000000   Number         0  stubs.o ABSOLUTE
    _printf_i                                0x00000000   Number         0  stubs.o ABSOLUTE
    _printf_int_dec                          0x00000000   Number         0  stubs.o ABSOLUTE
    _printf_l                                0x00000000   Number         0  stubs.o ABSOLUTE
    _printf_lc                               0x00000000   Number         0  stubs.o ABSOLUTE
    _printf_ll                               0x00000000   Number         0  stubs.o ABSOLUTE
    _printf_lld                              0x00000000   Number         0  stubs.o ABSOLUTE
    _printf_lli                              0x00000000   Number         0  stubs.o ABSOLUTE
    _printf_llo                              0x00000000   Number         0  stubs.o ABSOLUTE
    _printf_llu                              0x00000000   Number         0  stubs.o ABSOLUTE
    _printf_llx                              0x00000000   Number         0  stubs.o ABSOLUTE
    _printf_longlong_dec                     0x00000000   Number         0  stubs.o ABSOLUTE
    _printf_longlong_hex                     0x00000000   Number         0  stubs.o ABSOLUTE
    _printf_longlong_oct                     0x00000000   Number         0  stubs.o ABSOLUTE
    _printf_ls                               0x00000000   Number         0  stubs.o ABSOLUTE
    _printf_mbtowc                           0x00000000   Number         0  stubs.o ABSOLUTE
    _printf_n                                0x00000000   Number         0  stubs.o ABSOLUTE
    _printf_o                                0x00000000   Number         0  stubs.o ABSOLUTE
    _printf_p                                0x00000000   Number         0  stubs.o ABSOLUTE
    _printf_percent                          0x00000000   Number         0  stubs.o ABSOLUTE
    _printf_pre_padding                      0x00000000   Number         0  stubs.o ABSOLUTE
    _printf_return_value                     0x00000000   Number         0  stubs.o ABSOLUTE
    _printf_s                                0x00000000   Number         0  stubs.o ABSOLUTE
    _printf_sizespec                         0x00000000   Number         0  stubs.o ABSOLUTE
    _printf_str                              0x00000000   Number         0  stubs.o ABSOLUTE
    _printf_truncate_signed                  0x00000000   Number         0  stubs.o ABSOLUTE
    _printf_truncate_unsigned                0x00000000   Number         0  stubs.o ABSOLUTE
    _printf_u                                0x00000000   Number         0  stubs.o ABSOLUTE
    _printf_wc                               0x00000000   Number         0  stubs.o ABSOLUTE
    _printf_wctomb                           0x00000000   Number         0  stubs.o ABSOLUTE
    _printf_widthprec                        0x00000000   Number         0  stubs.o ABSOLUTE
    _printf_x                                0x00000000   Number         0  stubs.o ABSOLUTE
    __Vectors_Size                           0x00000130   Number         0  startup_stm32f10x_hd.o ABSOLUTE
    __Vectors                                0x08000000   Data           4  startup_stm32f10x_hd.o(RESET)
    __Vectors_End                            0x08000130   Data           0  startup_stm32f10x_hd.o(RESET)
    __main                                   0x08000131   Thumb Code     0  entry.o(.ARM.Collect$$$$00000000)
    _main_stk                                0x08000131   Thumb Code     0  entry2.o(.ARM.Collect$$$$00000001)
    _main_scatterload                        0x08000135   Thumb Code     0  entry5.o(.ARM.Collect$$$$00000004)
    __main_after_scatterload                 0x08000139   Thumb Code     0  entry5.o(.ARM.Collect$$$$00000004)
    _main_init                               0x08000139   Thumb Code     0  entry7.o(.ARM.Collect$$$$00000007)
    Reset_Handler                            0x08000145   Thumb Code     8  startup_stm32f10x_hd.o(.text)
    DebugMon_Handler                         0x08000159   Thumb Code     2  startup_stm32f10x_hd.o(.text)
    ADC1_2_IRQHandler                        0x0800015f   Thumb Code     0  startup_stm32f10x_hd.o(.text)
    ADC3_IRQHandler                          0x0800015f   Thumb Code     0  startup_stm32f10x_hd.o(.text)
    CAN1_RX1_IRQHandler                      0x0800015f   Thumb Code     0  startup_stm32f10x_hd.o(.text)
    CAN1_SCE_IRQHandler                      0x0800015f   Thumb Code     0  startup_stm32f10x_hd.o(.text)
    DMA1_Channel1_IRQHandler                 0x0800015f   Thumb Code     0  startup_stm32f10x_hd.o(.text)
    DMA1_Channel2_IRQHandler                 0x0800015f   Thumb Code     0  startup_stm32f10x_hd.o(.text)
    DMA1_Channel3_IRQHandler                 0x0800015f   Thumb Code     0  startup_stm32f10x_hd.o(.text)
    DMA1_Channel4_IRQHandler                 0x0800015f   Thumb Code     0  startup_stm32f10x_hd.o(.text)
    DMA1_Channel5_IRQHandler                 0x0800015f   Thumb Code     0  startup_stm32f10x_hd.o(.text)
    DMA1_Channel6_IRQHandler                 0x0800015f   Thumb Code     0  startup_stm32f10x_hd.o(.text)
    DMA1_Channel7_IRQHandler                 0x0800015f   Thumb Code     0  startup_stm32f10x_hd.o(.text)
    DMA2_Channel1_IRQHandler                 0x0800015f   Thumb Code     0  startup_stm32f10x_hd.o(.text)
    DMA2_Channel2_IRQHandler                 0x0800015f   Thumb Code     0  startup_stm32f10x_hd.o(.text)
    DMA2_Channel3_IRQHandler                 0x0800015f   Thumb Code     0  startup_stm32f10x_hd.o(.text)
    DMA2_Channel4_5_IRQHandler               0x0800015f   Thumb Code     0  startup_stm32f10x_hd.o(.text)
    EXTI15_10_IRQHandler                     0x0800015f   Thumb Code     0  startup_stm32f10x_hd.o(.text)
    EXTI2_IRQHandler                         0x0800015f   Thumb Code     0  startup_stm32f10x_hd.o(.text)
    EXTI4_IRQHandler                         0x0800015f   Thumb Code     0  startup_stm32f10x_hd.o(.text)
    FLASH_IRQHandler                         0x0800015f   Thumb Code     0  startup_stm32f10x_hd.o(.text)
    FSMC_IRQHandler                          0x0800015f   Thumb Code     0  startup_stm32f10x_hd.o(.text)
    I2C1_ER_IRQHandler                       0x0800015f   Thumb Code     0  startup_stm32f10x_hd.o(.text)
    I2C1_EV_IRQHandler                       0x0800015f   Thumb Code     0  startup_stm32f10x_hd.o(.text)
    I2C2_ER_IRQHandler                       0x0800015f   Thumb Code     0  startup_stm32f10x_hd.o(.text)
    I2C2_EV_IRQHandler                       0x0800015f   Thumb Code     0  startup_stm32f10x_hd.o(.text)
    PVD_IRQHandler                           0x0800015f   Thumb Code     0  startup_stm32f10x_hd.o(.text)
    RCC_IRQHandler                           0x0800015f   Thumb Code     0  startup_stm32f10x_hd.o(.text)
    SDIO_IRQHandler                          0x0800015f   Thumb Code     0  startup_stm32f10x_hd.o(.text)
    SPI1_IRQHandler                          0x0800015f   Thumb Code     0  startup_stm32f10x_hd.o(.text)
    SPI2_IRQHandler                          0x0800015f   Thumb Code     0  startup_stm32f10x_hd.o(.text)
    SPI3_IRQHandler                          0x0800015f   Thumb Code     0  startup_stm32f10x_hd.o(.text)
    TAMPER_IRQHandler                        0x0800015f   Thumb Code     0  startup_stm32f10x_hd.o(.text)
    TIM1_BRK_IRQHandler                      0x0800015f   Thumb Code     0  startup_stm32f10x_hd.o(.text)
    TIM1_CC_IRQHandler                       0x0800015f   Thumb Code     0  startup_stm32f10x_hd.o(.text)
    TIM1_TRG_COM_IRQHandler                  0x0800015f   Thumb Code     0  startup_stm32f10x_hd.o(.text)
    TIM1_UP_IRQHandler                       0x0800015f   Thumb Code     0  startup_stm32f10x_hd.o(.text)
    TIM4_IRQHandler                          0x0800015f   Thumb Code     0  startup_stm32f10x_hd.o(.text)
    TIM5_IRQHandler                          0x0800015f   Thumb Code     0  startup_stm32f10x_hd.o(.text)
    TIM6_IRQHandler                          0x0800015f   Thumb Code     0  startup_stm32f10x_hd.o(.text)
    TIM7_IRQHandler                          0x0800015f   Thumb Code     0  startup_stm32f10x_hd.o(.text)
    TIM8_BRK_IRQHandler                      0x0800015f   Thumb Code     0  startup_stm32f10x_hd.o(.text)
    TIM8_CC_IRQHandler                       0x0800015f   Thumb Code     0  startup_stm32f10x_hd.o(.text)
    TIM8_TRG_COM_IRQHandler                  0x0800015f   Thumb Code     0  startup_stm32f10x_hd.o(.text)
    TIM8_UP_IRQHandler                       0x0800015f   Thumb Code     0  startup_stm32f10x_hd.o(.text)
    USBWakeUp_IRQHandler                     0x0800015f   Thumb Code     0  startup_stm32f10x_hd.o(.text)
    USB_HP_CAN1_TX_IRQHandler                0x0800015f   Thumb Code     0  startup_stm32f10x_hd.o(.text)
    WWDG_IRQHandler                          0x0800015f   Thumb Code     0  startup_stm32f10x_hd.o(.text)
    __aeabi_memcpy                           0x08000169   Thumb Code    36  memcpya.o(.text)
    __aeabi_memcpy4                          0x08000169   Thumb Code     0  memcpya.o(.text)
    __aeabi_memcpy8                          0x08000169   Thumb Code     0  memcpya.o(.text)
    __aeabi_memset                           0x0800018d   Thumb Code    14  memseta.o(.text)
    __aeabi_memset4                          0x0800018d   Thumb Code     0  memseta.o(.text)
    __aeabi_memset8                          0x0800018d   Thumb Code     0  memseta.o(.text)
    __aeabi_memclr                           0x0800019b   Thumb Code     4  memseta.o(.text)
    __aeabi_memclr4                          0x0800019b   Thumb Code     0  memseta.o(.text)
    __aeabi_memclr8                          0x0800019b   Thumb Code     0  memseta.o(.text)
    _memset$wrapper                          0x0800019f   Thumb Code    20  memseta.o(.text)
    strcat                                   0x080001b3   Thumb Code    28  strcat.o(.text)
    strstr                                   0x080001cf   Thumb Code    44  strstr.o(.text)
    strlen                                   0x080001fb   Thumb Code    16  strlen.o(.text)
    strtol                                   0x0800020b   Thumb Code   112  strtol.o(.text)
    atoi                                     0x0800027b   Thumb Code    26  atoi.o(.text)
    __aeabi_uldivmod                         0x08000295   Thumb Code   102  uldiv.o(.text)
    __rt_ctype_table                         0x080002fd   Thumb Code     4  ctype_o.o(.text)
    _strtoul                                 0x08000305   Thumb Code   156  _strtoul.o(.text)
    __scatterload                            0x080003a1   Thumb Code    28  init.o(.text)
    __scatterload_rt2                        0x080003a1   Thumb Code     0  init.o(.text)
    __aeabi_llsl                             0x080003c5   Thumb Code    30  llshl.o(.text)
    _ll_shift_l                              0x080003c5   Thumb Code     0  llshl.o(.text)
    __aeabi_llsr                             0x080003e3   Thumb Code    32  llushr.o(.text)
    _ll_ushift_r                             0x080003e3   Thumb Code     0  llushr.o(.text)
    _chval                                   0x08000403   Thumb Code    32  _chval.o(.text)
    __decompress                             0x08000423   Thumb Code     0  __dczerorl2.o(.text)
    __decompress1                            0x08000423   Thumb Code    92  __dczerorl2.o(.text)
    BKP_DeInit                               0x0800047f   Thumb Code    16  stm32f10x_bkp.o(i.BKP_DeInit)
    BKP_ReadBackupRegister                   0x08000491   Thumb Code    12  stm32f10x_bkp.o(i.BKP_ReadBackupRegister)
    BKP_WriteBackupRegister                  0x080004a1   Thumb Code    10  stm32f10x_bkp.o(i.BKP_WriteBackupRegister)
    BusFault_Handler                         0x080004b1   Thumb Code    26  stm32f10x_it.o(i.BusFault_Handler)
    CAN_ClearITPendingBit                    0x080004dd   Thumb Code   162  stm32f10x_can.o(i.CAN_ClearITPendingBit)
    CAN_FIFORelease                          0x08000585   Thumb Code    22  stm32f10x_can.o(i.CAN_FIFORelease)
    CAN_GetITStatus                          0x0800059d   Thumb Code   292  stm32f10x_can.o(i.CAN_GetITStatus)
    CAN_Receive                              0x080006c5   Thumb Code   234  stm32f10x_can.o(i.CAN_Receive)
    CAN_Transmit                             0x080007af   Thumb Code   294  stm32f10x_can.o(i.CAN_Transmit)
    EXTI0_IRQHandler                         0x080008e5   Thumb Code    36  stm32f10x_it.o(i.EXTI0_IRQHandler)
    EXTI1_IRQHandler                         0x0800091d   Thumb Code    24  stm32f10x_it.o(i.EXTI1_IRQHandler)
    EXTI3_IRQHandler                         0x08000945   Thumb Code    24  stm32f10x_it.o(i.EXTI3_IRQHandler)
    EXTI9_5_IRQHandler                       0x0800097d   Thumb Code    32  stm32f10x_it.o(i.EXTI9_5_IRQHandler)
    EXTI_ClearITPendingBit                   0x080009a1   Thumb Code     6  stm32f10x_exti.o(i.EXTI_ClearITPendingBit)
    EXTI_Configuration                       0x080009ad   Thumb Code   168  hard_init.o(i.EXTI_Configuration)
    EXTI_GetITStatus                         0x08000a55   Thumb Code    34  stm32f10x_exti.o(i.EXTI_GetITStatus)
    EXTI_Init                                0x08000a81   Thumb Code   160  stm32f10x_exti.o(i.EXTI_Init)
    FLASH_ErasePage                          0x08000b2d   Thumb Code    72  stm32f10x_flash.o(i.FLASH_ErasePage)
    FLASH_GetBank1Status                     0x08000b79   Thumb Code    50  stm32f10x_flash.o(i.FLASH_GetBank1Status)
    FLASH_Lock                               0x08000bb1   Thumb Code    14  stm32f10x_flash.o(i.FLASH_Lock)
    FLASH_PrefetchBufferCmd                  0x08000bc5   Thumb Code    22  stm32f10x_flash.o(i.FLASH_PrefetchBufferCmd)
    FLASH_ProgramWord                        0x08000be1   Thumb Code    96  stm32f10x_flash.o(i.FLASH_ProgramWord)
    FLASH_SetLatency                         0x08000c45   Thumb Code    18  stm32f10x_flash.o(i.FLASH_SetLatency)
    FLASH_Unlock                             0x08000c5d   Thumb Code    12  stm32f10x_flash.o(i.FLASH_Unlock)
    FLASH_WaitForLastOperation               0x08000c75   Thumb Code    38  stm32f10x_flash.o(i.FLASH_WaitForLastOperation)
    GPIO_Configuration                       0x08000c9d   Thumb Code   926  hard_init.o(i.GPIO_Configuration)
    GPIO_EXTILineConfig                      0x0800104d   Thumb Code    60  stm32f10x_gpio.o(i.GPIO_EXTILineConfig)
    GPIO_Init                                0x0800108d   Thumb Code   274  stm32f10x_gpio.o(i.GPIO_Init)
    GPIO_PinRemapConfig                      0x080011a1   Thumb Code   138  stm32f10x_gpio.o(i.GPIO_PinRemapConfig)
    GPIO_WriteBit                            0x08001231   Thumb Code    10  stm32f10x_gpio.o(i.GPIO_WriteBit)
    HardFault_Handler                        0x0800123d   Thumb Code    26  stm32f10x_it.o(i.HardFault_Handler)
    Is_Leap_Year                             0x08001271   Thumb Code    58  rtc.o(i.Is_Leap_Year)
    MemManage_Handler                        0x080012ad   Thumb Code    26  stm32f10x_it.o(i.MemManage_Handler)
    NMI_Handler                              0x080012d9   Thumb Code    22  stm32f10x_it.o(i.NMI_Handler)
    NVIC_Configuration                       0x08001301   Thumb Code   372  hard_init.o(i.NVIC_Configuration)
    NVIC_Init                                0x08001475   Thumb Code   118  misc.o(i.NVIC_Init)
    NVIC_PriorityGroupConfig                 0x080014f9   Thumb Code    10  misc.o(i.NVIC_PriorityGroupConfig)
    PWR_BackupAccessCmd                      0x08001539   Thumb Code     6  stm32f10x_pwr.o(i.PWR_BackupAccessCmd)
    PendSV_Handler                           0x08001545   Thumb Code    22  stm32f10x_it.o(i.PendSV_Handler)
    RCC_APB1PeriphClockCmd                   0x08001571   Thumb Code    26  stm32f10x_rcc.o(i.RCC_APB1PeriphClockCmd)
    RCC_APB2PeriphClockCmd                   0x08001591   Thumb Code    26  stm32f10x_rcc.o(i.RCC_APB2PeriphClockCmd)
    RCC_BackupResetCmd                       0x080015b1   Thumb Code     6  stm32f10x_rcc.o(i.RCC_BackupResetCmd)
    RCC_ClearFlag                            0x080015bd   Thumb Code    14  stm32f10x_rcc.o(i.RCC_ClearFlag)
    RCC_Configuration                        0x080015d1   Thumb Code   118  hard_init.o(i.RCC_Configuration)
    RCC_DeInit                               0x0800164d   Thumb Code    64  stm32f10x_rcc.o(i.RCC_DeInit)
    RCC_GetClocksFreq                        0x08001699   Thumb Code   192  stm32f10x_rcc.o(i.RCC_GetClocksFreq)
    RCC_GetFlagStatus                        0x0800176d   Thumb Code    56  stm32f10x_rcc.o(i.RCC_GetFlagStatus)
    RCC_GetSYSCLKSource                      0x080017a9   Thumb Code    10  stm32f10x_rcc.o(i.RCC_GetSYSCLKSource)
    RCC_HCLKConfig                           0x080017b9   Thumb Code    18  stm32f10x_rcc.o(i.RCC_HCLKConfig)
    RCC_HSICmd                               0x080017d1   Thumb Code     6  stm32f10x_rcc.o(i.RCC_HSICmd)
    RCC_LSEConfig                            0x080017dd   Thumb Code    44  stm32f10x_rcc.o(i.RCC_LSEConfig)
    RCC_LSICmd                               0x08001811   Thumb Code     6  stm32f10x_rcc.o(i.RCC_LSICmd)
    RCC_PCLK1Config                          0x0800181d   Thumb Code    18  stm32f10x_rcc.o(i.RCC_PCLK1Config)
    RCC_PCLK2Config                          0x08001835   Thumb Code    20  stm32f10x_rcc.o(i.RCC_PCLK2Config)
    RCC_PLLCmd                               0x0800184d   Thumb Code     6  stm32f10x_rcc.o(i.RCC_PLLCmd)
    RCC_PLLConfig                            0x08001859   Thumb Code    24  stm32f10x_rcc.o(i.RCC_PLLConfig)
    RCC_RTCCLKCmd                            0x08001875   Thumb Code     6  stm32f10x_rcc.o(i.RCC_RTCCLKCmd)
    RCC_RTCCLKConfig                         0x08001881   Thumb Code    12  stm32f10x_rcc.o(i.RCC_RTCCLKConfig)
    RCC_SYSCLKConfig                         0x08001891   Thumb Code    18  stm32f10x_rcc.o(i.RCC_SYSCLKConfig)
    RTCAlarm_IRQHandler                      0x080018a9   Thumb Code    34  stm32f10x_it.o(i.RTCAlarm_IRQHandler)
    RTC_ClearITPendingBit                    0x080018cd   Thumb Code    22  stm32f10x_rtc.o(i.RTC_ClearITPendingBit)
    RTC_Configuration                        0x080018ed   Thumb Code    62  hard_init.o(i.RTC_Configuration)
    RTC_EnterConfigMode                      0x0800192d   Thumb Code    16  stm32f10x_rtc.o(i.RTC_EnterConfigMode)
    RTC_ExitConfigMode                       0x08001945   Thumb Code    20  stm32f10x_rtc.o(i.RTC_ExitConfigMode)
    RTC_Get                                  0x08001961   Thumb Code   262  rtc.o(i.RTC_Get)
    RTC_GetCounter                           0x08001a79   Thumb Code    18  stm32f10x_rtc.o(i.RTC_GetCounter)
    RTC_GetITStatus                          0x08001a95   Thumb Code    34  stm32f10x_rtc.o(i.RTC_GetITStatus)
    RTC_Get_Week                             0x08001ac1   Thumb Code   114  rtc.o(i.RTC_Get_Week)
    RTC_IRQHandler                           0x08001b39   Thumb Code    46  stm32f10x_it.o(i.RTC_IRQHandler)
    RTC_ITConfig                             0x08001b6d   Thumb Code    40  stm32f10x_rtc.o(i.RTC_ITConfig)
    RTC_Set                                  0x08001b9d   Thumb Code   176  rtc.o(i.RTC_Set)
    RTC_SetCounter                           0x08001c5d   Thumb Code    26  stm32f10x_rtc.o(i.RTC_SetCounter)
    RTC_SetPrescaler                         0x08001c81   Thumb Code    28  stm32f10x_rtc.o(i.RTC_SetPrescaler)
    RTC_WaitForLastTask                      0x08001ca5   Thumb Code    14  stm32f10x_rtc.o(i.RTC_WaitForLastTask)
    RTC_WaitForSynchro                       0x08001cb9   Thumb Code    32  stm32f10x_rtc.o(i.RTC_WaitForSynchro)
    SVC_Handler                              0x08001ce1   Thumb Code    22  stm32f10x_it.o(i.SVC_Handler)
    Send_AT_And_Wait                         0x08001d09   Thumb Code    86  sim900.o(i.Send_AT_And_Wait)
    SysTick_Handler                          0x08001e3d   Thumb Code     2  stm32f10x_it.o(i.SysTick_Handler)
    SystemInit                               0x08001e41   Thumb Code    78  system_stm32f10x.o(i.SystemInit)
    TIM2_IRQHandler                          0x08001ea1   Thumb Code    40  stm32f10x_it.o(i.TIM2_IRQHandler)
    TIM3_IRQHandler                          0x08001ec9   Thumb Code    22  stm32f10x_it.o(i.TIM3_IRQHandler)
    TIM_ARRPreloadConfig                     0x08001ee5   Thumb Code    24  stm32f10x_tim.o(i.TIM_ARRPreloadConfig)
    TIM_ClearITPendingBit                    0x08001efd   Thumb Code     6  stm32f10x_tim.o(i.TIM_ClearITPendingBit)
    TIM_Cmd                                  0x08001f03   Thumb Code    24  stm32f10x_tim.o(i.TIM_Cmd)
    TIM_Configuration                        0x08001f1d   Thumb Code    72  hard_init.o(i.TIM_Configuration)
    TIM_GetITStatus                          0x08001f69   Thumb Code    34  stm32f10x_tim.o(i.TIM_GetITStatus)
    TIM_ITConfig                             0x08001f8b   Thumb Code    24  stm32f10x_tim.o(i.TIM_ITConfig)
    TIM_TimeBaseInit                         0x08001fa5   Thumb Code   122  stm32f10x_tim.o(i.TIM_TimeBaseInit)
    UART4_IRQHandler                         0x08002049   Thumb Code   192  stm32f10x_it.o(i.UART4_IRQHandler)
    UART5_IRQHandler                         0x08002129   Thumb Code    92  stm32f10x_it.o(i.UART5_IRQHandler)
    USART1_IRQHandler                        0x08002191   Thumb Code   128  stm32f10x_it.o(i.USART1_IRQHandler)
    USART2_IRQHandler                        0x08002225   Thumb Code   138  stm32f10x_it.o(i.USART2_IRQHandler)
    USART3_IRQHandler                        0x080022c9   Thumb Code   130  stm32f10x_it.o(i.USART3_IRQHandler)
    USART_ClearFlag                          0x08002365   Thumb Code    18  stm32f10x_usart.o(i.USART_ClearFlag)
    USART_Cmd                                0x08002377   Thumb Code    24  stm32f10x_usart.o(i.USART_Cmd)
    USART_Configuration                      0x08002391   Thumb Code   644  hard_init.o(i.USART_Configuration)
    USART_GetFlagStatus                      0x08002639   Thumb Code    26  stm32f10x_usart.o(i.USART_GetFlagStatus)
    USART_GetITStatus                        0x08002653   Thumb Code    84  stm32f10x_usart.o(i.USART_GetITStatus)
    USART_ITConfig                           0x080026a7   Thumb Code    74  stm32f10x_usart.o(i.USART_ITConfig)
    USART_Init                               0x080026f1   Thumb Code   210  stm32f10x_usart.o(i.USART_Init)
    USART_ReceiveData                        0x080027c9   Thumb Code    10  stm32f10x_usart.o(i.USART_ReceiveData)
    USART_SendData                           0x080027d3   Thumb Code     8  stm32f10x_usart.o(i.USART_SendData)
    USB_LP_CAN1_RX0_IRQHandler               0x080027dd   Thumb Code   172  stm32f10x_it.o(i.USB_LP_CAN1_RX0_IRQHandler)
    UsageFault_Handler                       0x080028cd   Thumb Code    26  stm32f10x_it.o(i.UsageFault_Handler)
    __0printf$8                              0x080028f9   Thumb Code    22  printf8.o(i.__0printf$8)
    __1printf$8                              0x080028f9   Thumb Code     0  printf8.o(i.__0printf$8)
    __2printf                                0x080028f9   Thumb Code     0  printf8.o(i.__0printf$8)
    __0sprintf$8                             0x08002919   Thumb Code    34  printf8.o(i.__0sprintf$8)
    __1sprintf$8                             0x08002919   Thumb Code     0  printf8.o(i.__0sprintf$8)
    __2sprintf                               0x08002919   Thumb Code     0  printf8.o(i.__0sprintf$8)
    __aeabi_errno_addr                       0x08002941   Thumb Code     4  errno.o(i.__aeabi_errno_addr)
    __rt_errno_addr                          0x08002941   Thumb Code     0  errno.o(i.__aeabi_errno_addr)
    __scatterload_copy                       0x08002949   Thumb Code    14  handlers.o(i.__scatterload_copy)
    __scatterload_null                       0x08002957   Thumb Code     2  handlers.o(i.__scatterload_null)
    __scatterload_zeroinit                   0x08002959   Thumb Code    14  handlers.o(i.__scatterload_zeroinit)
    checkAckMsg                              0x08002df1   Thumb Code    10  sanydata.o(i.checkAckMsg)
    checkConnectState                        0x08002e01   Thumb Code   100  mainfunc.o(i.checkConnectState)
    checkCrc                                 0x08002f05   Thumb Code    24  sanydata.o(i.checkCrc)
    collectAndSend                           0x08002f1d   Thumb Code   264  mainfunc.o(i.collectAndSend)
    dataSend                                 0x080030fd   Thumb Code   828  mainfunc.o(i.dataSend)
    dealFifoMsg                              0x08003645   Thumb Code    92  fifo.o(i.dealFifoMsg)
    dealMsg                                  0x080036ed   Thumb Code   724  fifo.o(i.dealMsg)
    delay_ms                                 0x08003c35   Thumb Code    26  hard_init.o(i.delay_ms)
    establishConnect                         0x08003c51   Thumb Code   348  mainfunc.o(i.establishConnect)
    feedDog                                  0x08003f31   Thumb Code    12  hard_init.o(i.feedDog)
    fifoIsEmpty                              0x08003f41   Thumb Code    14  fifo.o(i.fifoIsEmpty)
    fillCanBuffer                            0x08003f51   Thumb Code   754  sanydata.o(i.fillCanBuffer)
    fputc                                    0x080042a9   Thumb Code    32  main.o(i.fputc)
    getCrc                                   0x080042cd   Thumb Code    44  sanydata.o(i.getCrc)
    getOutFifoPointer                        0x080042fd   Thumb Code    42  fifo.o(i.getOutFifoPointer)
    gpsDataIrq                               0x08004329   Thumb Code  3236  gps.o(i.gpsDataIrq)
    hardware_init                            0x08004fe1   Thumb Code    40  hard_init.o(i.hardware_init)
    lockCan                                  0x0800500d   Thumb Code   352  sanydata.o(i.lockCan)
    main                                     0x0800527d   Thumb Code    74  main.o(i.main)
    obdTest                                  0x080052dd   Thumb Code   110  obd.o(i.obdTest)
    openUsart1                               0x080053b1   Thumb Code    62  hard_init.o(i.openUsart1)
    power_sim900                             0x080053f5   Thumb Code   120  sim900.o(i.power_sim900)
    reConnect                                0x080054f5   Thumb Code   670  sanydata.o(i.reConnect)
    readFlashCfg                             0x080059dd   Thumb Code   134  flash.o(i.readFlashCfg)
    readImei                                 0x08005b79   Thumb Code    78  sim900.o(i.readImei)
    read_cellid                              0x08005bfd   Thumb Code   172  sim900.o(i.read_cellid)
    read_cimi                                0x08005cf5   Thumb Code   122  sim900.o(i.read_cimi)
    read_csq                                 0x08005da1   Thumb Code   122  sim900.o(i.read_csq)
    reportObd                                0x08005e45   Thumb Code    52  mainfunc.o(i.reportObd)
    rtc                                      0x08005e81   Thumb Code   268  sanydata.o(i.rtc)
    rtcConfig                                0x08005f91   Thumb Code   204  rtc.o(i.rtcConfig)
    rtcTest                                  0x080060a1   Thumb Code    80  rtc.o(i.rtcTest)
    sendData                                 0x08006111   Thumb Code   366  sanydata.o(i.sendData)
    setDataHeader                            0x08006389   Thumb Code    68  mainfunc.o(i.setDataHeader)
    setNetArgument                           0x080063d1   Thumb Code   242  sanydata.o(i.setNetArgument)
    setSimApn                                0x080064e1   Thumb Code   280  sim900.o(i.setSimApn)
    sim900_power_on                          0x0800677d   Thumb Code    62  sim900.o(i.sim900_power_on)
    str2hex                                  0x080067fd   Thumb Code   128  mainfunc.o(i.str2hex)
    sysErrorHandle                           0x080068a1   Thumb Code   108  hard_init.o(i.sysErrorHandle)
    unlockCan                                0x08006939   Thumb Code   200  sanydata.o(i.unlockCan)
    writeFlash                               0x08006a65   Thumb Code    50  flash.o(i.writeFlash)
    writeFlashCfg                            0x08006a97   Thumb Code    46  flash.o(i.writeFlashCfg)
    table_week                               0x08006ac4   Data          12  rtc.o(.constdata)
    mon_table                                0x08006ad0   Data          12  rtc.o(.constdata)
    __ctype_table                            0x08006adc   Data         129  ctype_o.o(.constdata)
    Region$$Table$$Base                      0x08006b64   Number         0  anon$$obj.o(Region$$Table)
    Region$$Table$$Limit                     0x08006b84   Number         0  anon$$obj.o(Region$$Table)
    USART1_RX_buffer_count                   0x20000000   Data           4  sysdef.o(.data)
    USART2_RX_buffer_count                   0x20000004   Data           4  sysdef.o(.data)
    USART3_RX_buffer_count                   0x20000008   Data           4  sysdef.o(.data)
    UART4_RX_buffer_count                    0x2000000c   Data           4  sysdef.o(.data)
    UART5_RX_buffer_count                    0x20000010   Data           4  sysdef.o(.data)
    ISP_DIRECTION                            0x20000014   Data           4  sysdef.o(.data)
    BLUE_DIRECTION                           0x20000018   Data           4  sysdef.o(.data)
    BLUR_OBD                                 0x2000001c   Data           4  sysdef.o(.data)
    gps_data_value                           0x20000020   Data           4  stm32f10x_it.o(.data)
    USART3_DIRECTION                         0x20000024   Data           4  stm32f10x_it.o(.data)
    callFlag                                 0x20000028   Data           4  stm32f10x_it.o(.data)
    SYSTEM_PC_ERROR                          0x2000002c   Data           4  stm32f10x_it.o(.data)
    button_push_down                         0x20000030   Data           4  stm32f10x_it.o(.data)
    TIMER_COUNTER                            0x20000034   Data           4  stm32f10x_it.o(.data)
    blueToothCounter                         0x20000038   Data           4  stm32f10x_it.o(.data)
    feedDogCounter                           0x2000003c   Data           4  stm32f10x_it.o(.data)
    onlineTimeOutFlag                        0x20000058   Data           4  fifo.o(.data)
    GPSDataType                              0x20000068   Data           4  gps.o(.data)
    GPSDataTypeStrBuff                       0x2000006c   Data           8  gps.o(.data)
    GPSDataTypeStrBuffIndex                  0x20000074   Data           4  gps.o(.data)
    GPSDataStart                             0x20000078   Data           1  gps.o(.data)
    ReciveFlag                               0x2000007c   Data           4  gps.o(.data)
    gps_data_process_temp                    0x20000080   Data           4  gps.o(.data)
    GPS_GGA_DINGWEI_OK                       0x20000084   Data           4  gps.o(.data)
    GPS_SHUJU_OK                             0x20000088   Data           4  gps.o(.data)
    GPS_RMC_DINGWEI_OK                       0x2000008c   Data           4  gps.o(.data)
    satellite_have_signal                    0x20000090   Data           4  gps.o(.data)
    satellite_below_10                       0x20000094   Data           4  gps.o(.data)
    satellite_below_20                       0x20000098   Data           4  gps.o(.data)
    satellite_below_30                       0x2000009c   Data           4  gps.o(.data)
    satellite_below_40                       0x200000a0   Data           4  gps.o(.data)
    debug                                    0x200000a4   Data           4  hard_init.o(.data)
    ERROR_FLAG                               0x200000a8   Data           4  hard_init.o(.data)
    H_MODE_BAK                               0x200000ac   Data           4  hard_init.o(.data)
    CURRENT_TIME                             0x200000b0   Data           4  hard_init.o(.data)
    errorHandleState                         0x200000bc   Data           4  hard_init.o(.data)
    CAN_LOCK_FLAG                            0x200000c4   Data           4  sanydata.o(.data)
    CAN_UN_LOCK_FLAG                         0x200000c8   Data           4  sanydata.o(.data)
    RTC_MODIFY_FLAG                          0x200000cc   Data           4  sanydata.o(.data)
    IPD_FLAG_1                               0x200000d0   Data           2  sanydata.o(.data)
    IPD_FLAG_2                               0x200000d2   Data           2  sanydata.o(.data)
    rxMsgFlag                                0x200000d4   Data           2  sanydata.o(.data)
    rxBufferFlag                             0x200000d6   Data           2  sanydata.o(.data)
    blueToothState                           0x200000d8   Data           4  sanydata.o(.data)
    systemStopState                          0x200000dc   Data           4  sanydata.o(.data)
    canCounter                               0x200000e0   Data           4  sanydata.o(.data)
    canMsgLockType                           0x200000e4   Data           4  sanydata.o(.data)
    rtcData                                  0x2000012c   Data           6  sanydata.o(.data)
    phone                                    0x20000134   Data          44  sim900.o(.data)
    cimi                                     0x20000164   Data           5  sim900.o(.data)
    csq                                      0x20000169   Data           2  sim900.o(.data)
    new_cellid                               0x2000016b   Data           8  sim900.o(.data)
    msgLengthChar                            0x20000173   Data           4  sim900.o(.data)
    __stdout                                 0x2000017c   Data           4  stdout.o(.data)
    USART1_RX_buffer                         0x20000184   Data        1300  sysdef.o(.bss)
    USART2_RX_buffer                         0x20000698   Data        1300  sysdef.o(.bss)
    USART3_RX_buffer                         0x20000bac   Data         300  sysdef.o(.bss)
    UART4_RX_buffer                          0x20000cd8   Data         300  sysdef.o(.bss)
    UART5_RX_buffer                          0x20000e04   Data         300  sysdef.o(.bss)
    sysStateNow                              0x20000f30   Data         160  main.o(.bss)
    fifoNode                                 0x20000fd0   Data        1360  fifo.o(.bss)
    fifoHead                                 0x20001520   Data          12  fifo.o(.bss)
    GPS_RMC_Data                             0x2000152c   Data          50  gps.o(.bss)
    GPS_GGA_Data                             0x20001560   Data          44  gps.o(.bss)
    GPS_GSV_Data                             0x2000158c   Data          56  gps.o(.bss)
    GPS_DATA                                 0x200015c4   Data          64  gps.o(.bss)
    obdHeader                                0x20001a48   Data          20  mainfunc.o(.bss)
    gpsDataReport                            0x20001a5c   Data          36  mainfunc.o(.bss)
    socket                                   0x20001a80   Data          68  mainfunc.o(.bss)
    sanyData                                 0x20001de4   Data          20  sanydata.o(.bss)
    sanyPosData                              0x20001df8   Data          36  sanydata.o(.bss)
    sanyCanBuffer                            0x20001e1c   Data         620  sanydata.o(.bss)
    sanyTxBuffer                             0x20002088   Data         308  sanydata.o(.bss)
    rxBuffer1                                0x200021bc   Data         100  sanydata.o(.bss)
    rxBuffer2                                0x20002220   Data         100  sanydata.o(.bss)
    buffer1                                  0x20002284   Data         100  sanydata.o(.bss)
    buffer2                                  0x200022e8   Data         100  sanydata.o(.bss)
    text                                     0x2000234c   Data         300  sim900.o(.bss)
    simState                                 0x20002478   Data          56  sim900.o(.bss)
    timer                                    0x200024b0   Data          10  rtc.o(.bss)
    __initial_sp                             0x200028c0   Data           0  startup_stm32f10x_hd.o(STACK)



==============================================================================

Memory Map of the image

  Image Entry point : 0x08000131

  Load Region LR_IROM1 (Base: 0x08000000, Size: 0x00006d08, Max: 0x00040000, ABSOLUTE, COMPRESSED[0x00006bcc])

    Execution Region ER_IROM1 (Base: 0x08000000, Size: 0x00006b84, Max: 0x00040000, ABSOLUTE)

    Base Addr    Size         Type   Attr      Idx    E Section Name        Object

    0x08000000   0x00000130   Data   RO         3334    RESET               startup_stm32f10x_hd.o
    0x08000130   0x00000000   Code   RO         4523  * .ARM.Collect$$$$00000000  mc_w.l(entry.o)
    0x08000130   0x00000004   Code   RO         4803    .ARM.Collect$$$$00000001  mc_w.l(entry2.o)
    0x08000134   0x00000004   Code   RO         4806    .ARM.Collect$$$$00000004  mc_w.l(entry5.o)
    0x08000138   0x00000008   Code   RO         4807    .ARM.Collect$$$$00000007  mc_w.l(entry7.o)
    0x08000140   0x00000004   Code   RO         4804    .ARM.Collect$$$$00002712  mc_w.l(entry2.o)
    0x08000144   0x00000024   Code   RO         3335    .text               startup_stm32f10x_hd.o
    0x08000168   0x00000024   Code   RO         4526    .text               mc_w.l(memcpya.o)
    0x0800018c   0x00000026   Code   RO         4528    .text               mc_w.l(memseta.o)
    0x080001b2   0x0000001c   Code   RO         4530    .text               mc_w.l(strcat.o)
    0x080001ce   0x0000002c   Code   RO         4532    .text               mc_w.l(strstr.o)
    0x080001fa   0x00000010   Code   RO         4534    .text               mc_w.l(strlen.o)
    0x0800020a   0x00000070   Code   RO         4799    .text               mc_w.l(strtol.o)
    0x0800027a   0x0000001a   Code   RO         4801    .text               mc_w.l(atoi.o)
    0x08000294   0x00000066   Code   RO         4811    .text               mc_w.l(uldiv.o)
    0x080002fa   0x00000002   PAD
    0x080002fc   0x00000008   Code   RO         4813    .text               mc_w.l(ctype_o.o)
    0x08000304   0x0000009c   Code   RO         4848    .text               mc_w.l(_strtoul.o)
    0x080003a0   0x00000024   Code   RO         4861    .text               mc_w.l(init.o)
    0x080003c4   0x0000001e   Code   RO         4863    .text               mc_w.l(llshl.o)
    0x080003e2   0x00000020   Code   RO         4865    .text               mc_w.l(llushr.o)
    0x08000402   0x00000020   Code   RO         4869    .text               mc_w.l(_chval.o)
    0x08000422   0x0000005c   Code   RO         4881    .text               mc_w.l(__dczerorl2.o)
    0x0800047e   0x00000010   Code   RO         1071    i.BKP_DeInit        stm32f10x_bkp.o
    0x0800048e   0x00000002   PAD
    0x08000490   0x00000010   Code   RO         1076    i.BKP_ReadBackupRegister  stm32f10x_bkp.o
    0x080004a0   0x00000010   Code   RO         1080    i.BKP_WriteBackupRegister  stm32f10x_bkp.o
    0x080004b0   0x0000002c   Code   RO          132    i.BusFault_Handler  stm32f10x_it.o
    0x080004dc   0x000000a8   Code   RO         1149    i.CAN_ClearITPendingBit  stm32f10x_can.o
    0x08000584   0x00000016   Code   RO         1152    i.CAN_FIFORelease   stm32f10x_can.o
    0x0800059a   0x00000002   PAD
    0x0800059c   0x00000128   Code   RO         1155    i.CAN_GetITStatus   stm32f10x_can.o
    0x080006c4   0x000000ea   Code   RO         1159    i.CAN_Receive       stm32f10x_can.o
    0x080007ae   0x00000126   Code   RO         1163    i.CAN_Transmit      stm32f10x_can.o
    0x080008d4   0x00000010   Code   RO         1166    i.CheckITStatus     stm32f10x_can.o
    0x080008e4   0x00000038   Code   RO          133    i.EXTI0_IRQHandler  stm32f10x_it.o
    0x0800091c   0x00000028   Code   RO          134    i.EXTI1_IRQHandler  stm32f10x_it.o
    0x08000944   0x00000038   Code   RO          135    i.EXTI3_IRQHandler  stm32f10x_it.o
    0x0800097c   0x00000024   Code   RO          136    i.EXTI9_5_IRQHandler  stm32f10x_it.o
    0x080009a0   0x0000000c   Code   RO         1594    i.EXTI_ClearITPendingBit  stm32f10x_exti.o
    0x080009ac   0x000000a8   Code   RO         3638    i.EXTI_Configuration  hard_init.o
    0x08000a54   0x0000002c   Code   RO         1598    i.EXTI_GetITStatus  stm32f10x_exti.o
    0x08000a80   0x000000ac   Code   RO         1599    i.EXTI_Init         stm32f10x_exti.o
    0x08000b2c   0x0000004c   Code   RO          361    i.FLASH_ErasePage   stm32f10x_flash.o
    0x08000b78   0x00000038   Code   RO          362    i.FLASH_GetBank1Status  stm32f10x_flash.o
    0x08000bb0   0x00000014   Code   RO          371    i.FLASH_Lock        stm32f10x_flash.o
    0x08000bc4   0x0000001c   Code   RO          373    i.FLASH_PrefetchBufferCmd  stm32f10x_flash.o
    0x08000be0   0x00000064   Code   RO          376    i.FLASH_ProgramWord  stm32f10x_flash.o
    0x08000c44   0x00000018   Code   RO          378    i.FLASH_SetLatency  stm32f10x_flash.o
    0x08000c5c   0x00000018   Code   RO          379    i.FLASH_Unlock      stm32f10x_flash.o
    0x08000c74   0x00000026   Code   RO          383    i.FLASH_WaitForLastOperation  stm32f10x_flash.o
    0x08000c9a   0x00000002   PAD
    0x08000c9c   0x000003b0   Code   RO         3639    i.GPIO_Configuration  hard_init.o
    0x0800104c   0x00000040   Code   RO          533    i.GPIO_EXTILineConfig  stm32f10x_gpio.o
    0x0800108c   0x00000112   Code   RO          536    i.GPIO_Init         stm32f10x_gpio.o
    0x0800119e   0x00000002   PAD
    0x080011a0   0x00000090   Code   RO          538    i.GPIO_PinRemapConfig  stm32f10x_gpio.o
    0x08001230   0x0000000a   Code   RO          547    i.GPIO_WriteBit     stm32f10x_gpio.o
    0x0800123a   0x00000002   PAD
    0x0800123c   0x00000034   Code   RO          137    i.HardFault_Handler  stm32f10x_it.o
    0x08001270   0x0000003a   Code   RO         4277    i.Is_Leap_Year      rtc.o
    0x080012aa   0x00000002   PAD
    0x080012ac   0x0000002c   Code   RO          138    i.MemManage_Handler  stm32f10x_it.o
    0x080012d8   0x00000028   Code   RO          139    i.NMI_Handler       stm32f10x_it.o
    0x08001300   0x00000174   Code   RO         3641    i.NVIC_Configuration  hard_init.o
    0x08001474   0x00000084   Code   RO          320    i.NVIC_Init         misc.o
    0x080014f8   0x00000014   Code   RO          321    i.NVIC_PriorityGroupConfig  misc.o
    0x0800150c   0x0000002c   Code   RO          140    i.NVIC_SystemReset  stm32f10x_it.o
    0x08001538   0x0000000c   Code   RO         2016    i.PWR_BackupAccessCmd  stm32f10x_pwr.o
    0x08001544   0x0000002c   Code   RO          142    i.PendSV_Handler    stm32f10x_it.o
    0x08001570   0x00000020   Code   RO          646    i.RCC_APB1PeriphClockCmd  stm32f10x_rcc.o
    0x08001590   0x00000020   Code   RO          648    i.RCC_APB2PeriphClockCmd  stm32f10x_rcc.o
    0x080015b0   0x0000000c   Code   RO          651    i.RCC_BackupResetCmd  stm32f10x_rcc.o
    0x080015bc   0x00000014   Code   RO          652    i.RCC_ClearFlag     stm32f10x_rcc.o
    0x080015d0   0x0000007c   Code   RO         3643    i.RCC_Configuration  hard_init.o
    0x0800164c   0x0000004c   Code   RO          655    i.RCC_DeInit        stm32f10x_rcc.o
    0x08001698   0x000000d4   Code   RO          656    i.RCC_GetClocksFreq  stm32f10x_rcc.o
    0x0800176c   0x0000003c   Code   RO          657    i.RCC_GetFlagStatus  stm32f10x_rcc.o
    0x080017a8   0x00000010   Code   RO          659    i.RCC_GetSYSCLKSource  stm32f10x_rcc.o
    0x080017b8   0x00000018   Code   RO          660    i.RCC_HCLKConfig    stm32f10x_rcc.o
    0x080017d0   0x0000000c   Code   RO          662    i.RCC_HSICmd        stm32f10x_rcc.o
    0x080017dc   0x00000034   Code   RO          664    i.RCC_LSEConfig     stm32f10x_rcc.o
    0x08001810   0x0000000c   Code   RO          665    i.RCC_LSICmd        stm32f10x_rcc.o
    0x0800181c   0x00000018   Code   RO          667    i.RCC_PCLK1Config   stm32f10x_rcc.o
    0x08001834   0x00000018   Code   RO          668    i.RCC_PCLK2Config   stm32f10x_rcc.o
    0x0800184c   0x0000000c   Code   RO          669    i.RCC_PLLCmd        stm32f10x_rcc.o
    0x08001858   0x0000001c   Code   RO          670    i.RCC_PLLConfig     stm32f10x_rcc.o
    0x08001874   0x0000000c   Code   RO          671    i.RCC_RTCCLKCmd     stm32f10x_rcc.o
    0x08001880   0x00000010   Code   RO          672    i.RCC_RTCCLKConfig  stm32f10x_rcc.o
    0x08001890   0x00000018   Code   RO          673    i.RCC_SYSCLKConfig  stm32f10x_rcc.o
    0x080018a8   0x00000022   Code   RO          143    i.RTCAlarm_IRQHandler  stm32f10x_it.o
    0x080018ca   0x00000002   PAD
    0x080018cc   0x00000020   Code   RO         2077    i.RTC_ClearITPendingBit  stm32f10x_rtc.o
    0x080018ec   0x0000003e   Code   RO         3644    i.RTC_Configuration  hard_init.o
    0x0800192a   0x00000002   PAD
    0x0800192c   0x00000018   Code   RO         2078    i.RTC_EnterConfigMode  stm32f10x_rtc.o
    0x08001944   0x0000001c   Code   RO         2079    i.RTC_ExitConfigMode  stm32f10x_rtc.o
    0x08001960   0x00000118   Code   RO         4278    i.RTC_Get           rtc.o
    0x08001a78   0x0000001c   Code   RO         2080    i.RTC_GetCounter    stm32f10x_rtc.o
    0x08001a94   0x0000002c   Code   RO         2083    i.RTC_GetITStatus   stm32f10x_rtc.o
    0x08001ac0   0x00000078   Code   RO         4279    i.RTC_Get_Week      rtc.o
    0x08001b38   0x00000034   Code   RO          144    i.RTC_IRQHandler    stm32f10x_it.o
    0x08001b6c   0x00000030   Code   RO         2084    i.RTC_ITConfig      stm32f10x_rtc.o
    0x08001b9c   0x000000c0   Code   RO         4280    i.RTC_Set           rtc.o
    0x08001c5c   0x00000024   Code   RO         2086    i.RTC_SetCounter    stm32f10x_rtc.o
    0x08001c80   0x00000024   Code   RO         2087    i.RTC_SetPrescaler  stm32f10x_rtc.o
    0x08001ca4   0x00000014   Code   RO         2088    i.RTC_WaitForLastTask  stm32f10x_rtc.o
    0x08001cb8   0x00000028   Code   RO         2089    i.RTC_WaitForSynchro  stm32f10x_rtc.o
    0x08001ce0   0x00000028   Code   RO          145    i.SVC_Handler       stm32f10x_it.o
    0x08001d08   0x00000064   Code   RO         4137    i.Send_AT_And_Wait  sim900.o
    0x08001d6c   0x00000008   Code   RO         3298    i.SetSysClock       system_stm32f10x.o
    0x08001d74   0x000000c8   Code   RO         3299    i.SetSysClockTo72   system_stm32f10x.o
    0x08001e3c   0x00000002   Code   RO          146    i.SysTick_Handler   stm32f10x_it.o
    0x08001e3e   0x00000002   PAD
    0x08001e40   0x00000060   Code   RO         3301    i.SystemInit        system_stm32f10x.o
    0x08001ea0   0x00000028   Code   RO          147    i.TIM2_IRQHandler   stm32f10x_it.o
    0x08001ec8   0x0000001c   Code   RO          148    i.TIM3_IRQHandler   stm32f10x_it.o
    0x08001ee4   0x00000018   Code   RO         2506    i.TIM_ARRPreloadConfig  stm32f10x_tim.o
    0x08001efc   0x00000006   Code   RO         2513    i.TIM_ClearITPendingBit  stm32f10x_tim.o
    0x08001f02   0x00000018   Code   RO         2518    i.TIM_Cmd           stm32f10x_tim.o
    0x08001f1a   0x00000002   PAD
    0x08001f1c   0x0000004c   Code   RO         3645    i.TIM_Configuration  hard_init.o
    0x08001f68   0x00000022   Code   RO         2539    i.TIM_GetITStatus   stm32f10x_tim.o
    0x08001f8a   0x00000018   Code   RO         2543    i.TIM_ITConfig      stm32f10x_tim.o
    0x08001fa2   0x00000002   PAD
    0x08001fa4   0x000000a4   Code   RO         2589    i.TIM_TimeBaseInit  stm32f10x_tim.o
    0x08002048   0x000000e0   Code   RO          149    i.UART4_IRQHandler  stm32f10x_it.o
    0x08002128   0x00000068   Code   RO          150    i.UART5_IRQHandler  stm32f10x_it.o
    0x08002190   0x00000094   Code   RO          151    i.USART1_IRQHandler  stm32f10x_it.o
    0x08002224   0x000000a4   Code   RO          152    i.USART2_IRQHandler  stm32f10x_it.o
    0x080022c8   0x0000009c   Code   RO          153    i.USART3_IRQHandler  stm32f10x_it.o
    0x08002364   0x00000012   Code   RO         3050    i.USART_ClearFlag   stm32f10x_usart.o
    0x08002376   0x00000018   Code   RO         3054    i.USART_Cmd         stm32f10x_usart.o
    0x0800238e   0x00000002   PAD
    0x08002390   0x000002a8   Code   RO         3646    i.USART_Configuration  hard_init.o
    0x08002638   0x0000001a   Code   RO         3057    i.USART_GetFlagStatus  stm32f10x_usart.o
    0x08002652   0x00000054   Code   RO         3058    i.USART_GetITStatus  stm32f10x_usart.o
    0x080026a6   0x0000004a   Code   RO         3060    i.USART_ITConfig    stm32f10x_usart.o
    0x080026f0   0x000000d8   Code   RO         3061    i.USART_Init        stm32f10x_usart.o
    0x080027c8   0x0000000a   Code   RO         3068    i.USART_ReceiveData  stm32f10x_usart.o
    0x080027d2   0x00000008   Code   RO         3071    i.USART_SendData    stm32f10x_usart.o
    0x080027da   0x00000002   PAD
    0x080027dc   0x000000f0   Code   RO          154    i.USB_LP_CAN1_RX0_IRQHandler  stm32f10x_it.o
    0x080028cc   0x0000002c   Code   RO          155    i.UsageFault_Handler  stm32f10x_it.o
    0x080028f8   0x00000020   Code   RO         4745    i.__0printf$8       mc_w.l(printf8.o)
    0x08002918   0x00000028   Code   RO         4747    i.__0sprintf$8      mc_w.l(printf8.o)
    0x08002940   0x00000008   Code   RO         4841    i.__aeabi_errno_addr  mc_w.l(errno.o)
    0x08002948   0x0000000e   Code   RO         4875    i.__scatterload_copy  mc_w.l(handlers.o)
    0x08002956   0x00000002   Code   RO         4876    i.__scatterload_null  mc_w.l(handlers.o)
    0x08002958   0x0000000e   Code   RO         4877    i.__scatterload_zeroinit  mc_w.l(handlers.o)
    0x08002966   0x00000002   PAD
    0x08002968   0x00000428   Code   RO         4752    i._printf_core      mc_w.l(printf8.o)
    0x08002d90   0x00000026   Code   RO         4753    i._printf_post_padding  mc_w.l(printf8.o)
    0x08002db6   0x0000002e   Code   RO         4754    i._printf_pre_padding  mc_w.l(printf8.o)
    0x08002de4   0x0000000a   Code   RO         4756    i._sputc            mc_w.l(printf8.o)
    0x08002dee   0x00000002   PAD
    0x08002df0   0x00000010   Code   RO         3952    i.checkAckMsg       sanydata.o
    0x08002e00   0x00000104   Code   RO         3843    i.checkConnectState  mainfunc.o
    0x08002f04   0x00000018   Code   RO         3953    i.checkCrc          sanydata.o
    0x08002f1c   0x000001e0   Code   RO         3845    i.collectAndSend    mainfunc.o
    0x080030fc   0x00000548   Code   RO         3846    i.dataSend          mainfunc.o
    0x08003644   0x000000a8   Code   RO         3379    i.dealFifoMsg       fifo.o
    0x080036ec   0x00000548   Code   RO         3380    i.dealMsg           fifo.o
    0x08003c34   0x0000001a   Code   RO         3653    i.delay_ms          hard_init.o
    0x08003c4e   0x00000002   PAD
    0x08003c50   0x000002e0   Code   RO         3847    i.establishConnect  mainfunc.o
    0x08003f30   0x00000010   Code   RO         3654    i.feedDog           hard_init.o
    0x08003f40   0x0000000e   Code   RO         3382    i.fifoIsEmpty       fifo.o
    0x08003f4e   0x00000002   PAD
    0x08003f50   0x00000358   Code   RO         3958    i.fillCanBuffer     sanydata.o
    0x080042a8   0x00000024   Code   RO          293    i.fputc             main.o
    0x080042cc   0x00000030   Code   RO         3960    i.getCrc            sanydata.o
    0x080042fc   0x0000002a   Code   RO         3385    i.getOutFifoPointer  fifo.o
    0x08004326   0x00000002   PAD
    0x08004328   0x00000cb8   Code   RO         3593    i.gpsDataIrq        gps.o
    0x08004fe0   0x0000002c   Code   RO         3655    i.hardware_init     hard_init.o
    0x0800500c   0x00000270   Code   RO         3963    i.lockCan           sanydata.o
    0x0800527c   0x00000060   Code   RO          294    i.main              main.o
    0x080052dc   0x000000d4   Code   RO         3914    i.obdTest           obd.o
    0x080053b0   0x00000044   Code   RO         3657    i.openUsart1        hard_init.o
    0x080053f4   0x00000100   Code   RO         4143    i.power_sim900      sim900.o
    0x080054f4   0x000004e8   Code   RO         3964    i.reConnect         sanydata.o
    0x080059dc   0x0000019c   Code   RO         3469    i.readFlashCfg      flash.o
    0x08005b78   0x00000084   Code   RO         4144    i.readImei          sim900.o
    0x08005bfc   0x000000f8   Code   RO         4145    i.read_cellid       sim900.o
    0x08005cf4   0x000000ac   Code   RO         4146    i.read_cimi         sim900.o
    0x08005da0   0x000000a4   Code   RO         4147    i.read_csq          sim900.o
    0x08005e44   0x0000003c   Code   RO         3848    i.reportObd         mainfunc.o
    0x08005e80   0x00000110   Code   RO         3971    i.rtc               sanydata.o
    0x08005f90   0x00000110   Code   RO         4281    i.rtcConfig         rtc.o
    0x080060a0   0x00000070   Code   RO         4282    i.rtcTest           rtc.o
    0x08006110   0x00000278   Code   RO         3972    i.sendData          sanydata.o
    0x08006388   0x00000048   Code   RO         3850    i.setDataHeader     mainfunc.o
    0x080063d0   0x00000110   Code   RO         3974    i.setNetArgument    sanydata.o
    0x080064e0   0x0000029c   Code   RO         4150    i.setSimApn         sim900.o
    0x0800677c   0x00000080   Code   RO         4155    i.sim900_power_on   sim900.o
    0x080067fc   0x000000a4   Code   RO         3851    i.str2hex           mainfunc.o
    0x080068a0   0x00000098   Code   RO         3667    i.sysErrorHandle    hard_init.o
    0x08006938   0x0000012c   Code   RO         3977    i.unlockCan         sanydata.o
    0x08006a64   0x00000032   Code   RO         3470    i.writeFlash        flash.o
    0x08006a96   0x0000002e   Code   RO         3471    i.writeFlashCfg     flash.o
    0x08006ac4   0x00000018   Data   RO         4284    .constdata          rtc.o
    0x08006adc   0x00000081   Data   RO         4814    .constdata          mc_w.l(ctype_o.o)
    0x08006b5d   0x00000003   PAD
    0x08006b60   0x00000004   Data   RO         4815    .constdata          mc_w.l(ctype_o.o)
    0x08006b64   0x00000020   Data   RO         4873    Region$$Table       anon$$obj.o


    Execution Region RW_IRAM1 (Base: 0x20000000, Size: 0x000028c0, Max: 0x0000c000, ABSOLUTE, COMPRESSED[0x00000048])

    Base Addr    Size         Type   Attr      Idx    E Section Name        Object

    0x20000000   0x00000020   Data   RW            2    .data               sysdef.o
    0x20000020   0x00000022   Data   RW          156    .data               stm32f10x_it.o
    0x20000042   0x00000014   Data   RW          676    .data               stm32f10x_rcc.o
    0x20000056   0x00000002   PAD
    0x20000058   0x00000010   Data   RW         3391    .data               fifo.o
    0x20000068   0x0000003c   Data   RW         3598    .data               gps.o
    0x200000a4   0x0000001c   Data   RW         3671    .data               hard_init.o
    0x200000c0   0x00000001   Data   RW         3853    .data               mainfunc.o
    0x200000c1   0x00000003   PAD
    0x200000c4   0x0000006e   Data   RW         3979    .data               sanydata.o
    0x20000132   0x00000002   PAD
    0x20000134   0x00000043   Data   RW         4159    .data               sim900.o
    0x20000177   0x00000001   PAD
    0x20000178   0x00000002   Data   RW         4285    .data               rtc.o
    0x2000017a   0x00000002   PAD
    0x2000017c   0x00000004   Data   RW         4808    .data               mc_w.l(stdout.o)
    0x20000180   0x00000004   Data   RW         4844    .data               mc_w.l(errno.o)
    0x20000184   0x00000dac   Zero   RW            1    .bss                sysdef.o
    0x20000f30   0x000000a0   Zero   RW          295    .bss                main.o
    0x20000fd0   0x0000055c   Zero   RW         3390    .bss                fifo.o
    0x2000152c   0x000000d8   Zero   RW         3597    .bss                gps.o
    0x20001604   0x000004c0   Zero   RW         3852    .bss                mainfunc.o
    0x20001ac4   0x00000888   Zero   RW         3978    .bss                sanydata.o
    0x2000234c   0x00000164   Zero   RW         4158    .bss                sim900.o
    0x200024b0   0x0000000a   Zero   RW         4283    .bss                rtc.o
    0x200024ba   0x00000006   PAD
    0x200024c0   0x00000400   Zero   RW         3332    STACK               startup_stm32f10x_hd.o


==============================================================================

Image component sizes


      Code (inc. data)   RO Data    RW Data    ZI Data      Debug   Object Name

         0          0          0          0          0         32   core_cm3.o
      1576        704          0         16       1372       3825   fifo.o
       508        278          0          0          0       2428   flash.o
      3256        204          0         60        216       3493   gps.o
      2732        122          0         28          0       7803   hard_init.o
       132         26          0          0        160       5474   main.o
      3124       1336          0          1       1216       6642   mainfunc.o
       152         24          0          0          0       1471   misc.o
       212        102          0          0          0        426   obd.o
      1034        140         24          2         10       4193   rtc.o
      4300       1384          0        110       2184      13911   sanydata.o
      1868        838          0         67        356       5798   sim900.o
        36          8        304          0       1024        824   startup_stm32f10x_hd.o
        48         10          0          0          0       2516   stm32f10x_bkp.o
      1030         10          0          0          0       4501   stm32f10x_can.o
       228         28          0          0          0       2008   stm32f10x_exti.o
       366         44          0          0          0       5703   stm32f10x_flash.o
       492         10          0          0          0       3860   stm32f10x_gpio.o
      1732        416          0         34          0      24960   stm32f10x_it.o
        12          6          0          0          0        482   stm32f10x_pwr.o
       700        128          0         20          0      12228   stm32f10x_rcc.o
       336         86          0          0          0       4852   stm32f10x_rtc.o
       276         42          0          0          0       3937   stm32f10x_tim.o
       460          6          0          0          0       6475   stm32f10x_usart.o
         0          0          0         32       3500     274735   sysdef.o
       304         26          0          0          0       1705   system_stm32f10x.o

    ----------------------------------------------------------------------
     24946       5978        360        380      10044     404282   Object Totals
         0          0         32          0          0          0   (incl. Generated)
        32          0          0         10          6          2   (incl. Padding)

    ----------------------------------------------------------------------

      Code (inc. data)   RO Data    RW Data    ZI Data      Debug   Library Member Name

        92          0          0          0          0          0   __dczerorl2.o
        32          0          0          0          0         68   _chval.o
       156          0          0          0          0         92   _strtoul.o
        26          0          0          0          0         80   atoi.o
         8          4        133          0          0         68   ctype_o.o
         0          0          0          0          0          0   entry.o
         8          4          0          0          0          0   entry2.o
         4          0          0          0          0          0   entry5.o
         8          4          0          0          0          0   entry7.o
         8          4          0          4          0         68   errno.o
        30          0          0          0          0          0   handlers.o
        36          8          0          0          0         68   init.o
        30          0          0          0          0         68   llshl.o
        32          0          0          0          0         68   llushr.o
        36          0          0          0          0         68   memcpya.o
        38          0          0          0          0        108   memseta.o
      1230         60          0          0          0        504   printf8.o
         0          0          0          4          0          0   stdout.o
        28          0          0          0          0         68   strcat.o
        16          0          0          0          0         68   strlen.o
        44          0          0          0          0         80   strstr.o
       112          0          0          0          0         88   strtol.o
       102          0          0          0          0         92   uldiv.o

    ----------------------------------------------------------------------
      2082         84        136          8          0       1656   Library Totals
         6          0          3          0          0          0   (incl. Padding)

    ----------------------------------------------------------------------

      Code (inc. data)   RO Data    RW Data    ZI Data      Debug   Library Name

      2076         84        133          8          0       1656   mc_w.l

    ----------------------------------------------------------------------
      2082         84        136          8          0       1656   Library Totals

    ----------------------------------------------------------------------

==============================================================================


      Code (inc. data)   RO Data    RW Data    ZI Data      Debug   

     27028       6062        496        388      10044     397464   Grand Totals
     27028       6062        496         72      10044     397464   ELF Image Totals (compressed)
     27028       6062        496         72          0          0   ROM Totals

==============================================================================

    Total RO  Size (Code + RO Data)                27524 (  26.88kB)
    Total RW  Size (RW Data + ZI Data)             10432 (  10.19kB)
    Total ROM Size (Code + RO Data + RW Data)      27596 (  26.95kB)

==============================================================================

