ARM Linker, 4.1 [Build 481] [Standard]

==============================================================================

Section Cross References

    stm32f10x_it.o(i.BusFault_Handler) refers to printf8.o(i.__0printf$8) for __2printf
    stm32f10x_it.o(i.BusFault_Handler) refers to hard_init.o(i.delay_ms) for delay_ms
    stm32f10x_it.o(i.BusFault_Handler) refers to stm32f10x_it.o(i.NVIC_SystemReset) for NVIC_SystemReset
    stm32f10x_it.o(i.EXTI0_IRQHandler) refers to hard_init.o(i.delay_ms) for delay_ms
    stm32f10x_it.o(i.EXTI0_IRQHandler) refers to stm32f10x_exti.o(i.EXTI_GetITStatus) for EXTI_GetITStatus
    stm32f10x_it.o(i.EXTI0_IRQHandler) refers to stm32f10x_exti.o(i.EXTI_ClearITPendingBit) for EXTI_ClearITPendingBit
    stm32f10x_it.o(i.EXTI0_IRQHandler) refers to printf8.o(i.__0printf$8) for __2printf
    stm32f10x_it.o(i.EXTI0_IRQHandler) refers to stm32f10x_it.o(.data) for button_push_down
    stm32f10x_it.o(i.EXTI1_IRQHandler) refers to stm32f10x_exti.o(i.EXTI_GetITStatus) for EXTI_GetITStatus
    stm32f10x_it.o(i.EXTI1_IRQHandler) refers to stm32f10x_exti.o(i.EXTI_ClearITPendingBit) for EXTI_ClearITPendingBit
    stm32f10x_it.o(i.EXTI1_IRQHandler) refers to printf8.o(i.__0printf$8) for __2printf
    stm32f10x_it.o(i.EXTI3_IRQHandler) refers to stm32f10x_exti.o(i.EXTI_GetITStatus) for EXTI_GetITStatus
    stm32f10x_it.o(i.EXTI3_IRQHandler) refers to stm32f10x_exti.o(i.EXTI_ClearITPendingBit) for EXTI_ClearITPendingBit
    stm32f10x_it.o(i.EXTI3_IRQHandler) refers to printf8.o(i.__0printf$8) for __2printf
    stm32f10x_it.o(i.HardFault_Handler) refers to printf8.o(i.__0printf$8) for __2printf
    stm32f10x_it.o(i.HardFault_Handler) refers to hard_init.o(i.delay_ms) for delay_ms
    stm32f10x_it.o(i.HardFault_Handler) refers to stm32f10x_it.o(i.NVIC_SystemReset) for NVIC_SystemReset
    stm32f10x_it.o(i.MemManage_Handler) refers to printf8.o(i.__0printf$8) for __2printf
    stm32f10x_it.o(i.MemManage_Handler) refers to hard_init.o(i.delay_ms) for delay_ms
    stm32f10x_it.o(i.MemManage_Handler) refers to stm32f10x_it.o(i.NVIC_SystemReset) for NVIC_SystemReset
    stm32f10x_it.o(i.NMI_Handler) refers to printf8.o(i.__0printf$8) for __2printf
    stm32f10x_it.o(i.NMI_Handler) refers to hard_init.o(i.delay_ms) for delay_ms
    stm32f10x_it.o(i.NMI_Handler) refers to stm32f10x_it.o(i.NVIC_SystemReset) for NVIC_SystemReset
    stm32f10x_it.o(i.PRINTF_DEBUGMon_Handler) refers to printf8.o(i.__0printf$8) for __2printf
    stm32f10x_it.o(i.PRINTF_DEBUGMon_Handler) refers to hard_init.o(i.delay_ms) for delay_ms
    stm32f10x_it.o(i.PRINTF_DEBUGMon_Handler) refers to stm32f10x_it.o(i.NVIC_SystemReset) for NVIC_SystemReset
    stm32f10x_it.o(i.PendSV_Handler) refers to printf8.o(i.__0printf$8) for __2printf
    stm32f10x_it.o(i.PendSV_Handler) refers to hard_init.o(i.delay_ms) for delay_ms
    stm32f10x_it.o(i.PendSV_Handler) refers to stm32f10x_it.o(i.NVIC_SystemReset) for NVIC_SystemReset
    stm32f10x_it.o(i.SVC_Handler) refers to printf8.o(i.__0printf$8) for __2printf
    stm32f10x_it.o(i.SVC_Handler) refers to hard_init.o(i.delay_ms) for delay_ms
    stm32f10x_it.o(i.SVC_Handler) refers to stm32f10x_it.o(i.NVIC_SystemReset) for NVIC_SystemReset
    stm32f10x_it.o(i.TIM3_IRQHandler) refers to stm32f10x_tim.o(i.TIM_GetITStatus) for TIM_GetITStatus
    stm32f10x_it.o(i.TIM3_IRQHandler) refers to stm32f10x_tim.o(i.TIM_ClearITPendingBit) for TIM_ClearITPendingBit
    stm32f10x_it.o(i.TIM3_IRQHandler) refers to stm32f10x_gpio.o(i.GPIO_WriteBit) for GPIO_WriteBit
    stm32f10x_it.o(i.TIM3_IRQHandler) refers to stm32f10x_it.o(.data) for state
    stm32f10x_it.o(i.UART4_IRQHandler) refers to stm32f10x_usart.o(i.USART_GetFlagStatus) for USART_GetFlagStatus
    stm32f10x_it.o(i.UART4_IRQHandler) refers to stm32f10x_usart.o(i.USART_ClearFlag) for USART_ClearFlag
    stm32f10x_it.o(i.UART4_IRQHandler) refers to stm32f10x_usart.o(i.USART_ReceiveData) for USART_ReceiveData
    stm32f10x_it.o(i.UART4_IRQHandler) refers to stm32f10x_usart.o(i.USART_GetITStatus) for USART_GetITStatus
    stm32f10x_it.o(i.UART4_IRQHandler) refers to stm32f10x_usart.o(i.USART_SendData) for USART_SendData
    stm32f10x_it.o(i.UART4_IRQHandler) refers to sysdef.o(.data) for UART4_RX_buffer_count
    stm32f10x_it.o(i.UART4_IRQHandler) refers to sysdef.o(.bss) for UART4_RX_buffer
    stm32f10x_it.o(i.UART5_IRQHandler) refers to stm32f10x_usart.o(i.USART_GetFlagStatus) for USART_GetFlagStatus
    stm32f10x_it.o(i.UART5_IRQHandler) refers to stm32f10x_usart.o(i.USART_ClearFlag) for USART_ClearFlag
    stm32f10x_it.o(i.UART5_IRQHandler) refers to stm32f10x_usart.o(i.USART_ReceiveData) for USART_ReceiveData
    stm32f10x_it.o(i.UART5_IRQHandler) refers to stm32f10x_usart.o(i.USART_GetITStatus) for USART_GetITStatus
    stm32f10x_it.o(i.UART5_IRQHandler) refers to stm32f10x_usart.o(i.USART_SendData) for USART_SendData
    stm32f10x_it.o(i.UART5_IRQHandler) refers to sysdef.o(.data) for ISP_DIRECTION
[...]
    Removing stm32f10x_sdio.o(i.SDIO_ClockCmd), (12 bytes).
    Removing stm32f10x_sdio.o(i.SDIO_CmdStructInit), (14 bytes).
    Removing stm32f10x_sdio.o(i.SDIO_CommandCompletionCmd), (12 bytes).
    Removing stm32f10x_sdio.o(i.SDIO_DMACmd), (12 bytes).
    Removing stm32f10x_sdio.o(i.SDIO_DataConfig), (48 bytes).
    Removing stm32f10x_sdio.o(i.SDIO_DataStructInit), (20 bytes).
    Removing stm32f10x_sdio.o(i.SDIO_DeInit), (36 bytes).
    Removing stm32f10x_sdio.o(i.SDIO_GetCommandResponse), (12 bytes).
    Removing stm32f10x_sdio.o(i.SDIO_GetDataCounter), (12 bytes).
    Removing stm32f10x_sdio.o(i.SDIO_GetFIFOCount), (12 bytes).
    Removing stm32f10x_sdio.o(i.SDIO_GetFlagStatus), (24 bytes).
    Removing stm32f10x_sdio.o(i.SDIO_GetITStatus), (24 bytes).
    Removing stm32f10x_sdio.o(i.SDIO_GetPowerState), (16 bytes).
    Removing stm32f10x_sdio.o(i.SDIO_GetResponse), (16 bytes).
    Removing stm32f10x_sdio.o(i.SDIO_ITConfig), (32 bytes).
    Removing stm32f10x_sdio.o(i.SDIO_Init), (48 bytes).
    Removing stm32f10x_sdio.o(i.SDIO_ReadData), (12 bytes).
    Removing stm32f10x_sdio.o(i.SDIO_SendCEATACmd), (12 bytes).
    Removing stm32f10x_sdio.o(i.SDIO_SendCommand), (44 bytes).
    Removing stm32f10x_sdio.o(i.SDIO_SendSDIOSuspendCmd), (12 bytes).
    Removing stm32f10x_sdio.o(i.SDIO_SetPowerState), (28 bytes).
    Removing stm32f10x_sdio.o(i.SDIO_SetSDIOOperation), (12 bytes).
    Removing stm32f10x_sdio.o(i.SDIO_SetSDIOReadWaitMode), (12 bytes).
    Removing stm32f10x_sdio.o(i.SDIO_StartSDIOReadWait), (12 bytes).
    Removing stm32f10x_sdio.o(i.SDIO_StopSDIOReadWait), (12 bytes).
    Removing stm32f10x_sdio.o(i.SDIO_StructInit), (16 bytes).
    Removing stm32f10x_sdio.o(i.SDIO_WriteData), (12 bytes).
    Removing stm32f10x_spi.o(i.I2S_Cmd), (24 bytes).
    Removing stm32f10x_spi.o(i.I2S_Init), (228 bytes).
    Removing stm32f10x_spi.o(i.I2S_StructInit), (20 bytes).
    Removing stm32f10x_spi.o(i.SPI_BiDirectionalLineConfig), (28 bytes).
    Removing stm32f10x_spi.o(i.SPI_CalculateCRC), (24 bytes).
    Removing stm32f10x_spi.o(i.SPI_Cmd), (24 bytes).
    Removing stm32f10x_spi.o(i.SPI_DataSizeConfig), (18 bytes).
    Removing stm32f10x_spi.o(i.SPI_GetCRC), (16 bytes).
    Removing stm32f10x_spi.o(i.SPI_GetCRCPolynomial), (6 bytes).
    Removing stm32f10x_spi.o(i.SPI_I2S_ClearFlag), (6 bytes).
    Removing stm32f10x_spi.o(i.SPI_I2S_ClearITPendingBit), (20 bytes).
    Removing stm32f10x_spi.o(i.SPI_I2S_DMACmd), (24 bytes).
    Removing stm32f10x_spi.o(i.SPI_I2S_DeInit), (88 bytes).
    Removing stm32f10x_spi.o(i.SPI_I2S_GetFlagStatus), (18 bytes).
    Removing stm32f10x_spi.o(i.SPI_I2S_GetITStatus), (52 bytes).
    Removing stm32f10x_spi.o(i.SPI_I2S_ITConfig), (36 bytes).
    Removing stm32f10x_spi.o(i.SPI_I2S_ReceiveData), (6 bytes).
    Removing stm32f10x_spi.o(i.SPI_I2S_SendData), (4 bytes).
    Removing stm32f10x_spi.o(i.SPI_Init), (60 bytes).
    Removing stm32f10x_spi.o(i.SPI_NSSInternalSoftwareConfig), (30 bytes).
    Removing stm32f10x_spi.o(i.SPI_SSOutputCmd), (24 bytes).
    Removing stm32f10x_spi.o(i.SPI_StructInit), (24 bytes).
    Removing stm32f10x_spi.o(i.SPI_TransmitCRC), (10 bytes).
    Removing stm32f10x_tim.o(i.TI1_Config), (128 bytes).
    Removing stm32f10x_tim.o(i.TI2_Config), (140 bytes).
    Removing stm32f10x_tim.o(i.TI3_Config), (136 bytes).
    Removing stm32f10x_tim.o(i.TI4_Config), (140 bytes).
    Removing stm32f10x_tim.o(i.TIM_BDTRConfig), (32 bytes).
    Removing stm32f10x_tim.o(i.TIM_BDTRStructInit), (18 bytes).
    Removing stm32f10x_tim.o(i.TIM_CCPreloadControl), (24 bytes).
    Removing stm32f10x_tim.o(i.TIM_CCxCmd), (34 bytes).
    Removing stm32f10x_tim.o(i.TIM_CCxNCmd), (34 bytes).
    Removing stm32f10x_tim.o(i.TIM_ClearFlag), (6 bytes).
    Removing stm32f10x_tim.o(i.TIM_ClearOC1Ref), (18 bytes).
    Removing stm32f10x_tim.o(i.TIM_ClearOC2Ref), (20 bytes).
    Removing stm32f10x_tim.o(i.TIM_ClearOC3Ref), (18 bytes).
    Removing stm32f10x_tim.o(i.TIM_ClearOC4Ref), (20 bytes).
    Removing stm32f10x_tim.o(i.TIM_CounterModeConfig), (18 bytes).
    Removing stm32f10x_tim.o(i.TIM_CtrlPWMOutputs), (30 bytes).
    Removing stm32f10x_tim.o(i.TIM_DMACmd), (24 bytes).
    Removing stm32f10x_tim.o(i.TIM_DMAConfig), (10 bytes).
    Removing stm32f10x_tim.o(i.TIM_DeInit), (488 bytes).
    Removing stm32f10x_tim.o(i.TIM_ETRClockMode1Config), (54 bytes).
    Removing stm32f10x_tim.o(i.TIM_ETRClockMode2Config), (32 bytes).
    Removing stm32f10x_tim.o(i.TIM_ETRConfig), (24 bytes).
    Removing stm32f10x_tim.o(i.TIM_EncoderInterfaceConfig), (62 bytes).
    Removing stm32f10x_tim.o(i.TIM_ForcedOC1Config), (18 bytes).
    Removing stm32f10x_tim.o(i.TIM_ForcedOC2Config), (22 bytes).
    Removing stm32f10x_tim.o(i.TIM_ForcedOC3Config), (18 bytes).
    Removing stm32f10x_tim.o(i.TIM_ForcedOC4Config), (22 bytes).
    Removing stm32f10x_tim.o(i.TIM_GenerateEvent), (4 bytes).
    Removing stm32f10x_tim.o(i.TIM_GetCapture1), (6 bytes).
    Removing stm32f10x_tim.o(i.TIM_GetCapture2), (6 bytes).
    Removing stm32f10x_tim.o(i.TIM_GetCapture3), (6 bytes).
    Removing stm32f10x_tim.o(i.TIM_GetCapture4), (8 bytes).
    Removing stm32f10x_tim.o(i.TIM_GetCounter), (6 bytes).
    Removing stm32f10x_tim.o(i.TIM_GetFlagStatus), (18 bytes).
    Removing stm32f10x_tim.o(i.TIM_GetPrescaler), (6 bytes).
    Removing stm32f10x_tim.o(i.TIM_ICInit), (172 bytes).
    Removing stm32f10x_tim.o(i.TIM_ICStructInit), (18 bytes).
    Removing stm32f10x_tim.o(i.TIM_ITRxExternalClockConfig), (24 bytes).
    Removing stm32f10x_tim.o(i.TIM_InternalClockConfig), (12 bytes).
    Removing stm32f10x_tim.o(i.TIM_OC1FastConfig), (18 bytes).
    Removing stm32f10x_tim.o(i.TIM_OC1Init), (152 bytes).
    Removing stm32f10x_tim.o(i.TIM_OC1NPolarityConfig), (18 bytes).
    Removing stm32f10x_tim.o(i.TIM_OC1PolarityConfig), (18 bytes).
    Removing stm32f10x_tim.o(i.TIM_OC1PreloadConfig), (18 bytes).
    Removing stm32f10x_tim.o(i.TIM_OC2FastConfig), (22 bytes).
    Removing stm32f10x_tim.o(i.TIM_OC2Init), (156 bytes).
    Removing stm32f10x_tim.o(i.TIM_OC2NPolarityConfig), (22 bytes).
    Removing stm32f10x_tim.o(i.TIM_OC2PolarityConfig), (22 bytes).
    Removing stm32f10x_tim.o(i.TIM_OC2PreloadConfig), (22 bytes).
    Removing stm32f10x_tim.o(i.TIM_OC3FastConfig), (18 bytes).
    Removing stm32f10x_tim.o(i.TIM_OC3Init), (152 bytes).
    Removing stm32f10x_tim.o(i.TIM_OC3NPolarityConfig), (22 bytes).
    Removing stm32f10x_tim.o(i.TIM_OC3PolarityConfig), (22 bytes).
    Removing stm32f10x_tim.o(i.TIM_OC3PreloadConfig), (18 bytes).
    Removing stm32f10x_tim.o(i.TIM_OC4FastConfig), (22 bytes).
    Removing stm32f10x_tim.o(i.TIM_OC4Init), (116 bytes).
    Removing stm32f10x_tim.o(i.TIM_OC4PolarityConfig), (22 bytes).
    Removing stm32f10x_tim.o(i.TIM_OC4PreloadConfig), (22 bytes).
    Removing stm32f10x_tim.o(i.TIM_OCStructInit), (20 bytes).
    Removing stm32f10x_tim.o(i.TIM_PWMIConfig), (124 bytes).
    Removing stm32f10x_tim.o(i.TIM_PrescalerConfig), (6 bytes).
    Removing stm32f10x_tim.o(i.TIM_SelectCCDMA), (24 bytes).
    Removing stm32f10x_tim.o(i.TIM_SelectCOM), (24 bytes).
    Removing stm32f10x_tim.o(i.TIM_SelectHallSensor), (24 bytes).
    Removing stm32f10x_tim.o(i.TIM_SelectInputTrigger), (18 bytes).
    Removing stm32f10x_tim.o(i.TIM_SelectMasterSlaveMode), (18 bytes).
    Removing stm32f10x_tim.o(i.TIM_SelectOCxM), (82 bytes).
    Removing stm32f10x_tim.o(i.TIM_SelectOnePulseMode), (18 bytes).
    Removing stm32f10x_tim.o(i.TIM_SelectOutputTrigger), (18 bytes).
    Removing stm32f10x_tim.o(i.TIM_SelectSlaveMode), (18 bytes).
    Removing stm32f10x_tim.o(i.TIM_SetAutoreload), (4 bytes).
    Removing stm32f10x_tim.o(i.TIM_SetClockDivision), (18 bytes).
    Removing stm32f10x_tim.o(i.TIM_SetCompare1), (4 bytes).
    Removing stm32f10x_tim.o(i.TIM_SetCompare2), (4 bytes).
    Removing stm32f10x_tim.o(i.TIM_SetCompare3), (4 bytes).
    Removing stm32f10x_tim.o(i.TIM_SetCompare4), (6 bytes).
    Removing stm32f10x_tim.o(i.TIM_SetCounter), (4 bytes).
    Removing stm32f10x_tim.o(i.TIM_SetIC1Prescaler), (18 bytes).
    Removing stm32f10x_tim.o(i.TIM_SetIC2Prescaler), (22 bytes).
    Removing stm32f10x_tim.o(i.TIM_SetIC3Prescaler), (18 bytes).
    Removing stm32f10x_tim.o(i.TIM_SetIC4Prescaler), (22 bytes).
    Removing stm32f10x_tim.o(i.TIM_TIxExternalClockConfig), (62 bytes).
    Removing stm32f10x_tim.o(i.TIM_TimeBaseStructInit), (18 bytes).
    Removing stm32f10x_tim.o(i.TIM_UpdateDisableConfig), (24 bytes).
    Removing stm32f10x_tim.o(i.TIM_UpdateRequestConfig), (24 bytes).
    Removing stm32f10x_usart.o(i.USART_ClearITPendingBit), (30 bytes).
    Removing stm32f10x_usart.o(i.USART_ClockInit), (34 bytes).
    Removing stm32f10x_usart.o(i.USART_ClockStructInit), (12 bytes).
    Removing stm32f10x_usart.o(i.USART_DMACmd), (24 bytes).
    Removing stm32f10x_usart.o(i.USART_DeInit), (156 bytes).
    Removing stm32f10x_usart.o(i.USART_HalfDuplexCmd), (24 bytes).
    Removing stm32f10x_usart.o(i.USART_IrDACmd), (24 bytes).
    Removing stm32f10x_usart.o(i.USART_IrDAConfig), (18 bytes).
    Removing stm32f10x_usart.o(i.USART_LINBreakDetectLengthConfig), (18 bytes).
    Removing stm32f10x_usart.o(i.USART_LINCmd), (24 bytes).
    Removing stm32f10x_usart.o(i.USART_OneBitMethodCmd), (24 bytes).
    Removing stm32f10x_usart.o(i.USART_OverSampling8Cmd), (22 bytes).
    Removing stm32f10x_usart.o(i.USART_ReceiverWakeUpCmd), (24 bytes).
    Removing stm32f10x_usart.o(i.USART_SendBreak), (10 bytes).
    Removing stm32f10x_usart.o(i.USART_SetAddress), (18 bytes).
    Removing stm32f10x_usart.o(i.USART_SetGuardTime), (16 bytes).
    Removing stm32f10x_usart.o(i.USART_SetPrescaler), (16 bytes).
    Removing stm32f10x_usart.o(i.USART_SmartCardCmd), (24 bytes).
    Removing stm32f10x_usart.o(i.USART_SmartCardNACKCmd), (24 bytes).
    Removing stm32f10x_usart.o(i.USART_StructInit), (24 bytes).
    Removing stm32f10x_usart.o(i.USART_WakeUpConfig), (18 bytes).
    Removing stm32f10x_wwdg.o(i.WWDG_ClearFlag), (12 bytes).
    Removing stm32f10x_wwdg.o(i.WWDG_DeInit), (22 bytes).
    Removing stm32f10x_wwdg.o(i.WWDG_Enable), (16 bytes).
    Removing stm32f10x_wwdg.o(i.WWDG_EnableIT), (12 bytes).
    Removing stm32f10x_wwdg.o(i.WWDG_GetFlagStatus), (12 bytes).
    Removing stm32f10x_wwdg.o(i.WWDG_SetCounter), (16 bytes).
    Removing stm32f10x_wwdg.o(i.WWDG_SetPrescaler), (32 bytes).
    Removing stm32f10x_wwdg.o(i.WWDG_SetWindowValue), (36 bytes).
    Removing system_stm32f10x.o(i.SystemCoreClockUpdate), (164 bytes).
    Removing system_stm32f10x.o(.data), (20 bytes).
    Removing startup_stm32f10x_hd.o(HEAP), (5120 bytes).
    Removing hard_init.o(i.RTC_Configuration), (62 bytes).
    Removing hard_init.o(i.closeUsart1), (68 bytes).
    Removing hard_init.o(i.openPowerResumeInt), (112 bytes).
    Removing hard_init.o(i.watchDogInit), (36 bytes).
    Removing mainfunc.o(i.closeConnect), (6 bytes).
    Removing mainfunc.o(i.collectAndSend), (492 bytes).
    Removing mainfunc.o(i.reportObd), (60 bytes).
    Removing mainfunc.o(i.setDataHeader), (72 bytes).
    Removing sim900.o(i.calSocketConfig), (72 bytes).
    Removing sim900.o(i.checkSocketConfig), (80 bytes).
    Removing sim900.o(i.close_sim900_int), (80 bytes).
    Removing sim900.o(i.open_sim900_int), (80 bytes).
    Removing sim900.o(i.read_voltage), (192 bytes).
    Removing sim900.o(i.sim900Reboot), (60 bytes).
    Removing sim900.o(i.sim900Test), (1152 bytes).
    Removing sim900.o(i.sim900_boot), (8 bytes).
    Removing sim900.o(i.sim900_power_off), (132 bytes).
    Removing sim900.o(i.sim900_sleep), (2 bytes).
    Removing sim900.o(i.sim900_wakeup), (40 bytes).
    Removing iap.o(i.setDebugPara), (380 bytes).
    Removing flash.o(i.chipFlashTest), (188 bytes).
    Removing dadd.o(.text), (330 bytes).
    Removing dmul.o(.text), (226 bytes).
    Removing ddiv.o(.text), (222 bytes).
    Removing dfixul.o(.text), (48 bytes).
    Removing cdrcmple.o(.text), (40 bytes).
    Removing depilogue.o(.text), (194 bytes).

449 unused section(s) (total 26242 bytes) removed from the image.

==============================================================================

Image Symbol Table

    Local Symbols

    Symbol Name                              Value     Ov Type        Size  Object(Section)

    ../../microlib/ctype/ctype.c             0x00000000   Number         0  isalpha_o.o ABSOLUTE
    ../../microlib/ctype/ctype.c             0x00000000   Number         0  isblank_o.o ABSOLUTE
    ../../microlib/ctype/ctype.c             0x00000000   Number         0  iscntrl_o.o ABSOLUTE
    ../../microlib/ctype/ctype.c             0x00000000   Number         0  isdigit_o.o ABSOLUTE
    ../../microlib/ctype/ctype.c             0x00000000   Number         0  isgraph_o.o ABSOLUTE
    ../../microlib/ctype/ctype.c             0x00000000   Number         0  islower_o.o ABSOLUTE
    ../../microlib/ctype/ctype.c             0x00000000   Number         0  isxdigit_o.o ABSOLUTE
    ../../microlib/ctype/ctype.c             0x00000000   Number         0  isupper_o.o ABSOLUTE
    ../../microlib/ctype/ctype.c             0x00000000   Number         0  isspace_o.o ABSOLUTE
    ../../microlib/ctype/ctype.c             0x00000000   Number         0  ispunct_o.o ABSOLUTE
    ../../microlib/ctype/ctype.c             0x00000000   Number         0  isprint_o.o ABSOLUTE
    ../../microlib/ctype/ctype.c             0x00000000   Number         0  isalnum_o.o ABSOLUTE
    ../../microlib/ctype/ctype.c             0x00000000   Number         0  ctype_o.o ABSOLUTE
    ../../microlib/division.c                0x00000000   Number         0  uidiv.o ABSOLUTE
    ../../microlib/division.c                0x00000000   Number         0  uldiv.o ABSOLUTE
    ../../microlib/errno.c                   0x00000000   Number         0  errno.o ABSOLUTE
    ../../microlib/fpadd.c                   0x00000000   Number         0  dadd.o ABSOLUTE
    ../../microlib/fpdiv.c                   0x00000000   Number         0  ddiv.o ABSOLUTE
    ../../microlib/fpepilogue.c              0x00000000   Number         0  depilogue.o ABSOLUTE
    ../../microlib/fpfix.c                   0x00000000   Number         0  dfixul.o ABSOLUTE
    ../../microlib/fpmul.c                   0x00000000   Number         0  dmul.o ABSOLUTE
    ../../microlib/init/entry.s              0x00000000   Number         0  entry7.o ABSOLUTE
    ../../microlib/init/entry.s              0x00000000   Number         0  entry5.o ABSOLUTE
    ../../microlib/init/entry.s              0x00000000   Number         0  entry2.o ABSOLUTE
    ../../microlib/init/entry.s              0x00000000   Number         0  entry.o ABSOLUTE
    ../../microlib/longlong.c                0x00000000   Number         0  llsshr.o ABSOLUTE
    ../../microlib/longlong.c                0x00000000   Number         0  llshl.o ABSOLUTE
    ../../microlib/longlong.c                0x00000000   Number         0  llushr.o ABSOLUTE
    ../../microlib/printf/printf.c           0x00000000   Number         0  printf1.o ABSOLUTE
    ../../microlib/printf/printf.c           0x00000000   Number         0  printf5.o ABSOLUTE
    ../../microlib/printf/printf.c           0x00000000   Number         0  printfb.o ABSOLUTE
    ../../microlib/printf/printf.c           0x00000000   Number         0  printf6.o ABSOLUTE
    ../../microlib/printf/printf.c           0x00000000   Number         0  printf7.o ABSOLUTE
    ../../microlib/printf/printf.c           0x00000000   Number         0  printf2.o ABSOLUTE
    ../../microlib/printf/printf.c           0x00000000   Number         0  printf8.o ABSOLUTE
    ../../microlib/printf/printf.c           0x00000000   Number         0  printfa.o ABSOLUTE
    ../../microlib/printf/printf.c           0x00000000   Number         0  printf3.o ABSOLUTE
    ../../microlib/printf/printf.c           0x00000000   Number         0  printf4.o ABSOLUTE
    ../../microlib/printf/printf.c           0x00000000   Number         0  printf0.o ABSOLUTE
    ../../microlib/printf/stubs.s            0x00000000   Number         0  stubs.o ABSOLUTE
    ../../microlib/stdio/streams.c           0x00000000   Number         0  stdout.o ABSOLUTE
    ../../microlib/string/memcpy.c           0x00000000   Number         0  memcpya.o ABSOLUTE
    ../../microlib/string/memcpy.c           0x00000000   Number         0  memcpyb.o ABSOLUTE
    ../../microlib/string/memset.c           0x00000000   Number         0  memseta.o ABSOLUTE
    ../../microlib/string/strcat.c           0x00000000   Number         0  strcat.o ABSOLUTE
    ../../microlib/string/strlen.c           0x00000000   Number         0  strlen.o ABSOLUTE
    ../../microlib/string/strstr.c           0x00000000   Number         0  strstr.o ABSOLUTE
    ../../microlib/stubs.s                   0x00000000   Number         0  iusefp.o ABSOLUTE
    ../../scanf.c                            0x00000000   Number         0  atoi.o ABSOLUTE
    ../../scanf.c                            0x00000000   Number         0  strtol.o ABSOLUTE
    ../../scanf.c                            0x00000000   Number         0  _strtoul.o ABSOLUTE
    ../../scanf.c                            0x00000000   Number         0  _chval.o ABSOLUTE
    ..\Libraries\CMSIS\CM3\CoreSupport\core_cm3.c 0x00000000   Number         0  core_cm3.o ABSOLUTE
    ..\Libraries\CMSIS\CM3\DeviceSupport\ST\STM32F10x\startup\arm\startup_stm32f10x_hd.s 0x00000000   Number         0  startup_stm32f10x_hd.o ABSOLUTE
    ..\Libraries\CMSIS\system_stm32f10x.c    0x00000000   Number         0  system_stm32f10x.o ABSOLUTE
    ..\Libraries\STM32F10x_StdPeriph_Driver\src\misc.c 0x00000000   Number         0  misc.o ABSOLUTE
    ..\Libraries\STM32F10x_StdPeriph_Driver\src\stm32f10x_adc.c 0x00000000   Number         0  stm32f10x_adc.o ABSOLUTE
    ..\Libraries\STM32F10x_StdPeriph_Driver\src\stm32f10x_bkp.c 0x00000000   Number         0  stm32f10x_bkp.o ABSOLUTE
    ..\Libraries\STM32F10x_StdPeriph_Driver\src\stm32f10x_can.c 0x00000000   Number         0  stm32f10x_can.o ABSOLUTE
    ..\Libraries\STM32F10x_StdPeriph_Driver\src\stm32f10x_cec.c 0x00000000   Number         0  stm32f10x_cec.o ABSOLUTE
    ..\Libraries\STM32F10x_StdPeriph_Driver\src\stm32f10x_crc.c 0x00000000   Number         0  stm32f10x_crc.o ABSOLUTE
    ..\Libraries\STM32F10x_StdPeriph_Driver\src\stm32f10x_dac.c 0x00000000   Number         0  stm32f10x_dac.o ABSOLUTE
    ..\Libraries\STM32F10x_StdPeriph_Driver\src\stm32f10x_dbgmcu.c 0x00000000   Number         0  stm32f10x_dbgmcu.o ABSOLUTE
    ..\Libraries\STM32F10x_StdPeriph_Driver\src\stm32f10x_dma.c 0x00000000   Number         0  stm32f10x_dma.o ABSOLUTE
    ..\Libraries\STM32F10x_StdPeriph_Driver\src\stm32f10x_exti.c 0x00000000   Number         0  stm32f10x_exti.o ABSOLUTE
    ..\Libraries\STM32F10x_StdPeriph_Driver\src\stm32f10x_flash.c 0x00000000   Number         0  stm32f10x_flash.o ABSOLUTE
    ..\Libraries\STM32F10x_StdPeriph_Driver\src\stm32f10x_fsmc.c 0x00000000   Number         0  stm32f10x_fsmc.o ABSOLUTE
    ..\Libraries\STM32F10x_StdPeriph_Driver\src\stm32f10x_gpio.c 0x00000000   Number         0  stm32f10x_gpio.o ABSOLUTE
    ..\Libraries\STM32F10x_StdPeriph_Driver\src\stm32f10x_i2c.c 0x00000000   Number         0  stm32f10x_i2c.o ABSOLUTE
    ..\Libraries\STM32F10x_StdPeriph_Driver\src\stm32f10x_iwdg.c 0x00000000   Number         0  stm32f10x_iwdg.o ABSOLUTE
    ..\Libraries\STM32F10x_StdPeriph_Driver\src\stm32f10x_pwr.c 0x00000000   Number         0  stm32f10x_pwr.o ABSOLUTE
    ..\Libraries\STM32F10x_StdPeriph_Driver\src\stm32f10x_rcc.c 0x00000000   Number         0  stm32f10x_rcc.o ABSOLUTE
    ..\Libraries\STM32F10x_StdPeriph_Driver\src\stm32f10x_rtc.c 0x00000000   Number         0  stm32f10x_rtc.o ABSOLUTE
    ..\Libraries\STM32F10x_StdPeriph_Driver\src\stm32f10x_sdio.c 0x00000000   Number         0  stm32f10x_sdio.o ABSOLUTE
    ..\Libraries\STM32F10x_StdPeriph_Driver\src\stm32f10x_spi.c 0x00000000   Number         0  stm32f10x_spi.o ABSOLUTE
    ..\Libraries\STM32F10x_StdPeriph_Driver\src\stm32f10x_tim.c 0x00000000   Number         0  stm32f10x_tim.o ABSOLUTE
    ..\Libraries\STM32F10x_StdPeriph_Driver\src\stm32f10x_usart.c 0x00000000   Number         0  stm32f10x_usart.o ABSOLUTE
    ..\Libraries\STM32F10x_StdPeriph_Driver\src\stm32f10x_wwdg.c 0x00000000   Number         0  stm32f10x_wwdg.o ABSOLUTE
    ..\\Libraries\\CMSIS\\CM3\\CoreSupport\\core_cm3.c 0x00000000   Number         0  core_cm3.o ABSOLUTE
    cdrcmple.s                               0x00000000   Number         0  cdrcmple.o ABSOLUTE
    dc.s                                     0x00000000   Number         0  dc.o ABSOLUTE
    handlers.s                               0x00000000   Number         0  handlers.o ABSOLUTE
    init.s                                   0x00000000   Number         0  init.o ABSOLUTE
    src\crc.c                                0x00000000   Number         0  crc.o ABSOLUTE
    src\flash.c                              0x00000000   Number         0  flash.o ABSOLUTE
    src\hard_init.c                          0x00000000   Number         0  hard_init.o ABSOLUTE
    src\iap.c                                0x00000000   Number         0  iap.o ABSOLUTE
    src\main.c                               0x00000000   Number         0  main.o ABSOLUTE
    src\mainfunc.c                           0x00000000   Number         0  mainfunc.o ABSOLUTE
    src\sim900.c                             0x00000000   Number         0  sim900.o ABSOLUTE
    src\stm32f10x_it.c                       0x00000000   Number         0  stm32f10x_it.o ABSOLUTE
    src\sysdef.c                             0x00000000   Number         0  sysdef.o ABSOLUTE
    RESET                                    0x08000000   Section      304  startup_stm32f10x_hd.o(RESET)
    .ARM.Collect$$$$00000000                 0x08000130   Section        0  entry.o(.ARM.Collect$$$$00000000)
    .ARM.Collect$$$$00000001                 0x08000130   Section        4  entry2.o(.ARM.Collect$$$$00000001)
    .ARM.Collect$$$$00000004                 0x08000134   Section        4  entry5.o(.ARM.Collect$$$$00000004)
    .ARM.Collect$$$$00000007                 0x08000138   Section        8  entry7.o(.ARM.Collect$$$$00000007)
    .ARM.Collect$$$$00002712                 0x08000140   Section        4  entry2.o(.ARM.Collect$$$$00002712)
    __lit__00000000                          0x08000140   Data           4  entry2.o(.ARM.Collect$$$$00002712)
    .emb_text                                0x08000144   Section       32  core_cm3.o(.emb_text)
    .text                                    0x08000164   Section       36  startup_stm32f10x_hd.o(.text)
    .text                                    0x08000188   Section        0  memcpya.o(.text)
    .text                                    0x080001ac   Section        0  memseta.o(.text)
    .text                                    0x080001d2   Section        0  strcat.o(.text)
    .text                                    0x080001ee   Section        0  strstr.o(.text)
    .text                                    0x0800021a   Section        0  strlen.o(.text)
    .text                                    0x0800022a   Section        0  atoi.o(.text)
    .text                                    0x08000244   Section        0  uldiv.o(.text)
    .text                                    0x080002aa   Section        0  strtol.o(.text)
    .text                                    0x0800031c   Section       36  init.o(.text)
    .text                                    0x08000340   Section        0  llshl.o(.text)
    .text                                    0x0800035e   Section        0  llushr.o(.text)
    .text                                    0x08000380   Section        0  ctype_o.o(.text)
    .text                                    0x08000388   Section        0  _strtoul.o(.text)
    .text                                    0x08000424   Section        0  _chval.o(.text)
    i.BKP_ReadBackupRegister                 0x08000444   Section        0  stm32f10x_bkp.o(i.BKP_ReadBackupRegister)
    i.BKP_WriteBackupRegister                0x08000454   Section        0  stm32f10x_bkp.o(i.BKP_WriteBackupRegister)
    i.BusFault_Handler                       0x08000464   Section        0  stm32f10x_it.o(i.BusFault_Handler)
    i.EXTI0_IRQHandler                       0x08000490   Section        0  stm32f10x_it.o(i.EXTI0_IRQHandler)
    i.EXTI1_IRQHandler                       0x080004c4   Section        0  stm32f10x_it.o(i.EXTI1_IRQHandler)
    i.EXTI3_IRQHandler                       0x080004ec   Section        0  stm32f10x_it.o(i.EXTI3_IRQHandler)
    i.EXTI9_5_IRQHandler                     0x08000524   Section        0  stm32f10x_it.o(i.EXTI9_5_IRQHandler)
    i.EXTI_ClearITPendingBit                 0x08000528   Section        0  stm32f10x_exti.o(i.EXTI_ClearITPendingBit)
    i.EXTI_Configuration                     0x08000534   Section        0  hard_init.o(i.EXTI_Configuration)
    i.EXTI_GetITStatus                       0x080005dc   Section        0  stm32f10x_exti.o(i.EXTI_GetITStatus)
    i.EXTI_Init                              0x08000608   Section        0  stm32f10x_exti.o(i.EXTI_Init)
    i.FLASH_ClearFlag                        0x080006b4   Section        0  stm32f10x_flash.o(i.FLASH_ClearFlag)
    i.FLASH_ErasePage                        0x080006c0   Section        0  stm32f10x_flash.o(i.FLASH_ErasePage)
    i.FLASH_GetBank1Status                   0x0800070c   Section        0  stm32f10x_flash.o(i.FLASH_GetBank1Status)
    i.FLASH_Lock                             0x08000744   Section        0  stm32f10x_flash.o(i.FLASH_Lock)
    i.FLASH_PrefetchBufferCmd                0x08000758   Section        0  stm32f10x_flash.o(i.FLASH_PrefetchBufferCmd)
    i.FLASH_ProgramWord                      0x08000774   Section        0  stm32f10x_flash.o(i.FLASH_ProgramWord)
    i.FLASH_SetLatency                       0x080007d8   Section        0  stm32f10x_flash.o(i.FLASH_SetLatency)
    i.FLASH_Unlock                           0x080007f0   Section        0  stm32f10x_flash.o(i.FLASH_Unlock)
    i.FLASH_WaitForLastOperation             0x08000808   Section        0  stm32f10x_flash.o(i.FLASH_WaitForLastOperation)
    i.GPIO_Configuration                     0x08000830   Section        0  hard_init.o(i.GPIO_Configuration)
    i.GPIO_EXTILineConfig                    0x08000c00   Section        0  stm32f10x_gpio.o(i.GPIO_EXTILineConfig)
    i.GPIO_Init                              0x08000c40   Section        0  stm32f10x_gpio.o(i.GPIO_Init)
    i.GPIO_PinRemapConfig                    0x08000d54   Section        0  stm32f10x_gpio.o(i.GPIO_PinRemapConfig)
    i.GPIO_ReadInputDataBit                  0x08000de4   Section        0  stm32f10x_gpio.o(i.GPIO_ReadInputDataBit)
    i.GPIO_WriteBit                          0x08000df6   Section        0  stm32f10x_gpio.o(i.GPIO_WriteBit)
    i.HardFault_Handler                      0x08000e00   Section        0  stm32f10x_it.o(i.HardFault_Handler)
    i.MemManage_Handler                      0x08000e34   Section        0  stm32f10x_it.o(i.MemManage_Handler)
    i.NMI_Handler                            0x08000e60   Section        0  stm32f10x_it.o(i.NMI_Handler)
    i.NVIC_Configuration                     0x08000e88   Section        0  hard_init.o(i.NVIC_Configuration)
    i.NVIC_Init                              0x08000ff4   Section        0  misc.o(i.NVIC_Init)
    i.NVIC_PriorityGroupConfig               0x08001078   Section        0  misc.o(i.NVIC_PriorityGroupConfig)
    i.NVIC_SystemReset                       0x0800108c   Section        0  stm32f10x_it.o(i.NVIC_SystemReset)
    NVIC_SystemReset                         0x0800108d   Thumb Code    34  stm32f10x_it.o(i.NVIC_SystemReset)
    i.NVIC_SystemReset                       0x080010b8   Section        0  iap.o(i.NVIC_SystemReset)
    NVIC_SystemReset                         0x080010b9   Thumb Code    34  iap.o(i.NVIC_SystemReset)
    i.NVIC_SystemReset                       0x080010e4   Section        0  flash.o(i.NVIC_SystemReset)
    NVIC_SystemReset                         0x080010e5   Thumb Code    34  flash.o(i.NVIC_SystemReset)
    i.PendSV_Handler                         0x08001110   Section        0  stm32f10x_it.o(i.PendSV_Handler)
    i.RCC_APB1PeriphClockCmd                 0x0800113c   Section        0  stm32f10x_rcc.o(i.RCC_APB1PeriphClockCmd)
    i.RCC_APB2PeriphClockCmd                 0x0800115c   Section        0  stm32f10x_rcc.o(i.RCC_APB2PeriphClockCmd)
    i.RCC_Configuration                      0x0800117c   Section        0  hard_init.o(i.RCC_Configuration)
    i.RCC_DeInit                             0x080011f8   Section        0  stm32f10x_rcc.o(i.RCC_DeInit)
    i.RCC_GetClocksFreq                      0x08001244   Section        0  stm32f10x_rcc.o(i.RCC_GetClocksFreq)
    i.RCC_GetFlagStatus                      0x08001318   Section        0  stm32f10x_rcc.o(i.RCC_GetFlagStatus)
    i.RCC_GetSYSCLKSource                    0x08001354   Section        0  stm32f10x_rcc.o(i.RCC_GetSYSCLKSource)
    i.RCC_HCLKConfig                         0x08001364   Section        0  stm32f10x_rcc.o(i.RCC_HCLKConfig)
    i.RCC_HSICmd                             0x0800137c   Section        0  stm32f10x_rcc.o(i.RCC_HSICmd)
    i.RCC_PCLK1Config                        0x08001388   Section        0  stm32f10x_rcc.o(i.RCC_PCLK1Config)
    i.RCC_PCLK2Config                        0x080013a0   Section        0  stm32f10x_rcc.o(i.RCC_PCLK2Config)
    i.RCC_PLLCmd                             0x080013b8   Section        0  stm32f10x_rcc.o(i.RCC_PLLCmd)
    i.RCC_PLLConfig                          0x080013c4   Section        0  stm32f10x_rcc.o(i.RCC_PLLConfig)
    i.RCC_SYSCLKConfig                       0x080013e0   Section        0  stm32f10x_rcc.o(i.RCC_SYSCLKConfig)
    i.RTCAlarm_IRQHandler                    0x080013f8   Section        0  stm32f10x_it.o(i.RTCAlarm_IRQHandler)
    i.RTC_IRQHandler                         0x080013fa   Section        0  stm32f10x_it.o(i.RTC_IRQHandler)
    i.SVC_Handler                            0x080013fc   Section        0  stm32f10x_it.o(i.SVC_Handler)
    i.Send_AT_And_Wait                       0x08001424   Section        0  sim900.o(i.Send_AT_And_Wait)
    i.SetSysClock                            0x080014a0   Section        0  system_stm32f10x.o(i.SetSysClock)
    SetSysClock                              0x080014a1   Thumb Code     8  system_stm32f10x.o(i.SetSysClock)
    i.SetSysClockTo72                        0x080014a8   Section        0  system_stm32f10x.o(i.SetSysClockTo72)
    SetSysClockTo72                          0x080014a9   Thumb Code   192  system_stm32f10x.o(i.SetSysClockTo72)
    i.SysTick_Handler                        0x08001570   Section        0  stm32f10x_it.o(i.SysTick_Handler)
    i.SystemInit                             0x08001574   Section        0  system_stm32f10x.o(i.SystemInit)
    i.TIM2_IRQHandler                        0x080015d4   Section        0  stm32f10x_it.o(i.TIM2_IRQHandler)
    i.TIM3_IRQHandler                        0x080015d8   Section        0  stm32f10x_it.o(i.TIM3_IRQHandler)
    i.TIM_ARRPreloadConfig                   0x08001624   Section        0  stm32f10x_tim.o(i.TIM_ARRPreloadConfig)
    i.TIM_ClearITPendingBit                  0x0800163c   Section        0  stm32f10x_tim.o(i.TIM_ClearITPendingBit)
    i.TIM_Cmd                                0x08001642   Section        0  stm32f10x_tim.o(i.TIM_Cmd)
    i.TIM_Configuration                      0x0800165c   Section        0  hard_init.o(i.TIM_Configuration)
    i.TIM_GetITStatus                        0x080016a8   Section        0  stm32f10x_tim.o(i.TIM_GetITStatus)
    i.TIM_ITConfig                           0x080016ca   Section        0  stm32f10x_tim.o(i.TIM_ITConfig)
    i.TIM_TimeBaseInit                       0x080016e4   Section        0  stm32f10x_tim.o(i.TIM_TimeBaseInit)
    i.UART4_IRQHandler                       0x08001788   Section        0  stm32f10x_it.o(i.UART4_IRQHandler)
    i.UART5_IRQHandler                       0x0800183c   Section        0  stm32f10x_it.o(i.UART5_IRQHandler)
    i.USART1_IRQHandler                      0x080018a0   Section        0  stm32f10x_it.o(i.USART1_IRQHandler)
    i.USART2_IRQHandler                      0x08001910   Section        0  stm32f10x_it.o(i.USART2_IRQHandler)
    i.USART3_IRQHandler                      0x080019a4   Section        0  stm32f10x_it.o(i.USART3_IRQHandler)
    i.USART_ClearFlag                        0x08001a40   Section        0  stm32f10x_usart.o(i.USART_ClearFlag)
    i.USART_Cmd                              0x08001a52   Section        0  stm32f10x_usart.o(i.USART_Cmd)
    i.USART_Configuration                    0x08001a6c   Section        0  hard_init.o(i.USART_Configuration)
    i.USART_GetFlagStatus                    0x08001d14   Section        0  stm32f10x_usart.o(i.USART_GetFlagStatus)
    i.USART_GetITStatus                      0x08001d2e   Section        0  stm32f10x_usart.o(i.USART_GetITStatus)
    i.USART_ITConfig                         0x08001d82   Section        0  stm32f10x_usart.o(i.USART_ITConfig)
    i.USART_Init                             0x08001dcc   Section        0  stm32f10x_usart.o(i.USART_Init)
    i.USART_ReceiveData                      0x08001ea4   Section        0  stm32f10x_usart.o(i.USART_ReceiveData)
    i.USART_SendData                         0x08001eae   Section        0  stm32f10x_usart.o(i.USART_SendData)
    i.USB_LP_CAN1_RX0_IRQHandler             0x08001eb6   Section        0  stm32f10x_it.o(i.USB_LP_CAN1_RX0_IRQHandler)
    i.UsageFault_Handler                     0x08001eb8   Section        0  stm32f10x_it.o(i.UsageFault_Handler)
    i.WriteReadCheck                         0x08001ee4   Section        0  flash.o(i.WriteReadCheck)
    i.__0printf$8                            0x08001f88   Section        0  printf8.o(i.__0printf$8)
    i.__0sprintf$8                           0x08001fa8   Section        0  printf8.o(i.__0sprintf$8)
    i.__aeabi_errno_addr                     0x08001fd0   Section        0  errno.o(i.__aeabi_errno_addr)
    i.__scatterload_copy                     0x08001fd8   Section       14  handlers.o(i.__scatterload_copy)
    i.__scatterload_null                     0x08001fe6   Section        2  handlers.o(i.__scatterload_null)
    i.__scatterload_zeroinit                 0x08001fe8   Section       14  handlers.o(i.__scatterload_zeroinit)
    i._printf_core                           0x08001ff8   Section        0  printf8.o(i._printf_core)
    _printf_core                             0x08001ff9   Thumb Code  1064  printf8.o(i._printf_core)
    i._printf_post_padding                   0x08002420   Section        0  printf8.o(i._printf_post_padding)
    _printf_post_padding                     0x08002421   Thumb Code    38  printf8.o(i._printf_post_padding)
    i._printf_pre_padding                    0x08002446   Section        0  printf8.o(i._printf_pre_padding)
    _printf_pre_padding                      0x08002447   Thumb Code    46  printf8.o(i._printf_pre_padding)
    i._sputc                                 0x08002474   Section        0  printf8.o(i._sputc)
    _sputc                                   0x08002475   Thumb Code    10  printf8.o(i._sputc)
    i.calBufCrc                              0x08002480   Section        0  flash.o(i.calBufCrc)
    i.calFlashCrc                            0x080024cc   Section        0  flash.o(i.calFlashCrc)
    i.checkAppConfig                         0x08002524   Section        0  iap.o(i.checkAppConfig)
    i.checkAppCrc                            0x08002598   Section        0  iap.o(i.checkAppCrc)
    i.checkAppState                          0x08002630   Section        0  iap.o(i.checkAppState)
    i.checkConnectState                      0x080026e4   Section        0  mainfunc.o(i.checkConnectState)
    i.checkIapType                           0x08002828   Section        0  iap.o(i.checkIapType)
    i.dataSend                               0x080028c0   Section        0  mainfunc.o(i.dataSend)
    i.delay_ms                               0x08002d98   Section        0  hard_init.o(i.delay_ms)
    i.establishConnect                       0x08002db4   Section        0  mainfunc.o(i.establishConnect)
    i.flashRead                              0x08003138   Section        0  flash.o(i.flashRead)
    i.flashRollBack                          0x08003150   Section        0  flash.o(i.flashRollBack)
    i.flashWrite                             0x08003158   Section        0  flash.o(i.flashWrite)
    i.fputc                                  0x08003220   Section        0  main.o(i.fputc)
    i.hardware_init                          0x08003244   Section        0  hard_init.o(i.hardware_init)
    i.iapHardwareInit                        0x0800326c   Section        0  iap.o(i.iapHardwareInit)
    i.iapfunc                                0x08003270   Section        0  iap.o(i.iapfunc)
    i.main                                   0x08003490   Section        0  main.o(i.main)
    i.massProduction                         0x08003548   Section        0  sim900.o(i.massProduction)
    i.openUsart1                             0x08003740   Section        0  hard_init.o(i.openUsart1)
    i.power_sim900                           0x08003784   Section        0  sim900.o(i.power_sim900)
    i.readImei                               0x08003868   Section        0  sim900.o(i.readImei)
    i.read_cellid                            0x08003944   Section        0  sim900.o(i.read_cellid)
    i.read_cimi                              0x08003a3c   Section        0  sim900.o(i.read_cimi)
    i.read_csq                               0x08003b1c   Section        0  sim900.o(i.read_csq)
    i.setReport                              0x08003bc0   Section        0  sim900.o(i.setReport)
    i.setSimApn                              0x08003df0   Section        0  sim900.o(i.setSimApn)
    i.setUsart1                              0x0800408c   Section        0  hard_init.o(i.setUsart1)
    i.showConfig                             0x080040ec   Section        0  sim900.o(i.showConfig)
    i.sim900_power_on                        0x08004560   Section        0  sim900.o(i.sim900_power_on)
    i.str2hex                                0x080045c0   Section        0  mainfunc.o(i.str2hex)
    i.sysErrorHandle                         0x08004664   Section        0  hard_init.o(i.sysErrorHandle)
    i.tcpGetData                             0x080046fc   Section        0  iap.o(i.tcpGetData)
    i.tcpIap                                 0x08004b4c   Section        0  iap.o(i.tcpIap)
    i.tcpStart                               0x08004eac   Section        0  iap.o(i.tcpStart)
    i.updateFlashConfig                      0x080051fc   Section        0  flash.o(i.updateFlashConfig)
    i.usartGetBrife                          0x0800533c   Section        0  iap.o(i.usartGetBrife)
    i.usartGetData                           0x080055c4   Section        0  iap.o(i.usartGetData)
    i.usartIap                               0x08005850   Section        0  iap.o(i.usartIap)
    i.writeFlashCfg                          0x080059dc   Section        0  flash.o(i.writeFlashCfg)
    .constdata                               0x08005bdc   Section      100  sim900.o(.constdata)
    .constdata                               0x08005c40   Section      192  iap.o(.constdata)
    .constdata                               0x08005d00   Section     1024  flash.o(.constdata)
    .constdata                               0x08006100   Section      129  ctype_o.o(.constdata)
    .constdata                               0x08006184   Section        4  ctype_o.o(.constdata)
    table                                    0x08006184   Data           4  ctype_o.o(.constdata)
    .data                                    0x20000000   Section       32  sysdef.o(.data)
    .data                                    0x20000020   Section       36  stm32f10x_it.o(.data)
    state                                    0x20000040   Data           4  stm32f10x_it.o(.data)
    .data                                    0x20000044   Section       20  stm32f10x_rcc.o(.data)
    APBAHBPrescTable                         0x20000044   Data          16  stm32f10x_rcc.o(.data)
    ADCPrescTable                            0x20000054   Data           4  stm32f10x_rcc.o(.data)
    .data                                    0x20000058   Section        1  mainfunc.o(.data)
    socketFlag                               0x20000058   Data           1  mainfunc.o(.data)
    .data                                    0x2000005c   Section       48  sim900.o(.data)
    apnType                                  0x20000088   Data           4  sim900.o(.data)
    .data                                    0x2000008c   Section        4  iap.o(.data)
    .data                                    0x20000090   Section        4  stdout.o(.data)
    .data                                    0x20000094   Section        4  errno.o(.data)
    _errno                                   0x20000094   Data           4  errno.o(.data)
    .bss                                     0x20000098   Section     3796  sysdef.o(.bss)
    .bss                                     0x20000f6c   Section      256  mainfunc.o(.bss)
    socketCmd                                0x20000f6c   Data          80  mainfunc.o(.bss)
    socketState                              0x20000fbc   Data          40  mainfunc.o(.bss)
    .bss                                     0x2000106c   Section      364  sim900.o(.bss)
    .bss                                     0x200011d8   Section     2048  iap.o(.bss)
    appBuf                                   0x200011d8   Data        1024  iap.o(.bss)
    appBuf                                   0x200015d8   Data        1024  iap.o(.bss)
    STACK                                    0x200019d8   Section     8192  startup_stm32f10x_hd.o(STACK)

    Global Symbols

    Symbol Name                              Value     Ov Type        Size  Object(Section)

    BuildAttributes$$THM_ISAv4$P$D$K$B$S$PE$A:L22UL41UL21$X:L11$S22US41US21$IEEE1$IW$USESV6$~STKCKD$USESV7$~SHL$OSPACE$ROPI$EBA8$MICROLIB$REQ8$PRES8$EABIv2 0x00000000   Number         0  anon$$obj.o ABSOLUTE
    __ARM_use_no_argv                        0x00000000   Number         0  main.o ABSOLUTE
    _printf_a                                0x00000000   Number         0  stubs.o ABSOLUTE
    _printf_c                                0x00000000   Number         0  stubs.o ABSOLUTE
    _printf_charcount                        0x00000000   Number         0  stubs.o ABSOLUTE
    _printf_d                                0x00000000   Number         0  stubs.o ABSOLUTE
    _printf_e                                0x00000000   Number         0  stubs.o ABSOLUTE
    _printf_f                                0x00000000   Number         0  stubs.o ABSOLUTE
    _printf_flags                            0x00000000   Number         0  stubs.o ABSOLUTE
    _printf_fp_dec                           0x00000000   Number         0  stubs.o ABSOLUTE
    _printf_fp_hex                           0x00000000   Number         0  stubs.o ABSOLUTE
    _printf_g                                0x00000000   Number         0  stubs.o ABSOLUTE
    _printf_i                                0x00000000   Number         0  stubs.o ABSOLUTE
    _printf_int_dec                          0x00000000   Number         0  stubs.o ABSOLUTE
    _printf_l                                0x00000000   Number         0  stubs.o ABSOLUTE
    _printf_lc                               0x00000000   Number         0  stubs.o ABSOLUTE
    _printf_ll                               0x00000000   Number         0  stubs.o ABSOLUTE
    _printf_lld                              0x00000000   Number         0  stubs.o ABSOLUTE
    _printf_lli                              0x00000000   Number         0  stubs.o ABSOLUTE
    _printf_llo                              0x00000000   Number         0  stubs.o ABSOLUTE
    _printf_llu                              0x00000000   Number         0  stubs.o ABSOLUTE
    _printf_llx                              0x00000000   Number         0  stubs.o ABSOLUTE
    _printf_longlong_dec                     0x00000000   Number         0  stubs.o ABSOLUTE
    _printf_longlong_hex                     0x00000000   Number         0  stubs.o ABSOLUTE
    _printf_longlong_oct                     0x00000000   Number         0  stubs.o ABSOLUTE
    _printf_ls                               0x00000000   Number         0  stubs.o ABSOLUTE
    _printf_mbtowc                           0x00000000   Number         0  stubs.o ABSOLUTE
    _printf_n                                0x00000000   Number         0  stubs.o ABSOLUTE
    _printf_o                                0x00000000   Number         0  stubs.o ABSOLUTE
    _printf_p                                0x00000000   Number         0  stubs.o ABSOLUTE
    _printf_percent                          0x00000000   Number         0  stubs.o ABSOLUTE
    _printf_pre_padding                      0x00000000   Number         0  stubs.o ABSOLUTE
    _printf_return_value                     0x00000000   Number         0  stubs.o ABSOLUTE
    _printf_s                                0x00000000   Number         0  stubs.o ABSOLUTE
    _printf_sizespec                         0x00000000   Number         0  stubs.o ABSOLUTE
    _printf_str                              0x00000000   Number         0  stubs.o ABSOLUTE
    _printf_truncate_signed                  0x00000000   Number         0  stubs.o ABSOLUTE
    _printf_truncate_unsigned                0x00000000   Number         0  stubs.o ABSOLUTE
    _printf_u                                0x00000000   Number         0  stubs.o ABSOLUTE
    _printf_wc                               0x00000000   Number         0  stubs.o ABSOLUTE
    _printf_wctomb                           0x00000000   Number         0  stubs.o ABSOLUTE
    _printf_widthprec                        0x00000000   Number         0  stubs.o ABSOLUTE
    _printf_x                                0x00000000   Number         0  stubs.o ABSOLUTE
    __decompress                              - Undefined Weak Reference
    __Vectors_Size                           0x00000130   Number         0  startup_stm32f10x_hd.o ABSOLUTE
    __Vectors                                0x08000000   Data           4  startup_stm32f10x_hd.o(RESET)
    __Vectors_End                            0x08000130   Data           0  startup_stm32f10x_hd.o(RESET)
    __main                                   0x08000131   Thumb Code     0  entry.o(.ARM.Collect$$$$00000000)
    _main_stk                                0x08000131   Thumb Code     0  entry2.o(.ARM.Collect$$$$00000001)
    _main_scatterload                        0x08000135   Thumb Code     0  entry5.o(.ARM.Collect$$$$00000004)
    __main_after_scatterload                 0x08000139   Thumb Code     0  entry5.o(.ARM.Collect$$$$00000004)
    _main_init                               0x08000139   Thumb Code     0  entry7.o(.ARM.Collect$$$$00000007)
    __get_PSP                                0x08000145   Thumb Code     6  core_cm3.o(.emb_text)
    __set_PSP                                0x0800014b   Thumb Code     6  core_cm3.o(.emb_text)
    __get_MSP                                0x08000151   Thumb Code     6  core_cm3.o(.emb_text)
    __set_MSP                                0x08000157   Thumb Code     6  core_cm3.o(.emb_text)
    __REV16                                  0x0800015d   Thumb Code     4  core_cm3.o(.emb_text)
    __REVSH                                  0x08000161   Thumb Code     4  core_cm3.o(.emb_text)
    Reset_Handler                            0x08000165   Thumb Code     8  startup_stm32f10x_hd.o(.text)
    DebugMon_Handler                         0x08000179   Thumb Code     2  startup_stm32f10x_hd.o(.text)
    ADC1_2_IRQHandler                        0x0800017f   Thumb Code     0  startup_stm32f10x_hd.o(.text)
    ADC3_IRQHandler                          0x0800017f   Thumb Code     0  startup_stm32f10x_hd.o(.text)
    CAN1_RX1_IRQHandler                      0x0800017f   Thumb Code     0  startup_stm32f10x_hd.o(.text)
    CAN1_SCE_IRQHandler                      0x0800017f   Thumb Code     0  startup_stm32f10x_hd.o(.text)
    DMA1_Channel1_IRQHandler                 0x0800017f   Thumb Code     0  startup_stm32f10x_hd.o(.text)
    DMA1_Channel2_IRQHandler                 0x0800017f   Thumb Code     0  startup_stm32f10x_hd.o(.text)
    DMA1_Channel3_IRQHandler                 0x0800017f   Thumb Code     0  startup_stm32f10x_hd.o(.text)
    DMA1_Channel4_IRQHandler                 0x0800017f   Thumb Code     0  startup_stm32f10x_hd.o(.text)
    DMA1_Channel5_IRQHandler                 0x0800017f   Thumb Code     0  startup_stm32f10x_hd.o(.text)
    DMA1_Channel6_IRQHandler                 0x0800017f   Thumb Code     0  startup_stm32f10x_hd.o(.text)
    DMA1_Channel7_IRQHandler                 0x0800017f   Thumb Code     0  startup_stm32f10x_hd.o(.text)
    DMA2_Channel1_IRQHandler                 0x0800017f   Thumb Code     0  startup_stm32f10x_hd.o(.text)
    DMA2_Channel2_IRQHandler                 0x0800017f   Thumb Code     0  startup_stm32f10x_hd.o(.text)
    DMA2_Channel3_IRQHandler                 0x0800017f   Thumb Code     0  startup_stm32f10x_hd.o(.text)
    DMA2_Channel4_5_IRQHandler               0x0800017f   Thumb Code     0  startup_stm32f10x_hd.o(.text)
    EXTI15_10_IRQHandler                     0x0800017f   Thumb Code     0  startup_stm32f10x_hd.o(.text)
    EXTI2_IRQHandler                         0x0800017f   Thumb Code     0  startup_stm32f10x_hd.o(.text)
    EXTI4_IRQHandler                         0x0800017f   Thumb Code     0  startup_stm32f10x_hd.o(.text)
    FLASH_IRQHandler                         0x0800017f   Thumb Code     0  startup_stm32f10x_hd.o(.text)
    FSMC_IRQHandler                          0x0800017f   Thumb Code     0  startup_stm32f10x_hd.o(.text)
    I2C1_ER_IRQHandler                       0x0800017f   Thumb Code     0  startup_stm32f10x_hd.o(.text)
    I2C1_EV_IRQHandler                       0x0800017f   Thumb Code     0  startup_stm32f10x_hd.o(.text)
    I2C2_ER_IRQHandler                       0x0800017f   Thumb Code     0  startup_stm32f10x_hd.o(.text)
    I2C2_EV_IRQHandler                       0x0800017f   Thumb Code     0  startup_stm32f10x_hd.o(.text)
    PVD_IRQHandler                           0x0800017f   Thumb Code     0  startup_stm32f10x_hd.o(.text)
    RCC_IRQHandler                           0x0800017f   Thumb Code     0  startup_stm32f10x_hd.o(.text)
    SDIO_IRQHandler                          0x0800017f   Thumb Code     0  startup_stm32f10x_hd.o(.text)
    SPI1_IRQHandler                          0x0800017f   Thumb Code     0  startup_stm32f10x_hd.o(.text)
    SPI2_IRQHandler                          0x0800017f   Thumb Code     0  startup_stm32f10x_hd.o(.text)
    SPI3_IRQHandler                          0x0800017f   Thumb Code     0  startup_stm32f10x_hd.o(.text)
    TAMPER_IRQHandler                        0x0800017f   Thumb Code     0  startup_stm32f10x_hd.o(.text)
    TIM1_BRK_IRQHandler                      0x0800017f   Thumb Code     0  startup_stm32f10x_hd.o(.text)
    TIM1_CC_IRQHandler                       0x0800017f   Thumb Code     0  startup_stm32f10x_hd.o(.text)
    TIM1_TRG_COM_IRQHandler                  0x0800017f   Thumb Code     0  startup_stm32f10x_hd.o(.text)
    TIM1_UP_IRQHandler                       0x0800017f   Thumb Code     0  startup_stm32f10x_hd.o(.text)
    TIM4_IRQHandler                          0x0800017f   Thumb Code     0  startup_stm32f10x_hd.o(.text)
    TIM5_IRQHandler                          0x0800017f   Thumb Code     0  startup_stm32f10x_hd.o(.text)
    TIM6_IRQHandler                          0x0800017f   Thumb Code     0  startup_stm32f10x_hd.o(.text)
    TIM7_IRQHandler                          0x0800017f   Thumb Code     0  startup_stm32f10x_hd.o(.text)
    TIM8_BRK_IRQHandler                      0x0800017f   Thumb Code     0  startup_stm32f10x_hd.o(.text)
    TIM8_CC_IRQHandler                       0x0800017f   Thumb Code     0  startup_stm32f10x_hd.o(.text)
    TIM8_TRG_COM_IRQHandler                  0x0800017f   Thumb Code     0  startup_stm32f10x_hd.o(.text)
    TIM8_UP_IRQHandler                       0x0800017f   Thumb Code     0  startup_stm32f10x_hd.o(.text)
    USBWakeUp_IRQHandler                     0x0800017f   Thumb Code     0  startup_stm32f10x_hd.o(.text)
    USB_HP_CAN1_TX_IRQHandler                0x0800017f   Thumb Code     0  startup_stm32f10x_hd.o(.text)
    WWDG_IRQHandler                          0x0800017f   Thumb Code     0  startup_stm32f10x_hd.o(.text)
    __aeabi_memcpy                           0x08000189   Thumb Code    36  memcpya.o(.text)
    __aeabi_memcpy4                          0x08000189   Thumb Code     0  memcpya.o(.text)
    __aeabi_memcpy8                          0x08000189   Thumb Code     0  memcpya.o(.text)
    __aeabi_memset                           0x080001ad   Thumb Code    14  memseta.o(.text)
    __aeabi_memset4                          0x080001ad   Thumb Code     0  memseta.o(.text)
    __aeabi_memset8                          0x080001ad   Thumb Code     0  memseta.o(.text)
    __aeabi_memclr                           0x080001bb   Thumb Code     4  memseta.o(.text)
    __aeabi_memclr4                          0x080001bb   Thumb Code     0  memseta.o(.text)
    __aeabi_memclr8                          0x080001bb   Thumb Code     0  memseta.o(.text)
    _memset$wrapper                          0x080001bf   Thumb Code    20  memseta.o(.text)
    strcat                                   0x080001d3   Thumb Code    28  strcat.o(.text)
    strstr                                   0x080001ef   Thumb Code    44  strstr.o(.text)
    strlen                                   0x0800021b   Thumb Code    16  strlen.o(.text)
    atoi                                     0x0800022b   Thumb Code    26  atoi.o(.text)
    __aeabi_uldivmod                         0x08000245   Thumb Code   102  uldiv.o(.text)
    strtol                                   0x080002ab   Thumb Code   112  strtol.o(.text)
    __scatterload                            0x0800031d   Thumb Code    28  init.o(.text)
    __scatterload_rt2                        0x0800031d   Thumb Code     0  init.o(.text)
    __aeabi_llsl                             0x08000341   Thumb Code    30  llshl.o(.text)
    _ll_shift_l                              0x08000341   Thumb Code     0  llshl.o(.text)
    __aeabi_llsr                             0x0800035f   Thumb Code    32  llushr.o(.text)
    _ll_ushift_r                             0x0800035f   Thumb Code     0  llushr.o(.text)
    __rt_ctype_table                         0x08000381   Thumb Code     4  ctype_o.o(.text)
    _strtoul                                 0x08000389   Thumb Code   156  _strtoul.o(.text)
    _chval                                   0x08000425   Thumb Code    32  _chval.o(.text)
    BKP_ReadBackupRegister                   0x08000445   Thumb Code    12  stm32f10x_bkp.o(i.BKP_ReadBackupRegister)
    BKP_WriteBackupRegister                  0x08000455   Thumb Code    10  stm32f10x_bkp.o(i.BKP_WriteBackupRegister)
    BusFault_Handler                         0x08000465   Thumb Code    26  stm32f10x_it.o(i.BusFault_Handler)
    EXTI0_IRQHandler                         0x08000491   Thumb Code    36  stm32f10x_it.o(i.EXTI0_IRQHandler)
    EXTI1_IRQHandler                         0x080004c5   Thumb Code    24  stm32f10x_it.o(i.EXTI1_IRQHandler)
    EXTI3_IRQHandler                         0x080004ed   Thumb Code    24  stm32f10x_it.o(i.EXTI3_IRQHandler)
    EXTI9_5_IRQHandler                       0x08000525   Thumb Code     2  stm32f10x_it.o(i.EXTI9_5_IRQHandler)
    EXTI_ClearITPendingBit                   0x08000529   Thumb Code     6  stm32f10x_exti.o(i.EXTI_ClearITPendingBit)
    EXTI_Configuration                       0x08000535   Thumb Code   168  hard_init.o(i.EXTI_Configuration)
    EXTI_GetITStatus                         0x080005dd   Thumb Code    34  stm32f10x_exti.o(i.EXTI_GetITStatus)
    EXTI_Init                                0x08000609   Thumb Code   160  stm32f10x_exti.o(i.EXTI_Init)
    FLASH_ClearFlag                          0x080006b5   Thumb Code     6  stm32f10x_flash.o(i.FLASH_ClearFlag)
    FLASH_ErasePage                          0x080006c1   Thumb Code    72  stm32f10x_flash.o(i.FLASH_ErasePage)
    FLASH_GetBank1Status                     0x0800070d   Thumb Code    50  stm32f10x_flash.o(i.FLASH_GetBank1Status)
    FLASH_Lock                               0x08000745   Thumb Code    14  stm32f10x_flash.o(i.FLASH_Lock)
    FLASH_PrefetchBufferCmd                  0x08000759   Thumb Code    22  stm32f10x_flash.o(i.FLASH_PrefetchBufferCmd)
    FLASH_ProgramWord                        0x08000775   Thumb Code    96  stm32f10x_flash.o(i.FLASH_ProgramWord)
    FLASH_SetLatency                         0x080007d9   Thumb Code    18  stm32f10x_flash.o(i.FLASH_SetLatency)
    FLASH_Unlock                             0x080007f1   Thumb Code    12  stm32f10x_flash.o(i.FLASH_Unlock)
    FLASH_WaitForLastOperation               0x08000809   Thumb Code    38  stm32f10x_flash.o(i.FLASH_WaitForLastOperation)
    GPIO_Configuration                       0x08000831   Thumb Code   960  hard_init.o(i.GPIO_Configuration)
    GPIO_EXTILineConfig                      0x08000c01   Thumb Code    60  stm32f10x_gpio.o(i.GPIO_EXTILineConfig)
    GPIO_Init                                0x08000c41   Thumb Code   274  stm32f10x_gpio.o(i.GPIO_Init)
    GPIO_PinRemapConfig                      0x08000d55   Thumb Code   138  stm32f10x_gpio.o(i.GPIO_PinRemapConfig)
    GPIO_ReadInputDataBit                    0x08000de5   Thumb Code    18  stm32f10x_gpio.o(i.GPIO_ReadInputDataBit)
    GPIO_WriteBit                            0x08000df7   Thumb Code    10  stm32f10x_gpio.o(i.GPIO_WriteBit)
    HardFault_Handler                        0x08000e01   Thumb Code    26  stm32f10x_it.o(i.HardFault_Handler)
    MemManage_Handler                        0x08000e35   Thumb Code    26  stm32f10x_it.o(i.MemManage_Handler)
    NMI_Handler                              0x08000e61   Thumb Code    22  stm32f10x_it.o(i.NMI_Handler)
    NVIC_Configuration                       0x08000e89   Thumb Code   364  hard_init.o(i.NVIC_Configuration)
    NVIC_Init                                0x08000ff5   Thumb Code   118  misc.o(i.NVIC_Init)
    NVIC_PriorityGroupConfig                 0x08001079   Thumb Code    10  misc.o(i.NVIC_PriorityGroupConfig)
    PendSV_Handler                           0x08001111   Thumb Code    22  stm32f10x_it.o(i.PendSV_Handler)
    RCC_APB1PeriphClockCmd                   0x0800113d   Thumb Code    26  stm32f10x_rcc.o(i.RCC_APB1PeriphClockCmd)
    RCC_APB2PeriphClockCmd                   0x0800115d   Thumb Code    26  stm32f10x_rcc.o(i.RCC_APB2PeriphClockCmd)
    RCC_Configuration                        0x0800117d   Thumb Code   118  hard_init.o(i.RCC_Configuration)
    RCC_DeInit                               0x080011f9   Thumb Code    64  stm32f10x_rcc.o(i.RCC_DeInit)
    RCC_GetClocksFreq                        0x08001245   Thumb Code   192  stm32f10x_rcc.o(i.RCC_GetClocksFreq)
    RCC_GetFlagStatus                        0x08001319   Thumb Code    56  stm32f10x_rcc.o(i.RCC_GetFlagStatus)
    RCC_GetSYSCLKSource                      0x08001355   Thumb Code    10  stm32f10x_rcc.o(i.RCC_GetSYSCLKSource)
    RCC_HCLKConfig                           0x08001365   Thumb Code    18  stm32f10x_rcc.o(i.RCC_HCLKConfig)
    RCC_HSICmd                               0x0800137d   Thumb Code     6  stm32f10x_rcc.o(i.RCC_HSICmd)
    RCC_PCLK1Config                          0x08001389   Thumb Code    18  stm32f10x_rcc.o(i.RCC_PCLK1Config)
    RCC_PCLK2Config                          0x080013a1   Thumb Code    20  stm32f10x_rcc.o(i.RCC_PCLK2Config)
    RCC_PLLCmd                               0x080013b9   Thumb Code     6  stm32f10x_rcc.o(i.RCC_PLLCmd)
    RCC_PLLConfig                            0x080013c5   Thumb Code    24  stm32f10x_rcc.o(i.RCC_PLLConfig)
    RCC_SYSCLKConfig                         0x080013e1   Thumb Code    18  stm32f10x_rcc.o(i.RCC_SYSCLKConfig)
    RTCAlarm_IRQHandler                      0x080013f9   Thumb Code     2  stm32f10x_it.o(i.RTCAlarm_IRQHandler)
    RTC_IRQHandler                           0x080013fb   Thumb Code     2  stm32f10x_it.o(i.RTC_IRQHandler)
    SVC_Handler                              0x080013fd   Thumb Code    22  stm32f10x_it.o(i.SVC_Handler)
    Send_AT_And_Wait                         0x08001425   Thumb Code   106  sim900.o(i.Send_AT_And_Wait)
    SysTick_Handler                          0x08001571   Thumb Code     2  stm32f10x_it.o(i.SysTick_Handler)
    SystemInit                               0x08001575   Thumb Code    78  system_stm32f10x.o(i.SystemInit)
    TIM2_IRQHandler                          0x080015d5   Thumb Code     2  stm32f10x_it.o(i.TIM2_IRQHandler)
    TIM3_IRQHandler                          0x080015d9   Thumb Code    62  stm32f10x_it.o(i.TIM3_IRQHandler)
    TIM_ARRPreloadConfig                     0x08001625   Thumb Code    24  stm32f10x_tim.o(i.TIM_ARRPreloadConfig)
    TIM_ClearITPendingBit                    0x0800163d   Thumb Code     6  stm32f10x_tim.o(i.TIM_ClearITPendingBit)
    TIM_Cmd                                  0x08001643   Thumb Code    24  stm32f10x_tim.o(i.TIM_Cmd)
    TIM_Configuration                        0x0800165d   Thumb Code    72  hard_init.o(i.TIM_Configuration)
    TIM_GetITStatus                          0x080016a9   Thumb Code    34  stm32f10x_tim.o(i.TIM_GetITStatus)
    TIM_ITConfig                             0x080016cb   Thumb Code    24  stm32f10x_tim.o(i.TIM_ITConfig)
    TIM_TimeBaseInit                         0x080016e5   Thumb Code   122  stm32f10x_tim.o(i.TIM_TimeBaseInit)
    UART4_IRQHandler                         0x08001789   Thumb Code   150  stm32f10x_it.o(i.UART4_IRQHandler)
    UART5_IRQHandler                         0x0800183d   Thumb Code    86  stm32f10x_it.o(i.UART5_IRQHandler)
    USART1_IRQHandler                        0x080018a1   Thumb Code    98  stm32f10x_it.o(i.USART1_IRQHandler)
    USART2_IRQHandler                        0x08001911   Thumb Code   128  stm32f10x_it.o(i.USART2_IRQHandler)
    USART3_IRQHandler                        0x080019a5   Thumb Code   130  stm32f10x_it.o(i.USART3_IRQHandler)
    USART_ClearFlag                          0x08001a41   Thumb Code    18  stm32f10x_usart.o(i.USART_ClearFlag)
    USART_Cmd                                0x08001a53   Thumb Code    24  stm32f10x_usart.o(i.USART_Cmd)
    USART_Configuration                      0x08001a6d   Thumb Code   644  hard_init.o(i.USART_Configuration)
    USART_GetFlagStatus                      0x08001d15   Thumb Code    26  stm32f10x_usart.o(i.USART_GetFlagStatus)
    USART_GetITStatus                        0x08001d2f   Thumb Code    84  stm32f10x_usart.o(i.USART_GetITStatus)
    USART_ITConfig                           0x08001d83   Thumb Code    74  stm32f10x_usart.o(i.USART_ITConfig)
    USART_Init                               0x08001dcd   Thumb Code   210  stm32f10x_usart.o(i.USART_Init)
    USART_ReceiveData                        0x08001ea5   Thumb Code    10  stm32f10x_usart.o(i.USART_ReceiveData)
    USART_SendData                           0x08001eaf   Thumb Code     8  stm32f10x_usart.o(i.USART_SendData)
    USB_LP_CAN1_RX0_IRQHandler               0x08001eb7   Thumb Code     2  stm32f10x_it.o(i.USB_LP_CAN1_RX0_IRQHandler)
    UsageFault_Handler                       0x08001eb9   Thumb Code    26  stm32f10x_it.o(i.UsageFault_Handler)
    WriteReadCheck                           0x08001ee5   Thumb Code   112  flash.o(i.WriteReadCheck)
    __0printf$8                              0x08001f89   Thumb Code    22  printf8.o(i.__0printf$8)
    __1printf$8                              0x08001f89   Thumb Code     0  printf8.o(i.__0printf$8)
    __2printf                                0x08001f89   Thumb Code     0  printf8.o(i.__0printf$8)
    __0sprintf$8                             0x08001fa9   Thumb Code    34  printf8.o(i.__0sprintf$8)
    __1sprintf$8                             0x08001fa9   Thumb Code     0  printf8.o(i.__0sprintf$8)
    __2sprintf                               0x08001fa9   Thumb Code     0  printf8.o(i.__0sprintf$8)
    __aeabi_errno_addr                       0x08001fd1   Thumb Code     4  errno.o(i.__aeabi_errno_addr)
    __rt_errno_addr                          0x08001fd1   Thumb Code     0  errno.o(i.__aeabi_errno_addr)
    __scatterload_copy                       0x08001fd9   Thumb Code    14  handlers.o(i.__scatterload_copy)
    __scatterload_null                       0x08001fe7   Thumb Code     2  handlers.o(i.__scatterload_null)
    __scatterload_zeroinit                   0x08001fe9   Thumb Code    14  handlers.o(i.__scatterload_zeroinit)
    calBufCrc                                0x08002481   Thumb Code    72  flash.o(i.calBufCrc)
    calFlashCrc                              0x080024cd   Thumb Code    82  flash.o(i.calFlashCrc)
    checkAppConfig                           0x08002525   Thumb Code    54  iap.o(i.checkAppConfig)
    checkAppCrc                              0x08002599   Thumb Code    58  iap.o(i.checkAppCrc)
    checkAppState                            0x08002631   Thumb Code    66  iap.o(i.checkAppState)
    checkConnectState                        0x080026e5   Thumb Code   152  mainfunc.o(i.checkConnectState)
    checkIapType                             0x08002829   Thumb Code   132  iap.o(i.checkIapType)
    dataSend                                 0x080028c1   Thumb Code   718  mainfunc.o(i.dataSend)
    delay_ms                                 0x08002d99   Thumb Code    26  hard_init.o(i.delay_ms)
    establishConnect                         0x08002db5   Thumb Code   434  mainfunc.o(i.establishConnect)
    flashRead                                0x08003139   Thumb Code    24  flash.o(i.flashRead)
    flashRollBack                            0x08003151   Thumb Code     6  flash.o(i.flashRollBack)
    flashWrite                               0x08003159   Thumb Code   172  flash.o(i.flashWrite)
    fputc                                    0x08003221   Thumb Code    32  main.o(i.fputc)
    hardware_init                            0x08003245   Thumb Code    36  hard_init.o(i.hardware_init)
    iapHardwareInit                          0x0800326d   Thumb Code     2  iap.o(i.iapHardwareInit)
    iapfunc                                  0x08003271   Thumb Code   312  iap.o(i.iapfunc)
    main                                     0x08003491   Thumb Code   108  main.o(i.main)
    massProduction                           0x08003549   Thumb Code   376  sim900.o(i.massProduction)
    openUsart1                               0x08003741   Thumb Code    62  hard_init.o(i.openUsart1)
    power_sim900                             0x08003785   Thumb Code   110  sim900.o(i.power_sim900)
    readImei                                 0x08003869   Thumb Code   144  sim900.o(i.readImei)
    read_cellid                              0x08003945   Thumb Code   172  sim900.o(i.read_cellid)
    read_cimi                                0x08003a3d   Thumb Code   158  sim900.o(i.read_cimi)
    read_csq                                 0x08003b1d   Thumb Code   122  sim900.o(i.read_csq)
    setReport                                0x08003bc1   Thumb Code   504  sim900.o(i.setReport)
    setSimApn                                0x08003df1   Thumb Code   280  sim900.o(i.setSimApn)
    setUsart1                                0x0800408d   Thumb Code    92  hard_init.o(i.setUsart1)
    showConfig                               0x080040ed   Thumb Code   458  sim900.o(i.showConfig)
    sim900_power_on                          0x08004561   Thumb Code    66  sim900.o(i.sim900_power_on)
    str2hex                                  0x080045c1   Thumb Code   128  mainfunc.o(i.str2hex)
    sysErrorHandle                           0x08004665   Thumb Code   108  hard_init.o(i.sysErrorHandle)
    tcpGetData                               0x080046fd   Thumb Code   588  iap.o(i.tcpGetData)
    tcpIap                                   0x08004b4d   Thumb Code   388  iap.o(i.tcpIap)
    tcpStart                                 0x08004ead   Thumb Code   438  iap.o(i.tcpStart)
    updateFlashConfig                        0x080051fd   Thumb Code   220  flash.o(i.updateFlashConfig)
    usartGetBrife                            0x0800533d   Thumb Code   352  iap.o(i.usartGetBrife)
    usartGetData                             0x080055c5   Thumb Code   482  iap.o(i.usartGetData)
    usartIap                                 0x08005851   Thumb Code   248  iap.o(i.usartIap)
    writeFlashCfg                            0x080059dd   Thumb Code   312  flash.o(i.writeFlashCfg)
    __ctype_table                            0x08006100   Data         129  ctype_o.o(.constdata)
    Region$$Table$$Base                      0x08006188   Number         0  anon$$obj.o(Region$$Table)
    Region$$Table$$Limit                     0x080061a8   Number         0  anon$$obj.o(Region$$Table)
    USART1_RX_buffer_count                   0x20000000   Data           4  sysdef.o(.data)
    USART2_RX_buffer_count                   0x20000004   Data           4  sysdef.o(.data)
    USART3_RX_buffer_count                   0x20000008   Data           4  sysdef.o(.data)
    UART4_RX_buffer_count                    0x2000000c   Data           4  sysdef.o(.data)
    UART5_RX_buffer_count                    0x20000010   Data           4  sysdef.o(.data)
    ISP_DIRECTION                            0x20000014   Data           4  sysdef.o(.data)
    BLUE_DIRECTION                           0x20000018   Data           4  sysdef.o(.data)
    BLUR_OBD                                 0x2000001c   Data           4  sysdef.o(.data)
    gps_data_value                           0x20000020   Data           4  stm32f10x_it.o(.data)
    USART3_DIRECTION                         0x20000024   Data           4  stm32f10x_it.o(.data)
    callFlag                                 0x20000028   Data           4  stm32f10x_it.o(.data)
    SYSTEM_PC_ERROR                          0x2000002c   Data           4  stm32f10x_it.o(.data)
    button_push_down                         0x20000030   Data           4  stm32f10x_it.o(.data)
    TIMER_COUNTER                            0x20000034   Data           4  stm32f10x_it.o(.data)
    blueToothCounter                         0x20000038   Data           4  stm32f10x_it.o(.data)
    feedDogCounter                           0x2000003c   Data           4  stm32f10x_it.o(.data)
    phone                                    0x2000005c   Data          44  sim900.o(.data)
    Jump_To_Application                      0x2000008c   Data           4  iap.o(.data)
    __stdout                                 0x20000090   Data           4  stdout.o(.data)
    USART1_RX_buffer                         0x20000098   Data        1300  sysdef.o(.bss)
    USART2_RX_buffer                         0x200005ac   Data        1300  sysdef.o(.bss)
    USART3_RX_buffer                         0x20000ac0   Data         300  sysdef.o(.bss)
    UART4_RX_buffer                          0x20000bec   Data         300  sysdef.o(.bss)
    UART5_RX_buffer                          0x20000d18   Data         300  sysdef.o(.bss)
    sysCfg                                   0x20000e44   Data         296  sysdef.o(.bss)
    obdHeader                                0x20000fe4   Data          20  mainfunc.o(.bss)
    gpsDataReport                            0x20000ff8   Data          36  mainfunc.o(.bss)
    socket                                   0x2000101c   Data          80  mainfunc.o(.bss)
    text                                     0x2000106c   Data         300  sim900.o(.bss)
    simState                                 0x20001198   Data          64  sim900.o(.bss)
    __initial_sp                             0x200039d8   Data           0  startup_stm32f10x_hd.o(STACK)



==============================================================================

Memory Map of the image

  Image Entry point : 0x08000131

  Load Region LR_IROM1 (Base: 0x08000000, Size: 0x00006240, Max: 0x00007800, ABSOLUTE)

    Execution Region ER_IROM1 (Base: 0x08000000, Size: 0x000061a8, Max: 0x00007800, ABSOLUTE)

    Base Addr    Size         Type   Attr      Idx    E Section Name        Object

    0x08000000   0x00000130   Data   RO         3305    RESET               startup_stm32f10x_hd.o
    0x08000130   0x00000000   Code   RO         3792  * .ARM.Collect$$$$00000000  mc_w.l(entry.o)(mc_w.l)
    0x08000130   0x00000004   Code   RO         4070    .ARM.Collect$$$$00000001  mc_w.l(entry2.o)(mc_w.l)
    0x08000134   0x00000004   Code   RO         4073    .ARM.Collect$$$$00000004  mc_w.l(entry5.o)(mc_w.l)
    0x08000138   0x00000008   Code   RO         4074    .ARM.Collect$$$$00000007  mc_w.l(entry7.o)(mc_w.l)
    0x08000140   0x00000004   Code   RO         4071    .ARM.Collect$$$$00002712  mc_w.l(entry2.o)(mc_w.l)
    0x08000144   0x00000020   Code   RO         3258    .emb_text           core_cm3.o
    0x08000164   0x00000024   Code   RO         3306    .text               startup_stm32f10x_hd.o
    0x08000188   0x00000024   Code   RO         3795    .text               mc_w.l(memcpya.o)(mc_w.l)
    0x080001ac   0x00000026   Code   RO         3797    .text               mc_w.l(memseta.o)(mc_w.l)
    0x080001d2   0x0000001c   Code   RO         3799    .text               mc_w.l(strcat.o)(mc_w.l)
    0x080001ee   0x0000002c   Code   RO         3801    .text               mc_w.l(strstr.o)(mc_w.l)
    0x0800021a   0x00000010   Code   RO         3803    .text               mc_w.l(strlen.o)(mc_w.l)
    0x0800022a   0x0000001a   Code   RO         4068    .text               mc_w.l(atoi.o)(mc_w.l)
    0x08000244   0x00000066   Code   RO         4078    .text               mc_w.l(uldiv.o)(mc_w.l)
    0x080002aa   0x00000070   Code   RO         4087    .text               mc_w.l(strtol.o)(mc_w.l)
    0x0800031a   0x00000002   PAD
    0x0800031c   0x00000024   Code   RO         4100    .text               mc_w.l(init.o)(mc_w.l)
    0x08000340   0x0000001e   Code   RO         4102    .text               mc_w.l(llshl.o)(mc_w.l)
    0x0800035e   0x00000020   Code   RO         4104    .text               mc_w.l(llushr.o)(mc_w.l)
    0x0800037e   0x00000002   PAD
    0x08000380   0x00000008   Code   RO         4108    .text               mc_w.l(ctype_o.o)(mc_w.l)
    0x08000388   0x0000009c   Code   RO         4136    .text               mc_w.l(_strtoul.o)(mc_w.l)
    0x08000424   0x00000020   Code   RO         4140    .text               mc_w.l(_chval.o)(mc_w.l)
    0x08000444   0x00000010   Code   RO         1047    i.BKP_ReadBackupRegister  stm32f10x_bkp.o
    0x08000454   0x00000010   Code   RO         1051    i.BKP_WriteBackupRegister  stm32f10x_bkp.o
    0x08000464   0x0000002c   Code   RO          112    i.BusFault_Handler  stm32f10x_it.o
    0x08000490   0x00000034   Code   RO          113    i.EXTI0_IRQHandler  stm32f10x_it.o
    0x080004c4   0x00000028   Code   RO          114    i.EXTI1_IRQHandler  stm32f10x_it.o
    0x080004ec   0x00000038   Code   RO          115    i.EXTI3_IRQHandler  stm32f10x_it.o
    0x08000524   0x00000002   Code   RO          116    i.EXTI9_5_IRQHandler  stm32f10x_it.o
    0x08000526   0x00000002   PAD
    0x08000528   0x0000000c   Code   RO         1565    i.EXTI_ClearITPendingBit  stm32f10x_exti.o
    0x08000534   0x000000a8   Code   RO         3310    i.EXTI_Configuration  hard_init.o
    0x080005dc   0x0000002c   Code   RO         1569    i.EXTI_GetITStatus  stm32f10x_exti.o
    0x08000608   0x000000ac   Code   RO         1570    i.EXTI_Init         stm32f10x_exti.o
    0x080006b4   0x0000000c   Code   RO          327    i.FLASH_ClearFlag   stm32f10x_flash.o
    0x080006c0   0x0000004c   Code   RO          332    i.FLASH_ErasePage   stm32f10x_flash.o
    0x0800070c   0x00000038   Code   RO          333    i.FLASH_GetBank1Status  stm32f10x_flash.o
    0x08000744   0x00000014   Code   RO          342    i.FLASH_Lock        stm32f10x_flash.o
    0x08000758   0x0000001c   Code   RO          344    i.FLASH_PrefetchBufferCmd  stm32f10x_flash.o
    0x08000774   0x00000064   Code   RO          347    i.FLASH_ProgramWord  stm32f10x_flash.o
    0x080007d8   0x00000018   Code   RO          349    i.FLASH_SetLatency  stm32f10x_flash.o
    0x080007f0   0x00000018   Code   RO          350    i.FLASH_Unlock      stm32f10x_flash.o
    0x08000808   0x00000026   Code   RO          354    i.FLASH_WaitForLastOperation  stm32f10x_flash.o
    0x0800082e   0x00000002   PAD
    0x08000830   0x000003d0   Code   RO         3311    i.GPIO_Configuration  hard_init.o
    0x08000c00   0x00000040   Code   RO          504    i.GPIO_EXTILineConfig  stm32f10x_gpio.o
    0x08000c40   0x00000112   Code   RO          507    i.GPIO_Init         stm32f10x_gpio.o
    0x08000d52   0x00000002   PAD
    0x08000d54   0x00000090   Code   RO          509    i.GPIO_PinRemapConfig  stm32f10x_gpio.o
    0x08000de4   0x00000012   Code   RO          511    i.GPIO_ReadInputDataBit  stm32f10x_gpio.o
    0x08000df6   0x0000000a   Code   RO          518    i.GPIO_WriteBit     stm32f10x_gpio.o
    0x08000e00   0x00000034   Code   RO          117    i.HardFault_Handler  stm32f10x_it.o
    0x08000e34   0x0000002c   Code   RO          118    i.MemManage_Handler  stm32f10x_it.o
    0x08000e60   0x00000028   Code   RO          119    i.NMI_Handler       stm32f10x_it.o
    0x08000e88   0x0000016c   Code   RO         3312    i.NVIC_Configuration  hard_init.o
    0x08000ff4   0x00000084   Code   RO          291    i.NVIC_Init         misc.o
    0x08001078   0x00000014   Code   RO          292    i.NVIC_PriorityGroupConfig  misc.o
    0x0800108c   0x0000002c   Code   RO          120    i.NVIC_SystemReset  stm32f10x_it.o
    0x080010b8   0x0000002c   Code   RO         3625    i.NVIC_SystemReset  iap.o
    0x080010e4   0x0000002c   Code   RO         3723    i.NVIC_SystemReset  flash.o
    0x08001110   0x0000002c   Code   RO          122    i.PendSV_Handler    stm32f10x_it.o
    0x0800113c   0x00000020   Code   RO          617    i.RCC_APB1PeriphClockCmd  stm32f10x_rcc.o
    0x0800115c   0x00000020   Code   RO          619    i.RCC_APB2PeriphClockCmd  stm32f10x_rcc.o
    0x0800117c   0x0000007c   Code   RO         3313    i.RCC_Configuration  hard_init.o
    0x080011f8   0x0000004c   Code   RO          626    i.RCC_DeInit        stm32f10x_rcc.o
    0x08001244   0x000000d4   Code   RO          627    i.RCC_GetClocksFreq  stm32f10x_rcc.o
    0x08001318   0x0000003c   Code   RO          628    i.RCC_GetFlagStatus  stm32f10x_rcc.o
    0x08001354   0x00000010   Code   RO          630    i.RCC_GetSYSCLKSource  stm32f10x_rcc.o
    0x08001364   0x00000018   Code   RO          631    i.RCC_HCLKConfig    stm32f10x_rcc.o
    0x0800137c   0x0000000c   Code   RO          633    i.RCC_HSICmd        stm32f10x_rcc.o
    0x08001388   0x00000018   Code   RO          638    i.RCC_PCLK1Config   stm32f10x_rcc.o
    0x080013a0   0x00000018   Code   RO          639    i.RCC_PCLK2Config   stm32f10x_rcc.o
    0x080013b8   0x0000000c   Code   RO          640    i.RCC_PLLCmd        stm32f10x_rcc.o
    0x080013c4   0x0000001c   Code   RO          641    i.RCC_PLLConfig     stm32f10x_rcc.o
    0x080013e0   0x00000018   Code   RO          644    i.RCC_SYSCLKConfig  stm32f10x_rcc.o
    0x080013f8   0x00000002   Code   RO          123    i.RTCAlarm_IRQHandler  stm32f10x_it.o
    0x080013fa   0x00000002   Code   RO          124    i.RTC_IRQHandler    stm32f10x_it.o
    0x080013fc   0x00000028   Code   RO          125    i.SVC_Handler       stm32f10x_it.o
    0x08001424   0x0000007c   Code   RO         3470    i.Send_AT_And_Wait  sim900.o
    0x080014a0   0x00000008   Code   RO         3269    i.SetSysClock       system_stm32f10x.o
    0x080014a8   0x000000c8   Code   RO         3270    i.SetSysClockTo72   system_stm32f10x.o
    0x08001570   0x00000002   Code   RO          126    i.SysTick_Handler   stm32f10x_it.o
    0x08001572   0x00000002   PAD
    0x08001574   0x00000060   Code   RO         3272    i.SystemInit        system_stm32f10x.o
    0x080015d4   0x00000002   Code   RO          127    i.TIM2_IRQHandler   stm32f10x_it.o
    0x080015d6   0x00000002   PAD
    0x080015d8   0x0000004c   Code   RO          128    i.TIM3_IRQHandler   stm32f10x_it.o
    0x08001624   0x00000018   Code   RO         2477    i.TIM_ARRPreloadConfig  stm32f10x_tim.o
    0x0800163c   0x00000006   Code   RO         2484    i.TIM_ClearITPendingBit  stm32f10x_tim.o
    0x08001642   0x00000018   Code   RO         2489    i.TIM_Cmd           stm32f10x_tim.o
    0x0800165a   0x00000002   PAD
    0x0800165c   0x0000004c   Code   RO         3315    i.TIM_Configuration  hard_init.o
    0x080016a8   0x00000022   Code   RO         2510    i.TIM_GetITStatus   stm32f10x_tim.o
    0x080016ca   0x00000018   Code   RO         2514    i.TIM_ITConfig      stm32f10x_tim.o
    0x080016e2   0x00000002   PAD
    0x080016e4   0x000000a4   Code   RO         2560    i.TIM_TimeBaseInit  stm32f10x_tim.o
    0x08001788   0x000000b4   Code   RO          129    i.UART4_IRQHandler  stm32f10x_it.o
    0x0800183c   0x00000064   Code   RO          130    i.UART5_IRQHandler  stm32f10x_it.o
    0x080018a0   0x00000070   Code   RO          131    i.USART1_IRQHandler  stm32f10x_it.o
    0x08001910   0x00000094   Code   RO          132    i.USART2_IRQHandler  stm32f10x_it.o
    0x080019a4   0x0000009c   Code   RO          133    i.USART3_IRQHandler  stm32f10x_it.o
    0x08001a40   0x00000012   Code   RO         3021    i.USART_ClearFlag   stm32f10x_usart.o
    0x08001a52   0x00000018   Code   RO         3025    i.USART_Cmd         stm32f10x_usart.o
    0x08001a6a   0x00000002   PAD
    0x08001a6c   0x000002a8   Code   RO         3316    i.USART_Configuration  hard_init.o
    0x08001d14   0x0000001a   Code   RO         3028    i.USART_GetFlagStatus  stm32f10x_usart.o
    0x08001d2e   0x00000054   Code   RO         3029    i.USART_GetITStatus  stm32f10x_usart.o
    0x08001d82   0x0000004a   Code   RO         3031    i.USART_ITConfig    stm32f10x_usart.o
    0x08001dcc   0x000000d8   Code   RO         3032    i.USART_Init        stm32f10x_usart.o
    0x08001ea4   0x0000000a   Code   RO         3039    i.USART_ReceiveData  stm32f10x_usart.o
    0x08001eae   0x00000008   Code   RO         3042    i.USART_SendData    stm32f10x_usart.o
    0x08001eb6   0x00000002   Code   RO          134    i.USB_LP_CAN1_RX0_IRQHandler  stm32f10x_it.o
    0x08001eb8   0x0000002c   Code   RO          135    i.UsageFault_Handler  stm32f10x_it.o
    0x08001ee4   0x000000a4   Code   RO         3724    i.WriteReadCheck    flash.o
    0x08001f88   0x00000020   Code   RO         4014    i.__0printf$8       mc_w.l(printf8.o)(mc_w.l)
    0x08001fa8   0x00000028   Code   RO         4016    i.__0sprintf$8      mc_w.l(printf8.o)(mc_w.l)
    0x08001fd0   0x00000008   Code   RO         4080    i.__aeabi_errno_addr  mc_w.l(errno.o)(mc_w.l)
    0x08001fd8   0x0000000e   Code   RO         4144    i.__scatterload_copy  mc_w.l(handlers.o)(mc_w.l)
    0x08001fe6   0x00000002   Code   RO         4145    i.__scatterload_null  mc_w.l(handlers.o)(mc_w.l)
    0x08001fe8   0x0000000e   Code   RO         4146    i.__scatterload_zeroinit  mc_w.l(handlers.o)(mc_w.l)
    0x08001ff6   0x00000002   PAD
    0x08001ff8   0x00000428   Code   RO         4021    i._printf_core      mc_w.l(printf8.o)(mc_w.l)
    0x08002420   0x00000026   Code   RO         4022    i._printf_post_padding  mc_w.l(printf8.o)(mc_w.l)
    0x08002446   0x0000002e   Code   RO         4023    i._printf_pre_padding  mc_w.l(printf8.o)(mc_w.l)
    0x08002474   0x0000000a   Code   RO         4025    i._sputc            mc_w.l(printf8.o)(mc_w.l)
    0x0800247e   0x00000002   PAD
    0x08002480   0x0000004c   Code   RO         3725    i.calBufCrc         flash.o
    0x080024cc   0x00000058   Code   RO         3726    i.calFlashCrc       flash.o
    0x08002524   0x00000074   Code   RO         3626    i.checkAppConfig    iap.o
    0x08002598   0x00000098   Code   RO         3627    i.checkAppCrc       iap.o
    0x08002630   0x000000b4   Code   RO         3628    i.checkAppState     iap.o
    0x080026e4   0x00000144   Code   RO         3409    i.checkConnectState  mainfunc.o
    0x08002828   0x00000098   Code   RO         3629    i.checkIapType      iap.o
    0x080028c0   0x000004d8   Code   RO         3412    i.dataSend          mainfunc.o
    0x08002d98   0x0000001a   Code   RO         3318    i.delay_ms          hard_init.o
    0x08002db2   0x00000002   PAD
    0x08002db4   0x00000384   Code   RO         3413    i.establishConnect  mainfunc.o
    0x08003138   0x00000018   Code   RO         3728    i.flashRead         flash.o
    0x08003150   0x00000006   Code   RO         3729    i.flashRollBack     flash.o
    0x08003156   0x00000002   PAD
    0x08003158   0x000000c8   Code   RO         3730    i.flashWrite        flash.o
    0x08003220   0x00000024   Code   RO          273    i.fputc             main.o
    0x08003244   0x00000028   Code   RO         3319    i.hardware_init     hard_init.o
    0x0800326c   0x00000002   Code   RO         3630    i.iapHardwareInit   iap.o
    0x0800326e   0x00000002   PAD
    0x08003270   0x00000220   Code   RO         3631    i.iapfunc           iap.o
    0x08003490   0x000000b8   Code   RO          274    i.main              main.o
    0x08003548   0x000001f8   Code   RO         3474    i.massProduction    sim900.o
    0x08003740   0x00000044   Code   RO         3321    i.openUsart1        hard_init.o
    0x08003784   0x000000e4   Code   RO         3476    i.power_sim900      sim900.o
    0x08003868   0x000000dc   Code   RO         3477    i.readImei          sim900.o
    0x08003944   0x000000f8   Code   RO         3478    i.read_cellid       sim900.o
    0x08003a3c   0x000000e0   Code   RO         3479    i.read_cimi         sim900.o
    0x08003b1c   0x000000a4   Code   RO         3480    i.read_csq          sim900.o
    0x08003bc0   0x00000230   Code   RO         3482    i.setReport         sim900.o
    0x08003df0   0x0000029c   Code   RO         3483    i.setSimApn         sim900.o
    0x0800408c   0x00000060   Code   RO         3322    i.setUsart1         hard_init.o
    0x080040ec   0x00000474   Code   RO         3484    i.showConfig        sim900.o
    0x08004560   0x00000060   Code   RO         3489    i.sim900_power_on   sim900.o
    0x080045c0   0x000000a4   Code   RO         3416    i.str2hex           mainfunc.o
    0x08004664   0x00000098   Code   RO         3323    i.sysErrorHandle    hard_init.o
    0x080046fc   0x00000450   Code   RO         3633    i.tcpGetData        iap.o
    0x08004b4c   0x00000360   Code   RO         3634    i.tcpIap            iap.o
    0x08004eac   0x00000350   Code   RO         3635    i.tcpStart          iap.o
    0x080051fc   0x00000140   Code   RO         3731    i.updateFlashConfig  flash.o
    0x0800533c   0x00000288   Code   RO         3636    i.usartGetBrife     iap.o
    0x080055c4   0x0000028c   Code   RO         3637    i.usartGetData      iap.o
    0x08005850   0x0000018c   Code   RO         3638    i.usartIap          iap.o
    0x080059dc   0x00000200   Code   RO         3732    i.writeFlashCfg     flash.o
    0x08005bdc   0x00000064   Data   RO         3493    .constdata          sim900.o
    0x08005c40   0x000000c0   Data   RO         3640    .constdata          iap.o
    0x08005d00   0x00000400   Data   RO         3733    .constdata          flash.o
    0x08006100   0x00000081   Data   RO         4109    .constdata          mc_w.l(ctype_o.o)(mc_w.l)
    0x08006181   0x00000003   PAD
    0x08006184   0x00000004   Data   RO         4110    .constdata          mc_w.l(ctype_o.o)(mc_w.l)
    0x08006188   0x00000020   Data   RO         4142    Region$$Table       anon$$obj.o


    Execution Region RW_IRAM1 (Base: 0x20000000, Size: 0x000039d8, Max: 0x0000c000, ABSOLUTE)

    Base Addr    Size         Type   Attr      Idx    E Section Name        Object

    0x20000000   0x00000020   Data   RW            2    .data               sysdef.o
    0x20000020   0x00000024   Data   RW          136    .data               stm32f10x_it.o
    0x20000044   0x00000014   Data   RW          647    .data               stm32f10x_rcc.o
    0x20000058   0x00000001   Data   RW         3418    .data               mainfunc.o
    0x20000059   0x00000003   PAD
    0x2000005c   0x00000030   Data   RW         3494    .data               sim900.o
    0x2000008c   0x00000004   Data   RW         3641    .data               iap.o
    0x20000090   0x00000004   Data   RW         4075    .data               mc_w.l(stdout.o)(mc_w.l)
    0x20000094   0x00000004   Data   RW         4083    .data               mc_w.l(errno.o)(mc_w.l)
    0x20000098   0x00000ed4   Zero   RW            1    .bss                sysdef.o
    0x20000f6c   0x00000100   Zero   RW         3417    .bss                mainfunc.o
    0x2000106c   0x0000016c   Zero   RW         3492    .bss                sim900.o
    0x200011d8   0x00000800   Zero   RW         3639    .bss                iap.o
    0x200019d8   0x00002000   Zero   RW         3303    STACK               startup_stm32f10x_hd.o


==============================================================================

Image component sizes


      Code (inc. data)   RO Data    RW Data    ZI Data      Debug   Object Name

        32          0          0          0          0          0   core_cm3.o
      1434        400       1024          0          0          0   flash.o
      2770        120          0          0          0          0   hard_init.o
      5702       2548        192          4       2048          0   iap.o
       220         80          0          0          0          0   main.o
      2628       1196          0          1        256          0   mainfunc.o
       152         24          0          0          0          0   misc.o
      4176       1692        100         48        364          0   sim900.o
        36          8        304          0       8192          0   startup_stm32f10x_hd.o
        32         10          0          0          0          0   stm32f10x_bkp.o
       228         28          0          0          0          0   stm32f10x_exti.o
       378         50          0          0          0          0   stm32f10x_flash.o
       510         10          0          0          0          0   stm32f10x_gpio.o
      1284        330          0         36          0          0   stm32f10x_it.o
       576         92          0         20          0          0   stm32f10x_rcc.o
       276         42          0          0          0          0   stm32f10x_tim.o
       460          6          0          0          0          0   stm32f10x_usart.o
         0          0          0         32       3796          0   sysdef.o
       304         26          0          0          0          0   system_stm32f10x.o

    ----------------------------------------------------------------------
     21220       6662       1652        144      14656          0   Object Totals
         0          0         32          0          0          0   (incl. Generated)
        22          0          0          3          0          0   (incl. Padding)

    ----------------------------------------------------------------------

      Code (inc. data)   RO Data    RW Data    ZI Data      Debug   Library Member Name

        32          0          0          0          0          0   _chval.o
       156          0          0          0          0          0   _strtoul.o
        26          0          0          0          0          0   atoi.o
         8          4        133          0          0          0   ctype_o.o
         0          0          0          0          0          0   entry.o
         8          4          0          0          0          0   entry2.o
         4          0          0          0          0          0   entry5.o
         8          4          0          0          0          0   entry7.o
         8          4          0          4          0          0   errno.o
        30          0          0          0          0          0   handlers.o
        36          8          0          0          0          0   init.o
        30          0          0          0          0          0   llshl.o
        32          0          0          0          0          0   llushr.o
        36          0          0          0          0          0   memcpya.o
        38          0          0          0          0          0   memseta.o
      1230         60          0          0          0          0   printf8.o
         0          0          0          4          0          0   stdout.o
        28          0          0          0          0          0   strcat.o
        16          0          0          0          0          0   strlen.o
        44          0          0          0          0          0   strstr.o
       112          0          0          0          0          0   strtol.o
       102          0          0          0          0          0   uldiv.o

    ----------------------------------------------------------------------
      1992         84        136          8          0          0   Library Totals
         8          0          3          0          0          0   (incl. Padding)

    ----------------------------------------------------------------------

      Code (inc. data)   RO Data    RW Data    ZI Data      Debug   Library Name

      1984         84        133          8          0       1656   mc_w.l

    ----------------------------------------------------------------------
      1992         84        136          8          0          0   Library Totals

    ----------------------------------------------------------------------

==============================================================================


      Code (inc. data)   RO Data    RW Data    ZI Data      Debug   

     23212       6746       1788        152      14656     364732   Grand Totals
     23212       6746       1788        152      14656     364732   ELF Image Totals
     23212       6746       1788        152          0          0   ROM Totals

==============================================================================

    Total RO  Size (Code + RO Data)                25000 (  24.41kB)
    Total RW  Size (RW Data + ZI Data)             14808 (  14.46kB)
    Total ROM Size (Code + RO Data + RW Data)      25152 (  24.56kB)

==============================================================================

