<html>
<body>
<pre>
<h1>礦ision Build Log</h1>
<h2>Project:</h2>
D:\work\code\OBD-V3\MDK-ARM\Project.uvproj
Project File Date:  05/27/2012

<h2>Output:</h2>
Build target 'OBD'
compiling sysdef.c...
compiling stm32f10x_it.c...
compiling main.c...
src\main.c(53): warning:  #223-D: function "flashRead" declared implicitly
src\main.c:     flashRead(IAP_PARAMETER,(uint8_t *)&sysCfg,sizeof(FLASH_CONFIG));
src\main.c:     ^
src\main.c(54): warning:  #223-D: function "showConfig" declared implicitly
src\main.c:     showConfig(&sysCfg);
src\main.c:     ^
src\main.c: src\main.c: 2 warnings, 0 errors
compiling blueTooth.c...
src\blueTooth.c(83): warning:  #167-D: argument of type "int8_t *" is incompatible with parameter of type "char *restrict"
src\blueTooth.c:        sprintf(blueCmd,"AT+NAME%s\r\n",sysCfg.blueConfig.name);
src\blueTooth.c:                ^
src\blueTooth.c(85): warning:  #167-D: argument of type "int8_t *" is incompatible with parameter of type "char *"
src\blueTooth.c:        if(blueAtAndWait(blueCmd,"OK",500) < 0 ){
src\blueTooth.c:                         ^
src\blueTooth.c(91): warning:  #167-D: argument of type "int8_t *" is incompatible with parameter of type "char *restrict"
src\blueTooth.c:        sprintf(blueCmd,"AT+PIN%s\r\n",sysCfg.blueConfig.password);
src\blueTooth.c:                ^
src\blueTooth.c(93): warning:  #167-D: argument of type "int8_t *" is incompatible with parameter of type "char *"
src\blueTooth.c:        if(blueAtAndWait(blueCmd,"OK",500) < 0 ){
src\blueTooth.c:                         ^
src\blueTooth.c(148): warning:  #111-D: statement is unreachable
src\blueTooth.c:                blueAtAndWait("AT+VERSION\r\n","OK",500);
src\blueTooth.c:                ^
src\blueTooth.c: src\blueTooth.c: 5 warnings, 0 errors
compiling fifo.c...
compiling flash.c...
src\flash.c(150): warning:  #177-D: variable "i" was declared but never referenced
src\flash.c:    int i = 0;
src\flash.c:        ^
src\flash.c(359): warning:  #69-D: integer conversion resulted in truncation
src\flash.c:    updateFlash.crc = calBufCrc(p + 2,sizeof(FLASH_CONFIG)-2);
src\flash.c:                                      ^
src\flash.c(362): warning:  #69-D: integer conversion resulted in truncation
src\flash.c:    if(writeFlashCfg(IAP_PARAMETER,SYS_PARAMETER,p,sizeof(FLASH_CONFIG),calBufCrc(p,sizeof(FLASH_CONFIG))) < 0){
src\flash.c:                                                                                    ^
src\flash.c(373): warning:  #223-D: function "showConfig" declared implicitly
src\flash.c:            showConfig(&updateFlash);
src\flash.c:            ^
src\flash.c(340): warning:  #177-D: variable "i" was declared but never referenced
src\flash.c:    int i = 0;
src\flash.c:        ^
src\flash.c: src\flash.c: 5 warnings, 0 errors
compiling flashFifo.c...
compiling gps.c...
compiling hard_init.c...
compiling mainfunc.c...
src\mainfunc.c(41): warning:  #167-D: argument of type "int8_t *" is incompatible with parameter of type "char *restrict"
src\mainfunc.c:         strcat(socket.ipUrl,"in.phonewingstech.com");
src\mainfunc.c:                ^
src\mainfunc.c(36): warning:  #177-D: variable "temp" was declared but never referenced
src\mainfunc.c:         int8_t temp[20];
src\mainfunc.c:                ^
src\mainfunc.c(167): warning:  #167-D: argument of type "uint8_t *" is incompatible with parameter of type "char *restrict"
src\mainfunc.c:                 sprintf(socketCmd,"AT+MIPOPEN=%d,%d,\"%s\",%d,%d\r",socket.socketNum,socket.localPort,socket.ipUrl,socket.desPort,socket.udpTcp);
src\mainfunc.c:                         ^
src\mainfunc.c(169): warning:  #167-D: argument of type "uint8_t *" is incompatible with parameter of type "char *restrict"
src\mainfunc.c:                 sprintf(socketState,"+MIPOPEN: %d,%d",socket.socketNum,1);
src\mainfunc.c:                         ^
src\mainfunc.c(236): warning:  #167-D: argument of type "uint8_t *" is incompatible with parameter of type "char *"
src\mainfunc.c:                                 Send_AT_And_Wait(socketCmd,socketState,2000);
src\mainfunc.c:                                                  ^
src\mainfunc.c(236): warning:  #167-D: argument of type "uint8_t *" is incompatible with parameter of type "char *"
src\mainfunc.c:                                 Send_AT_And_Wait(socketCmd,socketState,2000);
src\mainfunc.c:                                                            ^
src\mainfunc.c(648): warning:  #167-D: argument of type "int8_t *" is incompatible with parameter of type "char *restrict"
src\mainfunc.c:                 sprintf(tmp,"%2X",(uint8_t)(src[i]));
src\mainfunc.c:                         ^
src\mainfunc.c(658): warning:  #167-D: argument of type "int8_t *" is incompatible with parameter of type "char *restrict"
src\mainfunc.c:                 strcat(des,tmp);
src\mainfunc.c:                        ^
src\mainfunc.c(658): warning:  #167-D: argument of type "int8_t *" is incompatible with parameter of type "const char *restrict"
src\mainfunc.c:                 strcat(des,tmp);
src\mainfunc.c:                            ^
src\mainfunc.c(632): warning:  #177-D: variable "temp" was declared but never referenced
src\mainfunc.c:         int8_t tmp[2],temp = '0';
src\mainfunc.c:                       ^
src\mainfunc.c(699): warning:  #167-D: argument of type "int8_t *" is incompatible with parameter of type "char *"
src\mainfunc.c:         obdHeader.MSG_CRC = getCrc(pointer,length);
src\mainfunc.c:                                    ^
src\mainfunc.c(674): warning:  #177-D: variable "i" was declared but never referenced
src\mainfunc.c:         uint16_t i = 0;
src\mainfunc.c:                  ^
src\mainfunc.c(786): warning:  #167-D: argument of type "int8_t *" is incompatible with parameter of type "const char *"
src\mainfunc.c:                 dataLength = str2hex((int8_t *)pointer,length,sendBuf+strlen(sendBuf)) + dataLength;
src\mainfunc.c:                                                                              ^
src\mainfunc.c(795): warning:  #167-D: argument of type "int8_t *" is incompatible with parameter of type "char *restrict"
src\mainfunc.c:         sprintf(setSocket,"AT+MIPSETS=1,%d,500\r",dataLength/2 +1);
src\mainfunc.c:                 ^
src\mainfunc.c(798): warning:  #167-D: argument of type "int8_t *" is incompatible with parameter of type "char *"
src\mainfunc.c:         Send_AT_And_Wait(setSocket,"OK",500); 
src\mainfunc.c:                          ^
src\mainfunc.c(806): warning:  #167-D: argument of type "int8_t *" is incompatible with parameter of type "char *restrict"
src\mainfunc.c:         sprintf(sendCmd,"AT+MIPSEND=%d,\"",socket.socketNum);
src\mainfunc.c:                 ^
src\mainfunc.c(821): warning:  #167-D: argument of type "int8_t *" is incompatible with parameter of type "const char *"
src\mainfunc.c:         printf("\r\ncmd:%d  buf:%d  data:%d\r\n",strlen(sendCmd),strlen(sendBuf),dataLength); 
src\mainfunc.c:                                                         ^
src\mainfunc.c(821): warning:  #167-D: argument of type "int8_t *" is incompatible with parameter of type "const char *"
src\mainfunc.c:         printf("\r\ncmd:%d  buf:%d  data:%d\r\n",strlen(sendCmd),strlen(sendBuf),dataLength); 
src\mainfunc.c:                                                                         ^
src\mainfunc.c(827): warning:  #167-D: argument of type "int8_t *" is incompatible with parameter of type "const char *"
src\mainfunc.c:         for(i=0;i<strlen(sendCmd);i++)//cmd
src\mainfunc.c:                          ^
src\mainfunc.c: src\mainfunc.c: 19 warnings, 0 errors
compiling OBD.c...
src\OBD.c(222): warning:  #550-D: variable "psi" was set but never used
src\OBD.c:      float kpa, psi;
src\OBD.c:                 ^
src\OBD.c(233): warning:  #550-D: variable "psi" was set but never used
src\OBD.c:      float psi;
src\OBD.c:            ^
src\OBD.c(315): warning:  #550-D: variable "f" was set but never used
src\OBD.c:      float c,f;
src\OBD.c:              ^
src\OBD.c(350): warning:  #550-D: variable "f" was set but never used
src\OBD.c:      int c,f;
src\OBD.c:            ^
src\OBD.c: src\OBD.c: 4 warnings, 0 errors
compiling sanyData.c...
compiling sim900.c...
src\sim900.c(382): warning:  #111-D: statement is unreachable
src\sim900.c:           TIM_Cmd(TIM3, ENABLE);
src\sim900.c:           ^
src\sim900.c(300): warning:  #177-D: variable "j" was declared but never referenced
src\sim900.c:           int j=0;
src\sim900.c:               ^
src\sim900.c(301): warning:  #177-D: variable "temp" was declared but never referenced
src\sim900.c:           char *temp;
src\sim900.c:                 ^
src\sim900.c(700): warning:  #167-D: argument of type "int8_t *" is incompatible with parameter of type "unsigned char *"
src\sim900.c:           uint16_t crc = calBufCrc(net.ipUrl-2,sizeof(SOCKET)-2);
src\sim900.c:                                    ^
src\sim900.c(718): warning:  #167-D: argument of type "int8_t *" is incompatible with parameter of type "unsigned char *"
src\sim900.c:           uint16_t crc = calBufCrc(net.ipUrl-2,sizeof(SOCKET)-2);
src\sim900.c:                                    ^
src\sim900.c(754): warning:  #513-D: a value of type "char *" cannot be assigned to an entity of type "int8_t *"
src\sim900.c:           p=strstr(SIM_BUF,"OK");
src\sim900.c:            ^
src\sim900.c(824): warning:  #167-D: argument of type "uint8_t *" is incompatible with parameter of type "const char *"
src\sim900.c:                   iap.desPort = atoi(port);
src\sim900.c:                                      ^
src\sim900.c(839): warning:  #167-D: argument of type "uint8_t *" is incompatible with parameter of type "const char *"
src\sim900.c:                   net.desPort = atoi(port);
src\sim900.c:                                      ^
src\sim900.c(859): warning:  #167-D: argument of type "uint8_t *" is incompatible with parameter of type "const char *"
src\sim900.c:                   blue.baudrate = atoi(port);
src\sim900.c:                                        ^
src\sim900.c(875): warning:  #167-D: argument of type "int8_t *" is incompatible with parameter of type "unsigned char *"
src\sim900.c:           iap.crc = calBufCrc(iap.ipUrl-2,sizeof(SOCKET)-2);
src\sim900.c:                               ^
src\sim900.c(881): warning:  #167-D: argument of type "int8_t *" is incompatible with parameter of type "unsigned char *"
src\sim900.c:           net.crc = calBufCrc(net.ipUrl-2,sizeof(SOCKET)-2);
src\sim900.c:                               ^
src\sim900.c(889): warning:  #167-D: argument of type "char *" is incompatible with parameter of type "unsigned char *"
src\sim900.c:           blue.crc = calBufCrc((char *)(&(blue.crc)) + 2,sizeof(SOCKET)-2);
src\sim900.c:                                ^
src\sim900.c(784): warning:  #177-D: variable "type" was declared but never referenced
src\sim900.c:           int type = 0;
src\sim900.c:               ^
src\sim900.c(785): warning:  #550-D: variable "devId" was set but never used
src\sim900.c:           uint8_t devId[20];
src\sim900.c:                   ^
src\sim900.c(925): warning:  #177-D: variable "q" was declared but never referenced
src\sim900.c:           char *q = (char *)p;
src\sim900.c:                 ^
src\sim900.c(1024): error:  #20: identifier "OK" is undefined
src\sim900.c:           Send_AT_And_Wait("",OK,500);
src\sim900.c:                               ^
src\sim900.c: src\sim900.c: 15 warnings, 1 error
compiling rtc.c...
compiling at45db161d.c...
compiling crc.c...
compiling iap.c...
src\iap.c(82): warning:  #167-D: argument of type "int8_t *" is incompatible with parameter of type "char *restrict"
src\iap.c:      strcat(net.ipUrl,"in.phonewingstech.com");
src\iap.c:             ^
src\iap.c(79): warning:  #177-D: variable "iapDate" was declared but never referenced
src\iap.c:      IAP_DATA  *iapDate;
src\iap.c:                 ^
src\iap.c(186): warning:  #175-D: subscript out of range
src\iap.c:      iapGet.crc = calBufCrc(iapGet.start + 6 , sizeof(IAP_GET)-6);
src\iap.c:                                          ^
src\iap.c(188): warning:  #167-D: argument of type "uint8_t *" is incompatible with parameter of type "char *"
src\iap.c:      dataSend(iapGet.start , sizeof(IAP_GET),0,0,0,net,0); //发送数据，不尝试在发送中重新建立连接，错误即退出，重新获取数据信息
src\iap.c:               ^
src\iap.c(190): warning:  #513-D: a value of type "char *" cannot be assigned to an entity of type "int8_t *"
src\iap.c:      pointer = strstr(SIM_BUF,"****");
src\iap.c:              ^
src\iap.c(198): warning:  #175-D: subscript out of range
src\iap.c:              if(iapData->crc == calBufCrc(iapData->start + 6,sizeof(IAP_BRIFE)-6)){                  
src\iap.c:                                                          ^
src\iap.c(200): warning:  #513-D: a value of type "uint8_t *" cannot be assigned to an entity of type "int8_t *"
src\iap.c:                      pointer = (uint8_t *)(&(iapData->packetCrc)) +2;
src\iap.c:                              ^
src\iap.c(201): warning:  #167-D: argument of type "int8_t *" is incompatible with parameter of type "uint8_t *"
src\iap.c:                      if(WriteReadCheck(address,pointer,iapData->packetLength,iapData->packetCrc) < 0 ){                              
src\iap.c:                                                ^
src\iap.c(225): warning:  #940-D: missing return statement at end of non-void function "tcpGetData"
src\iap.c:   }
src\iap.c:   ^
src\iap.c(264): warning:  #167-D: argument of type "uint8_t *" is incompatible with parameter of type "char *"
src\iap.c:      dataSend(iapStart.start,sizeof(IAP_START),0,0,0,net,1);
src\iap.c:               ^
src\iap.c(392): warning:  #167-D: argument of type "int8_t *" is incompatible with parameter of type "char *restrict"
src\iap.c:      strcat(sysCfg.iapConfig.ipUrl,"in.phonewingstech.com");
src\iap.c:             ^
src\iap.c(397): warning:  #167-D: argument of type "int8_t *" is incompatible with parameter of type "unsigned char *"
src\iap.c:      sysCfg.iapConfig.crc = calBufCrc(sysCfg.iapConfig.ipUrl-2,sizeof(SOCKET)-2);
src\iap.c:                                       ^
src\iap.c(400): warning:  #167-D: argument of type "int8_t *" is incompatible with parameter of type "char *restrict"
src\iap.c:      strcat(sysCfg.netConfig.ipUrl,"in.phonewingstech.com");
src\iap.c:             ^
src\iap.c(405): warning:  #167-D: argument of type "int8_t *" is incompatible with parameter of type "unsigned char *"
src\iap.c:      sysCfg.netConfig.crc = calBufCrc(sysCfg.netConfig.ipUrl-2,sizeof(SOCKET)-2);
src\iap.c:                                       ^
src\iap.c(409): warning:  #167-D: argument of type "uint8_t *" is incompatible with parameter of type "char *restrict"
src\iap.c:      strcat(sysCfg.blueConfig.name,"OBD_2");
src\iap.c:             ^
src\iap.c(410): warning:  #167-D: argument of type "uint8_t *" is incompatible with parameter of type "char *restrict"
src\iap.c:      strcat(sysCfg.blueConfig.password,"0000"); 
src\iap.c:             ^
src\iap.c(432): warning:  #175-D: subscript out of range
src\iap.c:      sysCfg.iapBrife.crc = calBufCrc(sysCfg.iapBrife.start+4,sizeof(IAP_BRIFE)-4);
src\iap.c:                                                           ^
src\iap.c: src\iap.c: 17 warnings, 0 errors
Target not created
Build target 'OBD'
compiling main.c...
src\main.c(53): warning:  #223-D: function "flashRead" declared implicitly
src\main.c:     flashRead(IAP_PARAMETER,(uint8_t *)&sysCfg,sizeof(FLASH_CONFIG));
src\main.c:     ^
src\main.c(54): warning:  #223-D: function "showConfig" declared implicitly
src\main.c:     showConfig(&sysCfg);
src\main.c:     ^
src\main.c: src\main.c: 2 warnings, 0 errors
compiling mainfunc.c...
src\mainfunc.c(36): warning:  #177-D: variable "temp" was declared but never referenced
src\mainfunc.c:         int8_t temp[20];
src\mainfunc.c:                ^
src\mainfunc.c(168): warning:  #167-D: argument of type "uint8_t *" is incompatible with parameter of type "char *restrict"
src\mainfunc.c:                 sprintf(socketCmd,"AT+MIPOPEN=%d,%d,\"%s\",%d,%d\r",socket.socketNum,socket.localPort,socket.ipUrl,socket.desPort,socket.udpTcp);
src\mainfunc.c:                         ^
src\mainfunc.c(170): warning:  #167-D: argument of type "uint8_t *" is incompatible with parameter of type "char *restrict"
src\mainfunc.c:                 sprintf(socketState,"+MIPOPEN: %d,%d",socket.socketNum,1);
src\mainfunc.c:                         ^
src\mainfunc.c(237): warning:  #167-D: argument of type "uint8_t *" is incompatible with parameter of type "char *"
src\mainfunc.c:                                 Send_AT_And_Wait(socketCmd,socketState,2000);
src\mainfunc.c:                                                  ^
src\mainfunc.c(237): warning:  #167-D: argument of type "uint8_t *" is incompatible with parameter of type "char *"
src\mainfunc.c:                                 Send_AT_And_Wait(socketCmd,socketState,2000);
src\mainfunc.c:                                                            ^
src\mainfunc.c(649): warning:  #167-D: argument of type "int8_t *" is incompatible with parameter of type "char *restrict"
src\mainfunc.c:                 sprintf(tmp,"%2X",(uint8_t)(src[i]));
src\mainfunc.c:                         ^
src\mainfunc.c(659): warning:  #167-D: argument of type "int8_t *" is incompatible with parameter of type "char *restrict"
src\mainfunc.c:                 strcat(des,tmp);
src\mainfunc.c:                        ^
src\mainfunc.c(659): warning:  #167-D: argument of type "int8_t *" is incompatible with parameter of type "const char *restrict"
src\mainfunc.c:                 strcat(des,tmp);
src\mainfunc.c:                            ^
src\mainfunc.c(633): warning:  #177-D: variable "temp" was declared but never referenced
src\mainfunc.c:         int8_t tmp[2],temp = '0';
src\mainfunc.c:                       ^
src\mainfunc.c(700): warning:  #167-D: argument of type "int8_t *" is incompatible with parameter of type "char *"
src\mainfunc.c:         obdHeader.MSG_CRC = getCrc(pointer,length);
src\mainfunc.c:                                    ^
src\mainfunc.c(675): warning:  #177-D: variable "i" was declared but never referenced
src\mainfunc.c:         uint16_t i = 0;
src\mainfunc.c:                  ^
src\mainfunc.c(787): warning:  #167-D: argument of type "int8_t *" is incompatible with parameter of type "const char *"
src\mainfunc.c:                 dataLength = str2hex((int8_t *)pointer,length,sendBuf+strlen(sendBuf)) + dataLength;
src\mainfunc.c:                                                                              ^
src\mainfunc.c(796): warning:  #167-D: argument of type "int8_t *" is incompatible with parameter of type "char *restrict"
src\mainfunc.c:         sprintf(setSocket,"AT+MIPSETS=1,%d,500\r",dataLength/2 +1);
src\mainfunc.c:                 ^
src\mainfunc.c(799): warning:  #167-D: argument of type "int8_t *" is incompatible with parameter of type "char *"
src\mainfunc.c:         Send_AT_And_Wait(setSocket,"OK",500); 
src\mainfunc.c:                          ^
src\mainfunc.c(807): warning:  #167-D: argument of type "int8_t *" is incompatible with parameter of type "char *restrict"
src\mainfunc.c:         sprintf(sendCmd,"AT+MIPSEND=%d,\"",socket.socketNum);
src\mainfunc.c:                 ^
src\mainfunc.c(822): warning:  #167-D: argument of type "int8_t *" is incompatible with parameter of type "const char *"
src\mainfunc.c:         printf("\r\ncmd:%d  buf:%d  data:%d\r\n",strlen(sendCmd),strlen(sendBuf),dataLength); 
src\mainfunc.c:                                                         ^
src\mainfunc.c(822): warning:  #167-D: argument of type "int8_t *" is incompatible with parameter of type "const char *"
src\mainfunc.c:         printf("\r\ncmd:%d  buf:%d  data:%d\r\n",strlen(sendCmd),strlen(sendBuf),dataLength); 
src\mainfunc.c:                                                                         ^
src\mainfunc.c(828): warning:  #167-D: argument of type "int8_t *" is incompatible with parameter of type "const char *"
src\mainfunc.c:         for(i=0;i<strlen(sendCmd);i++)//cmd
src\mainfunc.c:                          ^
src\mainfunc.c: src\mainfunc.c: 18 warnings, 0 errors
compiling sim900.c...
src\sim900.c(382): warning:  #111-D: statement is unreachable
src\sim900.c:           TIM_Cmd(TIM3, ENABLE);
src\sim900.c:           ^
src\sim900.c(300): warning:  #177-D: variable "j" was declared but never referenced
src\sim900.c:           int j=0;
src\sim900.c:               ^
src\sim900.c(301): warning:  #177-D: variable "temp" was declared but never referenced
src\sim900.c:           char *temp;
src\sim900.c:                 ^
src\sim900.c(700): warning:  #167-D: argument of type "int8_t *" is incompatible with parameter of type "unsigned char *"
src\sim900.c:           uint16_t crc = calBufCrc(net.ipUrl-2,sizeof(SOCKET)-2);
src\sim900.c:                                    ^
src\sim900.c(718): warning:  #167-D: argument of type "int8_t *" is incompatible with parameter of type "unsigned char *"
src\sim900.c:           uint16_t crc = calBufCrc(net.ipUrl-2,sizeof(SOCKET)-2);
src\sim900.c:                                    ^
src\sim900.c(754): warning:  #513-D: a value of type "char *" cannot be assigned to an entity of type "int8_t *"
src\sim900.c:           p=strstr(SIM_BUF,"OK");
src\sim900.c:            ^
src\sim900.c(824): warning:  #167-D: argument of type "uint8_t *" is incompatible with parameter of type "const char *"
src\sim900.c:                   iap.desPort = atoi(port);
src\sim900.c:                                      ^
src\sim900.c(839): warning:  #167-D: argument of type "uint8_t *" is incompatible with parameter of type "const char *"
src\sim900.c:                   net.desPort = atoi(port);
src\sim900.c:                                      ^
src\sim900.c(859): warning:  #167-D: argument of type "uint8_t *" is incompatible with parameter of type "const char *"
src\sim900.c:                   blue.baudrate = atoi(port);
src\sim900.c:                                        ^
src\sim900.c(875): warning:  #167-D: argument of type "int8_t *" is incompatible with parameter of type "unsigned char *"
src\sim900.c:           iap.crc = calBufCrc(iap.ipUrl-2,sizeof(SOCKET)-2);
src\sim900.c:                               ^
src\sim900.c(881): warning:  #167-D: argument of type "int8_t *" is incompatible with parameter of type "unsigned char *"
src\sim900.c:           net.crc = calBufCrc(net.ipUrl-2,sizeof(SOCKET)-2);
src\sim900.c:                               ^
src\sim900.c(889): warning:  #167-D: argument of type "char *" is incompatible with parameter of type "unsigned char *"
src\sim900.c:           blue.crc = calBufCrc((char *)(&(blue.crc)) + 2,sizeof(SOCKET)-2);
src\sim900.c:                                ^
src\sim900.c(784): warning:  #177-D: variable "type" was declared but never referenced
src\sim900.c:           int type = 0;
src\sim900.c:               ^
src\sim900.c(785): warning:  #550-D: variable "devId" was set but never used
src\sim900.c:           uint8_t devId[20];
src\sim900.c:                   ^
src\sim900.c(925): warning:  #177-D: variable "q" was declared but never referenced
src\sim900.c:           char *q = (char *)p;
src\sim900.c:                 ^
src\sim900.c(1024): error:  #20: identifier "OK" is undefined
src\sim900.c:           Send_AT_And_Wait("AT+CMGL\r",OK,500);
src\sim900.c:                                        ^
src\sim900.c: src\sim900.c: 15 warnings, 1 error
Target not created
Build target 'OBD'
compiling mainfunc.c...
src\mainfunc.c(77): error:  #136: struct "<unnamed>" has no field "netConig"
src\mainfunc.c:                 if(establishConnect(&sysCfg.netConig) == 0){
src\mainfunc.c:                                             ^
src\mainfunc.c(36): warning:  #177-D: variable "temp" was declared but never referenced
src\mainfunc.c:         int8_t temp[20];
src\mainfunc.c:                ^
src\mainfunc.c(168): warning:  #167-D: argument of type "uint8_t *" is incompatible with parameter of type "char *restrict"
src\mainfunc.c:                 sprintf(socketCmd,"AT+MIPOPEN=%d,%d,\"%s\",%d,%d\r",socket.socketNum,socket.localPort,socket.ipUrl,socket.desPort,socket.udpTcp);
src\mainfunc.c:                         ^
src\mainfunc.c(170): warning:  #167-D: argument of type "uint8_t *" is incompatible with parameter of type "char *restrict"
src\mainfunc.c:                 sprintf(socketState,"+MIPOPEN: %d,%d",socket.socketNum,1);
src\mainfunc.c:                         ^
src\mainfunc.c(237): warning:  #167-D: argument of type "uint8_t *" is incompatible with parameter of type "char *"
src\mainfunc.c:                                 Send_AT_And_Wait(socketCmd,socketState,2000);
src\mainfunc.c:                                                  ^
src\mainfunc.c(237): warning:  #167-D: argument of type "uint8_t *" is incompatible with parameter of type "char *"
src\mainfunc.c:                                 Send_AT_And_Wait(socketCmd,socketState,2000);
src\mainfunc.c:                                                            ^
src\mainfunc.c(649): warning:  #167-D: argument of type "int8_t *" is incompatible with parameter of type "char *restrict"
src\mainfunc.c:                 sprintf(tmp,"%2X",(uint8_t)(src[i]));
src\mainfunc.c:                         ^
src\mainfunc.c(659): warning:  #167-D: argument of type "int8_t *" is incompatible with parameter of type "char *restrict"
src\mainfunc.c:                 strcat(des,tmp);
src\mainfunc.c:                        ^
src\mainfunc.c(659): warning:  #167-D: argument of type "int8_t *" is incompatible with parameter of type "const char *restrict"
src\mainfunc.c:                 strcat(des,tmp);
src\mainfunc.c:                            ^
src\mainfunc.c(633): warning:  #177-D: variable "temp" was declared but never referenced
src\mainfunc.c:         int8_t tmp[2],temp = '0';
src\mainfunc.c:                       ^
src\mainfunc.c(700): warning:  #167-D: argument of type "int8_t *" is incompatible with parameter of type "char *"
src\mainfunc.c:         obdHeader.MSG_CRC = getCrc(pointer,length);
src\mainfunc.c:                                    ^
src\mainfunc.c(675): warning:  #177-D: variable "i" was declared but never referenced
src\mainfunc.c:         uint16_t i = 0;
src\mainfunc.c:                  ^
src\mainfunc.c(787): warning:  #167-D: argument of type "int8_t *" is incompatible with parameter of type "const char *"
src\mainfunc.c:                 dataLength = str2hex((int8_t *)pointer,length,sendBuf+strlen(sendBuf)) + dataLength;
src\mainfunc.c:                                                                              ^
src\mainfunc.c(796): warning:  #167-D: argument of type "int8_t *" is incompatible with parameter of type "char *restrict"
src\mainfunc.c:         sprintf(setSocket,"AT+MIPSETS=1,%d,500\r",dataLength/2 +1);
src\mainfunc.c:                 ^
src\mainfunc.c(799): warning:  #167-D: argument of type "int8_t *" is incompatible with parameter of type "char *"
src\mainfunc.c:         Send_AT_And_Wait(setSocket,"OK",500); 
src\mainfunc.c:                          ^
src\mainfunc.c(807): warning:  #167-D: argument of type "int8_t *" is incompatible with parameter of type "char *restrict"
src\mainfunc.c:         sprintf(sendCmd,"AT+MIPSEND=%d,\"",socket.socketNum);
src\mainfunc.c:                 ^
src\mainfunc.c(822): warning:  #167-D: argument of type "int8_t *" is incompatible with parameter of type "const char *"
src\mainfunc.c:         printf("\r\ncmd:%d  buf:%d  data:%d\r\n",strlen(sendCmd),strlen(sendBuf),dataLength); 
src\mainfunc.c:                                                         ^
src\mainfunc.c(822): warning:  #167-D: argument of type "int8_t *" is incompatible with parameter of type "const char *"
src\mainfunc.c:         printf("\r\ncmd:%d  buf:%d  data:%d\r\n",strlen(sendCmd),strlen(sendBuf),dataLength); 
src\mainfunc.c:                                                                         ^
src\mainfunc.c(828): warning:  #167-D: argument of type "int8_t *" is incompatible with parameter of type "const char *"
src\mainfunc.c:         for(i=0;i<strlen(sendCmd);i++)//cmd
src\mainfunc.c:                          ^
src\mainfunc.c: src\mainfunc.c: 18 warnings, 1 error
compiling sim900.c...
src\sim900.c(382): warning:  #111-D: statement is unreachable
src\sim900.c:           TIM_Cmd(TIM3, ENABLE);
src\sim900.c:           ^
src\sim900.c(300): warning:  #177-D: variable "j" was declared but never referenced
src\sim900.c:           int j=0;
src\sim900.c:               ^
src\sim900.c(301): warning:  #177-D: variable "temp" was declared but never referenced
src\sim900.c:           char *temp;
src\sim900.c:                 ^
src\sim900.c(700): warning:  #167-D: argument of type "int8_t *" is incompatible with parameter of type "unsigned char *"
src\sim900.c:           uint16_t crc = calBufCrc(net.ipUrl-2,sizeof(SOCKET)-2);
src\sim900.c:                                    ^
src\sim900.c(718): warning:  #167-D: argument of type "int8_t *" is incompatible with parameter of type "unsigned char *"
src\sim900.c:           uint16_t crc = calBufCrc(net.ipUrl-2,sizeof(SOCKET)-2);
src\sim900.c:                                    ^
src\sim900.c(754): warning:  #513-D: a value of type "char *" cannot be assigned to an entity of type "int8_t *"
src\sim900.c:           p=strstr(SIM_BUF,"OK");
src\sim900.c:            ^
src\sim900.c(824): warning:  #167-D: argument of type "uint8_t *" is incompatible with parameter of type "const char *"
src\sim900.c:                   iap.desPort = atoi(port);
src\sim900.c:                                      ^
src\sim900.c(839): warning:  #167-D: argument of type "uint8_t *" is incompatible with parameter of type "const char *"
src\sim900.c:                   net.desPort = atoi(port);
src\sim900.c:                                      ^
src\sim900.c(859): warning:  #167-D: argument of type "uint8_t *" is incompatible with parameter of type "const char *"
src\sim900.c:                   blue.baudrate = atoi(port);
src\sim900.c:                                        ^
src\sim900.c(875): warning:  #167-D: argument of type "int8_t *" is incompatible with parameter of type "unsigned char *"
src\sim900.c:           iap.crc = calBufCrc(iap.ipUrl-2,sizeof(SOCKET)-2);
src\sim900.c:                               ^
src\sim900.c(881): warning:  #167-D: argument of type "int8_t *" is incompatible with parameter of type "unsigned char *"
src\sim900.c:           net.crc = calBufCrc(net.ipUrl-2,sizeof(SOCKET)-2);
src\sim900.c:                               ^
src\sim900.c(889): warning:  #167-D: argument of type "char *" is incompatible with parameter of type "unsigned char *"
src\sim900.c:           blue.crc = calBufCrc((char *)(&(blue.crc)) + 2,sizeof(SOCKET)-2);
src\sim900.c:                                ^
src\sim900.c(784): warning:  #177-D: variable "type" was declared but never referenced
src\sim900.c:           int type = 0;
src\sim900.c:               ^
src\sim900.c(785): warning:  #550-D: variable "devId" was set but never used
src\sim900.c:           uint8_t devId[20];
src\sim900.c:                   ^
src\sim900.c(925): warning:  #177-D: variable "q" was declared but never referenced
src\sim900.c:           char *q = (char *)p;
src\sim900.c:                 ^
src\sim900.c(1024): error:  #20: identifier "OK" is undefined
src\sim900.c:           Send_AT_And_Wait("AT+CMGL\r",OK,500);
src\sim900.c:                                        ^
src\sim900.c: src\sim900.c: 15 warnings, 1 error
Target not created
Build target 'OBD'
compiling mainfunc.c...
src\mainfunc.c(77): error:  #136: struct "<unnamed>" has no field "netConig"
src\mainfunc.c:                 if(establishConnect(&sysCfg.netConig) == 0){
src\mainfunc.c:                                             ^
src\mainfunc.c(36): warning:  #177-D: variable "temp" was declared but never referenced
src\mainfunc.c:         int8_t temp[20];
src\mainfunc.c:                ^
src\mainfunc.c(168): warning:  #167-D: argument of type "uint8_t *" is incompatible with parameter of type "char *restrict"
src\mainfunc.c:                 sprintf(socketCmd,"AT+MIPOPEN=%d,%d,\"%s\",%d,%d\r",socket.socketNum,socket.localPort,socket.ipUrl,socket.desPort,socket.udpTcp);
src\mainfunc.c:                         ^
src\mainfunc.c(170): warning:  #167-D: argument of type "uint8_t *" is incompatible with parameter of type "char *restrict"
src\mainfunc.c:                 sprintf(socketState,"+MIPOPEN: %d,%d",socket.socketNum,1);
src\mainfunc.c:                         ^
src\mainfunc.c(237): warning:  #167-D: argument of type "uint8_t *" is incompatible with parameter of type "char *"
src\mainfunc.c:                                 Send_AT_And_Wait(socketCmd,socketState,2000);
src\mainfunc.c:                                                  ^
src\mainfunc.c(237): warning:  #167-D: argument of type "uint8_t *" is incompatible with parameter of type "char *"
src\mainfunc.c:                                 Send_AT_And_Wait(socketCmd,socketState,2000);
src\mainfunc.c:                                                            ^
src\mainfunc.c(649): warning:  #167-D: argument of type "int8_t *" is incompatible with parameter of type "char *restrict"
src\mainfunc.c:                 sprintf(tmp,"%2X",(uint8_t)(src[i]));
src\mainfunc.c:                         ^
src\mainfunc.c(659): warning:  #167-D: argument of type "int8_t *" is incompatible with parameter of type "char *restrict"
src\mainfunc.c:                 strcat(des,tmp);
src\mainfunc.c:                        ^
src\mainfunc.c(659): warning:  #167-D: argument of type "int8_t *" is incompatible with parameter of type "const char *restrict"
src\mainfunc.c:                 strcat(des,tmp);
src\mainfunc.c:                            ^
src\mainfunc.c(633): warning:  #177-D: variable "temp" was declared but never referenced
src\mainfunc.c:         int8_t tmp[2],temp = '0';
src\mainfunc.c:                       ^
src\mainfunc.c(700): warning:  #167-D: argument of type "int8_t *" is incompatible with parameter of type "char *"
src\mainfunc.c:         obdHeader.MSG_CRC = getCrc(pointer,length);
src\mainfunc.c:                                    ^
src\mainfunc.c(675): warning:  #177-D: variable "i" was declared but never referenced
src\mainfunc.c:         uint16_t i = 0;
src\mainfunc.c:                  ^
src\mainfunc.c(787): warning:  #167-D: argument of type "int8_t *" is incompatible with parameter of type "const char *"
src\mainfunc.c:                 dataLength = str2hex((int8_t *)pointer,length,sendBuf+strlen(sendBuf)) + dataLength;
src\mainfunc.c:                                                                              ^
src\mainfunc.c(796): warning:  #167-D: argument of type "int8_t *" is incompatible with parameter of type "char *restrict"
src\mainfunc.c:         sprintf(setSocket,"AT+MIPSETS=1,%d,500\r",dataLength/2 +1);
src\mainfunc.c:                 ^
src\mainfunc.c(799): warning:  #167-D: argument of type "int8_t *" is incompatible with parameter of type "char *"
src\mainfunc.c:         Send_AT_And_Wait(setSocket,"OK",500); 
src\mainfunc.c:                          ^
src\mainfunc.c(807): warning:  #167-D: argument of type "int8_t *" is incompatible with parameter of type "char *restrict"
src\mainfunc.c:         sprintf(sendCmd,"AT+MIPSEND=%d,\"",socket.socketNum);
src\mainfunc.c:                 ^
src\mainfunc.c(822): warning:  #167-D: argument of type "int8_t *" is incompatible with parameter of type "const char *"
src\mainfunc.c:         printf("\r\ncmd:%d  buf:%d  data:%d\r\n",strlen(sendCmd),strlen(sendBuf),dataLength); 
src\mainfunc.c:                                                         ^
src\mainfunc.c(822): warning:  #167-D: argument of type "int8_t *" is incompatible with parameter of type "const char *"
src\mainfunc.c:         printf("\r\ncmd:%d  buf:%d  data:%d\r\n",strlen(sendCmd),strlen(sendBuf),dataLength); 
src\mainfunc.c:                                                                         ^
src\mainfunc.c(828): warning:  #167-D: argument of type "int8_t *" is incompatible with parameter of type "const char *"
src\mainfunc.c:         for(i=0;i<strlen(sendCmd);i++)//cmd
src\mainfunc.c:                          ^
src\mainfunc.c: src\mainfunc.c: 18 warnings, 1 error
compiling sim900.c...
src\sim900.c(382): warning:  #111-D: statement is unreachable
src\sim900.c:           TIM_Cmd(TIM3, ENABLE);
src\sim900.c:           ^
src\sim900.c(300): warning:  #177-D: variable "j" was declared but never referenced
src\sim900.c:           int j=0;
src\sim900.c:               ^
src\sim900.c(301): warning:  #177-D: variable "temp" was declared but never referenced
src\sim900.c:           char *temp;
src\sim900.c:                 ^
src\sim900.c(700): warning:  #167-D: argument of type "int8_t *" is incompatible with parameter of type "unsigned char *"
src\sim900.c:           uint16_t crc = calBufCrc(net.ipUrl-2,sizeof(SOCKET)-2);
src\sim900.c:                                    ^
src\sim900.c(718): warning:  #167-D: argument of type "int8_t *" is incompatible with parameter of type "unsigned char *"
src\sim900.c:           uint16_t crc = calBufCrc(net.ipUrl-2,sizeof(SOCKET)-2);
src\sim900.c:                                    ^
src\sim900.c(754): warning:  #513-D: a value of type "char *" cannot be assigned to an entity of type "int8_t *"
src\sim900.c:           p=strstr(SIM_BUF,"OK");
src\sim900.c:            ^
src\sim900.c(824): warning:  #167-D: argument of type "uint8_t *" is incompatible with parameter of type "const char *"
src\sim900.c:                   iap.desPort = atoi(port);
src\sim900.c:                                      ^
src\sim900.c(839): warning:  #167-D: argument of type "uint8_t *" is incompatible with parameter of type "const char *"
src\sim900.c:                   net.desPort = atoi(port);
src\sim900.c:                                      ^
src\sim900.c(859): warning:  #167-D: argument of type "uint8_t *" is incompatible with parameter of type "const char *"
src\sim900.c:                   blue.baudrate = atoi(port);
src\sim900.c:                                        ^
src\sim900.c(875): warning:  #167-D: argument of type "int8_t *" is incompatible with parameter of type "unsigned char *"
src\sim900.c:           iap.crc = calBufCrc(iap.ipUrl-2,sizeof(SOCKET)-2);
src\sim900.c:                               ^
src\sim900.c(881): warning:  #167-D: argument of type "int8_t *" is incompatible with parameter of type "unsigned char *"
src\sim900.c:           net.crc = calBufCrc(net.ipUrl-2,sizeof(SOCKET)-2);
src\sim900.c:                               ^
src\sim900.c(889): warning:  #167-D: argument of type "char *" is incompatible with parameter of type "unsigned char *"
src\sim900.c:           blue.crc = calBufCrc((char *)(&(blue.crc)) + 2,sizeof(SOCKET)-2);
src\sim900.c:                                ^
src\sim900.c(784): warning:  #177-D: variable "type" was declared but never referenced
src\sim900.c:           int type = 0;
src\sim900.c:               ^
src\sim900.c(785): warning:  #550-D: variable "devId" was set but never used
src\sim900.c:           uint8_t devId[20];
src\sim900.c:                   ^
src\sim900.c(925): warning:  #177-D: variable "q" was declared but never referenced
src\sim900.c:           char *q = (char *)p;
src\sim900.c:                 ^
src\sim900.c(1024): error:  #20: identifier "OK" is undefined
src\sim900.c:           Send_AT_And_Wait("AT+CMGL\r",OK,500);
src\sim900.c:                                        ^
src\sim900.c: src\sim900.c: 15 warnings, 1 error
Target not created
Build target 'OBD'
compiling mainfunc.c...
src\mainfunc.c(77): error:  #136: struct "<unnamed>" has no field "netConig"
src\mainfunc.c:                 if(establishConnect(&sysCfg.netConig) == 0){
src\mainfunc.c:                                             ^
src\mainfunc.c(36): warning:  #177-D: variable "temp" was declared but never referenced
src\mainfunc.c:         int8_t temp[20];
src\mainfunc.c:                ^
src\mainfunc.c(168): warning:  #167-D: argument of type "uint8_t *" is incompatible with parameter of type "char *restrict"
src\mainfunc.c:                 sprintf(socketCmd,"AT+MIPOPEN=%d,%d,\"%s\",%d,%d\r",socket.socketNum,socket.localPort,socket.ipUrl,socket.desPort,socket.udpTcp);
src\mainfunc.c:                         ^
src\mainfunc.c(170): warning:  #167-D: argument of type "uint8_t *" is incompatible with parameter of type "char *restrict"
src\mainfunc.c:                 sprintf(socketState,"+MIPOPEN: %d,%d",socket.socketNum,1);
src\mainfunc.c:                         ^
src\mainfunc.c(237): warning:  #167-D: argument of type "uint8_t *" is incompatible with parameter of type "char *"
src\mainfunc.c:                                 Send_AT_And_Wait(socketCmd,socketState,2000);
src\mainfunc.c:                                                  ^
src\mainfunc.c(237): warning:  #167-D: argument of type "uint8_t *" is incompatible with parameter of type "char *"
src\mainfunc.c:                                 Send_AT_And_Wait(socketCmd,socketState,2000);
src\mainfunc.c:                                                            ^
src\mainfunc.c(649): warning:  #167-D: argument of type "int8_t *" is incompatible with parameter of type "char *restrict"
src\mainfunc.c:                 sprintf(tmp,"%2X",(uint8_t)(src[i]));
src\mainfunc.c:                         ^
src\mainfunc.c(659): warning:  #167-D: argument of type "int8_t *" is incompatible with parameter of type "char *restrict"
src\mainfunc.c:                 strcat(des,tmp);
src\mainfunc.c:                        ^
src\mainfunc.c(659): warning:  #167-D: argument of type "int8_t *" is incompatible with parameter of type "const char *restrict"
src\mainfunc.c:                 strcat(des,tmp);
src\mainfunc.c:                            ^
src\mainfunc.c(633): warning:  #177-D: variable "temp" was declared but never referenced
src\mainfunc.c:         int8_t tmp[2],temp = '0';
src\mainfunc.c:                       ^
src\mainfunc.c(700): warning:  #167-D: argument of type "int8_t *" is incompatible with parameter of type "char *"
src\mainfunc.c:         obdHeader.MSG_CRC = getCrc(pointer,length);
src\mainfunc.c:                                    ^
src\mainfunc.c(675): warning:  #177-D: variable "i" was declared but never referenced
src\mainfunc.c:         uint16_t i = 0;
src\mainfunc.c:                  ^
src\mainfunc.c(787): warning:  #167-D: argument of type "int8_t *" is incompatible with parameter of type "const char *"
src\mainfunc.c:                 dataLength = str2hex((int8_t *)pointer,length,sendBuf+strlen(sendBuf)) + dataLength;
src\mainfunc.c:                                                                              ^
src\mainfunc.c(796): warning:  #167-D: argument of type "int8_t *" is incompatible with parameter of type "char *restrict"
src\mainfunc.c:         sprintf(setSocket,"AT+MIPSETS=1,%d,500\r",dataLength/2 +1);
src\mainfunc.c:                 ^
src\mainfunc.c(799): warning:  #167-D: argument of type "int8_t *" is incompatible with parameter of type "char *"
src\mainfunc.c:         Send_AT_And_Wait(setSocket,"OK",500); 
src\mainfunc.c:                          ^
src\mainfunc.c(807): warning:  #167-D: argument of type "int8_t *" is incompatible with parameter of type "char *restrict"
src\mainfunc.c:         sprintf(sendCmd,"AT+MIPSEND=%d,\"",socket.socketNum);
src\mainfunc.c:                 ^
src\mainfunc.c(822): warning:  #167-D: argument of type "int8_t *" is incompatible with parameter of type "const char *"
src\mainfunc.c:         printf("\r\ncmd:%d  buf:%d  data:%d\r\n",strlen(sendCmd),strlen(sendBuf),dataLength); 
src\mainfunc.c:                                                         ^
src\mainfunc.c(822): warning:  #167-D: argument of type "int8_t *" is incompatible with parameter of type "const char *"
src\mainfunc.c:         printf("\r\ncmd:%d  buf:%d  data:%d\r\n",strlen(sendCmd),strlen(sendBuf),dataLength); 
src\mainfunc.c:                                                                         ^
src\mainfunc.c(828): warning:  #167-D: argument of type "int8_t *" is incompatible with parameter of type "const char *"
src\mainfunc.c:         for(i=0;i<strlen(sendCmd);i++)//cmd
src\mainfunc.c:                          ^
src\mainfunc.c: src\mainfunc.c: 18 warnings, 1 error
compiling sim900.c...
src\sim900.c(382): warning:  #111-D: statement is unreachable
src\sim900.c:           TIM_Cmd(TIM3, ENABLE);
src\sim900.c:           ^
src\sim900.c(300): warning:  #177-D: variable "j" was declared but never referenced
src\sim900.c:           int j=0;
src\sim900.c:               ^
src\sim900.c(301): warning:  #177-D: variable "temp" was declared but never referenced
src\sim900.c:           char *temp;
src\sim900.c:                 ^
src\sim900.c(700): warning:  #167-D: argument of type "int8_t *" is incompatible with parameter of type "unsigned char *"
src\sim900.c:           uint16_t crc = calBufCrc(net.ipUrl-2,sizeof(SOCKET)-2);
src\sim900.c:                                    ^
src\sim900.c(718): warning:  #167-D: argument of type "int8_t *" is incompatible with parameter of type "unsigned char *"
src\sim900.c:           uint16_t crc = calBufCrc(net.ipUrl-2,sizeof(SOCKET)-2);
src\sim900.c:                                    ^
src\sim900.c(754): warning:  #513-D: a value of type "char *" cannot be assigned to an entity of type "int8_t *"
src\sim900.c:           p=strstr(SIM_BUF,"OK");
src\sim900.c:            ^
src\sim900.c(824): warning:  #167-D: argument of type "uint8_t *" is incompatible with parameter of type "const char *"
src\sim900.c:                   iap.desPort = atoi(port);
src\sim900.c:                                      ^
src\sim900.c(839): warning:  #167-D: argument of type "uint8_t *" is incompatible with parameter of type "const char *"
src\sim900.c:                   net.desPort = atoi(port);
src\sim900.c:                                      ^
src\sim900.c(859): warning:  #167-D: argument of type "uint8_t *" is incompatible with parameter of type "const char *"
src\sim900.c:                   blue.baudrate = atoi(port);
src\sim900.c:                                        ^
src\sim900.c(875): warning:  #167-D: argument of type "int8_t *" is incompatible with parameter of type "unsigned char *"
src\sim900.c:           iap.crc = calBufCrc(iap.ipUrl-2,sizeof(SOCKET)-2);
src\sim900.c:                               ^
src\sim900.c(881): warning:  #167-D: argument of type "int8_t *" is incompatible with parameter of type "unsigned char *"
src\sim900.c:           net.crc = calBufCrc(net.ipUrl-2,sizeof(SOCKET)-2);
src\sim900.c:                               ^
src\sim900.c(889): warning:  #167-D: argument of type "char *" is incompatible with parameter of type "unsigned char *"
src\sim900.c:           blue.crc = calBufCrc((char *)(&(blue.crc)) + 2,sizeof(SOCKET)-2);
src\sim900.c:                                ^
src\sim900.c(784): warning:  #177-D: variable "type" was declared but never referenced
src\sim900.c:           int type = 0;
src\sim900.c:               ^
src\sim900.c(785): warning:  #550-D: variable "devId" was set but never used
src\sim900.c:           uint8_t devId[20];
src\sim900.c:                   ^
src\sim900.c(925): warning:  #177-D: variable "q" was declared but never referenced
src\sim900.c:           char *q = (char *)p;
src\sim900.c:                 ^
src\sim900.c: src\sim900.c: 15 warnings, 0 errors
Target not created
Build target 'OBD'
compiling mainfunc.c...
src\mainfunc.c(77): error:  #136: struct "<unnamed>" has no field "netConig"
src\mainfunc.c:                 if(establishConnect(&sysCfg.netConig) == 0){
src\mainfunc.c:                                             ^
src\mainfunc.c(36): warning:  #177-D: variable "temp" was declared but never referenced
src\mainfunc.c:         int8_t temp[20];
src\mainfunc.c:                ^
src\mainfunc.c(168): warning:  #167-D: argument of type "uint8_t *" is incompatible with parameter of type "char *restrict"
src\mainfunc.c:                 sprintf(socketCmd,"AT+MIPOPEN=%d,%d,\"%s\",%d,%d\r",socket.socketNum,socket.localPort,socket.ipUrl,socket.desPort,socket.udpTcp);
src\mainfunc.c:                         ^
src\mainfunc.c(170): warning:  #167-D: argument of type "uint8_t *" is incompatible with parameter of type "char *restrict"
src\mainfunc.c:                 sprintf(socketState,"+MIPOPEN: %d,%d",socket.socketNum,1);
src\mainfunc.c:                         ^
src\mainfunc.c(237): warning:  #167-D: argument of type "uint8_t *" is incompatible with parameter of type "char *"
src\mainfunc.c:                                 Send_AT_And_Wait(socketCmd,socketState,2000);
src\mainfunc.c:                                                  ^
src\mainfunc.c(237): warning:  #167-D: argument of type "uint8_t *" is incompatible with parameter of type "char *"
src\mainfunc.c:                                 Send_AT_And_Wait(socketCmd,socketState,2000);
src\mainfunc.c:                                                            ^
src\mainfunc.c(649): warning:  #167-D: argument of type "int8_t *" is incompatible with parameter of type "char *restrict"
src\mainfunc.c:                 sprintf(tmp,"%2X",(uint8_t)(src[i]));
src\mainfunc.c:                         ^
src\mainfunc.c(659): warning:  #167-D: argument of type "int8_t *" is incompatible with parameter of type "char *restrict"
src\mainfunc.c:                 strcat(des,tmp);
src\mainfunc.c:                        ^
src\mainfunc.c(659): warning:  #167-D: argument of type "int8_t *" is incompatible with parameter of type "const char *restrict"
src\mainfunc.c:                 strcat(des,tmp);
src\mainfunc.c:                            ^
src\mainfunc.c(633): warning:  #177-D: variable "temp" was declared but never referenced
src\mainfunc.c:         int8_t tmp[2],temp = '0';
src\mainfunc.c:                       ^
src\mainfunc.c(700): warning:  #167-D: argument of type "int8_t *" is incompatible with parameter of type "char *"
src\mainfunc.c:         obdHeader.MSG_CRC = getCrc(pointer,length);
src\mainfunc.c:                                    ^
src\mainfunc.c(675): warning:  #177-D: variable "i" was declared but never referenced
src\mainfunc.c:         uint16_t i = 0;
src\mainfunc.c:                  ^
src\mainfunc.c(787): warning:  #167-D: argument of type "int8_t *" is incompatible with parameter of type "const char *"
src\mainfunc.c:                 dataLength = str2hex((int8_t *)pointer,length,sendBuf+strlen(sendBuf)) + dataLength;
src\mainfunc.c:                                                                              ^
src\mainfunc.c(796): warning:  #167-D: argument of type "int8_t *" is incompatible with parameter of type "char *restrict"
src\mainfunc.c:         sprintf(setSocket,"AT+MIPSETS=1,%d,500\r",dataLength/2 +1);
src\mainfunc.c:                 ^
src\mainfunc.c(799): warning:  #167-D: argument of type "int8_t *" is incompatible with parameter of type "char *"
src\mainfunc.c:         Send_AT_And_Wait(setSocket,"OK",500); 
src\mainfunc.c:                          ^
src\mainfunc.c(807): warning:  #167-D: argument of type "int8_t *" is incompatible with parameter of type "char *restrict"
src\mainfunc.c:         sprintf(sendCmd,"AT+MIPSEND=%d,\"",socket.socketNum);
src\mainfunc.c:                 ^
src\mainfunc.c(822): warning:  #167-D: argument of type "int8_t *" is incompatible with parameter of type "const char *"
src\mainfunc.c:         printf("\r\ncmd:%d  buf:%d  data:%d\r\n",strlen(sendCmd),strlen(sendBuf),dataLength); 
src\mainfunc.c:                                                         ^
src\mainfunc.c(822): warning:  #167-D: argument of type "int8_t *" is incompatible with parameter of type "const char *"
src\mainfunc.c:         printf("\r\ncmd:%d  buf:%d  data:%d\r\n",strlen(sendCmd),strlen(sendBuf),dataLength); 
src\mainfunc.c:                                                                         ^
src\mainfunc.c(828): warning:  #167-D: argument of type "int8_t *" is incompatible with parameter of type "const char *"
src\mainfunc.c:         for(i=0;i<strlen(sendCmd);i++)//cmd
src\mainfunc.c:                          ^
src\mainfunc.c: src\mainfunc.c: 18 warnings, 1 error
Target not created
Build target 'OBD'
compiling mainfunc.c...
src\mainfunc.c(77): error:  #167: argument of type "SOCKET *" is incompatible with parameter of type "SOCKET"
src\mainfunc.c:                 if(establishConnect(&sysCfg.netConfig) == 0){
src\mainfunc.c:                                     ^
src\mainfunc.c(36): warning:  #177-D: variable "temp" was declared but never referenced
src\mainfunc.c:         int8_t temp[20];
src\mainfunc.c:                ^
src\mainfunc.c(168): warning:  #167-D: argument of type "uint8_t *" is incompatible with parameter of type "char *restrict"
src\mainfunc.c:                 sprintf(socketCmd,"AT+MIPOPEN=%d,%d,\"%s\",%d,%d\r",socket.socketNum,socket.localPort,socket.ipUrl,socket.desPort,socket.udpTcp);
src\mainfunc.c:                         ^
src\mainfunc.c(170): warning:  #167-D: argument of type "uint8_t *" is incompatible with parameter of type "char *restrict"
src\mainfunc.c:                 sprintf(socketState,"+MIPOPEN: %d,%d",socket.socketNum,1);
src\mainfunc.c:                         ^
src\mainfunc.c(237): warning:  #167-D: argument of type "uint8_t *" is incompatible with parameter of type "char *"
src\mainfunc.c:                                 Send_AT_And_Wait(socketCmd,socketState,2000);
src\mainfunc.c:                                                  ^
src\mainfunc.c(237): warning:  #167-D: argument of type "uint8_t *" is incompatible with parameter of type "char *"
src\mainfunc.c:                                 Send_AT_And_Wait(socketCmd,socketState,2000);
src\mainfunc.c:                                                            ^
src\mainfunc.c(649): warning:  #167-D: argument of type "int8_t *" is incompatible with parameter of type "char *restrict"
src\mainfunc.c:                 sprintf(tmp,"%2X",(uint8_t)(src[i]));
src\mainfunc.c:                         ^
src\mainfunc.c(659): warning:  #167-D: argument of type "int8_t *" is incompatible with parameter of type "char *restrict"
src\mainfunc.c:                 strcat(des,tmp);
src\mainfunc.c:                        ^
src\mainfunc.c(659): warning:  #167-D: argument of type "int8_t *" is incompatible with parameter of type "const char *restrict"
src\mainfunc.c:                 strcat(des,tmp);
src\mainfunc.c:                            ^
src\mainfunc.c(633): warning:  #177-D: variable "temp" was declared but never referenced
src\mainfunc.c:         int8_t tmp[2],temp = '0';
src\mainfunc.c:                       ^
src\mainfunc.c(700): warning:  #167-D: argument of type "int8_t *" is incompatible with parameter of type "char *"
src\mainfunc.c:         obdHeader.MSG_CRC = getCrc(pointer,length);
src\mainfunc.c:                                    ^
src\mainfunc.c(675): warning:  #177-D: variable "i" was declared but never referenced
src\mainfunc.c:         uint16_t i = 0;
src\mainfunc.c:                  ^
src\mainfunc.c(787): warning:  #167-D: argument of type "int8_t *" is incompatible with parameter of type "const char *"
src\mainfunc.c:                 dataLength = str2hex((int8_t *)pointer,length,sendBuf+strlen(sendBuf)) + dataLength;
src\mainfunc.c:                                                                              ^
src\mainfunc.c(796): warning:  #167-D: argument of type "int8_t *" is incompatible with parameter of type "char *restrict"
src\mainfunc.c:         sprintf(setSocket,"AT+MIPSETS=1,%d,500\r",dataLength/2 +1);
src\mainfunc.c:                 ^
src\mainfunc.c(799): warning:  #167-D: argument of type "int8_t *" is incompatible with parameter of type "char *"
src\mainfunc.c:         Send_AT_And_Wait(setSocket,"OK",500); 
src\mainfunc.c:                          ^
src\mainfunc.c(807): warning:  #167-D: argument of type "int8_t *" is incompatible with parameter of type "char *restrict"
src\mainfunc.c:         sprintf(sendCmd,"AT+MIPSEND=%d,\"",socket.socketNum);
src\mainfunc.c:                 ^
src\mainfunc.c(822): warning:  #167-D: argument of type "int8_t *" is incompatible with parameter of type "const char *"
src\mainfunc.c:         printf("\r\ncmd:%d  buf:%d  data:%d\r\n",strlen(sendCmd),strlen(sendBuf),dataLength); 
src\mainfunc.c:                                                         ^
src\mainfunc.c(822): warning:  #167-D: argument of type "int8_t *" is incompatible with parameter of type "const char *"
src\mainfunc.c:         printf("\r\ncmd:%d  buf:%d  data:%d\r\n",strlen(sendCmd),strlen(sendBuf),dataLength); 
src\mainfunc.c:                                                                         ^
src\mainfunc.c(828): warning:  #167-D: argument of type "int8_t *" is incompatible with parameter of type "const char *"
src\mainfunc.c:         for(i=0;i<strlen(sendCmd);i++)//cmd
src\mainfunc.c:                          ^
src\mainfunc.c: src\mainfunc.c: 18 warnings, 1 error
Target not created
Build target 'OBD'
compiling mainfunc.c...
src\mainfunc.c(77): error:  #167: argument of type "SOCKET *" is incompatible with parameter of type "SOCKET"
src\mainfunc.c:                 if(establishConnect(&sysCfg.netConfig) == 0){
src\mainfunc.c:                                     ^
src\mainfunc.c(36): warning:  #177-D: variable "temp" was declared but never referenced
src\mainfunc.c:         int8_t temp[20];
src\mainfunc.c:                ^
src\mainfunc.c(168): warning:  #167-D: argument of type "uint8_t *" is incompatible with parameter of type "char *restrict"
src\mainfunc.c:                 sprintf(socketCmd,"AT+MIPOPEN=%d,%d,\"%s\",%d,%d\r",socket.socketNum,socket.localPort,socket.ipUrl,socket.desPort,socket.udpTcp);
src\mainfunc.c:                         ^
src\mainfunc.c(170): warning:  #167-D: argument of type "uint8_t *" is incompatible with parameter of type "char *restrict"
src\mainfunc.c:                 sprintf(socketState,"+MIPOPEN: %d,%d",socket.socketNum,1);
src\mainfunc.c:                         ^
src\mainfunc.c(237): warning:  #167-D: argument of type "uint8_t *" is incompatible with parameter of type "char *"
src\mainfunc.c:                                 Send_AT_And_Wait(socketCmd,socketState,2000);
src\mainfunc.c:                                                  ^
src\mainfunc.c(237): warning:  #167-D: argument of type "uint8_t *" is incompatible with parameter of type "char *"
src\mainfunc.c:                                 Send_AT_And_Wait(socketCmd,socketState,2000);
src\mainfunc.c:                                                            ^
src\mainfunc.c(649): warning:  #167-D: argument of type "int8_t *" is incompatible with parameter of type "char *restrict"
src\mainfunc.c:                 sprintf(tmp,"%2X",(uint8_t)(src[i]));
src\mainfunc.c:                         ^
src\mainfunc.c(659): warning:  #167-D: argument of type "int8_t *" is incompatible with parameter of type "char *restrict"
src\mainfunc.c:                 strcat(des,tmp);
src\mainfunc.c:                        ^
src\mainfunc.c(659): warning:  #167-D: argument of type "int8_t *" is incompatible with parameter of type "const char *restrict"
src\mainfunc.c:                 strcat(des,tmp);
src\mainfunc.c:                            ^
src\mainfunc.c(633): warning:  #177-D: variable "temp" was declared but never referenced
src\mainfunc.c:         int8_t tmp[2],temp = '0';
src\mainfunc.c:                       ^
src\mainfunc.c(700): warning:  #167-D: argument of type "int8_t *" is incompatible with parameter of type "char *"
src\mainfunc.c:         obdHeader.MSG_CRC = getCrc(pointer,length);
src\mainfunc.c:                                    ^
src\mainfunc.c(675): warning:  #177-D: variable "i" was declared but never referenced
src\mainfunc.c:         uint16_t i = 0;
src\mainfunc.c:                  ^
src\mainfunc.c(787): warning:  #167-D: argument of type "int8_t *" is incompatible with parameter of type "const char *"
src\mainfunc.c:                 dataLength = str2hex((int8_t *)pointer,length,sendBuf+strlen(sendBuf)) + dataLength;
src\mainfunc.c:                                                                              ^
src\mainfunc.c(796): warning:  #167-D: argument of type "int8_t *" is incompatible with parameter of type "char *restrict"
src\mainfunc.c:         sprintf(setSocket,"AT+MIPSETS=1,%d,500\r",dataLength/2 +1);
src\mainfunc.c:                 ^
src\mainfunc.c(799): warning:  #167-D: argument of type "int8_t *" is incompatible with parameter of type "char *"
src\mainfunc.c:         Send_AT_And_Wait(setSocket,"OK",500); 
src\mainfunc.c:                          ^
src\mainfunc.c(807): warning:  #167-D: argument of type "int8_t *" is incompatible with parameter of type "char *restrict"
src\mainfunc.c:         sprintf(sendCmd,"AT+MIPSEND=%d,\"",socket.socketNum);
src\mainfunc.c:                 ^
src\mainfunc.c(822): warning:  #167-D: argument of type "int8_t *" is incompatible with parameter of type "const char *"
src\mainfunc.c:         printf("\r\ncmd:%d  buf:%d  data:%d\r\n",strlen(sendCmd),strlen(sendBuf),dataLength); 
src\mainfunc.c:                                                         ^
src\mainfunc.c(822): warning:  #167-D: argument of type "int8_t *" is incompatible with parameter of type "const char *"
src\mainfunc.c:         printf("\r\ncmd:%d  buf:%d  data:%d\r\n",strlen(sendCmd),strlen(sendBuf),dataLength); 
src\mainfunc.c:                                                                         ^
src\mainfunc.c(828): warning:  #167-D: argument of type "int8_t *" is incompatible with parameter of type "const char *"
src\mainfunc.c:         for(i=0;i<strlen(sendCmd);i++)//cmd
src\mainfunc.c:                          ^
src\mainfunc.c: src\mainfunc.c: 18 warnings, 1 error
Target not created
Build target 'OBD'
compiling mainfunc.c...
src\mainfunc.c(36): warning:  #177-D: variable "temp" was declared but never referenced
src\mainfunc.c:         int8_t temp[20];
src\mainfunc.c:                ^
src\mainfunc.c(168): warning:  #167-D: argument of type "uint8_t *" is incompatible with parameter of type "char *restrict"
src\mainfunc.c:                 sprintf(socketCmd,"AT+MIPOPEN=%d,%d,\"%s\",%d,%d\r",socket.socketNum,socket.localPort,socket.ipUrl,socket.desPort,socket.udpTcp);
src\mainfunc.c:                         ^
src\mainfunc.c(170): warning:  #167-D: argument of type "uint8_t *" is incompatible with parameter of type "char *restrict"
src\mainfunc.c:                 sprintf(socketState,"+MIPOPEN: %d,%d",socket.socketNum,1);
src\mainfunc.c:                         ^
src\mainfunc.c(237): warning:  #167-D: argument of type "uint8_t *" is incompatible with parameter of type "char *"
src\mainfunc.c:                                 Send_AT_And_Wait(socketCmd,socketState,2000);
src\mainfunc.c:                                                  ^
src\mainfunc.c(237): warning:  #167-D: argument of type "uint8_t *" is incompatible with parameter of type "char *"
src\mainfunc.c:                                 Send_AT_And_Wait(socketCmd,socketState,2000);
src\mainfunc.c:                                                            ^
src\mainfunc.c(649): warning:  #167-D: argument of type "int8_t *" is incompatible with parameter of type "char *restrict"
src\mainfunc.c:                 sprintf(tmp,"%2X",(uint8_t)(src[i]));
src\mainfunc.c:                         ^
src\mainfunc.c(659): warning:  #167-D: argument of type "int8_t *" is incompatible with parameter of type "char *restrict"
src\mainfunc.c:                 strcat(des,tmp);
src\mainfunc.c:                        ^
src\mainfunc.c(659): warning:  #167-D: argument of type "int8_t *" is incompatible with parameter of type "const char *restrict"
src\mainfunc.c:                 strcat(des,tmp);
src\mainfunc.c:                            ^
src\mainfunc.c(633): warning:  #177-D: variable "temp" was declared but never referenced
src\mainfunc.c:         int8_t tmp[2],temp = '0';
src\mainfunc.c:                       ^
src\mainfunc.c(700): warning:  #167-D: argument of type "int8_t *" is incompatible with parameter of type "char *"
src\mainfunc.c:         obdHeader.MSG_CRC = getCrc(pointer,length);
src\mainfunc.c:                                    ^
src\mainfunc.c(675): warning:  #177-D: variable "i" was declared but never referenced
src\mainfunc.c:         uint16_t i = 0;
src\mainfunc.c:                  ^
src\mainfunc.c(787): warning:  #167-D: argument of type "int8_t *" is incompatible with parameter of type "const char *"
src\mainfunc.c:                 dataLength = str2hex((int8_t *)pointer,length,sendBuf+strlen(sendBuf)) + dataLength;
src\mainfunc.c:                                                                              ^
src\mainfunc.c(796): warning:  #167-D: argument of type "int8_t *" is incompatible with parameter of type "char *restrict"
src\mainfunc.c:         sprintf(setSocket,"AT+MIPSETS=1,%d,500\r",dataLength/2 +1);
src\mainfunc.c:                 ^
src\mainfunc.c(799): warning:  #167-D: argument of type "int8_t *" is incompatible with parameter of type "char *"
src\mainfunc.c:         Send_AT_And_Wait(setSocket,"OK",500); 
src\mainfunc.c:                          ^
src\mainfunc.c(807): warning:  #167-D: argument of type "int8_t *" is incompatible with parameter of type "char *restrict"
src\mainfunc.c:         sprintf(sendCmd,"AT+MIPSEND=%d,\"",socket.socketNum);
src\mainfunc.c:                 ^
src\mainfunc.c(822): warning:  #167-D: argument of type "int8_t *" is incompatible with parameter of type "const char *"
src\mainfunc.c:         printf("\r\ncmd:%d  buf:%d  data:%d\r\n",strlen(sendCmd),strlen(sendBuf),dataLength); 
src\mainfunc.c:                                                         ^
src\mainfunc.c(822): warning:  #167-D: argument of type "int8_t *" is incompatible with parameter of type "const char *"
src\mainfunc.c:         printf("\r\ncmd:%d  buf:%d  data:%d\r\n",strlen(sendCmd),strlen(sendBuf),dataLength); 
src\mainfunc.c:                                                                         ^
src\mainfunc.c(828): warning:  #167-D: argument of type "int8_t *" is incompatible with parameter of type "const char *"
src\mainfunc.c:         for(i=0;i<strlen(sendCmd);i++)//cmd
src\mainfunc.c:                          ^
src\mainfunc.c: src\mainfunc.c: 18 warnings, 0 errors
linking...
Program Size: Code=31236 RO-data=1100 RW-data=356 ZI-data=14788  
FromELF: creating hex file...
".\Obj\OBD_2.axf" - 0 Error(s), 18 Warning(s).
Build target 'OBD'
linking...
Program Size: Code=31236 RO-data=1100 RW-data=356 ZI-data=14788  
FromELF: creating hex file...
".\Obj\OBD_2.axf" - 0 Error(s), 0 Warning(s).
Build target 'OBD'
linking...
Program Size: Code=31236 RO-data=1100 RW-data=356 ZI-data=14788  
FromELF: creating hex file...
".\Obj\OBD_2.axf" - 0 Error(s), 0 Warning(s).
Build target 'OBD'
linking...
Program Size: Code=31236 RO-data=1100 RW-data=356 ZI-data=14788  
FromELF: creating hex file...
".\Obj\OBD_2.axf" - 0 Error(s), 0 Warning(s).
Build target 'OBD'
linking...
Program Size: Code=31236 RO-data=1100 RW-data=356 ZI-data=14788  
FromELF: creating hex file...
".\Obj\OBD_3.axf" - 0 Error(s), 0 Warning(s).
Build target 'OBD'
compiling sim900.c...
src\sim900.c(382): warning:  #111-D: statement is unreachable
src\sim900.c:           TIM_Cmd(TIM3, ENABLE);
src\sim900.c:           ^
src\sim900.c(300): warning:  #177-D: variable "j" was declared but never referenced
src\sim900.c:           int j=0;
src\sim900.c:               ^
src\sim900.c(301): warning:  #177-D: variable "temp" was declared but never referenced
src\sim900.c:           char *temp;
src\sim900.c:                 ^
src\sim900.c(700): warning:  #167-D: argument of type "int8_t *" is incompatible with parameter of type "unsigned char *"
src\sim900.c:           uint16_t crc = calBufCrc(net.ipUrl-2,sizeof(SOCKET)-2);
src\sim900.c:                                    ^
src\sim900.c(718): warning:  #167-D: argument of type "int8_t *" is incompatible with parameter of type "unsigned char *"
src\sim900.c:           uint16_t crc = calBufCrc(net.ipUrl-2,sizeof(SOCKET)-2);
src\sim900.c:                                    ^
src\sim900.c(754): warning:  #513-D: a value of type "char *" cannot be assigned to an entity of type "int8_t *"
src\sim900.c:           p=strstr(SIM_BUF,"OK");
src\sim900.c:            ^
src\sim900.c(824): warning:  #167-D: argument of type "uint8_t *" is incompatible with parameter of type "const char *"
src\sim900.c:                   iap.desPort = atoi(port);
src\sim900.c:                                      ^
src\sim900.c(839): warning:  #167-D: argument of type "uint8_t *" is incompatible with parameter of type "const char *"
src\sim900.c:                   net.desPort = atoi(port);
src\sim900.c:                                      ^
src\sim900.c(859): warning:  #167-D: argument of type "uint8_t *" is incompatible with parameter of type "const char *"
src\sim900.c:                   blue.baudrate = atoi(port);
src\sim900.c:                                        ^
src\sim900.c(875): warning:  #167-D: argument of type "int8_t *" is incompatible with parameter of type "unsigned char *"
src\sim900.c:           iap.crc = calBufCrc(iap.ipUrl-2,sizeof(SOCKET)-2);
src\sim900.c:                               ^
src\sim900.c(881): warning:  #167-D: argument of type "int8_t *" is incompatible with parameter of type "unsigned char *"
src\sim900.c:           net.crc = calBufCrc(net.ipUrl-2,sizeof(SOCKET)-2);
src\sim900.c:                               ^
src\sim900.c(889): warning:  #167-D: argument of type "char *" is incompatible with parameter of type "unsigned char *"
src\sim900.c:           blue.crc = calBufCrc((char *)(&(blue.crc)) + 2,sizeof(SOCKET)-2);
src\sim900.c:                                ^
src\sim900.c(784): warning:  #177-D: variable "type" was declared but never referenced
src\sim900.c:           int type = 0;
src\sim900.c:               ^
src\sim900.c(785): warning:  #550-D: variable "devId" was set but never used
src\sim900.c:           uint8_t devId[20];
src\sim900.c:                   ^
src\sim900.c(925): warning:  #177-D: variable "q" was declared but never referenced
src\sim900.c:           char *q = (char *)p;
src\sim900.c:                 ^
src\sim900.c: src\sim900.c: 15 warnings, 0 errors
linking...
Program Size: Code=31276 RO-data=1100 RW-data=356 ZI-data=14788  
FromELF: creating hex file...
".\Obj\OBD_3.axf" - 0 Error(s), 15 Warning(s).
Build target 'OBD'
compiling sim900.c...
src\sim900.c(382): warning:  #111-D: statement is unreachable
src\sim900.c:           TIM_Cmd(TIM3, ENABLE);
src\sim900.c:           ^
src\sim900.c(300): warning:  #177-D: variable "j" was declared but never referenced
src\sim900.c:           int j=0;
src\sim900.c:               ^
src\sim900.c(301): warning:  #177-D: variable "temp" was declared but never referenced
src\sim900.c:           char *temp;
src\sim900.c:                 ^
src\sim900.c(700): warning:  #167-D: argument of type "int8_t *" is incompatible with parameter of type "unsigned char *"
src\sim900.c:           uint16_t crc = calBufCrc(net.ipUrl-2,sizeof(SOCKET)-2);
src\sim900.c:                                    ^
src\sim900.c(718): warning:  #167-D: argument of type "int8_t *" is incompatible with parameter of type "unsigned char *"
src\sim900.c:           uint16_t crc = calBufCrc(net.ipUrl-2,sizeof(SOCKET)-2);
src\sim900.c:                                    ^
src\sim900.c(754): warning:  #513-D: a value of type "char *" cannot be assigned to an entity of type "int8_t *"
src\sim900.c:           p=strstr(SIM_BUF,"OK");
src\sim900.c:            ^
src\sim900.c(824): warning:  #167-D: argument of type "uint8_t *" is incompatible with parameter of type "const char *"
src\sim900.c:                   iap.desPort = atoi(port);
src\sim900.c:                                      ^
src\sim900.c(839): warning:  #167-D: argument of type "uint8_t *" is incompatible with parameter of type "const char *"
src\sim900.c:                   net.desPort = atoi(port);
src\sim900.c:                                      ^
src\sim900.c(859): warning:  #167-D: argument of type "uint8_t *" is incompatible with parameter of type "const char *"
src\sim900.c:                   blue.baudrate = atoi(port);
src\sim900.c:                                        ^
src\sim900.c(875): warning:  #167-D: argument of type "int8_t *" is incompatible with parameter of type "unsigned char *"
src\sim900.c:           iap.crc = calBufCrc(iap.ipUrl-2,sizeof(SOCKET)-2);
src\sim900.c:                               ^
src\sim900.c(881): warning:  #167-D: argument of type "int8_t *" is incompatible with parameter of type "unsigned char *"
src\sim900.c:           net.crc = calBufCrc(net.ipUrl-2,sizeof(SOCKET)-2);
src\sim900.c:                               ^
src\sim900.c(889): warning:  #167-D: argument of type "char *" is incompatible with parameter of type "unsigned char *"
src\sim900.c:           blue.crc = calBufCrc((char *)(&(blue.crc)) + 2,sizeof(SOCKET)-2);
src\sim900.c:                                ^
src\sim900.c(784): warning:  #177-D: variable "type" was declared but never referenced
src\sim900.c:           int type = 0;
src\sim900.c:               ^
src\sim900.c(785): warning:  #550-D: variable "devId" was set but never used
src\sim900.c:           uint8_t devId[20];
src\sim900.c:                   ^
src\sim900.c(925): warning:  #177-D: variable "q" was declared but never referenced
src\sim900.c:           char *q = (char *)p;
src\sim900.c:                 ^
src\sim900.c: src\sim900.c: 15 warnings, 0 errors
linking...
Program Size: Code=31300 RO-data=1100 RW-data=356 ZI-data=14788  
FromELF: creating hex file...
".\Obj\OBD_3.axf" - 0 Error(s), 15 Warning(s).
Build target 'OBD'
compiling main.c...
src\main.c(53): warning:  #223-D: function "flashRead" declared implicitly
src\main.c:     flashRead(IAP_PARAMETER,(uint8_t *)&sysCfg,sizeof(FLASH_CONFIG));
src\main.c:     ^
src\main.c(54): warning:  #223-D: function "showConfig" declared implicitly
src\main.c:     showConfig(&sysCfg);
src\main.c:     ^
src\main.c: src\main.c: 2 warnings, 0 errors
compiling mainfunc.c...
src\mainfunc.c(36): warning:  #177-D: variable "temp" was declared but never referenced
src\mainfunc.c:         int8_t temp[20];
src\mainfunc.c:                ^
src\mainfunc.c(169): warning:  #167-D: argument of type "uint8_t *" is incompatible with parameter of type "char *restrict"
src\mainfunc.c:                 sprintf(socketCmd,"AT+MIPOPEN=%d,%d,\"%s\",%d,%d\r",socket.socketNum,socket.localPort,socket.ipUrl,socket.desPort,socket.udpTcp);
src\mainfunc.c:                         ^
src\mainfunc.c(171): warning:  #167-D: argument of type "uint8_t *" is incompatible with parameter of type "char *restrict"
src\mainfunc.c:                 sprintf(socketState,"+MIPOPEN: %d,%d",socket.socketNum,1);
src\mainfunc.c:                         ^
src\mainfunc.c(235): warning:  #167-D: argument of type "uint8_t *" is incompatible with parameter of type "char *"
src\mainfunc.c:                                 Send_AT_And_Wait(socketCmd,socketState,2000);
src\mainfunc.c:                                                  ^
src\mainfunc.c(235): warning:  #167-D: argument of type "uint8_t *" is incompatible with parameter of type "char *"
src\mainfunc.c:                                 Send_AT_And_Wait(socketCmd,socketState,2000);
src\mainfunc.c:                                                            ^
src\mainfunc.c(647): warning:  #167-D: argument of type "int8_t *" is incompatible with parameter of type "char *restrict"
src\mainfunc.c:                 sprintf(tmp,"%2X",(uint8_t)(src[i]));
src\mainfunc.c:                         ^
src\mainfunc.c(657): warning:  #167-D: argument of type "int8_t *" is incompatible with parameter of type "char *restrict"
src\mainfunc.c:                 strcat(des,tmp);
src\mainfunc.c:                        ^
src\mainfunc.c(657): warning:  #167-D: argument of type "int8_t *" is incompatible with parameter of type "const char *restrict"
src\mainfunc.c:                 strcat(des,tmp);
src\mainfunc.c:                            ^
src\mainfunc.c(631): warning:  #177-D: variable "temp" was declared but never referenced
src\mainfunc.c:         int8_t tmp[2],temp = '0';
src\mainfunc.c:                       ^
src\mainfunc.c(698): warning:  #167-D: argument of type "int8_t *" is incompatible with parameter of type "char *"
src\mainfunc.c:         obdHeader.MSG_CRC = getCrc(pointer,length);
src\mainfunc.c:                                    ^
src\mainfunc.c(673): warning:  #177-D: variable "i" was declared but never referenced
src\mainfunc.c:         uint16_t i = 0;
src\mainfunc.c:                  ^
src\mainfunc.c(785): warning:  #167-D: argument of type "int8_t *" is incompatible with parameter of type "const char *"
src\mainfunc.c:                 dataLength = str2hex((int8_t *)pointer,length,sendBuf+strlen(sendBuf)) + dataLength;
src\mainfunc.c:                                                                              ^
src\mainfunc.c(794): warning:  #167-D: argument of type "int8_t *" is incompatible with parameter of type "char *restrict"
src\mainfunc.c:         sprintf(setSocket,"AT+MIPSETS=1,%d,500\r",dataLength/2 +1);
src\mainfunc.c:                 ^
src\mainfunc.c(797): warning:  #167-D: argument of type "int8_t *" is incompatible with parameter of type "char *"
src\mainfunc.c:         Send_AT_And_Wait(setSocket,"OK",500); 
src\mainfunc.c:                          ^
src\mainfunc.c(805): warning:  #167-D: argument of type "int8_t *" is incompatible with parameter of type "char *restrict"
src\mainfunc.c:         sprintf(sendCmd,"AT+MIPSEND=%d,\"",socket.socketNum);
src\mainfunc.c:                 ^
src\mainfunc.c(820): warning:  #167-D: argument of type "int8_t *" is incompatible with parameter of type "const char *"
src\mainfunc.c:         printf("\r\ncmd:%d  buf:%d  data:%d\r\n",strlen(sendCmd),strlen(sendBuf),dataLength); 
src\mainfunc.c:                                                         ^
src\mainfunc.c(820): warning:  #167-D: argument of type "int8_t *" is incompatible with parameter of type "const char *"
src\mainfunc.c:         printf("\r\ncmd:%d  buf:%d  data:%d\r\n",strlen(sendCmd),strlen(sendBuf),dataLength); 
src\mainfunc.c:                                                                         ^
src\mainfunc.c(826): warning:  #167-D: argument of type "int8_t *" is incompatible with parameter of type "const char *"
src\mainfunc.c:         for(i=0;i<strlen(sendCmd);i++)//cmd
src\mainfunc.c:                          ^
src\mainfunc.c: src\mainfunc.c: 18 warnings, 0 errors
linking...
Program Size: Code=31312 RO-data=1100 RW-data=356 ZI-data=14788  
FromELF: creating hex file...
".\Obj\OBD_3.axf" - 0 Error(s), 20 Warning(s).
Build target 'OBD'
linking...
Program Size: Code=31312 RO-data=1100 RW-data=356 ZI-data=14788  
FromELF: creating hex file...
".\Obj\OBD_3.axf" - 0 Error(s), 0 Warning(s).
Build target 'OBD'
compiling main.c...
src\main.c(53): warning:  #223-D: function "flashRead" declared implicitly
src\main.c:     flashRead(IAP_PARAMETER,(uint8_t *)&sysCfg,sizeof(FLASH_CONFIG));
src\main.c:     ^
src\main.c(54): warning:  #223-D: function "showConfig" declared implicitly
src\main.c:     showConfig(&sysCfg);
src\main.c:     ^
src\main.c: src\main.c: 2 warnings, 0 errors
compiling mainfunc.c...
src\mainfunc.c(36): warning:  #177-D: variable "temp" was declared but never referenced
src\mainfunc.c:         int8_t temp[20];
src\mainfunc.c:                ^
src\mainfunc.c(165): warning:  #167-D: argument of type "uint8_t *" is incompatible with parameter of type "char *restrict"
src\mainfunc.c:                 sprintf(socketCmd,"AT+MIPOPEN=%d,%d,\"%s\",%d,%d\r",socket.socketNum,socket.localPort,socket.ipUrl,socket.desPort,socket.udpTcp);
src\mainfunc.c:                         ^
[...]
src\fifo.c:             sanyP = (SANY_DATA *)charP;
src\fifo.c:                                  ^
src\fifo.c(241): warning:  #223-D: function "checkCrc" declared implicitly
src\fifo.c:             if(sanyP->MSG_CRC == checkCrc((char *)(&sanyP->MSG_TYPE),sanyP->MSG_LENGTH+16))
src\fifo.c:                                  ^
src\fifo.c(249): error:  #20: identifier "ACK_POWER_ON_MSG" is undefined
src\fifo.c:                             case ACK_POWER_ON_MSG://heart head
src\fifo.c:                                  ^
src\fifo.c(251): error:  #20: identifier "ACK_POWER_OFF_MSG" is undefined
src\fifo.c:                             case ACK_POWER_OFF_MSG://heart head
src\fifo.c:                                  ^
src\fifo.c(257): error:  #20: identifier "ACK_SOFT_UPDATE_MSG" is undefined
src\fifo.c:                             case ACK_SOFT_UPDATE_MSG://heart head
src\fifo.c:                                  ^
src\fifo.c(265): error:  #20: identifier "ACK_SET_NET_MSG" is undefined
src\fifo.c:                             case ACK_SET_NET_MSG://heart head
src\fifo.c:                                  ^
src\fifo.c(272): error:  #20: identifier "ACK_SET_REPORT_MSG" is undefined
src\fifo.c:                             case ACK_SET_REPORT_MSG://heart head
src\fifo.c:                                  ^
src\fifo.c(281): warning:  #223-D: function "setNetArgument" declared implicitly
src\fifo.c:                                     setNetArgument(charP,sanyP->MSG_LENGTH);
src\fifo.c:                                     ^
src\fifo.c(284): error:  #20: identifier "ACK_ONLINE_MSG" is undefined
src\fifo.c:                             case ACK_ONLINE_MSG://heart head
src\fifo.c:                                  ^
src\fifo.c(291): error:  #20: identifier "ACK_OFFLINE_MSG" is undefined
src\fifo.c:                             case ACK_OFFLINE_MSG://heart head
src\fifo.c:                                  ^
src\fifo.c(298): error:  #20: identifier "ACK_HEART_MSG" is undefined
src\fifo.c:                             case ACK_HEART_MSG://heart head
src\fifo.c:                                  ^
src\fifo.c(304): error:  #20: identifier "ACK_GPS_MSG" is undefined
src\fifo.c:                             case ACK_GPS_MSG://gps
src\fifo.c:                                  ^
src\fifo.c(311): error:  #20: identifier "ACK_CAN_MSG" is undefined
src\fifo.c:                             case ACK_CAN_MSG://can
src\fifo.c:                                  ^
src\fifo.c(317): error:  #20: identifier "SOFT_UPDATE_MSG" is undefined
src\fifo.c:                             case SOFT_UPDATE_MSG://update
src\fifo.c:                                  ^
src\fifo.c(334): warning:  #223-D: function "sendData" declared implicitly
src\fifo.c:                                     sendData((char *)sanyP,20,0,0,0);
src\fifo.c:                                     ^
src\fifo.c(338): error:  #20: identifier "SET_NET_MSG" is undefined
src\fifo.c:                             case SET_NET_MSG://net
src\fifo.c:                                  ^
src\fifo.c(382): error:  #20: identifier "SET_CAN_UNLOCK_MSG" is undefined
src\fifo.c:                             case SET_CAN_UNLOCK_MSG://report
src\fifo.c:                                  ^
src\fifo.c(405): warning:  #223-D: function "unlockCan" declared implicitly
src\fifo.c:                                     unlockCan();
src\fifo.c:                                     ^
src\fifo.c(412): error:  #20: identifier "SET_CAN_LOCK_1_MSG" is undefined
src\fifo.c:                             case SET_CAN_LOCK_1_MSG://report
src\fifo.c:                                  ^
src\fifo.c(432): warning:  #223-D: function "lockCan" declared implicitly
src\fifo.c:                                     lockCan(1);
src\fifo.c:                                     ^
src\fifo.c(434): error:  #20: identifier "SET_CAN_LOCK_2_MSG" is undefined
src\fifo.c:                             case SET_CAN_LOCK_2_MSG://二级锁机
src\fifo.c:                                  ^
src\fifo.c: src\fifo.c: 6 warnings, 20 errors
compiling flash.c...
src\mainfunc.h(10): warning:  #47-D: incompatible redefinition of macro "HEARTHEAT_MSG" (declared at line 9)
src\mainfunc.h:   #define       HEARTHEAT_MSG           0x0010
src\mainfunc.h:                 ^
src\flash.c(150): warning:  #177-D: variable "i" was declared but never referenced
src\flash.c:    int i = 0;
src\flash.c:        ^
src\flash.c(359): warning:  #69-D: integer conversion resulted in truncation
src\flash.c:    updateFlash.crc = calBufCrc(p + 2,sizeof(FLASH_CONFIG)-2);
src\flash.c:                                      ^
src\flash.c(362): warning:  #69-D: integer conversion resulted in truncation
src\flash.c:    if(writeFlashCfg(IAP_PARAMETER,SYS_PARAMETER,p,sizeof(FLASH_CONFIG),calBufCrc(p,sizeof(FLASH_CONFIG))) < 0){
src\flash.c:                                                                                    ^
src\flash.c(373): warning:  #223-D: function "showConfig" declared implicitly
src\flash.c:            showConfig(&updateFlash);
src\flash.c:            ^
src\flash.c(340): warning:  #177-D: variable "i" was declared but never referenced
src\flash.c:    int i = 0;
src\flash.c:        ^
src\flash.c: src\flash.c: 6 warnings, 0 errors
compiling flashFifo.c...
src\mainfunc.h(10): warning:  #47-D: incompatible redefinition of macro "HEARTHEAT_MSG" (declared at line 9)
src\mainfunc.h:   #define       HEARTHEAT_MSG           0x0010
src\mainfunc.h:                 ^
src\mainfunc.h: src\flashFifo.c: 1 warning, 0 errors
compiling gps.c...
src\mainfunc.h(10): warning:  #47-D: incompatible redefinition of macro "HEARTHEAT_MSG" (declared at line 9)
src\mainfunc.h:   #define       HEARTHEAT_MSG           0x0010
src\mainfunc.h:                 ^
src\mainfunc.h: src\gps.c: 1 warning, 0 errors
compiling hard_init.c...
src\mainfunc.h(10): warning:  #47-D: incompatible redefinition of macro "HEARTHEAT_MSG" (declared at line 9)
src\mainfunc.h:   #define       HEARTHEAT_MSG           0x0010
src\mainfunc.h:                 ^
src\hard_init.c(7): error:  #20: identifier "IPD_BUFFER" is undefined
src\hard_init.c:   extern char rxBuffer1[IPD_BUFFER];
src\hard_init.c:                         ^
src\hard_init.c(21): error:  #20: identifier "SANY_DATA" is undefined
src\hard_init.c:   extern SANY_DATA sanyData;
src\hard_init.c:          ^
src\hard_init.c(22): error:  #20: identifier "SANY_POS_REPORT" is undefined
src\hard_init.c:   extern SANY_POS_REPORT sanyPosData;
src\hard_init.c:          ^
src\hard_init.c(1158): warning:  #223-D: function "reConnect" declared implicitly
src\hard_init.c:        if(reConnect()== 0)
src\hard_init.c:           ^
src\hard_init.c(1173): warning:  #223-D: function "checkLockState" declared implicitly
src\hard_init.c:                checkLockState();
src\hard_init.c:                ^
src\hard_init.c(1186): warning:  #223-D: function "reSendFlashMsg" declared implicitly
src\hard_init.c:                                if(reSendFlashMsg() == 0)
src\hard_init.c:                                   ^
src\hard_init.c(1200): warning:  #223-D: function "checkAckMsg" declared implicitly
src\hard_init.c:                                 checkAckMsg();
src\hard_init.c:                                 ^
src\hard_init.c(1224): warning:  #223-D: function "checkAckMsg" declared implicitly
src\hard_init.c:                                 checkAckMsg();
src\hard_init.c:                                 ^
src\hard_init.c: src\hard_init.c: 6 warnings, 3 errors
compiling mainfunc.c...
src\mainfunc.h(10): warning:  #47-D: incompatible redefinition of macro "HEARTHEAT_MSG" (declared at line 9)
src\mainfunc.h:   #define       HEARTHEAT_MSG           0x0010
src\mainfunc.h:                 ^
src\mainfunc.c(94): error:  #167: argument of type "SOCKET" is incompatible with parameter of type "SOCKET *"
src\mainfunc.c:                 reportObd(socket);
src\mainfunc.c:                           ^
src\mainfunc.c(36): warning:  #177-D: variable "temp" was declared but never referenced
src\mainfunc.c:         int8_t temp[20];
src\mainfunc.c:                ^
src\mainfunc.c(161): warning:  #167-D: argument of type "uint8_t *" is incompatible with parameter of type "char *restrict"
src\mainfunc.c:                 sprintf(socketCmd,"AT+MIPOPEN=%d,%d,\"%s\",%d,%d\r",socket.socketNum,socket.localPort,socket.ipUrl,socket.desPort,socket.udpTcp);
src\mainfunc.c:                         ^
src\mainfunc.c(163): warning:  #167-D: argument of type "uint8_t *" is incompatible with parameter of type "char *restrict"
src\mainfunc.c:                 sprintf(socketState,"+MIPOPEN: %d,%d",socket.socketNum,1);
src\mainfunc.c:                         ^
src\mainfunc.c(228): warning:  #167-D: argument of type "uint8_t *" is incompatible with parameter of type "char *"
src\mainfunc.c:                                 Send_AT_And_Wait(socketCmd,socketState,2000);
src\mainfunc.c:                                                  ^
src\mainfunc.c(228): warning:  #167-D: argument of type "uint8_t *" is incompatible with parameter of type "char *"
src\mainfunc.c:                                 Send_AT_And_Wait(socketCmd,socketState,2000);
src\mainfunc.c:                                                            ^
src\mainfunc.c(301): error:  #147-D: declaration is incompatible with "void reportPos(SOCKET *)" (declared at line 34 of "src\mainfunc.h")
src\mainfunc.c:   void reportPos(SOCKET soc)
src\mainfunc.c:        ^
src\mainfunc.c(594): warning:  #223-D: function "getDataHead" declared implicitly
src\mainfunc.c:         getDataHead(REPORT_GPS_MSG,(char *)(&gpsDataReport),sizeof(SANY_POS_REPORT));   
src\mainfunc.c:         ^
src\mainfunc.c(594): error:  #20: identifier "REPORT_GPS_MSG" is undefined
src\mainfunc.c:         getDataHead(REPORT_GPS_MSG,(char *)(&gpsDataReport),sizeof(SANY_POS_REPORT));   
src\mainfunc.c:                     ^
src\mainfunc.c(594): error:  #20: identifier "SANY_POS_REPORT" is undefined
src\mainfunc.c:         getDataHead(REPORT_GPS_MSG,(char *)(&gpsDataReport),sizeof(SANY_POS_REPORT));   
src\mainfunc.c:                                                                    ^
src\mainfunc.c(595): warning:  #223-D: function "sendData" declared implicitly
src\mainfunc.c:         sendData((char *)(&gpsDataReport),sizeof(SANY_POS_REPORT),1,1,1);
src\mainfunc.c:         ^
src\mainfunc.c(640): warning:  #167-D: argument of type "int8_t *" is incompatible with parameter of type "char *restrict"
src\mainfunc.c:                 sprintf(tmp,"%2X",(uint8_t)(src[i]));
src\mainfunc.c:                         ^
src\mainfunc.c(650): warning:  #167-D: argument of type "int8_t *" is incompatible with parameter of type "char *restrict"
src\mainfunc.c:                 strcat(des,tmp);
src\mainfunc.c:                        ^
src\mainfunc.c(650): warning:  #167-D: argument of type "int8_t *" is incompatible with parameter of type "const char *restrict"
src\mainfunc.c:                 strcat(des,tmp);
src\mainfunc.c:                            ^
src\mainfunc.c(624): warning:  #177-D: variable "temp" was declared but never referenced
src\mainfunc.c:         int8_t tmp[2],temp = '0';
src\mainfunc.c:                       ^
src\mainfunc.c(691): warning:  #223-D: function "getCrc" declared implicitly
src\mainfunc.c:         obdHeader.MSG_CRC = getCrc(pointer,length);
src\mainfunc.c:                             ^
src\mainfunc.c(666): warning:  #177-D: variable "i" was declared but never referenced
src\mainfunc.c:         uint16_t i = 0;
src\mainfunc.c:                  ^
src\mainfunc.c(778): warning:  #167-D: argument of type "int8_t *" is incompatible with parameter of type "const char *"
src\mainfunc.c:                 dataLength = str2hex((int8_t *)pointer,length,sendBuf+strlen(sendBuf)) + dataLength;
src\mainfunc.c:                                                                              ^
src\mainfunc.c(787): warning:  #167-D: argument of type "int8_t *" is incompatible with parameter of type "char *restrict"
src\mainfunc.c:         sprintf(setSocket,"AT+MIPSETS=1,%d,500\r",dataLength/2 +1);
src\mainfunc.c:                 ^
src\mainfunc.c(790): warning:  #167-D: argument of type "int8_t *" is incompatible with parameter of type "char *"
src\mainfunc.c:         Send_AT_And_Wait(setSocket,"OK",500); 
src\mainfunc.c:                          ^
src\mainfunc.c(798): warning:  #167-D: argument of type "int8_t *" is incompatible with parameter of type "char *restrict"
src\mainfunc.c:         sprintf(sendCmd,"AT+MIPSEND=%d,\"",socket.socketNum);
src\mainfunc.c:                 ^
src\mainfunc.c(813): warning:  #167-D: argument of type "int8_t *" is incompatible with parameter of type "const char *"
src\mainfunc.c:         printf("\r\ncmd:%d  buf:%d  data:%d\r\n",strlen(sendCmd),strlen(sendBuf),dataLength); 
src\mainfunc.c:                                                         ^
src\mainfunc.c(813): warning:  #167-D: argument of type "int8_t *" is incompatible with parameter of type "const char *"
src\mainfunc.c:         printf("\r\ncmd:%d  buf:%d  data:%d\r\n",strlen(sendCmd),strlen(sendBuf),dataLength); 
src\mainfunc.c:                                                                         ^
src\mainfunc.c(819): warning:  #167-D: argument of type "int8_t *" is incompatible with parameter of type "const char *"
src\mainfunc.c:         for(i=0;i<strlen(sendCmd);i++)//cmd
src\mainfunc.c:                          ^
src\mainfunc.c(875): warning:  #223-D: function "checkAckMsg" declared implicitly
src\mainfunc.c:                 checkAckMsg();//检查返回信息
src\mainfunc.c:                 ^
src\mainfunc.c(895): error:  #247: function "reportObd" has already been defined
src\mainfunc.c:   void reportObd(SOCKET *soc){
src\mainfunc.c:        ^
src\mainfunc.c(898): error:  #20: identifier "SCOKET" is undefined
src\mainfunc.c:   void reportHeart(SCOKET *soc){
src\mainfunc.c:                    ^
src\mainfunc.c: src\mainfunc.c: 22 warnings, 6 errors
compiling OBD.c...
src\mainfunc.h(10): warning:  #47-D: incompatible redefinition of macro "HEARTHEAT_MSG" (declared at line 9)
src\mainfunc.h:   #define       HEARTHEAT_MSG           0x0010
src\mainfunc.h:                 ^
src\OBD.c(222): warning:  #550-D: variable "psi" was set but never used
src\OBD.c:      float kpa, psi;
src\OBD.c:                 ^
src\OBD.c(233): warning:  #550-D: variable "psi" was set but never used
src\OBD.c:      float psi;
src\OBD.c:            ^
src\OBD.c(315): warning:  #550-D: variable "f" was set but never used
src\OBD.c:      float c,f;
src\OBD.c:              ^
src\OBD.c(350): warning:  #550-D: variable "f" was set but never used
src\OBD.c:      int c,f;
src\OBD.c:            ^
src\OBD.c: src\OBD.c: 5 warnings, 0 errors
compiling sanyData.c...
src\mainfunc.h(10): warning:  #47-D: incompatible redefinition of macro "HEARTHEAT_MSG" (declared at line 9)
src\mainfunc.h:   #define       HEARTHEAT_MSG           0x0010
src\mainfunc.h:                 ^
src\sanyData.h(158): error:  #147-D: declaration is incompatible with "void reportCan(SOCKET *)" (declared at line 36 of "src\mainfunc.h")
src\sanyData.h:   void reportCan(void);
src\sanyData.h:        ^
src\sanyData.h: src\sanyData.c: 1 warning, 1 error
compiling rtc.c...
src\mainfunc.h(10): warning:  #47-D: incompatible redefinition of macro "HEARTHEAT_MSG" (declared at line 9)
src\mainfunc.h:   #define       HEARTHEAT_MSG           0x0010
src\mainfunc.h:                 ^
src\mainfunc.h: src\rtc.c: 1 warning, 0 errors
compiling at45db161d.c...
src\mainfunc.h(10): warning:  #47-D: incompatible redefinition of macro "HEARTHEAT_MSG" (declared at line 9)
src\mainfunc.h:   #define       HEARTHEAT_MSG           0x0010
src\mainfunc.h:                 ^
src\mainfunc.h: src\at45db161d.c: 1 warning, 0 errors
compiling crc.c...
src\mainfunc.h(10): warning:  #47-D: incompatible redefinition of macro "HEARTHEAT_MSG" (declared at line 9)
src\mainfunc.h:   #define       HEARTHEAT_MSG           0x0010
src\mainfunc.h:                 ^
src\mainfunc.h: src\crc.c: 1 warning, 0 errors
compiling iap.c...
src\mainfunc.h(10): warning:  #47-D: incompatible redefinition of macro "HEARTHEAT_MSG" (declared at line 9)
src\mainfunc.h:   #define       HEARTHEAT_MSG           0x0010
src\mainfunc.h:                 ^
src\iap.c(82): warning:  #167-D: argument of type "int8_t *" is incompatible with parameter of type "char *restrict"
src\iap.c:      strcat(net.ipUrl,"in.phonewingstech.com");
src\iap.c:             ^
src\iap.c(79): warning:  #177-D: variable "iapDate" was declared but never referenced
src\iap.c:      IAP_DATA  *iapDate;
src\iap.c:                 ^
src\iap.c(186): warning:  #175-D: subscript out of range
src\iap.c:      iapGet.crc = calBufCrc(iapGet.start + 6 , sizeof(IAP_GET)-6);
src\iap.c:                                          ^
src\iap.c(188): warning:  #167-D: argument of type "uint8_t *" is incompatible with parameter of type "char *"
src\iap.c:      dataSend(iapGet.start , sizeof(IAP_GET),0,0,0,net,0); //发送数据，不尝试在发送中重新建立连接，错误即退出，重新获取数据信息
src\iap.c:               ^
src\iap.c(190): warning:  #513-D: a value of type "char *" cannot be assigned to an entity of type "int8_t *"
src\iap.c:      pointer = strstr(SIM_BUF,"****");
src\iap.c:              ^
src\iap.c(198): warning:  #175-D: subscript out of range
src\iap.c:              if(iapData->crc == calBufCrc(iapData->start + 6,sizeof(IAP_BRIFE)-6)){                  
src\iap.c:                                                          ^
src\iap.c(200): warning:  #513-D: a value of type "uint8_t *" cannot be assigned to an entity of type "int8_t *"
src\iap.c:                      pointer = (uint8_t *)(&(iapData->packetCrc)) +2;
src\iap.c:                              ^
src\iap.c(201): warning:  #167-D: argument of type "int8_t *" is incompatible with parameter of type "uint8_t *"
src\iap.c:                      if(WriteReadCheck(address,pointer,iapData->packetLength,iapData->packetCrc) < 0 ){                              
src\iap.c:                                                ^
src\iap.c(225): warning:  #940-D: missing return statement at end of non-void function "tcpGetData"
src\iap.c:   }
src\iap.c:   ^
src\iap.c(264): warning:  #167-D: argument of type "uint8_t *" is incompatible with parameter of type "char *"
src\iap.c:      dataSend(iapStart.start,sizeof(IAP_START),0,0,0,net,1);
src\iap.c:               ^
src\iap.c(392): warning:  #167-D: argument of type "int8_t *" is incompatible with parameter of type "char *restrict"
src\iap.c:      strcat(sysCfg.iapConfig.ipUrl,"in.phonewingstech.com");
src\iap.c:             ^
src\iap.c(397): warning:  #167-D: argument of type "int8_t *" is incompatible with parameter of type "unsigned char *"
src\iap.c:      sysCfg.iapConfig.crc = calBufCrc(sysCfg.iapConfig.ipUrl-2,sizeof(SOCKET)-2);
src\iap.c:                                       ^
src\iap.c(400): warning:  #167-D: argument of type "int8_t *" is incompatible with parameter of type "char *restrict"
src\iap.c:      strcat(sysCfg.netConfig.ipUrl,"in.phonewingstech.com");
src\iap.c:             ^
src\iap.c(405): warning:  #167-D: argument of type "int8_t *" is incompatible with parameter of type "unsigned char *"
src\iap.c:      sysCfg.netConfig.crc = calBufCrc(sysCfg.netConfig.ipUrl-2,sizeof(SOCKET)-2);
src\iap.c:                                       ^
src\iap.c(409): warning:  #167-D: argument of type "uint8_t *" is incompatible with parameter of type "char *restrict"
src\iap.c:      strcat(sysCfg.blueConfig.name,"OBD_2");
src\iap.c:             ^
src\iap.c(410): warning:  #167-D: argument of type "uint8_t *" is incompatible with parameter of type "char *restrict"
src\iap.c:      strcat(sysCfg.blueConfig.password,"0000"); 
src\iap.c:             ^
src\iap.c(432): warning:  #175-D: subscript out of range
src\iap.c:      sysCfg.iapBrife.crc = calBufCrc(sysCfg.iapBrife.start+4,sizeof(IAP_BRIFE)-4);
src\iap.c:                                                           ^
src\iap.c: src\iap.c: 18 warnings, 0 errors
Target not created
