<html>
<body>
<pre>
<h1>µVision Build Log</h1>
<h2>Project:</h2>
D:\work\code\OBD-V3\MDK-ARM\Project.uvproj
Project File Date:  05/31/2012

<h2>Output:</h2>
Build target 'OBD'
compiling stm32f10x_it.c...
linking...
Program Size: Code=21400 RO-data=1124 RW-data=132 ZI-data=9772  
FromELF: creating hex file...
".\Obj\OBD_3.axf" - 0 Error(s), 0 Warning(s).
Build target 'OBD'
compiling stm32f10x_it.c...
compiling main.c...
src\main.c(25): warning:  #223-D: function "flashRead" declared implicitly
src\main.c:     flashRead(IAP_PARAMETER,(uint8_t *)&sysCfg,sizeof(FLASH_CONFIG));
src\main.c:     ^
src\main.c: src\main.c: 1 warning, 0 errors
compiling blueTooth.c...
src\blueTooth.c(93): warning:  #167-D: argument of type "int8_t *" is incompatible with parameter of type "char *restrict"
src\blueTooth.c:        sprintf(blueCmd,"AT+NAME%s\r\n",sysCfg.blueConfig.name);
src\blueTooth.c:                ^
src\blueTooth.c(95): warning:  #167-D: argument of type "int8_t *" is incompatible with parameter of type "char *"
src\blueTooth.c:        if(blueAtAndWait(blueCmd,"OK",500) < 0 ){
src\blueTooth.c:                         ^
src\blueTooth.c(101): warning:  #167-D: argument of type "int8_t *" is incompatible with parameter of type "char *restrict"
src\blueTooth.c:        sprintf(blueCmd,"AT+PIN%s\r\n",sysCfg.blueConfig.password);
src\blueTooth.c:                ^
src\blueTooth.c(103): warning:  #167-D: argument of type "int8_t *" is incompatible with parameter of type "char *"
src\blueTooth.c:        if(blueAtAndWait(blueCmd,"OK",500) < 0 ){
src\blueTooth.c:                         ^
src\blueTooth.c(112): warning:  #167-D: argument of type "int8_t *" is incompatible with parameter of type "char *restrict"
src\blueTooth.c:                        strcat(blueCmd,"AT+BAUD1\r\n");
src\blueTooth.c:                               ^
src\blueTooth.c(115): warning:  #167-D: argument of type "int8_t *" is incompatible with parameter of type "char *restrict"
src\blueTooth.c:                        strcat(blueCmd,"AT+BAUD2\r\n");
src\blueTooth.c:                               ^
src\blueTooth.c(118): warning:  #167-D: argument of type "int8_t *" is incompatible with parameter of type "char *restrict"
src\blueTooth.c:                        strcat(blueCmd,"AT+BAUD3\r\n");
src\blueTooth.c:                               ^
src\blueTooth.c(121): warning:  #167-D: argument of type "int8_t *" is incompatible with parameter of type "char *restrict"
src\blueTooth.c:                        strcat(blueCmd,"AT+BAUD4\r\n");
src\blueTooth.c:                               ^
src\blueTooth.c(124): warning:  #167-D: argument of type "int8_t *" is incompatible with parameter of type "char *restrict"
src\blueTooth.c:                        strcat(blueCmd,"AT+BAUD5\r\n");
src\blueTooth.c:                               ^
src\blueTooth.c(127): warning:  #167-D: argument of type "int8_t *" is incompatible with parameter of type "char *restrict"
src\blueTooth.c:                        strcat(blueCmd,"AT+BAUD6\r\n");
src\blueTooth.c:                               ^
src\blueTooth.c(130): warning:  #167-D: argument of type "int8_t *" is incompatible with parameter of type "char *restrict"
src\blueTooth.c:                        strcat(blueCmd,"AT+BAUD7\r\n");
src\blueTooth.c:                               ^
src\blueTooth.c(133): warning:  #167-D: argument of type "int8_t *" is incompatible with parameter of type "char *restrict"
src\blueTooth.c:                        strcat(blueCmd,"AT+BAUD8\r\n");
src\blueTooth.c:                               ^
src\blueTooth.c(136): warning:  #167-D: argument of type "int8_t *" is incompatible with parameter of type "char *restrict"
src\blueTooth.c:                        strcat(blueCmd,"AT+BAUD9\r\n");
src\blueTooth.c:                               ^
src\blueTooth.c(139): warning:  #167-D: argument of type "int8_t *" is incompatible with parameter of type "char *restrict"
src\blueTooth.c:                        strcat(blueCmd,"AT+BAUDA\r\n");
src\blueTooth.c:                               ^
src\blueTooth.c(142): warning:  #167-D: argument of type "int8_t *" is incompatible with parameter of type "char *restrict"
src\blueTooth.c:                        strcat(blueCmd,"AT+BAUDB\r\n");
src\blueTooth.c:                               ^
src\blueTooth.c(145): warning:  #167-D: argument of type "int8_t *" is incompatible with parameter of type "char *restrict"
src\blueTooth.c:                        strcat(blueCmd,"AT+BAUDC\r\n");
src\blueTooth.c:                               ^
src\blueTooth.c(148): warning:  #167-D: argument of type "int8_t *" is incompatible with parameter of type "char *restrict"
src\blueTooth.c:                        strcat(blueCmd,"AT+BAUD6\r\n");
src\blueTooth.c:                               ^
src\blueTooth.c(152): warning:  #167-D: argument of type "int8_t *" is incompatible with parameter of type "char *"
src\blueTooth.c:        if(blueAtAndWait(blueCmd,"OK",500) < 0 ){
src\blueTooth.c:                         ^
src\blueTooth.c(206): warning:  #111-D: statement is unreachable
src\blueTooth.c:                blueAtAndWait("AT+VERSION\r\n","OK",500);
src\blueTooth.c:                ^
src\blueTooth.c: src\blueTooth.c: 19 warnings, 0 errors
compiling mainfunc.c...
src\mainfunc.c(51): error:  #20: identifier "i" is undefined
src\mainfunc.c:         for(i = 0;i<100;i++){
src\mainfunc.c:             ^
src\mainfunc.c(69): warning:  #111-D: statement is unreachable
src\mainfunc.c:         blueToothPower(1);
src\mainfunc.c:         ^
src\mainfunc.c(84): warning:  #111-D: statement is unreachable
src\mainfunc.c:         failCounter++;
src\mainfunc.c:         ^
src\mainfunc.c(39): warning:  #177-D: variable "temp" was declared but never referenced
src\mainfunc.c:         int8_t temp[20];
src\mainfunc.c:                ^
src\mainfunc.c(181): warning:  #167-D: argument of type "uint8_t *" is incompatible with parameter of type "char *restrict"
src\mainfunc.c:                 sprintf(socketCmd,"AT+MIPOPEN=%d,%d,\"%s\",%d,%d\r",socket.socketNum,socket.localPort,socket.ipUrl,socket.desPort,socket.udpTcp);
src\mainfunc.c:                         ^
src\mainfunc.c(183): warning:  #167-D: argument of type "uint8_t *" is incompatible with parameter of type "char *restrict"
src\mainfunc.c:                 sprintf(socketState,"+MIPOPEN: %d,%d",socket.socketNum,1);
src\mainfunc.c:                         ^
src\mainfunc.c(248): warning:  #167-D: argument of type "uint8_t *" is incompatible with parameter of type "char *"
src\mainfunc.c:                                 Send_AT_And_Wait(socketCmd,socketState,2000);
src\mainfunc.c:                                                  ^
src\mainfunc.c(248): warning:  #167-D: argument of type "uint8_t *" is incompatible with parameter of type "char *"
src\mainfunc.c:                                 Send_AT_And_Wait(socketCmd,socketState,2000);
src\mainfunc.c:                                                            ^
src\mainfunc.c(429): warning:  #223-D: function "RTC_Set" declared implicitly
src\mainfunc.c:                         RTC_Set(time.year,time.month,time.date,time.hour,time.minute,time.second);
src\mainfunc.c:                         ^
src\mainfunc.c(623): warning:  #167-D: argument of type "char *" is incompatible with parameter of type "int8_t *"
src\mainfunc.c:         setDataHeader(DEV_POS_REPORT,(char *)(&gpsDataReport),sizeof(DEV_POS_REPORT));  
src\mainfunc.c:                                      ^
src\mainfunc.c(640): warning:  #167-D: argument of type "int8_t *" is incompatible with parameter of type "char *restrict"
src\mainfunc.c:         sprintf(cmd,"AT+ MIPCLOSE=%d\r",soc->socketNum);
src\mainfunc.c:                 ^
src\mainfunc.c(641): warning:  #167-D: argument of type "int8_t *" is incompatible with parameter of type "char *"
src\mainfunc.c:         Send_AT_And_Wait(cmd,"OK",500);
src\mainfunc.c:                          ^
src\mainfunc.c(675): warning:  #167-D: argument of type "int8_t *" is incompatible with parameter of type "char *restrict"
src\mainfunc.c:                 sprintf(tmp,"%2X",(uint8_t)(src[i]));
src\mainfunc.c:                         ^
src\mainfunc.c(685): warning:  #167-D: argument of type "int8_t *" is incompatible with parameter of type "char *restrict"
src\mainfunc.c:                 strcat(des,tmp);
src\mainfunc.c:                        ^
src\mainfunc.c(685): warning:  #167-D: argument of type "int8_t *" is incompatible with parameter of type "const char *restrict"
src\mainfunc.c:                 strcat(des,tmp);
src\mainfunc.c:                            ^
src\mainfunc.c(656): warning:  #177-D: variable "temp" was declared but never referenced
src\mainfunc.c:         int8_t tmp[2],temp = '0';
src\mainfunc.c:                       ^
src\mainfunc.c(734): warning:  #167-D: argument of type "int8_t *" is incompatible with parameter of type "unsigned char *"
src\mainfunc.c:         obdHeader.MSG_CRC = calBufCrc(buf+4,sizeof(DATA_HEAD)+length-4);
src\mainfunc.c:                                       ^
src\mainfunc.c(821): warning:  #167-D: argument of type "int8_t *" is incompatible with parameter of type "const char *"
src\mainfunc.c:                 dataLength = str2hex((int8_t *)pointer,length,sendBuf+strlen(sendBuf)) + dataLength;
src\mainfunc.c:                                                                              ^
src\mainfunc.c(830): warning:  #167-D: argument of type "int8_t *" is incompatible with parameter of type "char *restrict"
src\mainfunc.c:         sprintf(setSocket,"AT+MIPSETS=1,%d,500\r",dataLength/2);
src\mainfunc.c:                 ^
src\mainfunc.c(833): warning:  #167-D: argument of type "int8_t *" is incompatible with parameter of type "char *"
src\mainfunc.c:         Send_AT_And_Wait(setSocket,"OK",500); 
src\mainfunc.c:                          ^
src\mainfunc.c(841): warning:  #167-D: argument of type "int8_t *" is incompatible with parameter of type "char *restrict"
src\mainfunc.c:         sprintf(sendCmd,"AT+MIPSEND=%d,\"",socket.socketNum);
src\mainfunc.c:                 ^
src\mainfunc.c(856): warning:  #167-D: argument of type "int8_t *" is incompatible with parameter of type "const char *"
src\mainfunc.c:         printf("\r\ncmd:%d  buf:%d  data:%d\r\n",strlen(sendCmd),strlen(sendBuf),dataLength); 
src\mainfunc.c:                                                         ^
src\mainfunc.c(856): warning:  #167-D: argument of type "int8_t *" is incompatible with parameter of type "const char *"
src\mainfunc.c:         printf("\r\ncmd:%d  buf:%d  data:%d\r\n",strlen(sendCmd),strlen(sendBuf),dataLength); 
src\mainfunc.c:                                                                         ^
src\mainfunc.c(862): warning:  #167-D: argument of type "int8_t *" is incompatible with parameter of type "const char *"
src\mainfunc.c:         for(i=0;i<strlen(sendCmd);i++)//cmd
src\mainfunc.c:                          ^
src\mainfunc.c(937): warning:  #167-D: argument of type "int8_t *" is incompatible with parameter of type "char *"
src\mainfunc.c:         dataSend((int8_t *)(&obdData),sizeof(OBD_DATA),1,0,0,*soc,1);
src\mainfunc.c:                  ^
src\mainfunc.c: src\mainfunc.c: 24 warnings, 1 error
Target not created
Build target 'OBD'
compiling blueTooth.c...
src\blueTooth.c(94): warning:  #167-D: argument of type "int8_t *" is incompatible with parameter of type "char *restrict"
src\blueTooth.c:        sprintf(blueCmd,"AT+NAME%s\r\n",sysCfg.blueConfig.name);
src\blueTooth.c:                ^
src\blueTooth.c(96): warning:  #167-D: argument of type "int8_t *" is incompatible with parameter of type "char *"
src\blueTooth.c:        if(blueAtAndWait(blueCmd,"OK",500) < 0 ){
src\blueTooth.c:                         ^
src\blueTooth.c(102): warning:  #167-D: argument of type "int8_t *" is incompatible with parameter of type "char *restrict"
src\blueTooth.c:        sprintf(blueCmd,"AT+PIN%s\r\n",sysCfg.blueConfig.password);
src\blueTooth.c:                ^
src\blueTooth.c(104): warning:  #167-D: argument of type "int8_t *" is incompatible with parameter of type "char *"
src\blueTooth.c:        if(blueAtAndWait(blueCmd,"OK",500) < 0 ){
src\blueTooth.c:                         ^
src\blueTooth.c(113): warning:  #167-D: argument of type "int8_t *" is incompatible with parameter of type "char *restrict"
src\blueTooth.c:                        strcat(blueCmd,"AT+BAUD1\r\n");
src\blueTooth.c:                               ^
src\blueTooth.c(116): warning:  #167-D: argument of type "int8_t *" is incompatible with parameter of type "char *restrict"
src\blueTooth.c:                        strcat(blueCmd,"AT+BAUD2\r\n");
src\blueTooth.c:                               ^
src\blueTooth.c(119): warning:  #167-D: argument of type "int8_t *" is incompatible with parameter of type "char *restrict"
src\blueTooth.c:                        strcat(blueCmd,"AT+BAUD3\r\n");
src\blueTooth.c:                               ^
src\blueTooth.c(122): warning:  #167-D: argument of type "int8_t *" is incompatible with parameter of type "char *restrict"
src\blueTooth.c:                        strcat(blueCmd,"AT+BAUD4\r\n");
src\blueTooth.c:                               ^
src\blueTooth.c(125): warning:  #167-D: argument of type "int8_t *" is incompatible with parameter of type "char *restrict"
src\blueTooth.c:                        strcat(blueCmd,"AT+BAUD5\r\n");
src\blueTooth.c:                               ^
src\blueTooth.c(128): warning:  #167-D: argument of type "int8_t *" is incompatible with parameter of type "char *restrict"
src\blueTooth.c:                        strcat(blueCmd,"AT+BAUD6\r\n");
src\blueTooth.c:                               ^
src\blueTooth.c(131): warning:  #167-D: argument of type "int8_t *" is incompatible with parameter of type "char *restrict"
src\blueTooth.c:                        strcat(blueCmd,"AT+BAUD7\r\n");
src\blueTooth.c:                               ^
src\blueTooth.c(134): warning:  #167-D: argument of type "int8_t *" is incompatible with parameter of type "char *restrict"
src\blueTooth.c:                        strcat(blueCmd,"AT+BAUD8\r\n");
src\blueTooth.c:                               ^
src\blueTooth.c(137): warning:  #167-D: argument of type "int8_t *" is incompatible with parameter of type "char *restrict"
src\blueTooth.c:                        strcat(blueCmd,"AT+BAUD9\r\n");
src\blueTooth.c:                               ^
src\blueTooth.c(140): warning:  #167-D: argument of type "int8_t *" is incompatible with parameter of type "char *restrict"
src\blueTooth.c:                        strcat(blueCmd,"AT+BAUDA\r\n");
src\blueTooth.c:                               ^
src\blueTooth.c(143): warning:  #167-D: argument of type "int8_t *" is incompatible with parameter of type "char *restrict"
src\blueTooth.c:                        strcat(blueCmd,"AT+BAUDB\r\n");
src\blueTooth.c:                               ^
src\blueTooth.c(146): warning:  #167-D: argument of type "int8_t *" is incompatible with parameter of type "char *restrict"
src\blueTooth.c:                        strcat(blueCmd,"AT+BAUDC\r\n");
src\blueTooth.c:                               ^
src\blueTooth.c(149): warning:  #167-D: argument of type "int8_t *" is incompatible with parameter of type "char *restrict"
src\blueTooth.c:                        strcat(blueCmd,"AT+BAUD6\r\n");
src\blueTooth.c:                               ^
src\blueTooth.c(153): warning:  #167-D: argument of type "int8_t *" is incompatible with parameter of type "char *"
src\blueTooth.c:        if(blueAtAndWait(blueCmd,"OK",500) < 0 ){
src\blueTooth.c:                         ^
src\blueTooth.c(217): warning:  #111-D: statement is unreachable
src\blueTooth.c:                blueAtAndWait("AT+VERSION\r\n","OK",500);
src\blueTooth.c:                ^
src\blueTooth.c: src\blueTooth.c: 19 warnings, 0 errors
compiling mainfunc.c...
src\mainfunc.c(51): error:  #20: identifier "i" is undefined
src\mainfunc.c:         for(i = 0;i<100;i++){
src\mainfunc.c:             ^
src\mainfunc.c(69): warning:  #111-D: statement is unreachable
src\mainfunc.c:         blueToothPower(1);
src\mainfunc.c:         ^
src\mainfunc.c(84): warning:  #111-D: statement is unreachable
src\mainfunc.c:         failCounter++;
src\mainfunc.c:         ^
src\mainfunc.c(39): warning:  #177-D: variable "temp" was declared but never referenced
src\mainfunc.c:         int8_t temp[20];
src\mainfunc.c:                ^
src\mainfunc.c(181): warning:  #167-D: argument of type "uint8_t *" is incompatible with parameter of type "char *restrict"
src\mainfunc.c:                 sprintf(socketCmd,"AT+MIPOPEN=%d,%d,\"%s\",%d,%d\r",socket.socketNum,socket.localPort,socket.ipUrl,socket.desPort,socket.udpTcp);
src\mainfunc.c:                         ^
src\mainfunc.c(183): warning:  #167-D: argument of type "uint8_t *" is incompatible with parameter of type "char *restrict"
src\mainfunc.c:                 sprintf(socketState,"+MIPOPEN: %d,%d",socket.socketNum,1);
src\mainfunc.c:                         ^
src\mainfunc.c(248): warning:  #167-D: argument of type "uint8_t *" is incompatible with parameter of type "char *"
src\mainfunc.c:                                 Send_AT_And_Wait(socketCmd,socketState,2000);
src\mainfunc.c:                                                  ^
src\mainfunc.c(248): warning:  #167-D: argument of type "uint8_t *" is incompatible with parameter of type "char *"
src\mainfunc.c:                                 Send_AT_And_Wait(socketCmd,socketState,2000);
src\mainfunc.c:                                                            ^
src\mainfunc.c(429): warning:  #223-D: function "RTC_Set" declared implicitly
src\mainfunc.c:                         RTC_Set(time.year,time.month,time.date,time.hour,time.minute,time.second);
src\mainfunc.c:                         ^
src\mainfunc.c(623): warning:  #167-D: argument of type "char *" is incompatible with parameter of type "int8_t *"
src\mainfunc.c:         setDataHeader(DEV_POS_REPORT,(char *)(&gpsDataReport),sizeof(DEV_POS_REPORT));  
src\mainfunc.c:                                      ^
src\mainfunc.c(640): warning:  #167-D: argument of type "int8_t *" is incompatible with parameter of type "char *restrict"
src\mainfunc.c:         sprintf(cmd,"AT+ MIPCLOSE=%d\r",soc->socketNum);
src\mainfunc.c:                 ^
src\mainfunc.c(641): warning:  #167-D: argument of type "int8_t *" is incompatible with parameter of type "char *"
src\mainfunc.c:         Send_AT_And_Wait(cmd,"OK",500);
src\mainfunc.c:                          ^
src\mainfunc.c(675): warning:  #167-D: argument of type "int8_t *" is incompatible with parameter of type "char *restrict"
src\mainfunc.c:                 sprintf(tmp,"%2X",(uint8_t)(src[i]));
src\mainfunc.c:                         ^
src\mainfunc.c(685): warning:  #167-D: argument of type "int8_t *" is incompatible with parameter of type "char *restrict"
src\mainfunc.c:                 strcat(des,tmp);
src\mainfunc.c:                        ^
src\mainfunc.c(685): warning:  #167-D: argument of type "int8_t *" is incompatible with parameter of type "const char *restrict"
src\mainfunc.c:                 strcat(des,tmp);
src\mainfunc.c:                            ^
src\mainfunc.c(656): warning:  #177-D: variable "temp" was declared but never referenced
src\mainfunc.c:         int8_t tmp[2],temp = '0';
src\mainfunc.c:                       ^
src\mainfunc.c(734): warning:  #167-D: argument of type "int8_t *" is incompatible with parameter of type "unsigned char *"
src\mainfunc.c:         obdHeader.MSG_CRC = calBufCrc(buf+4,sizeof(DATA_HEAD)+length-4);
src\mainfunc.c:                                       ^
src\mainfunc.c(821): warning:  #167-D: argument of type "int8_t *" is incompatible with parameter of type "const char *"
src\mainfunc.c:                 dataLength = str2hex((int8_t *)pointer,length,sendBuf+strlen(sendBuf)) + dataLength;
src\mainfunc.c:                                                                              ^
src\mainfunc.c(830): warning:  #167-D: argument of type "int8_t *" is incompatible with parameter of type "char *restrict"
src\mainfunc.c:         sprintf(setSocket,"AT+MIPSETS=1,%d,500\r",dataLength/2);
src\mainfunc.c:                 ^
src\mainfunc.c(833): warning:  #167-D: argument of type "int8_t *" is incompatible with parameter of type "char *"
src\mainfunc.c:         Send_AT_And_Wait(setSocket,"OK",500); 
src\mainfunc.c:                          ^
src\mainfunc.c(841): warning:  #167-D: argument of type "int8_t *" is incompatible with parameter of type "char *restrict"
src\mainfunc.c:         sprintf(sendCmd,"AT+MIPSEND=%d,\"",socket.socketNum);
src\mainfunc.c:                 ^
src\mainfunc.c(856): warning:  #167-D: argument of type "int8_t *" is incompatible with parameter of type "const char *"
src\mainfunc.c:         printf("\r\ncmd:%d  buf:%d  data:%d\r\n",strlen(sendCmd),strlen(sendBuf),dataLength); 
src\mainfunc.c:                                                         ^
src\mainfunc.c(856): warning:  #167-D: argument of type "int8_t *" is incompatible with parameter of type "const char *"
src\mainfunc.c:         printf("\r\ncmd:%d  buf:%d  data:%d\r\n",strlen(sendCmd),strlen(sendBuf),dataLength); 
src\mainfunc.c:                                                                         ^
src\mainfunc.c(862): warning:  #167-D: argument of type "int8_t *" is incompatible with parameter of type "const char *"
src\mainfunc.c:         for(i=0;i<strlen(sendCmd);i++)//cmd
src\mainfunc.c:                          ^
src\mainfunc.c(937): warning:  #167-D: argument of type "int8_t *" is incompatible with parameter of type "char *"
src\mainfunc.c:         dataSend((int8_t *)(&obdData),sizeof(OBD_DATA),1,0,0,*soc,1);
src\mainfunc.c:                  ^
src\mainfunc.c: src\mainfunc.c: 24 warnings, 1 error
Target not created
Build target 'OBD'
compiling mainfunc.c...
src\mainfunc.c(69): warning:  #111-D: statement is unreachable
src\mainfunc.c:         blueToothPower(1);
src\mainfunc.c:         ^
src\mainfunc.c(84): warning:  #111-D: statement is unreachable
src\mainfunc.c:         failCounter++;
src\mainfunc.c:         ^
src\mainfunc.c(39): warning:  #177-D: variable "temp" was declared but never referenced
src\mainfunc.c:         int8_t temp[20];
src\mainfunc.c:                ^
src\mainfunc.c(181): warning:  #167-D: argument of type "uint8_t *" is incompatible with parameter of type "char *restrict"
src\mainfunc.c:                 sprintf(socketCmd,"AT+MIPOPEN=%d,%d,\"%s\",%d,%d\r",socket.socketNum,socket.localPort,socket.ipUrl,socket.desPort,socket.udpTcp);
src\mainfunc.c:                         ^
src\mainfunc.c(183): warning:  #167-D: argument of type "uint8_t *" is incompatible with parameter of type "char *restrict"
src\mainfunc.c:                 sprintf(socketState,"+MIPOPEN: %d,%d",socket.socketNum,1);
src\mainfunc.c:                         ^
src\mainfunc.c(248): warning:  #167-D: argument of type "uint8_t *" is incompatible with parameter of type "char *"
src\mainfunc.c:                                 Send_AT_And_Wait(socketCmd,socketState,2000);
src\mainfunc.c:                                                  ^
src\mainfunc.c(248): warning:  #167-D: argument of type "uint8_t *" is incompatible with parameter of type "char *"
src\mainfunc.c:                                 Send_AT_And_Wait(socketCmd,socketState,2000);
src\mainfunc.c:                                                            ^
src\mainfunc.c(429): warning:  #223-D: function "RTC_Set" declared implicitly
src\mainfunc.c:                         RTC_Set(time.year,time.month,time.date,time.hour,time.minute,time.second);
src\mainfunc.c:                         ^
src\mainfunc.c(623): warning:  #167-D: argument of type "char *" is incompatible with parameter of type "int8_t *"
src\mainfunc.c:         setDataHeader(DEV_POS_REPORT,(char *)(&gpsDataReport),sizeof(DEV_POS_REPORT));  
src\mainfunc.c:                                      ^
src\mainfunc.c(640): warning:  #167-D: argument of type "int8_t *" is incompatible with parameter of type "char *restrict"
src\mainfunc.c:         sprintf(cmd,"AT+ MIPCLOSE=%d\r",soc->socketNum);
src\mainfunc.c:                 ^
src\mainfunc.c(641): warning:  #167-D: argument of type "int8_t *" is incompatible with parameter of type "char *"
src\mainfunc.c:         Send_AT_And_Wait(cmd,"OK",500);
src\mainfunc.c:                          ^
src\mainfunc.c(675): warning:  #167-D: argument of type "int8_t *" is incompatible with parameter of type "char *restrict"
src\mainfunc.c:                 sprintf(tmp,"%2X",(uint8_t)(src[i]));
src\mainfunc.c:                         ^
src\mainfunc.c(685): warning:  #167-D: argument of type "int8_t *" is incompatible with parameter of type "char *restrict"
src\mainfunc.c:                 strcat(des,tmp);
src\mainfunc.c:                        ^
src\mainfunc.c(685): warning:  #167-D: argument of type "int8_t *" is incompatible with parameter of type "const char *restrict"
src\mainfunc.c:                 strcat(des,tmp);
src\mainfunc.c:                            ^
src\mainfunc.c(656): warning:  #177-D: variable "temp" was declared but never referenced
src\mainfunc.c:         int8_t tmp[2],temp = '0';
src\mainfunc.c:                       ^
src\mainfunc.c(734): warning:  #167-D: argument of type "int8_t *" is incompatible with parameter of type "unsigned char *"
src\mainfunc.c:         obdHeader.MSG_CRC = calBufCrc(buf+4,sizeof(DATA_HEAD)+length-4);
src\mainfunc.c:                                       ^
src\mainfunc.c(821): warning:  #167-D: argument of type "int8_t *" is incompatible with parameter of type "const char *"
src\mainfunc.c:                 dataLength = str2hex((int8_t *)pointer,length,sendBuf+strlen(sendBuf)) + dataLength;
src\mainfunc.c:                                                                              ^
src\mainfunc.c(830): warning:  #167-D: argument of type "int8_t *" is incompatible with parameter of type "char *restrict"
src\mainfunc.c:         sprintf(setSocket,"AT+MIPSETS=1,%d,500\r",dataLength/2);
src\mainfunc.c:                 ^
src\mainfunc.c(833): warning:  #167-D: argument of type "int8_t *" is incompatible with parameter of type "char *"
src\mainfunc.c:         Send_AT_And_Wait(setSocket,"OK",500); 
src\mainfunc.c:                          ^
src\mainfunc.c(841): warning:  #167-D: argument of type "int8_t *" is incompatible with parameter of type "char *restrict"
src\mainfunc.c:         sprintf(sendCmd,"AT+MIPSEND=%d,\"",socket.socketNum);
src\mainfunc.c:                 ^
src\mainfunc.c(856): warning:  #167-D: argument of type "int8_t *" is incompatible with parameter of type "const char *"
src\mainfunc.c:         printf("\r\ncmd:%d  buf:%d  data:%d\r\n",strlen(sendCmd),strlen(sendBuf),dataLength); 
src\mainfunc.c:                                                         ^
src\mainfunc.c(856): warning:  #167-D: argument of type "int8_t *" is incompatible with parameter of type "const char *"
src\mainfunc.c:         printf("\r\ncmd:%d  buf:%d  data:%d\r\n",strlen(sendCmd),strlen(sendBuf),dataLength); 
src\mainfunc.c:                                                                         ^
src\mainfunc.c(862): warning:  #167-D: argument of type "int8_t *" is incompatible with parameter of type "const char *"
src\mainfunc.c:         for(i=0;i<strlen(sendCmd);i++)//cmd
src\mainfunc.c:                          ^
src\mainfunc.c(937): warning:  #167-D: argument of type "int8_t *" is incompatible with parameter of type "char *"
src\mainfunc.c:         dataSend((int8_t *)(&obdData),sizeof(OBD_DATA),1,0,0,*soc,1);
src\mainfunc.c:                  ^
src\mainfunc.c: src\mainfunc.c: 24 warnings, 0 errors
linking...
Program Size: Code=21532 RO-data=1124 RW-data=132 ZI-data=9772  
FromELF: creating hex file...
".\Obj\OBD_3.axf" - 0 Error(s), 24 Warning(s).
Build target 'OBD'
linking...
Program Size: Code=21532 RO-data=1124 RW-data=132 ZI-data=9772  
FromELF: creating hex file...
".\Obj\OBD_3.axf" - 0 Error(s), 0 Warning(s).
Build target 'OBD'
compiling stm32f10x_it.c...
compiling hard_init.c...
src\hard_init.c(920): warning:  #223-D: function "RTC_Set" declared implicitly
src\hard_init.c:        RTC_Set();//set rtc
src\hard_init.c:        ^
src\hard_init.c: src\hard_init.c: 1 warning, 0 errors
compiling mainfunc.c...
src\mainfunc.c(69): warning:  #111-D: statement is unreachable
src\mainfunc.c:         blueToothPower(1);
src\mainfunc.c:         ^
src\mainfunc.c(84): warning:  #111-D: statement is unreachable
src\mainfunc.c:         failCounter++;
src\mainfunc.c:         ^
src\mainfunc.c(39): warning:  #177-D: variable "temp" was declared but never referenced
src\mainfunc.c:         int8_t temp[20];
src\mainfunc.c:                ^
src\mainfunc.c(181): warning:  #167-D: argument of type "uint8_t *" is incompatible with parameter of type "char *restrict"
src\mainfunc.c:                 sprintf(socketCmd,"AT+MIPOPEN=%d,%d,\"%s\",%d,%d\r",socket.socketNum,socket.localPort,socket.ipUrl,socket.desPort,socket.udpTcp);
src\mainfunc.c:                         ^
src\mainfunc.c(183): warning:  #167-D: argument of type "uint8_t *" is incompatible with parameter of type "char *restrict"
src\mainfunc.c:                 sprintf(socketState,"+MIPOPEN: %d,%d",socket.socketNum,1);
src\mainfunc.c:                         ^
src\mainfunc.c(248): warning:  #167-D: argument of type "uint8_t *" is incompatible with parameter of type "char *"
src\mainfunc.c:                                 Send_AT_And_Wait(socketCmd,socketState,2000);
src\mainfunc.c:                                                  ^
src\mainfunc.c(248): warning:  #167-D: argument of type "uint8_t *" is incompatible with parameter of type "char *"
src\mainfunc.c:                                 Send_AT_And_Wait(socketCmd,socketState,2000);
src\mainfunc.c:                                                            ^
src\mainfunc.c(429): warning:  #223-D: function "RTC_Set" declared implicitly
src\mainfunc.c:                         RTC_Set(time.year,time.month,time.date,time.hour,time.minute,time.second);
src\mainfunc.c:                         ^
src\mainfunc.c(623): warning:  #167-D: argument of type "char *" is incompatible with parameter of type "int8_t *"
src\mainfunc.c:         setDataHeader(DEV_POS_REPORT,(char *)(&gpsDataReport),sizeof(DEV_POS_REPORT));  
src\mainfunc.c:                                      ^
src\mainfunc.c(640): warning:  #167-D: argument of type "int8_t *" is incompatible with parameter of type "char *restrict"
src\mainfunc.c:         sprintf(cmd,"AT+ MIPCLOSE=%d\r",soc->socketNum);
src\mainfunc.c:                 ^
src\mainfunc.c(641): warning:  #167-D: argument of type "int8_t *" is incompatible with parameter of type "char *"
src\mainfunc.c:         Send_AT_And_Wait(cmd,"OK",500);
src\mainfunc.c:                          ^
src\mainfunc.c(675): warning:  #167-D: argument of type "int8_t *" is incompatible with parameter of type "char *restrict"
src\mainfunc.c:                 sprintf(tmp,"%2X",(uint8_t)(src[i]));
src\mainfunc.c:                         ^
src\mainfunc.c(685): warning:  #167-D: argument of type "int8_t *" is incompatible with parameter of type "char *restrict"
src\mainfunc.c:                 strcat(des,tmp);
src\mainfunc.c:                        ^
src\mainfunc.c(685): warning:  #167-D: argument of type "int8_t *" is incompatible with parameter of type "const char *restrict"
src\mainfunc.c:                 strcat(des,tmp);
src\mainfunc.c:                            ^
src\mainfunc.c(656): warning:  #177-D: variable "temp" was declared but never referenced
src\mainfunc.c:         int8_t tmp[2],temp = '0';
src\mainfunc.c:                       ^
src\mainfunc.c(734): warning:  #167-D: argument of type "int8_t *" is incompatible with parameter of type "unsigned char *"
src\mainfunc.c:         obdHeader.MSG_CRC = calBufCrc(buf+4,sizeof(DATA_HEAD)+length-4);
src\mainfunc.c:                                       ^
src\mainfunc.c(821): warning:  #167-D: argument of type "int8_t *" is incompatible with parameter of type "const char *"
src\mainfunc.c:                 dataLength = str2hex((int8_t *)pointer,length,sendBuf+strlen(sendBuf)) + dataLength;
src\mainfunc.c:                                                                              ^
src\mainfunc.c(830): warning:  #167-D: argument of type "int8_t *" is incompatible with parameter of type "char *restrict"
src\mainfunc.c:         sprintf(setSocket,"AT+MIPSETS=1,%d,500\r",dataLength/2);
src\mainfunc.c:                 ^
src\mainfunc.c(833): warning:  #167-D: argument of type "int8_t *" is incompatible with parameter of type "char *"
src\mainfunc.c:         Send_AT_And_Wait(setSocket,"OK",500); 
src\mainfunc.c:                          ^
src\mainfunc.c(841): warning:  #167-D: argument of type "int8_t *" is incompatible with parameter of type "char *restrict"
src\mainfunc.c:         sprintf(sendCmd,"AT+MIPSEND=%d,\"",socket.socketNum);
src\mainfunc.c:                 ^
src\mainfunc.c(856): warning:  #167-D: argument of type "int8_t *" is incompatible with parameter of type "const char *"
src\mainfunc.c:         printf("\r\ncmd:%d  buf:%d  data:%d\r\n",strlen(sendCmd),strlen(sendBuf),dataLength); 
src\mainfunc.c:                                                         ^
src\mainfunc.c(856): warning:  #167-D: argument of type "int8_t *" is incompatible with parameter of type "const char *"
src\mainfunc.c:         printf("\r\ncmd:%d  buf:%d  data:%d\r\n",strlen(sendCmd),strlen(sendBuf),dataLength); 
src\mainfunc.c:                                                                         ^
src\mainfunc.c(862): warning:  #167-D: argument of type "int8_t *" is incompatible with parameter of type "const char *"
src\mainfunc.c:         for(i=0;i<strlen(sendCmd);i++)//cmd
src\mainfunc.c:                          ^
src\mainfunc.c(937): warning:  #167-D: argument of type "int8_t *" is incompatible with parameter of type "char *"
src\mainfunc.c:         dataSend((int8_t *)(&obdData),sizeof(OBD_DATA),1,0,0,*soc,1);
src\mainfunc.c:                  ^
src\mainfunc.c: src\mainfunc.c: 24 warnings, 0 errors
linking...
Program Size: Code=21652 RO-data=1124 RW-data=132 ZI-data=9772  
FromELF: creating hex file...
".\Obj\OBD_3.axf" - 0 Error(s), 25 Warning(s).
Build target 'OBD'
compiling blueTooth.c...
src\blueTooth.c(95): warning:  #167-D: argument of type "int8_t *" is incompatible with parameter of type "char *restrict"
src\blueTooth.c:        sprintf(blueCmd,"AT+NAME%s\r\n",sysCfg.blueConfig.name);
src\blueTooth.c:                ^
src\blueTooth.c(97): warning:  #167-D: argument of type "int8_t *" is incompatible with parameter of type "char *"
src\blueTooth.c:        if(blueAtAndWait(blueCmd,"OK",500) < 0 ){
src\blueTooth.c:                         ^
src\blueTooth.c(103): warning:  #167-D: argument of type "int8_t *" is incompatible with parameter of type "char *restrict"
src\blueTooth.c:        sprintf(blueCmd,"AT+PIN%s\r\n",sysCfg.blueConfig.password);
src\blueTooth.c:                ^
src\blueTooth.c(105): warning:  #167-D: argument of type "int8_t *" is incompatible with parameter of type "char *"
src\blueTooth.c:        if(blueAtAndWait(blueCmd,"OK",500) < 0 ){
src\blueTooth.c:                         ^
src\blueTooth.c(114): warning:  #167-D: argument of type "int8_t *" is incompatible with parameter of type "char *restrict"
src\blueTooth.c:                        strcat(blueCmd,"AT+BAUD1\r\n");
src\blueTooth.c:                               ^
src\blueTooth.c(117): warning:  #167-D: argument of type "int8_t *" is incompatible with parameter of type "char *restrict"
src\blueTooth.c:                        strcat(blueCmd,"AT+BAUD2\r\n");
src\blueTooth.c:                               ^
src\blueTooth.c(120): warning:  #167-D: argument of type "int8_t *" is incompatible with parameter of type "char *restrict"
src\blueTooth.c:                        strcat(blueCmd,"AT+BAUD3\r\n");
src\blueTooth.c:                               ^
src\blueTooth.c(123): warning:  #167-D: argument of type "int8_t *" is incompatible with parameter of type "char *restrict"
src\blueTooth.c:                        strcat(blueCmd,"AT+BAUD4\r\n");
src\blueTooth.c:                               ^
src\blueTooth.c(126): warning:  #167-D: argument of type "int8_t *" is incompatible with parameter of type "char *restrict"
src\blueTooth.c:                        strcat(blueCmd,"AT+BAUD5\r\n");
src\blueTooth.c:                               ^
src\blueTooth.c(129): warning:  #167-D: argument of type "int8_t *" is incompatible with parameter of type "char *restrict"
src\blueTooth.c:                        strcat(blueCmd,"AT+BAUD6\r\n");
src\blueTooth.c:                               ^
src\blueTooth.c(132): warning:  #167-D: argument of type "int8_t *" is incompatible with parameter of type "char *restrict"
src\blueTooth.c:                        strcat(blueCmd,"AT+BAUD7\r\n");
src\blueTooth.c:                               ^
src\blueTooth.c(135): warning:  #167-D: argument of type "int8_t *" is incompatible with parameter of type "char *restrict"
src\blueTooth.c:                        strcat(blueCmd,"AT+BAUD8\r\n");
src\blueTooth.c:                               ^
src\blueTooth.c(138): warning:  #167-D: argument of type "int8_t *" is incompatible with parameter of type "char *restrict"
src\blueTooth.c:                        strcat(blueCmd,"AT+BAUD9\r\n");
src\blueTooth.c:                               ^
src\blueTooth.c(141): warning:  #167-D: argument of type "int8_t *" is incompatible with parameter of type "char *restrict"
src\blueTooth.c:                        strcat(blueCmd,"AT+BAUDA\r\n");
src\blueTooth.c:                               ^
src\blueTooth.c(144): warning:  #167-D: argument of type "int8_t *" is incompatible with parameter of type "char *restrict"
src\blueTooth.c:                        strcat(blueCmd,"AT+BAUDB\r\n");
src\blueTooth.c:                               ^
src\blueTooth.c(147): warning:  #167-D: argument of type "int8_t *" is incompatible with parameter of type "char *restrict"
src\blueTooth.c:                        strcat(blueCmd,"AT+BAUDC\r\n");
src\blueTooth.c:                               ^
src\blueTooth.c(150): warning:  #167-D: argument of type "int8_t *" is incompatible with parameter of type "char *restrict"
src\blueTooth.c:                        strcat(blueCmd,"AT+BAUD6\r\n");
src\blueTooth.c:                               ^
src\blueTooth.c(154): warning:  #167-D: argument of type "int8_t *" is incompatible with parameter of type "char *"
src\blueTooth.c:        if(blueAtAndWait(blueCmd,"OK",500) < 0 ){
src\blueTooth.c:                         ^
src\blueTooth.c(218): warning:  #111-D: statement is unreachable
src\blueTooth.c:                blueAtAndWait("AT+VERSION\r\n","OK",500);
src\blueTooth.c:                ^
src\blueTooth.c: src\blueTooth.c: 19 warnings, 0 errors
compiling mainfunc.c...
src\mainfunc.c(69): warning:  #111-D: statement is unreachable
src\mainfunc.c:         blueToothPower(1);
src\mainfunc.c:         ^
src\mainfunc.c(84): warning:  #111-D: statement is unreachable
src\mainfunc.c:         failCounter++;
src\mainfunc.c:         ^
src\mainfunc.c(39): warning:  #177-D: variable "temp" was declared but never referenced
src\mainfunc.c:         int8_t temp[20];
src\mainfunc.c:                ^
src\mainfunc.c(181): warning:  #167-D: argument of type "uint8_t *" is incompatible with parameter of type "char *restrict"
src\mainfunc.c:                 sprintf(socketCmd,"AT+MIPOPEN=%d,%d,\"%s\",%d,%d\r",socket.socketNum,socket.localPort,socket.ipUrl,socket.desPort,socket.udpTcp);
src\mainfunc.c:                         ^
src\mainfunc.c(183): warning:  #167-D: argument of type "uint8_t *" is incompatible with parameter of type "char *restrict"
src\mainfunc.c:                 sprintf(socketState,"+MIPOPEN: %d,%d",socket.socketNum,1);
src\mainfunc.c:                         ^
src\mainfunc.c(248): warning:  #167-D: argument of type "uint8_t *" is incompatible with parameter of type "char *"
src\mainfunc.c:                                 Send_AT_And_Wait(socketCmd,socketState,2000);
src\mainfunc.c:                                                  ^
src\mainfunc.c(248): warning:  #167-D: argument of type "uint8_t *" is incompatible with parameter of type "char *"
src\mainfunc.c:                                 Send_AT_And_Wait(socketCmd,socketState,2000);
src\mainfunc.c:                                                            ^
src\mainfunc.c(429): warning:  #223-D: function "RTC_Set" declared implicitly
src\mainfunc.c:                         RTC_Set(time.year,time.month,time.date,time.hour,time.minute,time.second);
src\mainfunc.c:                         ^
src\mainfunc.c(623): warning:  #167-D: argument of type "char *" is incompatible with parameter of type "int8_t *"
src\mainfunc.c:         setDataHeader(DEV_POS_REPORT,(char *)(&gpsDataReport),sizeof(DEV_POS_REPORT));  
src\mainfunc.c:                                      ^
src\mainfunc.c(640): warning:  #167-D: argument of type "int8_t *" is incompatible with parameter of type "char *restrict"
src\mainfunc.c:         sprintf(cmd,"AT+ MIPCLOSE=%d\r",soc->socketNum);
src\mainfunc.c:                 ^
src\mainfunc.c(641): warning:  #167-D: argument of type "int8_t *" is incompatible with parameter of type "char *"
src\mainfunc.c:         Send_AT_And_Wait(cmd,"OK",500);
src\mainfunc.c:                          ^
src\mainfunc.c(675): warning:  #167-D: argument of type "int8_t *" is incompatible with parameter of type "char *restrict"
src\mainfunc.c:                 sprintf(tmp,"%2X",(uint8_t)(src[i]));
src\mainfunc.c:                         ^
src\mainfunc.c(685): warning:  #167-D: argument of type "int8_t *" is incompatible with parameter of type "char *restrict"
src\mainfunc.c:                 strcat(des,tmp);
src\mainfunc.c:                        ^
src\mainfunc.c(685): warning:  #167-D: argument of type "int8_t *" is incompatible with parameter of type "const char *restrict"
src\mainfunc.c:                 strcat(des,tmp);
src\mainfunc.c:                            ^
src\mainfunc.c(656): warning:  #177-D: variable "temp" was declared but never referenced
src\mainfunc.c:         int8_t tmp[2],temp = '0';
src\mainfunc.c:                       ^
src\mainfunc.c(734): warning:  #167-D: argument of type "int8_t *" is incompatible with parameter of type "unsigned char *"
src\mainfunc.c:         obdHeader.MSG_CRC = calBufCrc(buf+4,sizeof(DATA_HEAD)+length-4);
src\mainfunc.c:                                       ^
src\mainfunc.c(821): warning:  #167-D: argument of type "int8_t *" is incompatible with parameter of type "const char *"
src\mainfunc.c:                 dataLength = str2hex((int8_t *)pointer,length,sendBuf+strlen(sendBuf)) + dataLength;
src\mainfunc.c:                                                                              ^
src\mainfunc.c(830): warning:  #167-D: argument of type "int8_t *" is incompatible with parameter of type "char *restrict"
src\mainfunc.c:         sprintf(setSocket,"AT+MIPSETS=1,%d,500\r",dataLength/2);
src\mainfunc.c:                 ^
src\mainfunc.c(833): warning:  #167-D: argument of type "int8_t *" is incompatible with parameter of type "char *"
src\mainfunc.c:         Send_AT_And_Wait(setSocket,"OK",500); 
src\mainfunc.c:                          ^
src\mainfunc.c(841): warning:  #167-D: argument of type "int8_t *" is incompatible with parameter of type "char *restrict"
src\mainfunc.c:         sprintf(sendCmd,"AT+MIPSEND=%d,\"",socket.socketNum);
src\mainfunc.c:                 ^
src\mainfunc.c(856): warning:  #167-D: argument of type "int8_t *" is incompatible with parameter of type "const char *"
src\mainfunc.c:         printf("\r\ncmd:%d  buf:%d  data:%d\r\n",strlen(sendCmd),strlen(sendBuf),dataLength); 
src\mainfunc.c:                                                         ^
src\mainfunc.c(856): warning:  #167-D: argument of type "int8_t *" is incompatible with parameter of type "const char *"
src\mainfunc.c:         printf("\r\ncmd:%d  buf:%d  data:%d\r\n",strlen(sendCmd),strlen(sendBuf),dataLength); 
src\mainfunc.c:                                                                         ^
src\mainfunc.c(862): warning:  #167-D: argument of type "int8_t *" is incompatible with parameter of type "const char *"
src\mainfunc.c:         for(i=0;i<strlen(sendCmd);i++)//cmd
src\mainfunc.c:                          ^
src\mainfunc.c(937): warning:  #167-D: argument of type "int8_t *" is incompatible with parameter of type "char *"
src\mainfunc.c:         dataSend((int8_t *)(&obdData),sizeof(OBD_DATA),1,0,0,*soc,1);
src\mainfunc.c:                  ^
src\mainfunc.c: src\mainfunc.c: 24 warnings, 0 errors
compiling OBD.c...
src\OBD.c(222): warning:  #550-D: variable "psi" was set but never used
src\OBD.c:      float kpa, psi;
src\OBD.c:                 ^
src\OBD.c(233): warning:  #550-D: variable "psi" was set but never used
src\OBD.c:      float psi;
src\OBD.c:            ^
src\OBD.c(315): warning:  #550-D: variable "f" was set but never used
src\OBD.c:      float c,f;
src\OBD.c:              ^
src\OBD.c(350): warning:  #550-D: variable "f" was set but never used
src\OBD.c:      int c,f;
src\OBD.c:            ^
src\OBD.c: src\OBD.c: 4 warnings, 0 errors
linking...
Program Size: Code=21656 RO-data=1124 RW-data=132 ZI-data=9772  
FromELF: creating hex file...
".\Obj\OBD_3.axf" - 0 Error(s), 47 Warning(s).
Build target 'OBD'
compiling stm32f10x_it.c...
linking...
Program Size: Code=21688 RO-data=1124 RW-data=132 ZI-data=9772  
FromELF: creating hex file...
".\Obj\OBD_3.axf" - 0 Error(s), 0 Warning(s).
Build target 'OBD'
compiling stm32f10x_it.c...
linking...
Program Size: Code=21632 RO-data=1124 RW-data=132 ZI-data=9772  
FromELF: creating hex file...
".\Obj\OBD_3.axf" - 0 Error(s), 0 Warning(s).
Build target 'OBD'
linking...
Program Size: Code=21632 RO-data=1124 RW-data=132 ZI-data=9772  
FromELF: creating hex file...
".\Obj\OBD_3.axf" - 0 Error(s), 0 Warning(s).
Build target 'OBD'
compiling mainfunc.c...
src\mainfunc.c(73): warning:  #111-D: statement is unreachable
src\mainfunc.c:         blueToothPower(1);
src\mainfunc.c:         ^
src\mainfunc.c(88): warning:  #111-D: statement is unreachable
src\mainfunc.c:         failCounter++;
src\mainfunc.c:         ^
src\mainfunc.c(39): warning:  #177-D: variable "temp" was declared but never referenced
src\mainfunc.c:         int8_t temp[20];
src\mainfunc.c:                ^
src\mainfunc.c(185): warning:  #167-D: argument of type "uint8_t *" is incompatible with parameter of type "char *restrict"
src\mainfunc.c:                 sprintf(socketCmd,"AT+MIPOPEN=%d,%d,\"%s\",%d,%d\r",socket.socketNum,socket.localPort,socket.ipUrl,socket.desPort,socket.udpTcp);
src\mainfunc.c:                         ^
src\mainfunc.c(187): warning:  #167-D: argument of type "uint8_t *" is incompatible with parameter of type "char *restrict"
src\mainfunc.c:                 sprintf(socketState,"+MIPOPEN: %d,%d",socket.socketNum,1);
src\mainfunc.c:                         ^
src\mainfunc.c(252): warning:  #167-D: argument of type "uint8_t *" is incompatible with parameter of type "char *"
src\mainfunc.c:                                 Send_AT_And_Wait(socketCmd,socketState,2000);
src\mainfunc.c:                                                  ^
src\mainfunc.c(252): warning:  #167-D: argument of type "uint8_t *" is incompatible with parameter of type "char *"
src\mainfunc.c:                                 Send_AT_And_Wait(socketCmd,socketState,2000);
src\mainfunc.c:                                                            ^
src\mainfunc.c(433): warning:  #223-D: function "RTC_Set" declared implicitly
src\mainfunc.c:                         RTC_Set(time.year,time.month,time.date,time.hour,time.minute,time.second);
src\mainfunc.c:                         ^
src\mainfunc.c(627): warning:  #167-D: argument of type "char *" is incompatible with parameter of type "int8_t *"
src\mainfunc.c:         setDataHeader(DEV_POS_REPORT,(char *)(&gpsDataReport),sizeof(DEV_POS_REPORT));  
src\mainfunc.c:                                      ^
src\mainfunc.c(644): warning:  #167-D: argument of type "int8_t *" is incompatible with parameter of type "char *restrict"
src\mainfunc.c:         sprintf(cmd,"AT+ MIPCLOSE=%d\r",soc->socketNum);
src\mainfunc.c:                 ^
src\mainfunc.c(645): warning:  #167-D: argument of type "int8_t *" is incompatible with parameter of type "char *"
src\mainfunc.c:         Send_AT_And_Wait(cmd,"OK",500);
src\mainfunc.c:                          ^
src\mainfunc.c(679): warning:  #167-D: argument of type "int8_t *" is incompatible with parameter of type "char *restrict"
src\mainfunc.c:                 sprintf(tmp,"%2X",(uint8_t)(src[i]));
src\mainfunc.c:                         ^
src\mainfunc.c(689): warning:  #167-D: argument of type "int8_t *" is incompatible with parameter of type "char *restrict"
src\mainfunc.c:                 strcat(des,tmp);
src\mainfunc.c:                        ^
src\mainfunc.c(689): warning:  #167-D: argument of type "int8_t *" is incompatible with parameter of type "const char *restrict"
src\mainfunc.c:                 strcat(des,tmp);
src\mainfunc.c:                            ^
src\mainfunc.c(660): warning:  #177-D: variable "temp" was declared but never referenced
src\mainfunc.c:         int8_t tmp[2],temp = '0';
src\mainfunc.c:                       ^
src\mainfunc.c(738): warning:  #167-D: argument of type "int8_t *" is incompatible with parameter of type "unsigned char *"
src\mainfunc.c:         obdHeader.MSG_CRC = calBufCrc(buf+4,sizeof(DATA_HEAD)+length-4);
src\mainfunc.c:                                       ^
src\mainfunc.c(825): warning:  #167-D: argument of type "int8_t *" is incompatible with parameter of type "const char *"
src\mainfunc.c:                 dataLength = str2hex((int8_t *)pointer,length,sendBuf+strlen(sendBuf)) + dataLength;
src\mainfunc.c:                                                                              ^
src\mainfunc.c(834): warning:  #167-D: argument of type "int8_t *" is incompatible with parameter of type "char *restrict"
src\mainfunc.c:         sprintf(setSocket,"AT+MIPSETS=1,%d,500\r",dataLength/2);
src\mainfunc.c:                 ^
src\mainfunc.c(837): warning:  #167-D: argument of type "int8_t *" is incompatible with parameter of type "char *"
src\mainfunc.c:         Send_AT_And_Wait(setSocket,"OK",500); 
src\mainfunc.c:                          ^
src\mainfunc.c(845): warning:  #167-D: argument of type "int8_t *" is incompatible with parameter of type "char *restrict"
src\mainfunc.c:         sprintf(sendCmd,"AT+MIPSEND=%d,\"",socket.socketNum);
src\mainfunc.c:                 ^
src\mainfunc.c(860): warning:  #167-D: argument of type "int8_t *" is incompatible with parameter of type "const char *"
src\mainfunc.c:         printf("\r\ncmd:%d  buf:%d  data:%d\r\n",strlen(sendCmd),strlen(sendBuf),dataLength); 
src\mainfunc.c:                                                         ^
src\mainfunc.c(860): warning:  #167-D: argument of type "int8_t *" is incompatible with parameter of type "const char *"
src\mainfunc.c:         printf("\r\ncmd:%d  buf:%d  data:%d\r\n",strlen(sendCmd),strlen(sendBuf),dataLength); 
src\mainfunc.c:                                                                         ^
src\mainfunc.c(866): warning:  #167-D: argument of type "int8_t *" is incompatible with parameter of type "const char *"
src\mainfunc.c:         for(i=0;i<strlen(sendCmd);i++)//cmd
src\mainfunc.c:                          ^
src\mainfunc.c(941): warning:  #167-D: argument of type "int8_t *" is incompatible with parameter of type "char *"
src\mainfunc.c:         dataSend((int8_t *)(&obdData),sizeof(OBD_DATA),1,0,0,*soc,1);
src\mainfunc.c:                  ^
src\mainfunc.c: src\mainfunc.c: 24 warnings, 0 errors
linking...
Program Size: Code=21676 RO-data=1124 RW-data=132 ZI-data=9772  
FromELF: creating hex file...
".\Obj\OBD_3.axf" - 0 Error(s), 24 Warning(s).
Build target 'OBD'
linking...
Program Size: Code=21676 RO-data=1124 RW-data=132 ZI-data=9772  
FromELF: creating hex file...
".\Obj\OBD_3.axf" - 0 Error(s), 0 Warning(s).
Build target 'OBD'
linking...
Program Size: Code=21676 RO-data=1124 RW-data=132 ZI-data=9772  
FromELF: creating hex file...
".\Obj\OBD_3.axf" - 0 Error(s), 0 Warning(s).
Build target 'OBD'
compiling hard_init.c...
src\hard_init.c(920): warning:  #223-D: function "RTC_Set" declared implicitly
src\hard_init.c:        RTC_Set();//set rtc
src\hard_init.c:        ^
src\hard_init.c: src\hard_init.c: 1 warning, 0 errors
linking...
Program Size: Code=21676 RO-data=1124 RW-data=132 ZI-data=9772  
FromELF: creating hex file...
".\Obj\OBD_3.axf" - 0 Error(s), 1 Warning(s).
Build target 'OBD'
compiling stm32f10x_it.c...
linking...
Program Size: Code=21636 RO-data=1124 RW-data=132 ZI-data=9772  
FromELF: creating hex file...
".\Obj\OBD_3.axf" - 0 Error(s), 0 Warning(s).
Build target 'OBD'
compiling stm32f10x_it.c...
linking...
Program Size: Code=21644 RO-data=1124 RW-data=132 ZI-data=9772  
FromELF: creating hex file...
".\Obj\OBD_3.axf" - 0 Error(s), 0 Warning(s).
Build target 'OBD'
compiling stm32f10x_it.c...
linking...
Program Size: Code=21656 RO-data=1124 RW-data=132 ZI-data=9772  
FromELF: creating hex file...
".\Obj\OBD_3.axf" - 0 Error(s), 0 Warning(s).
Build target 'OBD'
compiling stm32f10x_it.c...
linking...
Program Size: Code=21656 RO-data=1124 RW-data=132 ZI-data=9772  
FromELF: creating hex file...
".\Obj\OBD_3.axf" - 0 Error(s), 0 Warning(s).
Build target 'OBD'
compiling stm32f10x_it.c...
linking...
Program Size: Code=21632 RO-data=1124 RW-data=132 ZI-data=9772  
FromELF: creating hex file...
".\Obj\OBD_3.axf" - 0 Error(s), 0 Warning(s).
Build target 'OBD'
compiling stm32f10x_it.c...
src\stm32f10x_it.c(282): error:  #8: missing closing quote
src\stm32f10x_it.c:                     USART_SendData(ISP,'temp);
src\stm32f10x_it.c:                                        ^
src\stm32f10x_it.c(285): error:  #18: expected a ")"
src\stm32f10x_it.c:             }
src\stm32f10x_it.c:             ^
src\stm32f10x_it.c(285): error:  #65: expected a ";"
src\stm32f10x_it.c:             }
src\stm32f10x_it.c:             ^
src\stm32f10x_it.c: src\stm32f10x_it.c: 0 warnings, 3 errors
Target not created
Build target 'OBD'
compiling stm32f10x_it.c...
linking...
Program Size: Code=21664 RO-data=1124 RW-data=132 ZI-data=9772  
FromELF: creating hex file...
".\Obj\OBD_3.axf" - 0 Error(s), 0 Warning(s).
Build target 'OBD'
compiling stm32f10x_it.c...
linking...
Program Size: Code=21696 RO-data=1124 RW-data=132 ZI-data=9772  
FromELF: creating hex file...
".\Obj\OBD_3.axf" - 0 Error(s), 0 Warning(s).
Build target 'OBD'
linking...
Program Size: Code=21696 RO-data=1124 RW-data=132 ZI-data=9772  
FromELF: creating hex file...
".\Obj\OBD_25600_OK.axf" - 0 Error(s), 0 Warning(s).
Build target 'OBD'
linking...
Program Size: Code=21696 RO-data=1124 RW-data=132 ZI-data=9772  
FromELF: creating hex file...
".\Obj\OBD_25600_OK.axf" - 0 Error(s), 0 Warning(s).
