<html>
<body>
<pre>
<h1>礦ision Build Log</h1>
<h2>Project:</h2>
D:\work\code\IAP_V1\MDK-ARM\Project.uvproj
Project File Date:  05/21/2012

<h2>Output:</h2>
Build target 'OBD'
compiling sysdef.c...
compiling stm32f10x_it.c...
compiling main.c...
compiling hard_init.c...
compiling mainfunc.c...
src\mainfunc.c(26): warning:  #167-D: argument of type "int8_t *" is incompatible with parameter of type "char *restrict"
src\mainfunc.c:         strcat(socket.ipUrl,"in.phonewingstech.com");
src\mainfunc.c:                ^
src\mainfunc.c(21): warning:  #177-D: variable "temp" was declared but never referenced
src\mainfunc.c:         int8_t temp[20];
src\mainfunc.c:                ^
src\mainfunc.c(152): warning:  #167-D: argument of type "uint8_t *" is incompatible with parameter of type "char *restrict"
src\mainfunc.c:                 sprintf(socketCmd,"AT+MIPOPEN=%d,%d,\"%s\",%d,%d\r",socket.socketNum,socket.localPort,socket.ipUrl,socket.desPort,socket.udpTcp);
src\mainfunc.c:                         ^
src\mainfunc.c(154): warning:  #167-D: argument of type "uint8_t *" is incompatible with parameter of type "char *restrict"
src\mainfunc.c:                 sprintf(socketState,"+MIPOPEN: %d,%d",socket.socketNum,1);
src\mainfunc.c:                         ^
src\mainfunc.c(221): warning:  #167-D: argument of type "uint8_t *" is incompatible with parameter of type "char *"
src\mainfunc.c:                                 Send_AT_And_Wait(socketCmd,socketState,2000);
src\mainfunc.c:                                                  ^
src\mainfunc.c(221): warning:  #167-D: argument of type "uint8_t *" is incompatible with parameter of type "char *"
src\mainfunc.c:                                 Send_AT_And_Wait(socketCmd,socketState,2000);
src\mainfunc.c:                                                            ^
src\mainfunc.c(322): warning:  #167-D: argument of type "int8_t *" is incompatible with parameter of type "char *restrict"
src\mainfunc.c:                 sprintf(tmp,"%2X",(uint8_t)(src[i]));
src\mainfunc.c:                         ^
src\mainfunc.c(332): warning:  #167-D: argument of type "int8_t *" is incompatible with parameter of type "char *restrict"
src\mainfunc.c:                 strcat(des,tmp);
src\mainfunc.c:                        ^
src\mainfunc.c(332): warning:  #167-D: argument of type "int8_t *" is incompatible with parameter of type "const char *restrict"
src\mainfunc.c:                 strcat(des,tmp);
src\mainfunc.c:                            ^
src\mainfunc.c(306): warning:  #177-D: variable "temp" was declared but never referenced
src\mainfunc.c:         int8_t tmp[2],temp = '0';
src\mainfunc.c:                       ^
src\mainfunc.c(373): warning:  #167-D: argument of type "int8_t *" is incompatible with parameter of type "uint8_t *"
src\mainfunc.c:         obdHeader.MSG_CRC = calBufCrc(pointer,length);
src\mainfunc.c:                                       ^
src\mainfunc.c(348): warning:  #177-D: variable "i" was declared but never referenced
src\mainfunc.c:         uint16_t i = 0;
src\mainfunc.c:                  ^
src\mainfunc.c(460): warning:  #167-D: argument of type "int8_t *" is incompatible with parameter of type "const char *"
src\mainfunc.c:                 dataLength = str2hex((int8_t *)pointer,length,sendBuf+strlen(sendBuf)) + dataLength;
src\mainfunc.c:                                                                              ^
src\mainfunc.c(469): warning:  #167-D: argument of type "int8_t *" is incompatible with parameter of type "char *restrict"
src\mainfunc.c:         sprintf(setSocket,"AT+MIPSETS=1,%d,500\r",dataLength/2 );
src\mainfunc.c:                 ^
src\mainfunc.c(472): warning:  #167-D: argument of type "int8_t *" is incompatible with parameter of type "char *"
src\mainfunc.c:         Send_AT_And_Wait(setSocket,"OK",500); 
src\mainfunc.c:                          ^
src\mainfunc.c(480): warning:  #167-D: argument of type "int8_t *" is incompatible with parameter of type "char *restrict"
src\mainfunc.c:         sprintf(sendCmd,"AT+MIPSEND=%d,\"",socket.socketNum);
src\mainfunc.c:                 ^
src\mainfunc.c(495): warning:  #167-D: argument of type "int8_t *" is incompatible with parameter of type "const char *"
src\mainfunc.c:         printf("\r\ncmd:%d  buf:%d  data:%d\r\n",strlen(sendCmd),strlen(sendBuf),dataLength); 
src\mainfunc.c:                                                         ^
src\mainfunc.c(495): warning:  #167-D: argument of type "int8_t *" is incompatible with parameter of type "const char *"
src\mainfunc.c:         printf("\r\ncmd:%d  buf:%d  data:%d\r\n",strlen(sendCmd),strlen(sendBuf),dataLength); 
src\mainfunc.c:                                                                         ^
src\mainfunc.c(501): warning:  #167-D: argument of type "int8_t *" is incompatible with parameter of type "const char *"
src\mainfunc.c:         for(i=0;i<strlen(sendCmd);i++)//cmd
src\mainfunc.c:                          ^
src\mainfunc.c: src\mainfunc.c: 19 warnings, 0 errors
compiling sim900.c...
src\sim900.c(634): warning:  #167-D: argument of type "int8_t *" is incompatible with parameter of type "uint8_t *"
src\sim900.c:           uint16_t crc = calBufCrc(net.ipUrl-2,sizeof(SOCKET)-2);
src\sim900.c:                                    ^
src\sim900.c(652): warning:  #167-D: argument of type "int8_t *" is incompatible with parameter of type "uint8_t *"
src\sim900.c:           uint16_t crc = calBufCrc(net.ipUrl-2,sizeof(SOCKET)-2);
src\sim900.c:                                    ^
src\sim900.c(689): warning:  #513-D: a value of type "char *" cannot be assigned to an entity of type "int8_t *"
src\sim900.c:           p=strstr(SIM_BUF,"OK");
src\sim900.c:            ^
src\sim900.c(696): warning:  #167-D: argument of type "int8_t *" is incompatible with parameter of type "const char *"
src\sim900.c:           simState.imeiHigh = atoi(tmp);
src\sim900.c:                                    ^
src\sim900.c(698): warning:  #167-D: argument of type "int8_t *" is incompatible with parameter of type "char *restrict"
src\sim900.c:           strcat(tmp,simState.imei+7);
src\sim900.c:                  ^
src\sim900.c(699): warning:  #167-D: argument of type "int8_t *" is incompatible with parameter of type "const char *"
src\sim900.c:           simState.imeiLow = atoi(tmp);
src\sim900.c:                                   ^
src\sim900.c(765): warning:  #167-D: argument of type "uint8_t *" is incompatible with parameter of type "const char *"
src\sim900.c:                   iap.desPort = atoi(port);
src\sim900.c:                                      ^
src\sim900.c(780): warning:  #167-D: argument of type "uint8_t *" is incompatible with parameter of type "const char *"
src\sim900.c:                   net.desPort = atoi(port);
src\sim900.c:                                      ^
src\sim900.c(800): warning:  #167-D: argument of type "uint8_t *" is incompatible with parameter of type "const char *"
src\sim900.c:                   blue.baudrate = atoi(port);
src\sim900.c:                                        ^
src\sim900.c(816): warning:  #167-D: argument of type "int8_t *" is incompatible with parameter of type "uint8_t *"
src\sim900.c:           iap.crc = calBufCrc(iap.ipUrl-2,sizeof(SOCKET)-2);
src\sim900.c:                               ^
src\sim900.c(822): warning:  #167-D: argument of type "int8_t *" is incompatible with parameter of type "uint8_t *"
src\sim900.c:           net.crc = calBufCrc(net.ipUrl-2,sizeof(SOCKET)-2);
src\sim900.c:                               ^
src\sim900.c(830): warning:  #167-D: argument of type "char *" is incompatible with parameter of type "uint8_t *"
src\sim900.c:           blue.crc = calBufCrc((char *)(&(blue.crc)) + 2,sizeof(SOCKET)-2);
src\sim900.c:                                ^
src\sim900.c(726): warning:  #550-D: variable "devId" was set but never used
src\sim900.c:           uint8_t devId[20];
src\sim900.c:                   ^
src\sim900.c: src\sim900.c: 13 warnings, 0 errors
compiling crc.c...
compiling iap.c...
src\iap.c(74): warning:  #175-D: subscript out of range
src\iap.c:      iapStart.crc = calBufCrc(iapStart.start+4,sizeof(IAP_START)-4);
src\iap.c:                                             ^
src\iap.c(84): warning:  #513-D: a value of type "char *" cannot be assigned to an entity of type "uint8_t *"
src\iap.c:      pointer = strstr(ISP_BUF,"##");
src\iap.c:              ^
src\iap.c(93): warning:  #175-D: subscript out of range
src\iap.c:              if(iapBrife->crc != calBufCrc(iapBrife->start+4,sizeof(IAP_BRIFE)-4)){
src\iap.c:                                                           ^
src\iap.c(150): warning:  #175-D: subscript out of range
src\iap.c:              iapStart.crc = calBufCrc(iapStart.start+4,sizeof(IAP_START)-4);
src\iap.c:                                                     ^
src\iap.c(161): warning:  #513-D: a value of type "char *" cannot be assigned to an entity of type "uint8_t *"
src\iap.c:              pointer = strstr(ISP_BUF,"##");
src\iap.c:                      ^
src\iap.c(171): warning:  #175-D: subscript out of range
src\iap.c:                      if(iapData->crc != calBufCrc(iapData->start+4,sizeof(IAP_DATA)-4)  || iapData->packetCrc != calBufCrc(iapData->app+4,iapData->packetLength)){
src\iap.c:                                                                 ^
src\iap.c(208): warning:  #128-D: loop is not reachable from preceding code
src\iap.c:      while(1){
src\iap.c:      ^
src\iap.c(204): warning:  #177-D: variable "iapDate" was declared but never referenced
src\iap.c:      IAP_DATA  *iapDate;
src\iap.c:                 ^
src\iap.c(233): warning:  #177-D: variable "iapDate" was declared but never referenced
src\iap.c:      IAP_DATA  *iapDate;
src\iap.c:                 ^
src\iap.c(355): warning:  #175-D: subscript out of range
src\iap.c:      iapStart.crc = calBufCrc(iapStart.start + 4 , sizeof(IAP_START)-4);
src\iap.c:                                              ^
src\iap.c(357): warning:  #167-D: argument of type "uint8_t *" is incompatible with parameter of type "char *"
src\iap.c:      dataSend(iapStart.start , sizeof(IAP_START),0,0,0,*net,0); //发送数据，不尝试在发送中重新建立连接，错误即退出，重新获取数据信息
src\iap.c:               ^
src\iap.c(359): warning:  #513-D: a value of type "char *" cannot be assigned to an entity of type "int8_t *"
src\iap.c:      pointer = strstr(SIM_BUF,"##");
src\iap.c:              ^
src\iap.c(367): warning:  #175-D: subscript out of range
src\iap.c:              if(iapData->crc == calBufCrc(iapData->start + 4,sizeof(IAP_BRIFE)-4)){                  
src\iap.c:                                                          ^
src\iap.c(369): warning:  #513-D: a value of type "uint8_t *" cannot be assigned to an entity of type "int8_t *"
src\iap.c:                      pointer = (uint8_t *)(&(iapData->crc)) +2;
src\iap.c:                              ^
src\iap.c(370): warning:  #167-D: argument of type "int8_t *" is incompatible with parameter of type "uint8_t *"
src\iap.c:                      if(WriteReadCheck(address,pointer,iapData->packetLength,iapData->packetCrc) < 0 ){                              
src\iap.c:                                                ^
src\iap.c(392): warning:  #940-D: missing return statement at end of non-void function "tcpGetData"
src\iap.c:   }
src\iap.c:   ^
src\iap.c(445): warning:  #167-D: argument of type "uint8_t *" is incompatible with parameter of type "char *"
src\iap.c:      dataSend(iapStart.start,sizeof(IAP_START),0,0,0,*net,1);
src\iap.c:               ^
src\iap.c(419): warning:  #177-D: variable "iemi" was declared but never referenced
src\iap.c:      char iemi[10];
src\iap.c:           ^
src\iap.c(587): warning:  #223-D: function "calFlashCrc" declared implicitly
src\iap.c:      uint16_t crc = calFlashCrc(SYS_MAIN,brife->sizeOfApp);
src\iap.c:                     ^
src\iap.c(610): warning:  #167-D: argument of type "int8_t *" is incompatible with parameter of type "char *restrict"
src\iap.c:      strcat(sysCfg.iapConfig.ipUrl,"in.phonewingstech.com");
src\iap.c:             ^
src\iap.c(615): warning:  #167-D: argument of type "int8_t *" is incompatible with parameter of type "uint8_t *"
src\iap.c:      sysCfg.iapConfig.crc = calBufCrc(sysCfg.iapConfig.ipUrl-2,sizeof(SOCKET)-2);
src\iap.c:                                       ^
src\iap.c(618): warning:  #167-D: argument of type "int8_t *" is incompatible with parameter of type "char *restrict"
src\iap.c:      strcat(sysCfg.netConfig.ipUrl,"in.phonewingstech.com");
src\iap.c:             ^
src\iap.c(623): warning:  #167-D: argument of type "int8_t *" is incompatible with parameter of type "uint8_t *"
src\iap.c:      sysCfg.netConfig.crc = calBufCrc(sysCfg.netConfig.ipUrl-2,sizeof(SOCKET)-2);
src\iap.c:                                       ^
src\iap.c(627): warning:  #167-D: argument of type "uint8_t *" is incompatible with parameter of type "char *restrict"
src\iap.c:      strcat(sysCfg.blueConfig.name,"OBD_2");
src\iap.c:             ^
src\iap.c(628): warning:  #167-D: argument of type "uint8_t *" is incompatible with parameter of type "char *restrict"
src\iap.c:      strcat(sysCfg.blueConfig.password,"0000"); 
src\iap.c:             ^
src\iap.c(650): warning:  #175-D: subscript out of range
src\iap.c:      sysCfg.iapBrife.crc = calBufCrc(sysCfg.iapBrife.start+6,sizeof(IAP_BRIFE)-6);
src\iap.c:                                                           ^
src\iap.c: src\iap.c: 26 warnings, 0 errors
compiling flash.c...
src\flash.c(340): warning:  #167-D: argument of type "int8_t *" is incompatible with parameter of type "uint8_t *"
src\flash.c:    updateFlash.crc = calBufCrc(p + 2,sizeof(FLASH_CONFIG)-2);
src\flash.c:                                ^
src\flash.c(347): warning:  #167-D: argument of type "int8_t *" is incompatible with parameter of type "uint8_t *"
src\flash.c:    if(writeFlashCfg(IAP_PARAMETER,SYS_PARAMETER,p,sizeof(FLASH_CONFIG),calBufCrc(p,sizeof(FLASH_CONFIG))) < 0){
src\flash.c:                                                                                  ^
src\flash.c(347): warning:  #167-D: argument of type "int8_t *" is incompatible with parameter of type "uint8_t *"
src\flash.c:    if(writeFlashCfg(IAP_PARAMETER,SYS_PARAMETER,p,sizeof(FLASH_CONFIG),calBufCrc(p,sizeof(FLASH_CONFIG))) < 0){
src\flash.c:                                                 ^
src\flash.c(356): warning:  #167-D: argument of type "int8_t *" is incompatible with parameter of type "uint8_t *"
src\flash.c:            flashRead(IAP_PARAMETER,p,sizeof(FLASH_CONFIG));
src\flash.c:                                    ^
src\flash.c(321): warning:  #177-D: variable "i" was declared but never referenced
src\flash.c:    int i = 0;
src\flash.c:        ^
src\flash.c: src\flash.c: 5 warnings, 0 errors
linking...
Program Size: Code=19752 RO-data=1596 RW-data=152 ZI-data=7784  
FromELF: creating hex file...
".\Obj\CFG.axf" - 0 Error(s), 63 Warning(s).
Build target 'OBD'
compiling main.c...
src\main.c(24): warning:  #167-D: argument of type "char *" is incompatible with parameter of type "uint8_t *"
src\main.c:     printf("\r\ncrc :%X\r\n",calBufCrc(src,10));
src\main.c:                                        ^
src\main.c: src\main.c: 1 warning, 0 errors
linking...
Program Size: Code=19804 RO-data=1596 RW-data=152 ZI-data=7784  
FromELF: creating hex file...
".\Obj\CFG.axf" - 0 Error(s), 1 Warning(s).
Build target 'OBD'
compiling main.c...
src\main.c(24): warning:  #167-D: argument of type "char *" is incompatible with parameter of type "uint8_t *"
src\main.c:     printf("\r\ncrc :%X\r\n",(uint16_t)calBufCrc(src,10));
src\main.c:                                                  ^
src\main.c: src\main.c: 1 warning, 0 errors
linking...
Program Size: Code=19812 RO-data=1596 RW-data=152 ZI-data=7784  
FromELF: creating hex file...
".\Obj\CFG.axf" - 0 Error(s), 1 Warning(s).
Build target 'OBD'
compiling main.c...
src\main.c(24): warning:  #167-D: argument of type "char *" is incompatible with parameter of type "uint8_t *"
src\main.c:     printf("\r\ncrc test :%X\r\n",(uint16_t)calBufCrc(src,10));
src\main.c:                                                       ^
src\main.c: src\main.c: 1 warning, 0 errors
linking...
Program Size: Code=19820 RO-data=1596 RW-data=152 ZI-data=7784  
FromELF: creating hex file...
".\Obj\CFG.axf" - 0 Error(s), 1 Warning(s).
Build target 'OBD'
linking...
Program Size: Code=19820 RO-data=1596 RW-data=152 ZI-data=7784  
FromELF: creating hex file...
".\Obj\IAP.axf" - 0 Error(s), 0 Warning(s).
Build target 'OBD'
linking...
Program Size: Code=19820 RO-data=1596 RW-data=152 ZI-data=7784  
FromELF: creating hex file...
".\Obj\IAP.axf" - 0 Error(s), 0 Warning(s).
