<html>
<body>
<pre>
<h1>µVision Build Log</h1>
<h2>Project:</h2>
D:\work\code\OBD-V3\MDK-ARM\Project.uvproj
Project File Date:  05/09/2012

<h2>Output:</h2>
Build target 'OBD'
compiling sysdef.c...
compiling stm32f10x_it.c...
compiling main.c...
src\main.c(38): warning:  #177-D: variable "des" was declared but never referenced
compiling misc.c...
compiling stm32f10x_flash.c...
compiling stm32f10x_gpio.c...
compiling stm32f10x_rcc.c...
compiling stm32f10x_adc.c...
compiling stm32f10x_bkp.c...
compiling stm32f10x_can.c...
compiling stm32f10x_cec.c...
compiling stm32f10x_crc.c...
compiling stm32f10x_dac.c...
compiling stm32f10x_dbgmcu.c...
compiling stm32f10x_dma.c...
compiling stm32f10x_exti.c...
compiling stm32f10x_fsmc.c...
compiling stm32f10x_i2c.c...
compiling stm32f10x_iwdg.c...
compiling stm32f10x_pwr.c...
compiling stm32f10x_rtc.c...
compiling stm32f10x_sdio.c...
compiling stm32f10x_spi.c...
compiling stm32f10x_tim.c...
compiling stm32f10x_usart.c...
compiling stm32f10x_wwdg.c...
compiling core_cm3.c...
compiling system_stm32f10x.c...
assembling startup_stm32f10x_hd.s...
compiling blueTooth.c...
compiling fifo.c...
src\fifo.c(361): warning:  #111-D: statement is unreachable
src\fifo.c(363): warning:  #111-D: statement is unreachable
compiling flash.c...
compiling flashFifo.c...
compiling gps.c...
compiling hard_init.c...
src\hard_init.c(1467): warning:  #111-D: statement is unreachable
compiling mainfunc.c...
src\mainfunc.c(31): warning:  #167-D: argument of type "int8_t *" is incompatible with parameter of type "char *restrict"
src\mainfunc.c(55): warning:  #167-D: argument of type "char *" is incompatible with parameter of type "int8_t *"
src\mainfunc.c(26): warning:  #177-D: variable "temp" was declared but never referenced
src\mainfunc.c(156): warning:  #167-D: argument of type "uint8_t *" is incompatible with parameter of type "char *restrict"
src\mainfunc.c(158): warning:  #167-D: argument of type "uint8_t *" is incompatible with parameter of type "char *restrict"
src\mainfunc.c(220): warning:  #167-D: argument of type "uint8_t *" is incompatible with parameter of type "char *"
src\mainfunc.c(220): warning:  #167-D: argument of type "uint8_t *" is incompatible with parameter of type "char *"
src\mainfunc.c(611): warning:  #167-D: argument of type "int8_t *" is incompatible with parameter of type "char *restrict"
src\mainfunc.c(621): warning:  #167-D: argument of type "int8_t *" is incompatible with parameter of type "char *restrict"
src\mainfunc.c(621): warning:  #167-D: argument of type "int8_t *" is incompatible with parameter of type "const char *restrict"
src\mainfunc.c(595): warning:  #177-D: variable "temp" was declared but never referenced
src\mainfunc.c(662): warning:  #167-D: argument of type "int8_t *" is incompatible with parameter of type "char *"
src\mainfunc.c(637): warning:  #177-D: variable "i" was declared but never referenced
src\mainfunc.c(749): warning:  #167-D: argument of type "int8_t *" is incompatible with parameter of type "const char *"
src\mainfunc.c(758): warning:  #167-D: argument of type "int8_t *" is incompatible with parameter of type "char *restrict"
src\mainfunc.c(761): warning:  #167-D: argument of type "int8_t *" is incompatible with parameter of type "char *"
src\mainfunc.c(769): warning:  #167-D: argument of type "int8_t *" is incompatible with parameter of type "char *restrict"
src\mainfunc.c(784): warning:  #167-D: argument of type "int8_t *" is incompatible with parameter of type "const char *"
src\mainfunc.c(784): warning:  #167-D: argument of type "int8_t *" is incompatible with parameter of type "const char *"
src\mainfunc.c(790): warning:  #167-D: argument of type "int8_t *" is incompatible with parameter of type "const char *"
compiling OBD.c...
src\OBD.c(139): warning:  #111-D: statement is unreachable
compiling sanyData.c...
compiling sim900.c...
src\sim900.c(744): warning:  #513-D: a value of type "char *" cannot be assigned to an entity of type "int8_t *"
src\sim900.c(751): warning:  #940-D: missing return statement at end of non-void function "readImei"
compiling rtc.c...
compiling at45db161d.c...
compiling crc.c...
compiling iap.c...
src\iap.c(82): warning:  #167-D: argument of type "int8_t *" is incompatible with parameter of type "char *restrict"
src\iap.c(102): warning:  #167-D: argument of type "char *" is incompatible with parameter of type "int8_t *"
src\iap.c(108): warning:  #167-D: argument of type "uint8_t *" is incompatible with parameter of type "char *restrict"
src\iap.c(110): warning:  #167-D: argument of type "uint8_t *" is incompatible with parameter of type "char *restrict"
src\iap.c(77): warning:  #177-D: variable "iapDate" was declared but never referenced
src\iap.c(172): warning:  #175-D: subscript out of range
src\iap.c(174): warning:  #167-D: argument of type "uint8_t *" is incompatible with parameter of type "char *"
src\iap.c(176): warning:  #513-D: a value of type "char *" cannot be assigned to an entity of type "int8_t *"
src\iap.c(184): warning:  #175-D: subscript out of range
src\iap.c(187): warning:  #513-D: a value of type "uint8_t *" cannot be assigned to an entity of type "int8_t *"
src\iap.c(188): warning:  #167-D: argument of type "int8_t *" is incompatible with parameter of type "uint8_t *"
src\iap.c(218): warning:  #940-D: missing return statement at end of non-void function "tcpGetData"
src\iap.c(251): warning:  #167-D: argument of type "int8_t *" is incompatible with parameter of type "char *"
src\iap.c(290): warning:  #177-D: variable "j" was declared but never referenced
linking...
Program Size: Code=25692 RO-data=472 RW-data=384 ZI-data=10032  
FromELF: creating hex file...
".\Obj\Project-MAIN.axf" - 0 Error(s), 41 Warning(s).
Build target 'OBD'
compiling sysdef.c...
compiling stm32f10x_it.c...
compiling main.c...
src\main.c(38): warning:  #177-D: variable "des" was declared but never referenced
compiling blueTooth.c...
compiling fifo.c...
src\fifo.c(361): warning:  #111-D: statement is unreachable
src\fifo.c(363): warning:  #111-D: statement is unreachable
compiling flash.c...
compiling flashFifo.c...
compiling gps.c...
compiling hard_init.c...
src\hard_init.c(1512): warning:  #111-D: statement is unreachable
compiling mainfunc.c...
src\mainfunc.c(31): warning:  #167-D: argument of type "int8_t *" is incompatible with parameter of type "char *restrict"
src\mainfunc.c(55): warning:  #167-D: argument of type "char *" is incompatible with parameter of type "int8_t *"
src\mainfunc.c(26): warning:  #177-D: variable "temp" was declared but never referenced
src\mainfunc.c(156): warning:  #167-D: argument of type "uint8_t *" is incompatible with parameter of type "char *restrict"
src\mainfunc.c(158): warning:  #167-D: argument of type "uint8_t *" is incompatible with parameter of type "char *restrict"
src\mainfunc.c(220): warning:  #167-D: argument of type "uint8_t *" is incompatible with parameter of type "char *"
src\mainfunc.c(220): warning:  #167-D: argument of type "uint8_t *" is incompatible with parameter of type "char *"
src\mainfunc.c(611): warning:  #167-D: argument of type "int8_t *" is incompatible with parameter of type "char *restrict"
src\mainfunc.c(621): warning:  #167-D: argument of type "int8_t *" is incompatible with parameter of type "char *restrict"
src\mainfunc.c(621): warning:  #167-D: argument of type "int8_t *" is incompatible with parameter of type "const char *restrict"
src\mainfunc.c(595): warning:  #177-D: variable "temp" was declared but never referenced
src\mainfunc.c(662): warning:  #167-D: argument of type "int8_t *" is incompatible with parameter of type "char *"
src\mainfunc.c(637): warning:  #177-D: variable "i" was declared but never referenced
src\mainfunc.c(749): warning:  #167-D: argument of type "int8_t *" is incompatible with parameter of type "const char *"
src\mainfunc.c(758): warning:  #167-D: argument of type "int8_t *" is incompatible with parameter of type "char *restrict"
src\mainfunc.c(761): warning:  #167-D: argument of type "int8_t *" is incompatible with parameter of type "char *"
src\mainfunc.c(769): warning:  #167-D: argument of type "int8_t *" is incompatible with parameter of type "char *restrict"
src\mainfunc.c(784): warning:  #167-D: argument of type "int8_t *" is incompatible with parameter of type "const char *"
src\mainfunc.c(784): warning:  #167-D: argument of type "int8_t *" is incompatible with parameter of type "const char *"
src\mainfunc.c(790): warning:  #167-D: argument of type "int8_t *" is incompatible with parameter of type "const char *"
compiling OBD.c...
src\OBD.c(139): warning:  #111-D: statement is unreachable
compiling sanyData.c...
compiling sim900.c...
src\sim900.c(744): warning:  #513-D: a value of type "char *" cannot be assigned to an entity of type "int8_t *"
src\sim900.c(751): warning:  #940-D: missing return statement at end of non-void function "readImei"
compiling rtc.c...
compiling at45db161d.c...
compiling crc.c...
compiling iap.c...
src\iap.c(82): warning:  #167-D: argument of type "int8_t *" is incompatible with parameter of type "char *restrict"
src\iap.c(102): warning:  #167-D: argument of type "char *" is incompatible with parameter of type "int8_t *"
src\iap.c(108): warning:  #167-D: argument of type "uint8_t *" is incompatible with parameter of type "char *restrict"
src\iap.c(110): warning:  #167-D: argument of type "uint8_t *" is incompatible with parameter of type "char *restrict"
src\iap.c(77): warning:  #177-D: variable "iapDate" was declared but never referenced
src\iap.c(172): warning:  #175-D: subscript out of range
src\iap.c(174): warning:  #167-D: argument of type "uint8_t *" is incompatible with parameter of type "char *"
src\iap.c(176): warning:  #513-D: a value of type "char *" cannot be assigned to an entity of type "int8_t *"
src\iap.c(184): warning:  #175-D: subscript out of range
src\iap.c(187): warning:  #513-D: a value of type "uint8_t *" cannot be assigned to an entity of type "int8_t *"
src\iap.c(188): warning:  #167-D: argument of type "int8_t *" is incompatible with parameter of type "uint8_t *"
src\iap.c(218): warning:  #940-D: missing return statement at end of non-void function "tcpGetData"
src\iap.c(251): warning:  #167-D: argument of type "int8_t *" is incompatible with parameter of type "char *"
src\iap.c(290): warning:  #177-D: variable "j" was declared but never referenced
linking...
Program Size: Code=25884 RO-data=472 RW-data=384 ZI-data=10032  
FromELF: creating hex file...
".\Obj\Project-MAIN.axf" - 0 Error(s), 41 Warning(s).
Build target 'OBD'
linking...
Program Size: Code=25884 RO-data=472 RW-data=384 ZI-data=10032  
FromELF: creating hex file...
".\Obj\Project-MAIN.axf" - 0 Error(s), 0 Warning(s).
Build target 'OBD'
compiling OBD.c...
src\OBD.c(139): warning:  #111-D: statement is unreachable
linking...
Program Size: Code=25884 RO-data=472 RW-data=384 ZI-data=10032  
FromELF: creating hex file...
".\Obj\Project-MAIN.axf" - 0 Error(s), 1 Warning(s).
Build target 'OBD'
compiling OBD.c...
src\OBD.c(138): warning:  #111-D: statement is unreachable
linking...
Program Size: Code=25884 RO-data=472 RW-data=384 ZI-data=10032  
FromELF: creating hex file...
".\Obj\Project-OBD.axf" - 0 Error(s), 1 Warning(s).
Build target 'OBD'
compiling main.c...
src\main.c(38): warning:  #177-D: variable "des" was declared but never referenced
linking...
Program Size: Code=27028 RO-data=496 RW-data=388 ZI-data=10044  
FromELF: creating hex file...
".\Obj\Project-RTC.axf" - 0 Error(s), 1 Warning(s).
Build target 'OBD'
compiling main.c...
src\main.c(38): warning:  #177-D: variable "des" was declared but never referenced
compiling gps.c...
src\gps.c(52): warning:  #174-D: expression has no effect
src\gps.c(79): error:  #247: function "gpsTest" has already been defined
Target not created
Build target 'OBD'
compiling sysdef.c...
compiling stm32f10x_it.c...
compiling main.c...
src\main.c(38): warning:  #177-D: variable "des" was declared but never referenced
compiling blueTooth.c...
compiling fifo.c...
src\fifo.c(361): warning:  #111-D: statement is unreachable
src\fifo.c(363): warning:  #111-D: statement is unreachable
compiling flash.c...
compiling flashFifo.c...
compiling gps.c...
src\gps.c(52): warning:  #174-D: expression has no effect
src\gps.c(79): error:  #247: function "gpsTest" has already been defined
compiling hard_init.c...
src\hard_init.c(1512): warning:  #111-D: statement is unreachable
compiling mainfunc.c...
src\mainfunc.c(31): warning:  #167-D: argument of type "int8_t *" is incompatible with parameter of type "char *restrict"
src\mainfunc.c(55): warning:  #167-D: argument of type "char *" is incompatible with parameter of type "int8_t *"
src\mainfunc.c(26): warning:  #177-D: variable "temp" was declared but never referenced
src\mainfunc.c(156): warning:  #167-D: argument of type "uint8_t *" is incompatible with parameter of type "char *restrict"
src\mainfunc.c(158): warning:  #167-D: argument of type "uint8_t *" is incompatible with parameter of type "char *restrict"
src\mainfunc.c(220): warning:  #167-D: argument of type "uint8_t *" is incompatible with parameter of type "char *"
src\mainfunc.c(220): warning:  #167-D: argument of type "uint8_t *" is incompatible with parameter of type "char *"
src\mainfunc.c(611): warning:  #167-D: argument of type "int8_t *" is incompatible with parameter of type "char *restrict"
src\mainfunc.c(621): warning:  #167-D: argument of type "int8_t *" is incompatible with parameter of type "char *restrict"
src\mainfunc.c(621): warning:  #167-D: argument of type "int8_t *" is incompatible with parameter of type "const char *restrict"
src\mainfunc.c(595): warning:  #177-D: variable "temp" was declared but never referenced
src\mainfunc.c(662): warning:  #167-D: argument of type "int8_t *" is incompatible with parameter of type "char *"
src\mainfunc.c(637): warning:  #177-D: variable "i" was declared but never referenced
src\mainfunc.c(749): warning:  #167-D: argument of type "int8_t *" is incompatible with parameter of type "const char *"
src\mainfunc.c(758): warning:  #167-D: argument of type "int8_t *" is incompatible with parameter of type "char *restrict"
src\mainfunc.c(761): warning:  #167-D: argument of type "int8_t *" is incompatible with parameter of type "char *"
src\mainfunc.c(769): warning:  #167-D: argument of type "int8_t *" is incompatible with parameter of type "char *restrict"
src\mainfunc.c(784): warning:  #167-D: argument of type "int8_t *" is incompatible with parameter of type "const char *"
src\mainfunc.c(784): warning:  #167-D: argument of type "int8_t *" is incompatible with parameter of type "const char *"
src\mainfunc.c(790): warning:  #167-D: argument of type "int8_t *" is incompatible with parameter of type "const char *"
compiling OBD.c...
src\OBD.c(138): warning:  #111-D: statement is unreachable
compiling sanyData.c...
compiling sim900.c...
src\sim900.c(744): warning:  #513-D: a value of type "char *" cannot be assigned to an entity of type "int8_t *"
src\sim900.c(751): warning:  #940-D: missing return statement at end of non-void function "readImei"
compiling rtc.c...
compiling at45db161d.c...
compiling crc.c...
compiling iap.c...
src\iap.c(82): warning:  #167-D: argument of type "int8_t *" is incompatible with parameter of type "char *restrict"
src\iap.c(102): warning:  #167-D: argument of type "char *" is incompatible with parameter of type "int8_t *"
src\iap.c(108): warning:  #167-D: argument of type "uint8_t *" is incompatible with parameter of type "char *restrict"
src\iap.c(110): warning:  #167-D: argument of type "uint8_t *" is incompatible with parameter of type "char *restrict"
src\iap.c(77): warning:  #177-D: variable "iapDate" was declared but never referenced
src\iap.c(172): warning:  #175-D: subscript out of range
src\iap.c(174): warning:  #167-D: argument of type "uint8_t *" is incompatible with parameter of type "char *"
src\iap.c(176): warning:  #513-D: a value of type "char *" cannot be assigned to an entity of type "int8_t *"
src\iap.c(184): warning:  #175-D: subscript out of range
src\iap.c(187): warning:  #513-D: a value of type "uint8_t *" cannot be assigned to an entity of type "int8_t *"
src\iap.c(188): warning:  #167-D: argument of type "int8_t *" is incompatible with parameter of type "uint8_t *"
src\iap.c(218): warning:  #940-D: missing return statement at end of non-void function "tcpGetData"
src\iap.c(251): warning:  #167-D: argument of type "int8_t *" is incompatible with parameter of type "char *"
src\iap.c(290): warning:  #177-D: variable "j" was declared but never referenced
Target not created
Build target 'OBD'
compiling gps.c...
linking...
Program Size: Code=27160 RO-data=496 RW-data=388 ZI-data=10044  
FromELF: creating hex file...
".\Obj\Project-GPS.axf" - 0 Error(s), 0 Warning(s).
Build target 'OBD'
compiling main.c...
src\main.c(38): warning:  #177-D: variable "des" was declared but never referenced
compiling gps.c...
compiling sim900.c...
src\sim900.c(755): warning:  #513-D: a value of type "char *" cannot be assigned to an entity of type "int8_t *"
src\sim900.c(762): warning:  #940-D: missing return statement at end of non-void function "readImei"
linking...
Program Size: Code=28504 RO-data=496 RW-data=444 ZI-data=10044  
FromELF: creating hex file...
".\Obj\Project-SIM.axf" - 0 Error(s), 3 Warning(s).
Build target 'OBD'
compiling sim900.c...
src\sim900.c(757): warning:  #513-D: a value of type "char *" cannot be assigned to an entity of type "int8_t *"
src\sim900.c(764): warning:  #940-D: missing return statement at end of non-void function "readImei"
linking...
Program Size: Code=28528 RO-data=496 RW-data=444 ZI-data=10044  
FromELF: creating hex file...
".\Obj\Project-SIM.axf" - 0 Error(s), 2 Warning(s).
Build target 'OBD'
compiling sim900.c...
src\sim900.c(752): warning:  #513-D: a value of type "char *" cannot be assigned to an entity of type "int8_t *"
src\sim900.c(759): warning:  #940-D: missing return statement at end of non-void function "readImei"
linking...
Program Size: Code=28528 RO-data=496 RW-data=444 ZI-data=10044  
FromELF: creating hex file...
".\Obj\Project-SIM.axf" - 0 Error(s), 2 Warning(s).
Build target 'OBD'
compiling sysdef.c...
compiling stm32f10x_it.c...
compiling main.c...
src\main.c(38): warning:  #177-D: variable "des" was declared but never referenced
compiling blueTooth.c...
compiling fifo.c...
src\fifo.c(361): warning:  #111-D: statement is unreachable
src\fifo.c(363): warning:  #111-D: statement is unreachable
compiling flash.c...
compiling flashFifo.c...
compiling gps.c...
compiling hard_init.c...
src\hard_init.c(1512): warning:  #111-D: statement is unreachable
compiling mainfunc.c...
src\mainfunc.c(31): warning:  #167-D: argument of type "int8_t *" is incompatible with parameter of type "char *restrict"
src\mainfunc.c(55): warning:  #167-D: argument of type "char *" is incompatible with parameter of type "int8_t *"
src\mainfunc.c(26): warning:  #177-D: variable "temp" was declared but never referenced
src\mainfunc.c(156): warning:  #167-D: argument of type "uint8_t *" is incompatible with parameter of type "char *restrict"
src\mainfunc.c(158): warning:  #167-D: argument of type "uint8_t *" is incompatible with parameter of type "char *restrict"
src\mainfunc.c(220): warning:  #167-D: argument of type "uint8_t *" is incompatible with parameter of type "char *"
src\mainfunc.c(220): warning:  #167-D: argument of type "uint8_t *" is incompatible with parameter of type "char *"
src\mainfunc.c(611): warning:  #167-D: argument of type "int8_t *" is incompatible with parameter of type "char *restrict"
src\mainfunc.c(621): warning:  #167-D: argument of type "int8_t *" is incompatible with parameter of type "char *restrict"
src\mainfunc.c(621): warning:  #167-D: argument of type "int8_t *" is incompatible with parameter of type "const char *restrict"
src\mainfunc.c(595): warning:  #177-D: variable "temp" was declared but never referenced
src\mainfunc.c(662): warning:  #167-D: argument of type "int8_t *" is incompatible with parameter of type "char *"
src\mainfunc.c(637): warning:  #177-D: variable "i" was declared but never referenced
src\mainfunc.c(749): warning:  #167-D: argument of type "int8_t *" is incompatible with parameter of type "const char *"
src\mainfunc.c(758): warning:  #167-D: argument of type "int8_t *" is incompatible with parameter of type "char *restrict"
src\mainfunc.c(761): warning:  #167-D: argument of type "int8_t *" is incompatible with parameter of type "char *"
src\mainfunc.c(769): warning:  #167-D: argument of type "int8_t *" is incompatible with parameter of type "char *restrict"
src\mainfunc.c(784): warning:  #167-D: argument of type "int8_t *" is incompatible with parameter of type "const char *"
src\mainfunc.c(784): warning:  #167-D: argument of type "int8_t *" is incompatible with parameter of type "const char *"
src\mainfunc.c(790): warning:  #167-D: argument of type "int8_t *" is incompatible with parameter of type "const char *"
compiling OBD.c...
src\OBD.c(138): warning:  #111-D: statement is unreachable
compiling sanyData.c...
compiling sim900.c...
src\sim900.c(752): warning:  #513-D: a value of type "char *" cannot be assigned to an entity of type "int8_t *"
src\sim900.c(759): warning:  #940-D: missing return statement at end of non-void function "readImei"
compiling rtc.c...
compiling at45db161d.c...
compiling crc.c...
compiling iap.c...
src\iap.c(82): warning:  #167-D: argument of type "int8_t *" is incompatible with parameter of type "char *restrict"
src\iap.c(102): warning:  #167-D: argument of type "char *" is incompatible with parameter of type "int8_t *"
src\iap.c(108): warning:  #167-D: argument of type "uint8_t *" is incompatible with parameter of type "char *restrict"
src\iap.c(110): warning:  #167-D: argument of type "uint8_t *" is incompatible with parameter of type "char *restrict"
src\iap.c(134): error:  #165: too few arguments in function call
src\iap.c(77): warning:  #177-D: variable "iapDate" was declared but never referenced
src\iap.c(179): warning:  #175-D: subscript out of range
src\iap.c(181): warning:  #167-D: argument of type "uint8_t *" is incompatible with parameter of type "char *"
src\iap.c(183): warning:  #513-D: a value of type "char *" cannot be assigned to an entity of type "int8_t *"
src\iap.c(191): warning:  #175-D: subscript out of range
src\iap.c(194): warning:  #513-D: a value of type "uint8_t *" cannot be assigned to an entity of type "int8_t *"
src\iap.c(195): warning:  #167-D: argument of type "int8_t *" is incompatible with parameter of type "uint8_t *"
src\iap.c(225): warning:  #940-D: missing return statement at end of non-void function "tcpGetData"
src\iap.c(258): warning:  #167-D: argument of type "int8_t *" is incompatible with parameter of type "char *"
src\iap.c(297): warning:  #177-D: variable "j" was declared but never referenced
Target not created
Build target 'OBD'
compiling iap.c...
src\iap.c(82): warning:  #167-D: argument of type "int8_t *" is incompatible with parameter of type "char *restrict"
src\iap.c(102): warning:  #167-D: argument of type "char *" is incompatible with parameter of type "int8_t *"
src\iap.c(108): warning:  #167-D: argument of type "uint8_t *" is incompatible with parameter of type "char *restrict"
src\iap.c(110): warning:  #167-D: argument of type "uint8_t *" is incompatible with parameter of type "char *restrict"
src\iap.c(134): error:  #167: argument of type "IAP_BRIFE" is incompatible with parameter of type "IAP_BRIFE *"
src\iap.c(77): warning:  #177-D: variable "iapDate" was declared but never referenced
src\iap.c(179): warning:  #175-D: subscript out of range
src\iap.c(181): warning:  #167-D: argument of type "uint8_t *" is incompatible with parameter of type "char *"
src\iap.c(183): warning:  #513-D: a value of type "char *" cannot be assigned to an entity of type "int8_t *"
src\iap.c(191): warning:  #175-D: subscript out of range
src\iap.c(194): warning:  #513-D: a value of type "uint8_t *" cannot be assigned to an entity of type "int8_t *"
src\iap.c(195): warning:  #167-D: argument of type "int8_t *" is incompatible with parameter of type "uint8_t *"
src\iap.c(225): warning:  #940-D: missing return statement at end of non-void function "tcpGetData"
src\iap.c(258): warning:  #167-D: argument of type "int8_t *" is incompatible with parameter of type "char *"
src\iap.c(297): warning:  #177-D: variable "j" was declared but never referenced
Target not created
Build target 'OBD'
compiling sysdef.c...
compiling stm32f10x_it.c...
compiling main.c...
src\main.c(38): warning:  #177-D: variable "des" was declared but never referenced
compiling blueTooth.c...
compiling fifo.c...
src\fifo.c(361): warning:  #111-D: statement is unreachable
src\fifo.c(363): warning:  #111-D: statement is unreachable
compiling flash.c...
compiling flashFifo.c...
compiling gps.c...
compiling hard_init.c...
src\hard_init.c(1512): warning:  #111-D: statement is unreachable
compiling mainfunc.c...
src\mainfunc.c(31): warning:  #167-D: argument of type "int8_t *" is incompatible with parameter of type "char *restrict"
src\mainfunc.c(55): warning:  #167-D: argument of type "char *" is incompatible with parameter of type "int8_t *"
src\mainfunc.c(26): warning:  #177-D: variable "temp" was declared but never referenced
src\mainfunc.c(156): warning:  #167-D: argument of type "uint8_t *" is incompatible with parameter of type "char *restrict"
src\mainfunc.c(158): warning:  #167-D: argument of type "uint8_t *" is incompatible with parameter of type "char *restrict"
src\mainfunc.c(220): warning:  #167-D: argument of type "uint8_t *" is incompatible with parameter of type "char *"
src\mainfunc.c(220): warning:  #167-D: argument of type "uint8_t *" is incompatible with parameter of type "char *"
src\mainfunc.c(611): warning:  #167-D: argument of type "int8_t *" is incompatible with parameter of type "char *restrict"
src\mainfunc.c(621): warning:  #167-D: argument of type "int8_t *" is incompatible with parameter of type "char *restrict"
src\mainfunc.c(621): warning:  #167-D: argument of type "int8_t *" is incompatible with parameter of type "const char *restrict"
src\mainfunc.c(595): warning:  #177-D: variable "temp" was declared but never referenced
src\mainfunc.c(662): warning:  #167-D: argument of type "int8_t *" is incompatible with parameter of type "char *"
src\mainfunc.c(637): warning:  #177-D: variable "i" was declared but never referenced
src\mainfunc.c(749): warning:  #167-D: argument of type "int8_t *" is incompatible with parameter of type "const char *"
src\mainfunc.c(758): warning:  #167-D: argument of type "int8_t *" is incompatible with parameter of type "char *restrict"
src\mainfunc.c(761): warning:  #167-D: argument of type "int8_t *" is incompatible with parameter of type "char *"
src\mainfunc.c(769): warning:  #167-D: argument of type "int8_t *" is incompatible with parameter of type "char *restrict"
src\mainfunc.c(784): warning:  #167-D: argument of type "int8_t *" is incompatible with parameter of type "const char *"
src\mainfunc.c(784): warning:  #167-D: argument of type "int8_t *" is incompatible with parameter of type "const char *"
src\mainfunc.c(790): warning:  #167-D: argument of type "int8_t *" is incompatible with parameter of type "const char *"
compiling OBD.c...
src\OBD.c(138): warning:  #111-D: statement is unreachable
compiling sanyData.c...
compiling sim900.c...
src\sim900.c(752): warning:  #513-D: a value of type "char *" cannot be assigned to an entity of type "int8_t *"
src\sim900.c(759): warning:  #940-D: missing return statement at end of non-void function "readImei"
compiling rtc.c...
compiling at45db161d.c...
compiling crc.c...
compiling iap.c...
src\iap.c(82): warning:  #167-D: argument of type "int8_t *" is incompatible with parameter of type "char *restrict"
src\iap.c(102): warning:  #167-D: argument of type "char *" is incompatible with parameter of type "int8_t *"
src\iap.c(108): warning:  #167-D: argument of type "uint8_t *" is incompatible with parameter of type "char *restrict"
src\iap.c(110): warning:  #167-D: argument of type "uint8_t *" is incompatible with parameter of type "char *restrict"
src\iap.c(77): warning:  #177-D: variable "iapDate" was declared but never referenced
src\iap.c(179): warning:  #175-D: subscript out of range
src\iap.c(181): warning:  #167-D: argument of type "uint8_t *" is incompatible with parameter of type "char *"
src\iap.c(183): warning:  #513-D: a value of type "char *" cannot be assigned to an entity of type "int8_t *"
src\iap.c(191): warning:  #175-D: subscript out of range
src\iap.c(194): warning:  #513-D: a value of type "uint8_t *" cannot be assigned to an entity of type "int8_t *"
src\iap.c(195): warning:  #167-D: argument of type "int8_t *" is incompatible with parameter of type "uint8_t *"
src\iap.c(225): warning:  #940-D: missing return statement at end of non-void function "tcpGetData"
src\iap.c(258): warning:  #167-D: argument of type "int8_t *" is incompatible with parameter of type "char *"
src\iap.c(297): warning:  #177-D: variable "j" was declared but never referenced
linking...
Program Size: Code=28528 RO-data=496 RW-data=444 ZI-data=10044  
FromELF: creating hex file...
".\Obj\Project-SIM.axf" - 0 Error(s), 41 Warning(s).
Build target 'OBD'
linking...
Program Size: Code=28528 RO-data=496 RW-data=444 ZI-data=10044  
FromELF: creating hex file...
".\Obj\Project-SIM.axf" - 0 Error(s), 0 Warning(s).
