Build target 'OBD'
compiling main.c...
src\main.c(38): warning:  #177-D: variable "des" was declared but never referenced
linking...
Program Size: Code=28752 RO-data=496 RW-data=444 ZI-data=10044  
FromELF: creating hex file...
".\Obj\Project-OBD.axf" - 0 Error(s), 1 Warning(s).
Build target 'OBD'
linking...
Program Size: Code=28752 RO-data=496 RW-data=444 ZI-data=10044  
FromELF: creating hex file...
".\Obj\Project-SIM.axf" - 0 Error(s), 0 Warning(s).
Build target 'OBD'
compiling main.c...
src\main.c(38): warning:  #177-D: variable "des" was declared but never referenced
linking...
Program Size: Code=28748 RO-data=496 RW-data=444 ZI-data=10044  
FromELF: creating hex file...
".\Obj\Project-SIM.axf" - 0 Error(s), 1 Warning(s).
