ARM Linker, 4.1 [Build 481] [Standard]

==============================================================================

Section Cross References

    stm32f10x_it.o(i.BusFault_Handler) refers to printfa.o(i.__0printf) for __2printf
    stm32f10x_it.o(i.BusFault_Handler) refers to hard_init.o(i.delay_ms) for delay_ms
    stm32f10x_it.o(i.BusFault_Handler) refers to stm32f10x_it.o(i.NVIC_SystemReset) for NVIC_SystemReset
    stm32f10x_it.o(i.EXTI0_IRQHandler) refers to hard_init.o(i.delay_ms) for delay_ms
    stm32f10x_it.o(i.EXTI0_IRQHandler) refers to stm32f10x_exti.o(i.EXTI_GetITStatus) for EXTI_GetITStatus
    stm32f10x_it.o(i.EXTI0_IRQHandler) refers to stm32f10x_exti.o(i.EXTI_ClearITPendingBit) for EXTI_ClearITPendingBit
    stm32f10x_it.o(i.EXTI0_IRQHandler) refers to printfa.o(i.__0printf) for __2printf
    stm32f10x_it.o(i.EXTI1_IRQHandler) refers to stm32f10x_exti.o(i.EXTI_GetITStatus) for EXTI_GetITStatus
    stm32f10x_it.o(i.EXTI1_IRQHandler) refers to stm32f10x_exti.o(i.EXTI_ClearITPendingBit) for EXTI_ClearITPendingBit
    stm32f10x_it.o(i.EXTI1_IRQHandler) refers to printfa.o(i.__0printf) for __2printf
    stm32f10x_it.o(i.EXTI3_IRQHandler) refers to stm32f10x_exti.o(i.EXTI_GetITStatus) for EXTI_GetITStatus
    stm32f10x_it.o(i.EXTI3_IRQHandler) refers to stm32f10x_exti.o(i.EXTI_ClearITPendingBit) for EXTI_ClearITPendingBit
    stm32f10x_it.o(i.EXTI3_IRQHandler) refers to printfa.o(i.__0printf) for __2printf
    stm32f10x_it.o(i.EXTI9_5_IRQHandler) refers to stm32f10x_exti.o(i.EXTI_GetITStatus) for EXTI_GetITStatus
    stm32f10x_it.o(i.EXTI9_5_IRQHandler) refers to stm32f10x_exti.o(i.EXTI_ClearITPendingBit) for EXTI_ClearITPendingBit
    stm32f10x_it.o(i.HardFault_Handler) refers to printfa.o(i.__0printf) for __2printf
    stm32f10x_it.o(i.HardFault_Handler) refers to hard_init.o(i.delay_ms) for delay_ms
    stm32f10x_it.o(i.HardFault_Handler) refers to stm32f10x_it.o(i.NVIC_SystemReset) for NVIC_SystemReset
    stm32f10x_it.o(i.MemManage_Handler) refers to printfa.o(i.__0printf) for __2printf
    stm32f10x_it.o(i.MemManage_Handler) refers to hard_init.o(i.delay_ms) for delay_ms
    stm32f10x_it.o(i.MemManage_Handler) refers to stm32f10x_it.o(i.NVIC_SystemReset) for NVIC_SystemReset
    stm32f10x_it.o(i.NMI_Handler) refers to printfa.o(i.__0printf) for __2printf
    stm32f10x_it.o(i.NMI_Handler) refers to hard_init.o(i.delay_ms) for delay_ms
    stm32f10x_it.o(i.NMI_Handler) refers to stm32f10x_it.o(i.NVIC_SystemReset) for NVIC_SystemReset
    stm32f10x_it.o(i.PRINTF_DEBUGMon_Handler) refers to printfa.o(i.__0printf) for __2printf
    stm32f10x_it.o(i.PRINTF_DEBUGMon_Handler) refers to hard_init.o(i.delay_ms) for delay_ms
    stm32f10x_it.o(i.PRINTF_DEBUGMon_Handler) refers to stm32f10x_it.o(i.NVIC_SystemReset) for NVIC_SystemReset
    stm32f10x_it.o(i.PendSV_Handler) refers to printfa.o(i.__0printf) for __2printf
    stm32f10x_it.o(i.PendSV_Handler) refers to hard_init.o(i.delay_ms) for delay_ms
    stm32f10x_it.o(i.PendSV_Handler) refers to stm32f10x_it.o(i.NVIC_SystemReset) for NVIC_SystemReset
    stm32f10x_it.o(i.RTCAlarm_IRQHandler) refers to stm32f10x_rtc.o(i.RTC_GetITStatus) for RTC_GetITStatus
    stm32f10x_it.o(i.RTCAlarm_IRQHandler) refers to stm32f10x_exti.o(i.EXTI_ClearITPendingBit) for EXTI_ClearITPendingBit
    stm32f10x_it.o(i.RTCAlarm_IRQHandler) refers to stm32f10x_rtc.o(i.RTC_WaitForLastTask) for RTC_WaitForLastTask
    stm32f10x_it.o(i.RTCAlarm_IRQHandler) refers to stm32f10x_rtc.o(i.RTC_ClearITPendingBit) for RTC_ClearITPendingBit
    stm32f10x_it.o(i.RTC_IRQHandler) refers to stm32f10x_rtc.o(i.RTC_GetITStatus) for RTC_GetITStatus
    stm32f10x_it.o(i.RTC_IRQHandler) refers to stm32f10x_rtc.o(i.RTC_ClearITPendingBit) for RTC_ClearITPendingBit
    stm32f10x_it.o(i.RTC_IRQHandler) refers to stm32f10x_rtc.o(i.RTC_WaitForLastTask) for RTC_WaitForLastTask
    stm32f10x_it.o(i.RTC_IRQHandler) refers to stm32f10x_rtc.o(i.RTC_GetCounter) for RTC_GetCounter
    stm32f10x_it.o(i.RTC_IRQHandler) refers to stm32f10x_rtc.o(i.RTC_SetCounter) for RTC_SetCounter
    stm32f10x_it.o(i.SVC_Handler) refers to printfa.o(i.__0printf) for __2printf
    stm32f10x_it.o(i.SVC_Handler) refers to hard_init.o(i.delay_ms) for delay_ms
    stm32f10x_it.o(i.SVC_Handler) refers to stm32f10x_it.o(i.NVIC_SystemReset) for NVIC_SystemReset
    stm32f10x_it.o(i.TIM2_IRQHandler) refers to stm32f10x_tim.o(i.TIM_GetITStatus) for TIM_GetITStatus
    stm32f10x_it.o(i.TIM2_IRQHandler) refers to stm32f10x_tim.o(i.TIM_ClearITPendingBit) for TIM_ClearITPendingBit
    stm32f10x_it.o(i.TIM2_IRQHandler) refers to stm32f10x_tim.o(i.TIM_Cmd) for TIM_Cmd
    stm32f10x_it.o(i.TIM3_IRQHandler) refers to stm32f10x_tim.o(i.TIM_GetITStatus) for TIM_GetITStatus
    stm32f10x_it.o(i.TIM3_IRQHandler) refers to stm32f10x_tim.o(i.TIM_ClearITPendingBit) for TIM_ClearITPendingBit
    stm32f10x_it.o(i.TIM3_IRQHandler) refers to stm32f10x_gpio.o(i.GPIO_WriteBit) for GPIO_WriteBit
[...]
    src\hard_init.c                          0x00000000   Number         0  hard_init.o ABSOLUTE
    src\iap.c                                0x00000000   Number         0  iap.o ABSOLUTE
    src\main.c                               0x00000000   Number         0  main.o ABSOLUTE
    src\mainfunc.c                           0x00000000   Number         0  mainfunc.o ABSOLUTE
    src\rtc.c                                0x00000000   Number         0  rtc.o ABSOLUTE
    src\sim900.c                             0x00000000   Number         0  sim900.o ABSOLUTE
    src\stm32f10x_it.c                       0x00000000   Number         0  stm32f10x_it.o ABSOLUTE
    src\sysdef.c                             0x00000000   Number         0  sysdef.o ABSOLUTE
    RESET                                    0x08000000   Section      304  startup_stm32f10x_hd.o(RESET)
    .ARM.Collect$$$$00000000                 0x08000130   Section        0  entry.o(.ARM.Collect$$$$00000000)
    .ARM.Collect$$$$00000001                 0x08000130   Section        4  entry2.o(.ARM.Collect$$$$00000001)
    .ARM.Collect$$$$00000004                 0x08000134   Section        4  entry5.o(.ARM.Collect$$$$00000004)
    .ARM.Collect$$$$00000007                 0x08000138   Section        8  entry7.o(.ARM.Collect$$$$00000007)
    .ARM.Collect$$$$00002712                 0x08000140   Section        4  entry2.o(.ARM.Collect$$$$00002712)
    __lit__00000000                          0x08000140   Data           4  entry2.o(.ARM.Collect$$$$00002712)
    .text                                    0x08000144   Section       36  startup_stm32f10x_hd.o(.text)
    .text                                    0x08000168   Section        0  memcpya.o(.text)
    .text                                    0x0800018c   Section        0  memseta.o(.text)
    .text                                    0x080001b2   Section        0  strcat.o(.text)
    .text                                    0x080001ce   Section        0  strstr.o(.text)
    .text                                    0x080001fa   Section        0  strlen.o(.text)
    .text                                    0x0800020a   Section        0  strtol.o(.text)
    .text                                    0x0800027a   Section        0  atoi.o(.text)
    .text                                    0x08000294   Section        0  fadd.o(.text)
    .text                                    0x08000344   Section        0  fmul.o(.text)
    .text                                    0x080003b0   Section        0  fdiv.o(.text)
    .text                                    0x08000430   Section        0  dadd.o(.text)
    .text                                    0x0800057a   Section        0  dmul.o(.text)
    .text                                    0x0800065c   Section        0  fflti.o(.text)
    .text                                    0x0800066e   Section        0  dflti.o(.text)
    .text                                    0x08000690   Section        0  ffixi.o(.text)
    .text                                    0x080006c2   Section        0  f2d.o(.text)
    .text                                    0x080006ee   Section        0  d2f.o(.text)
    .text                                    0x08000726   Section        0  uidiv.o(.text)
    .text                                    0x08000752   Section        0  uldiv.o(.text)
    .text                                    0x080007b8   Section        0  llshl.o(.text)
    .text                                    0x080007d6   Section        0  llsshr.o(.text)
    .text                                    0x080007fc   Section        0  ctype_o.o(.text)
    .text                                    0x08000804   Section        0  _strtoul.o(.text)
    .text                                    0x080008a0   Section        0  iusefp.o(.text)
    .text                                    0x080008a0   Section        0  fepilogue.o(.text)
    .text                                    0x08000910   Section        0  depilogue.o(.text)
    .text                                    0x080009d2   Section        0  ddiv.o(.text)
    .text                                    0x08000ab0   Section        0  dfixul.o(.text)
    .text                                    0x08000ae0   Section       40  cdrcmple.o(.text)
    .text                                    0x08000b08   Section       36  init.o(.text)
    .text                                    0x08000b2c   Section        0  llushr.o(.text)
    .text                                    0x08000b4c   Section        0  _chval.o(.text)
    .text                                    0x08000b6c   Section        0  __dczerorl2.o(.text)
    i.BusFault_Handler                       0x08000bc8   Section        0  stm32f10x_it.o(i.BusFault_Handler)
    i.CAN_ClearITPendingBit                  0x08000bf4   Section        0  stm32f10x_can.o(i.CAN_ClearITPendingBit)
    i.CAN_FIFORelease                        0x08000c9c   Section        0  stm32f10x_can.o(i.CAN_FIFORelease)
    i.CAN_GetITStatus                        0x08000cb4   Section        0  stm32f10x_can.o(i.CAN_GetITStatus)
    i.CAN_Receive                            0x08000ddc   Section        0  stm32f10x_can.o(i.CAN_Receive)
    i.CheckITStatus                          0x08000ec6   Section        0  stm32f10x_can.o(i.CheckITStatus)
    CheckITStatus                            0x08000ec7   Thumb Code    16  stm32f10x_can.o(i.CheckITStatus)
    i.EXTI0_IRQHandler                       0x08000ed8   Section        0  stm32f10x_it.o(i.EXTI0_IRQHandler)
    i.EXTI1_IRQHandler                       0x08000f04   Section        0  stm32f10x_it.o(i.EXTI1_IRQHandler)
    i.EXTI3_IRQHandler                       0x08000f2c   Section        0  stm32f10x_it.o(i.EXTI3_IRQHandler)
    i.EXTI9_5_IRQHandler                     0x08000f64   Section        0  stm32f10x_it.o(i.EXTI9_5_IRQHandler)
    i.EXTI_ClearITPendingBit                 0x08000f7c   Section        0  stm32f10x_exti.o(i.EXTI_ClearITPendingBit)
    i.EXTI_Configuration                     0x08000f88   Section        0  hard_init.o(i.EXTI_Configuration)
    i.EXTI_GetITStatus                       0x08001030   Section        0  stm32f10x_exti.o(i.EXTI_GetITStatus)
    i.EXTI_Init                              0x0800105c   Section        0  stm32f10x_exti.o(i.EXTI_Init)
    i.FLASH_GetBank1Status                   0x08001108   Section        0  stm32f10x_flash.o(i.FLASH_GetBank1Status)
    i.FLASH_Lock                             0x08001140   Section        0  stm32f10x_flash.o(i.FLASH_Lock)
    i.FLASH_PrefetchBufferCmd                0x08001154   Section        0  stm32f10x_flash.o(i.FLASH_PrefetchBufferCmd)
    i.FLASH_ProgramWord                      0x08001170   Section        0  stm32f10x_flash.o(i.FLASH_ProgramWord)
    i.FLASH_SetLatency                       0x080011d4   Section        0  stm32f10x_flash.o(i.FLASH_SetLatency)
    i.FLASH_Unlock                           0x080011ec   Section        0  stm32f10x_flash.o(i.FLASH_Unlock)
    i.FLASH_WaitForLastOperation             0x08001204   Section        0  stm32f10x_flash.o(i.FLASH_WaitForLastOperation)
    i.GPIO_Configuration                     0x0800122c   Section        0  hard_init.o(i.GPIO_Configuration)
    i.GPIO_EXTILineConfig                    0x080015fc   Section        0  stm32f10x_gpio.o(i.GPIO_EXTILineConfig)
    i.GPIO_Init                              0x0800163c   Section        0  stm32f10x_gpio.o(i.GPIO_Init)
    i.GPIO_PinRemapConfig                    0x08001750   Section        0  stm32f10x_gpio.o(i.GPIO_PinRemapConfig)
    i.GPIO_WriteBit                          0x080017e0   Section        0  stm32f10x_gpio.o(i.GPIO_WriteBit)
    i.HardFault_Handler                      0x080017ec   Section        0  stm32f10x_it.o(i.HardFault_Handler)
    i.Is_Leap_Year                           0x08001820   Section        0  rtc.o(i.Is_Leap_Year)
    i.MemManage_Handler                      0x0800185c   Section        0  stm32f10x_it.o(i.MemManage_Handler)
    i.NMI_Handler                            0x08001888   Section        0  stm32f10x_it.o(i.NMI_Handler)
    i.NVIC_Configuration                     0x080018b0   Section        0  hard_init.o(i.NVIC_Configuration)
    i.NVIC_Init                              0x08001a1c   Section        0  misc.o(i.NVIC_Init)
    i.NVIC_PriorityGroupConfig               0x08001aa0   Section        0  misc.o(i.NVIC_PriorityGroupConfig)
    i.NVIC_SystemReset                       0x08001ab4   Section        0  stm32f10x_it.o(i.NVIC_SystemReset)
    NVIC_SystemReset                         0x08001ab5   Thumb Code    34  stm32f10x_it.o(i.NVIC_SystemReset)
    i.NVIC_SystemReset                       0x08001ae0   Section        0  flash.o(i.NVIC_SystemReset)
    NVIC_SystemReset                         0x08001ae1   Thumb Code    34  flash.o(i.NVIC_SystemReset)
    i.PWR_BackupAccessCmd                    0x08001b0c   Section        0  stm32f10x_pwr.o(i.PWR_BackupAccessCmd)
    i.PendSV_Handler                         0x08001b18   Section        0  stm32f10x_it.o(i.PendSV_Handler)
    i.RCC_APB1PeriphClockCmd                 0x08001b44   Section        0  stm32f10x_rcc.o(i.RCC_APB1PeriphClockCmd)
    i.RCC_APB2PeriphClockCmd                 0x08001b64   Section        0  stm32f10x_rcc.o(i.RCC_APB2PeriphClockCmd)
    i.RCC_Configuration                      0x08001b84   Section        0  hard_init.o(i.RCC_Configuration)
    i.RCC_DeInit                             0x08001c00   Section        0  stm32f10x_rcc.o(i.RCC_DeInit)
    i.RCC_GetClocksFreq                      0x08001c4c   Section        0  stm32f10x_rcc.o(i.RCC_GetClocksFreq)
    i.RCC_GetFlagStatus                      0x08001d20   Section        0  stm32f10x_rcc.o(i.RCC_GetFlagStatus)
    i.RCC_GetSYSCLKSource                    0x08001d5c   Section        0  stm32f10x_rcc.o(i.RCC_GetSYSCLKSource)
    i.RCC_HCLKConfig                         0x08001d6c   Section        0  stm32f10x_rcc.o(i.RCC_HCLKConfig)
    i.RCC_HSICmd                             0x08001d84   Section        0  stm32f10x_rcc.o(i.RCC_HSICmd)
    i.RCC_PCLK1Config                        0x08001d90   Section        0  stm32f10x_rcc.o(i.RCC_PCLK1Config)
    i.RCC_PCLK2Config                        0x08001da8   Section        0  stm32f10x_rcc.o(i.RCC_PCLK2Config)
    i.RCC_PLLCmd                             0x08001dc0   Section        0  stm32f10x_rcc.o(i.RCC_PLLCmd)
    i.RCC_PLLConfig                          0x08001dcc   Section        0  stm32f10x_rcc.o(i.RCC_PLLConfig)
    i.RCC_SYSCLKConfig                       0x08001de8   Section        0  stm32f10x_rcc.o(i.RCC_SYSCLKConfig)
    i.RTCAlarm_IRQHandler                    0x08001e00   Section        0  stm32f10x_it.o(i.RTCAlarm_IRQHandler)
    i.RTC_ClearITPendingBit                  0x08001e24   Section        0  stm32f10x_rtc.o(i.RTC_ClearITPendingBit)
    i.RTC_EnterConfigMode                    0x08001e44   Section        0  stm32f10x_rtc.o(i.RTC_EnterConfigMode)
    i.RTC_ExitConfigMode                     0x08001e5c   Section        0  stm32f10x_rtc.o(i.RTC_ExitConfigMode)
    i.RTC_GetCounter                         0x08001e78   Section        0  stm32f10x_rtc.o(i.RTC_GetCounter)
    i.RTC_GetITStatus                        0x08001e94   Section        0  stm32f10x_rtc.o(i.RTC_GetITStatus)
    i.RTC_IRQHandler                         0x08001ec0   Section        0  stm32f10x_it.o(i.RTC_IRQHandler)
    i.RTC_Set                                0x08001ef0   Section        0  rtc.o(i.RTC_Set)
    i.RTC_SetCounter                         0x08001fb0   Section        0  stm32f10x_rtc.o(i.RTC_SetCounter)
    i.RTC_WaitForLastTask                    0x08001fd4   Section        0  stm32f10x_rtc.o(i.RTC_WaitForLastTask)
    i.SVC_Handler                            0x08001fe8   Section        0  stm32f10x_it.o(i.SVC_Handler)
    i.Send_AT_And_Wait                       0x08002010   Section        0  sim900.o(i.Send_AT_And_Wait)
    i.SetSysClock                            0x0800208c   Section        0  system_stm32f10x.o(i.SetSysClock)
    SetSysClock                              0x0800208d   Thumb Code     8  system_stm32f10x.o(i.SetSysClock)
    i.SetSysClockTo72                        0x08002094   Section        0  system_stm32f10x.o(i.SetSysClockTo72)
    SetSysClockTo72                          0x08002095   Thumb Code   192  system_stm32f10x.o(i.SetSysClockTo72)
    i.SysTick_Handler                        0x0800215c   Section        0  stm32f10x_it.o(i.SysTick_Handler)
    i.SystemInit                             0x08002160   Section        0  system_stm32f10x.o(i.SystemInit)
    i.TIM2_IRQHandler                        0x080021c0   Section        0  stm32f10x_it.o(i.TIM2_IRQHandler)
    i.TIM3_IRQHandler                        0x080021e8   Section        0  stm32f10x_it.o(i.TIM3_IRQHandler)
    i.TIM_ARRPreloadConfig                   0x08002234   Section        0  stm32f10x_tim.o(i.TIM_ARRPreloadConfig)
    i.TIM_ClearITPendingBit                  0x0800224c   Section        0  stm32f10x_tim.o(i.TIM_ClearITPendingBit)
    i.TIM_Cmd                                0x08002252   Section        0  stm32f10x_tim.o(i.TIM_Cmd)
    i.TIM_Configuration                      0x0800226c   Section        0  hard_init.o(i.TIM_Configuration)
    i.TIM_GetITStatus                        0x080022b8   Section        0  stm32f10x_tim.o(i.TIM_GetITStatus)
    i.TIM_ITConfig                           0x080022da   Section        0  stm32f10x_tim.o(i.TIM_ITConfig)
    i.TIM_TimeBaseInit                       0x080022f4   Section        0  stm32f10x_tim.o(i.TIM_TimeBaseInit)
    i.UART4_IRQHandler                       0x08002398   Section        0  stm32f10x_it.o(i.UART4_IRQHandler)
    i.UART5_IRQHandler                       0x08002430   Section        0  stm32f10x_it.o(i.UART5_IRQHandler)
    i.USART1_IRQHandler                      0x08002498   Section        0  stm32f10x_it.o(i.USART1_IRQHandler)
    i.USART2_IRQHandler                      0x08002514   Section        0  stm32f10x_it.o(i.USART2_IRQHandler)
    i.USART3_IRQHandler                      0x080025b8   Section        0  stm32f10x_it.o(i.USART3_IRQHandler)
    i.USART_ClearFlag                        0x08002690   Section        0  stm32f10x_usart.o(i.USART_ClearFlag)
    i.USART_Cmd                              0x080026a2   Section        0  stm32f10x_usart.o(i.USART_Cmd)
    i.USART_Configuration                    0x080026bc   Section        0  hard_init.o(i.USART_Configuration)
    i.USART_GetFlagStatus                    0x08002964   Section        0  stm32f10x_usart.o(i.USART_GetFlagStatus)
    i.USART_GetITStatus                      0x0800297e   Section        0  stm32f10x_usart.o(i.USART_GetITStatus)
    i.USART_ITConfig                         0x080029d2   Section        0  stm32f10x_usart.o(i.USART_ITConfig)
    i.USART_Init                             0x08002a1c   Section        0  stm32f10x_usart.o(i.USART_Init)
    i.USART_ReceiveData                      0x08002af4   Section        0  stm32f10x_usart.o(i.USART_ReceiveData)
    i.USART_SendData                         0x08002afe   Section        0  stm32f10x_usart.o(i.USART_SendData)
    i.USB_LP_CAN1_RX0_IRQHandler             0x08002b08   Section        0  stm32f10x_it.o(i.USB_LP_CAN1_RX0_IRQHandler)
    i.UsageFault_Handler                     0x08002bf4   Section        0  stm32f10x_it.o(i.UsageFault_Handler)
    i.WriteReadCheck                         0x08002c20   Section        0  flash.o(i.WriteReadCheck)
    i.__0printf                              0x08002d14   Section        0  printfa.o(i.__0printf)
    i.__0sprintf                             0x08002d34   Section        0  printfa.o(i.__0sprintf)
    i.__aeabi_errno_addr                     0x08002d5c   Section        0  errno.o(i.__aeabi_errno_addr)
    i.__scatterload_copy                     0x08002d64   Section       14  handlers.o(i.__scatterload_copy)
    i.__scatterload_null                     0x08002d72   Section        2  handlers.o(i.__scatterload_null)
    i.__scatterload_zeroinit                 0x08002d74   Section       14  handlers.o(i.__scatterload_zeroinit)
    i._fp_digits                             0x08002d84   Section        0  printfa.o(i._fp_digits)
    _fp_digits                               0x08002d85   Thumb Code   318  printfa.o(i._fp_digits)
    i._printf_core                           0x08002ed8   Section        0  printfa.o(i._printf_core)
    _printf_core                             0x08002ed9   Thumb Code  1734  printfa.o(i._printf_core)
    i._printf_post_padding                   0x080035ac   Section        0  printfa.o(i._printf_post_padding)
    _printf_post_padding                     0x080035ad   Thumb Code    38  printfa.o(i._printf_post_padding)
    i._printf_pre_padding                    0x080035d2   Section        0  printfa.o(i._printf_pre_padding)
    _printf_pre_padding                      0x080035d3   Thumb Code    46  printfa.o(i._printf_pre_padding)
    i._sputc                                 0x08003600   Section        0  printfa.o(i._sputc)
    _sputc                                   0x08003601   Thumb Code    10  printfa.o(i._sputc)
    i.abs_load_formula                       0x0800360c   Section        0  obd.o(i.abs_load_formula)
    i.abs_tp_formula                         0x08003654   Section        0  obd.o(i.abs_tp_formula)
    i.air_flow_rate_formula                  0x0800369c   Section        0  obd.o(i.air_flow_rate_formula)
    i.amb_air_temp_formula                   0x080036dc   Section        0  obd.o(i.amb_air_temp_formula)
    i.baro_pressure_formula                  0x08003730   Section        0  obd.o(i.baro_pressure_formula)
    i.blueAtAndWait                          0x0800374c   Section        0  bluetooth.o(i.blueAtAndWait)
    i.blueToothPower                         0x080037b0   Section        0  bluetooth.o(i.blueToothPower)
    i.calBufCrc                              0x08003884   Section        0  flash.o(i.calBufCrc)
    i.cat_temp_formula                       0x080038d4   Section        0  obd.o(i.cat_temp_formula)
    i.clr_distance_formula                   0x08003958   Section        0  obd.o(i.clr_distance_formula)
    i.clr_time_formula                       0x08003974   Section        0  obd.o(i.clr_time_formula)
    i.collectAndSend                         0x080039ac   Section        0  mainfunc.o(i.collectAndSend)
    i.commanded_egr_formula                  0x08003a50   Section        0  obd.o(i.commanded_egr_formula)
    i.coolant_temp_formula                   0x08003a98   Section        0  obd.o(i.coolant_temp_formula)
    i.delay_ms                               0x08003ab8   Section        0  hard_init.o(i.delay_ms)
    i.ecu_voltage_formula                    0x08003ad4   Section        0  obd.o(i.ecu_voltage_formula)
    i.egr_error_formula                      0x08003b10   Section        0  obd.o(i.egr_error_formula)
    i.engine_load_formula                    0x08003b6c   Section        0  obd.o(i.engine_load_formula)
    i.engine_rpm_formula                     0x08003bb4   Section        0  obd.o(i.engine_rpm_formula)
    i.engine_run_time_formula                0x08003bf0   Section        0  obd.o(i.engine_run_time_formula)
    i.eq_ratio_formula                       0x08003c3c   Section        0  obd.o(i.eq_ratio_formula)
    i.evap_pct_formula                       0x08003c78   Section        0  obd.o(i.evap_pct_formula)
    i.evap_vp_formula                        0x08003cc0   Section        0  obd.o(i.evap_vp_formula)
    i.execObd                                0x08003cf8   Section        0  obd.o(i.execObd)
    i.flashRead                              0x08003e18   Section        0  flash.o(i.flashRead)
    i.flashRollBack                          0x08003e30   Section        0  flash.o(i.flashRollBack)
    i.flashWrite                             0x08003e36   Section        0  flash.o(i.flashWrite)
    i.fputc                                  0x08003ec8   Section        0  main.o(i.fputc)
    i.frp_relative_formula                   0x08003eec   Section        0  obd.o(i.frp_relative_formula)
    i.frp_widerange_formula                  0x08003f58   Section        0  obd.o(i.frp_widerange_formula)
    i.fuel_level_formula                     0x08003f7c   Section        0  obd.o(i.fuel_level_formula)
    i.fuel_pressure_formula                  0x08003fc4   Section        0  obd.o(i.fuel_pressure_formula)
    i.fuel_system1_status_formula            0x08003fe0   Section        0  obd.o(i.fuel_system1_status_formula)
    i.fuel_system2_status_formula            0x08003ff2   Section        0  obd.o(i.fuel_system2_status_formula)
    i.fuel_system_status_formula             0x08004004   Section        0  obd.o(i.fuel_system_status_formula)
    i.gpsDataIrq                             0x080040f4   Section        0  gps.o(i.gpsDataIrq)
    i.hardware_init                          0x08004dac   Section        0  hard_init.o(i.hardware_init)
    i.initBlueTooth                          0x08004dd8   Section        0  bluetooth.o(i.initBlueTooth)
    i.initObdMode                            0x080050f0   Section        0  obd.o(i.initObdMode)
    i.intake_air_temp_formula                0x08005124   Section        0  obd.o(i.intake_air_temp_formula)
    i.intake_pressure_formula                0x08005144   Section        0  obd.o(i.intake_pressure_formula)
    i.long_term_fuel_trim_formula            0x08005160   Section        0  obd.o(i.long_term_fuel_trim_formula)
    i.main                                   0x080051c8   Section        0  main.o(i.main)
    i.massProduction                         0x08005254   Section        0  sim900.o(i.massProduction)
    i.mil_distance_formula                   0x08005454   Section        0  obd.o(i.mil_distance_formula)
    i.mil_time_formula                       0x08005470   Section        0  obd.o(i.mil_time_formula)
    i.o2_sensor_formula                      0x080054a8   Section        0  obd.o(i.o2_sensor_formula)
    i.o2_sensor_wrc_formula                  0x08005594   Section        0  obd.o(i.o2_sensor_wrc_formula)
    i.o2_sensor_wrv_formula                  0x08005634   Section        0  obd.o(i.o2_sensor_wrv_formula)
    i.obdAtAndWait                           0x080056c8   Section        0  obd.o(i.obdAtAndWait)
    i.obdPower                               0x0800572c   Section        0  obd.o(i.obdPower)
    i.obdTest                                0x0800579c   Section        0  obd.o(i.obdTest)
    i.obd_requirements_formula               0x08005894   Section        0  obd.o(i.obd_requirements_formula)
    i.openUsart1                             0x08005a3c   Section        0  hard_init.o(i.openUsart1)
    i.power_sim900                           0x08005a80   Section        0  sim900.o(i.power_sim900)
    i.pto_status_formula                     0x08005b7c   Section        0  obd.o(i.pto_status_formula)
    i.readImei                               0x08005bb4   Section        0  sim900.o(i.readImei)
    i.relative_tp_formula                    0x08005c90   Section        0  obd.o(i.relative_tp_formula)
    i.secondary_air_status_formula           0x08005cd8   Section        0  obd.o(i.secondary_air_status_formula)
    i.setDebugPara                           0x08005d7c   Section        0  iap.o(i.setDebugPara)
    i.setReport                              0x08005ec0   Section        0  sim900.o(i.setReport)
    i.short_term_fuel_trim_formula           0x080060c0   Section        0  obd.o(i.short_term_fuel_trim_formula)
    i.showConfig                             0x08006128   Section        0  sim900.o(i.showConfig)
    i.sim900_power_on                        0x0800659c   Section        0  sim900.o(i.sim900_power_on)
    i.tac_pct_formula                        0x080065fc   Section        0  obd.o(i.tac_pct_formula)
    i.throttle_position_formula              0x08006644   Section        0  obd.o(i.throttle_position_formula)
    i.timing_advance_formula                 0x0800668c   Section        0  obd.o(i.timing_advance_formula)
    i.updateFlashConfig                      0x080066d4   Section        0  flash.o(i.updateFlashConfig)
    i.vehicle_speed_formula                  0x08006804   Section        0  obd.o(i.vehicle_speed_formula)
    i.warm_ups_formula                       0x08006820   Section        0  obd.o(i.warm_ups_formula)
    i.writeFlashCfg                          0x08006838   Section        0  flash.o(i.writeFlashCfg)
    .constdata                               0x08006a0c   Section      512  flash.o(.constdata)
    .constdata                               0x08006c0c   Section       24  rtc.o(.constdata)
    .constdata                               0x08006c24   Section      116  sim900.o(.constdata)
    __FUNCTION__                             0x08006c24   Data          13  sim900.o(.constdata)
    .constdata                               0x08006c98   Section      129  ctype_o.o(.constdata)
    .constdata                               0x08006d1c   Section        4  ctype_o.o(.constdata)
    table                                    0x08006d1c   Data           4  ctype_o.o(.constdata)
    .data                                    0x20000000   Section       32  sysdef.o(.data)
    .data                                    0x20000020   Section       12  stm32f10x_it.o(.data)
    temp                                     0x20000024   Data           1  stm32f10x_it.o(.data)
    temp                                     0x20000025   Data           1  stm32f10x_it.o(.data)
    state                                    0x20000028   Data           4  stm32f10x_it.o(.data)
    .data                                    0x2000002c   Section       20  stm32f10x_rcc.o(.data)
    APBAHBPrescTable                         0x2000002c   Data          16  stm32f10x_rcc.o(.data)
    ADCPrescTable                            0x2000003c   Data           4  stm32f10x_rcc.o(.data)
    .data                                    0x20000040   Section       60  gps.o(.data)
    .data                                    0x2000007c   Section     8468  obd.o(.data)
    .data                                    0x20002190   Section        4  stdout.o(.data)
    .data                                    0x20002194   Section        4  errno.o(.data)
    _errno                                   0x20002194   Data           4  errno.o(.data)
    .bss                                     0x20002198   Section     3796  sysdef.o(.bss)
    .bss                                     0x2000306c   Section     1300  flash.o(.bss)
    buf                                      0x2000306c   Data        1300  flash.o(.bss)
    .bss                                     0x20003580   Section      216  gps.o(.bss)
    .bss                                     0x20003658   Section      364  sim900.o(.bss)
    STACK                                    0x200037c8   Section     4096  startup_stm32f10x_hd.o(STACK)

    Global Symbols

    Symbol Name                              Value     Ov Type        Size  Object(Section)

    BuildAttributes$$THM_ISAv4$P$D$K$B$S$PE$A:L22UL41UL21$X:L11$S22US41US21$IEEE1$IW$USESV6$~STKCKD$USESV7$~SHL$OTIME$ROPI$EBA8$MICROLIB$REQ8$PRES8$EABIv2 0x00000000   Number         0  anon$$obj.o ABSOLUTE
    __ARM_use_no_argv                        0x00000000   Number         0  main.o ABSOLUTE
    _printf_a                                0x00000000   Number         0  stubs.o ABSOLUTE
    _printf_c                                0x00000000   Number         0  stubs.o ABSOLUTE
    _printf_charcount                        0x00000000   Number         0  stubs.o ABSOLUTE
    _printf_d                                0x00000000   Number         0  stubs.o ABSOLUTE
    _printf_e                                0x00000000   Number         0  stubs.o ABSOLUTE
    _printf_f                                0x00000000   Number         0  stubs.o ABSOLUTE
    _printf_flags                            0x00000000   Number         0  stubs.o ABSOLUTE
    _printf_fp_dec                           0x00000000   Number         0  stubs.o ABSOLUTE
    _printf_fp_hex                           0x00000000   Number         0  stubs.o ABSOLUTE
    _printf_g                                0x00000000   Number         0  stubs.o ABSOLUTE
    _printf_i                                0x00000000   Number         0  stubs.o ABSOLUTE
    _printf_int_dec                          0x00000000   Number         0  stubs.o ABSOLUTE
    _printf_l                                0x00000000   Number         0  stubs.o ABSOLUTE
    _printf_lc                               0x00000000   Number         0  stubs.o ABSOLUTE
    _printf_ll                               0x00000000   Number         0  stubs.o ABSOLUTE
    _printf_lld                              0x00000000   Number         0  stubs.o ABSOLUTE
    _printf_lli                              0x00000000   Number         0  stubs.o ABSOLUTE
    _printf_llo                              0x00000000   Number         0  stubs.o ABSOLUTE
    _printf_llu                              0x00000000   Number         0  stubs.o ABSOLUTE
    _printf_llx                              0x00000000   Number         0  stubs.o ABSOLUTE
    _printf_longlong_dec                     0x00000000   Number         0  stubs.o ABSOLUTE
    _printf_longlong_hex                     0x00000000   Number         0  stubs.o ABSOLUTE
    _printf_longlong_oct                     0x00000000   Number         0  stubs.o ABSOLUTE
    _printf_ls                               0x00000000   Number         0  stubs.o ABSOLUTE
    _printf_mbtowc                           0x00000000   Number         0  stubs.o ABSOLUTE
    _printf_n                                0x00000000   Number         0  stubs.o ABSOLUTE
    _printf_o                                0x00000000   Number         0  stubs.o ABSOLUTE
    _printf_p                                0x00000000   Number         0  stubs.o ABSOLUTE
    _printf_percent                          0x00000000   Number         0  stubs.o ABSOLUTE
    _printf_pre_padding                      0x00000000   Number         0  stubs.o ABSOLUTE
    _printf_return_value                     0x00000000   Number         0  stubs.o ABSOLUTE
    _printf_s                                0x00000000   Number         0  stubs.o ABSOLUTE
    _printf_sizespec                         0x00000000   Number         0  stubs.o ABSOLUTE
    _printf_str                              0x00000000   Number         0  stubs.o ABSOLUTE
    _printf_truncate_signed                  0x00000000   Number         0  stubs.o ABSOLUTE
    _printf_truncate_unsigned                0x00000000   Number         0  stubs.o ABSOLUTE
    _printf_u                                0x00000000   Number         0  stubs.o ABSOLUTE
    _printf_wc                               0x00000000   Number         0  stubs.o ABSOLUTE
    _printf_wctomb                           0x00000000   Number         0  stubs.o ABSOLUTE
    _printf_widthprec                        0x00000000   Number         0  stubs.o ABSOLUTE
    _printf_x                                0x00000000   Number         0  stubs.o ABSOLUTE
    __Vectors_Size                           0x00000130   Number         0  startup_stm32f10x_hd.o ABSOLUTE
    __Vectors                                0x08000000   Data           4  startup_stm32f10x_hd.o(RESET)
    __Vectors_End                            0x08000130   Data           0  startup_stm32f10x_hd.o(RESET)
    __main                                   0x08000131   Thumb Code     0  entry.o(.ARM.Collect$$$$00000000)
    _main_stk                                0x08000131   Thumb Code     0  entry2.o(.ARM.Collect$$$$00000001)
    _main_scatterload                        0x08000135   Thumb Code     0  entry5.o(.ARM.Collect$$$$00000004)
    __main_after_scatterload                 0x08000139   Thumb Code     0  entry5.o(.ARM.Collect$$$$00000004)
    _main_init                               0x08000139   Thumb Code     0  entry7.o(.ARM.Collect$$$$00000007)
    Reset_Handler                            0x08000145   Thumb Code     8  startup_stm32f10x_hd.o(.text)
    DebugMon_Handler                         0x08000159   Thumb Code     2  startup_stm32f10x_hd.o(.text)
    ADC1_2_IRQHandler                        0x0800015f   Thumb Code     0  startup_stm32f10x_hd.o(.text)
    ADC3_IRQHandler                          0x0800015f   Thumb Code     0  startup_stm32f10x_hd.o(.text)
    CAN1_RX1_IRQHandler                      0x0800015f   Thumb Code     0  startup_stm32f10x_hd.o(.text)
    CAN1_SCE_IRQHandler                      0x0800015f   Thumb Code     0  startup_stm32f10x_hd.o(.text)
    DMA1_Channel1_IRQHandler                 0x0800015f   Thumb Code     0  startup_stm32f10x_hd.o(.text)
    DMA1_Channel2_IRQHandler                 0x0800015f   Thumb Code     0  startup_stm32f10x_hd.o(.text)
    DMA1_Channel3_IRQHandler                 0x0800015f   Thumb Code     0  startup_stm32f10x_hd.o(.text)
    DMA1_Channel4_IRQHandler                 0x0800015f   Thumb Code     0  startup_stm32f10x_hd.o(.text)
    DMA1_Channel5_IRQHandler                 0x0800015f   Thumb Code     0  startup_stm32f10x_hd.o(.text)
    DMA1_Channel6_IRQHandler                 0x0800015f   Thumb Code     0  startup_stm32f10x_hd.o(.text)
    DMA1_Channel7_IRQHandler                 0x0800015f   Thumb Code     0  startup_stm32f10x_hd.o(.text)
    DMA2_Channel1_IRQHandler                 0x0800015f   Thumb Code     0  startup_stm32f10x_hd.o(.text)
    DMA2_Channel2_IRQHandler                 0x0800015f   Thumb Code     0  startup_stm32f10x_hd.o(.text)
    DMA2_Channel3_IRQHandler                 0x0800015f   Thumb Code     0  startup_stm32f10x_hd.o(.text)
    DMA2_Channel4_5_IRQHandler               0x0800015f   Thumb Code     0  startup_stm32f10x_hd.o(.text)
    EXTI15_10_IRQHandler                     0x0800015f   Thumb Code     0  startup_stm32f10x_hd.o(.text)
    EXTI2_IRQHandler                         0x0800015f   Thumb Code     0  startup_stm32f10x_hd.o(.text)
    EXTI4_IRQHandler                         0x0800015f   Thumb Code     0  startup_stm32f10x_hd.o(.text)
    FLASH_IRQHandler                         0x0800015f   Thumb Code     0  startup_stm32f10x_hd.o(.text)
    FSMC_IRQHandler                          0x0800015f   Thumb Code     0  startup_stm32f10x_hd.o(.text)
    I2C1_ER_IRQHandler                       0x0800015f   Thumb Code     0  startup_stm32f10x_hd.o(.text)
    I2C1_EV_IRQHandler                       0x0800015f   Thumb Code     0  startup_stm32f10x_hd.o(.text)
    I2C2_ER_IRQHandler                       0x0800015f   Thumb Code     0  startup_stm32f10x_hd.o(.text)
    I2C2_EV_IRQHandler                       0x0800015f   Thumb Code     0  startup_stm32f10x_hd.o(.text)
    PVD_IRQHandler                           0x0800015f   Thumb Code     0  startup_stm32f10x_hd.o(.text)
    RCC_IRQHandler                           0x0800015f   Thumb Code     0  startup_stm32f10x_hd.o(.text)
    SDIO_IRQHandler                          0x0800015f   Thumb Code     0  startup_stm32f10x_hd.o(.text)
    SPI1_IRQHandler                          0x0800015f   Thumb Code     0  startup_stm32f10x_hd.o(.text)
    SPI2_IRQHandler                          0x0800015f   Thumb Code     0  startup_stm32f10x_hd.o(.text)
    SPI3_IRQHandler                          0x0800015f   Thumb Code     0  startup_stm32f10x_hd.o(.text)
    TAMPER_IRQHandler                        0x0800015f   Thumb Code     0  startup_stm32f10x_hd.o(.text)
    TIM1_BRK_IRQHandler                      0x0800015f   Thumb Code     0  startup_stm32f10x_hd.o(.text)
    TIM1_CC_IRQHandler                       0x0800015f   Thumb Code     0  startup_stm32f10x_hd.o(.text)
    TIM1_TRG_COM_IRQHandler                  0x0800015f   Thumb Code     0  startup_stm32f10x_hd.o(.text)
    TIM1_UP_IRQHandler                       0x0800015f   Thumb Code     0  startup_stm32f10x_hd.o(.text)
    TIM4_IRQHandler                          0x0800015f   Thumb Code     0  startup_stm32f10x_hd.o(.text)
    TIM5_IRQHandler                          0x0800015f   Thumb Code     0  startup_stm32f10x_hd.o(.text)
    TIM6_IRQHandler                          0x0800015f   Thumb Code     0  startup_stm32f10x_hd.o(.text)
    TIM7_IRQHandler                          0x0800015f   Thumb Code     0  startup_stm32f10x_hd.o(.text)
    TIM8_BRK_IRQHandler                      0x0800015f   Thumb Code     0  startup_stm32f10x_hd.o(.text)
    TIM8_CC_IRQHandler                       0x0800015f   Thumb Code     0  startup_stm32f10x_hd.o(.text)
    TIM8_TRG_COM_IRQHandler                  0x0800015f   Thumb Code     0  startup_stm32f10x_hd.o(.text)
    TIM8_UP_IRQHandler                       0x0800015f   Thumb Code     0  startup_stm32f10x_hd.o(.text)
    USBWakeUp_IRQHandler                     0x0800015f   Thumb Code     0  startup_stm32f10x_hd.o(.text)
    USB_HP_CAN1_TX_IRQHandler                0x0800015f   Thumb Code     0  startup_stm32f10x_hd.o(.text)
    WWDG_IRQHandler                          0x0800015f   Thumb Code     0  startup_stm32f10x_hd.o(.text)
    __aeabi_memcpy                           0x08000169   Thumb Code    36  memcpya.o(.text)
    __aeabi_memcpy4                          0x08000169   Thumb Code     0  memcpya.o(.text)
    __aeabi_memcpy8                          0x08000169   Thumb Code     0  memcpya.o(.text)
    __aeabi_memset                           0x0800018d   Thumb Code    14  memseta.o(.text)
    __aeabi_memset4                          0x0800018d   Thumb Code     0  memseta.o(.text)
    __aeabi_memset8                          0x0800018d   Thumb Code     0  memseta.o(.text)
    __aeabi_memclr                           0x0800019b   Thumb Code     4  memseta.o(.text)
    __aeabi_memclr4                          0x0800019b   Thumb Code     0  memseta.o(.text)
    __aeabi_memclr8                          0x0800019b   Thumb Code     0  memseta.o(.text)
    _memset$wrapper                          0x0800019f   Thumb Code    20  memseta.o(.text)
    strcat                                   0x080001b3   Thumb Code    28  strcat.o(.text)
    strstr                                   0x080001cf   Thumb Code    44  strstr.o(.text)
    strlen                                   0x080001fb   Thumb Code    16  strlen.o(.text)
    strtol                                   0x0800020b   Thumb Code   112  strtol.o(.text)
    atoi                                     0x0800027b   Thumb Code    26  atoi.o(.text)
    __aeabi_fadd                             0x08000295   Thumb Code   164  fadd.o(.text)
    __aeabi_fsub                             0x08000339   Thumb Code     6  fadd.o(.text)
    __aeabi_frsub                            0x0800033f   Thumb Code     6  fadd.o(.text)
    __aeabi_fmul                             0x08000345   Thumb Code   108  fmul.o(.text)
    __aeabi_fdiv                             0x080003b1   Thumb Code   128  fdiv.o(.text)
    __aeabi_dadd                             0x08000431   Thumb Code   318  dadd.o(.text)
    __aeabi_dsub                             0x0800056f   Thumb Code     6  dadd.o(.text)
    __aeabi_drsub                            0x08000575   Thumb Code     6  dadd.o(.text)
    __aeabi_dmul                             0x0800057b   Thumb Code   226  dmul.o(.text)
    __aeabi_i2f                              0x0800065d   Thumb Code    18  fflti.o(.text)
    __aeabi_i2d                              0x0800066f   Thumb Code    34  dflti.o(.text)
    __aeabi_f2iz                             0x08000691   Thumb Code    50  ffixi.o(.text)
    __aeabi_f2d                              0x080006c3   Thumb Code    44  f2d.o(.text)
    __aeabi_d2f                              0x080006ef   Thumb Code    56  d2f.o(.text)
    __aeabi_uidiv                            0x08000727   Thumb Code     0  uidiv.o(.text)
    __aeabi_uidivmod                         0x08000727   Thumb Code    44  uidiv.o(.text)
    __aeabi_uldivmod                         0x08000753   Thumb Code   102  uldiv.o(.text)
    __aeabi_llsl                             0x080007b9   Thumb Code    30  llshl.o(.text)
    _ll_shift_l                              0x080007b9   Thumb Code     0  llshl.o(.text)
    __aeabi_lasr                             0x080007d7   Thumb Code    36  llsshr.o(.text)
    _ll_sshift_r                             0x080007d7   Thumb Code     0  llsshr.o(.text)
    __rt_ctype_table                         0x080007fd   Thumb Code     4  ctype_o.o(.text)
    _strtoul                                 0x08000805   Thumb Code   156  _strtoul.o(.text)
    __I$use$fp                               0x080008a1   Thumb Code     0  iusefp.o(.text)
    _float_round                             0x080008a1   Thumb Code    18  fepilogue.o(.text)
    _float_epilogue                          0x080008b3   Thumb Code    94  fepilogue.o(.text)
    _double_round                            0x08000911   Thumb Code    26  depilogue.o(.text)
    _double_epilogue                         0x0800092b   Thumb Code   168  depilogue.o(.text)
    __aeabi_ddiv                             0x080009d3   Thumb Code   222  ddiv.o(.text)
    __aeabi_d2ulz                            0x08000ab1   Thumb Code    48  dfixul.o(.text)
    __aeabi_cdrcmple                         0x08000ae1   Thumb Code    38  cdrcmple.o(.text)
    __scatterload                            0x08000b09   Thumb Code    28  init.o(.text)
    __scatterload_rt2                        0x08000b09   Thumb Code     0  init.o(.text)
    __aeabi_llsr                             0x08000b2d   Thumb Code    32  llushr.o(.text)
    _ll_ushift_r                             0x08000b2d   Thumb Code     0  llushr.o(.text)
    _chval                                   0x08000b4d   Thumb Code    32  _chval.o(.text)
    __decompress                             0x08000b6d   Thumb Code     0  __dczerorl2.o(.text)
    __decompress1                            0x08000b6d   Thumb Code    92  __dczerorl2.o(.text)
    BusFault_Handler                         0x08000bc9   Thumb Code    26  stm32f10x_it.o(i.BusFault_Handler)
    CAN_ClearITPendingBit                    0x08000bf5   Thumb Code   162  stm32f10x_can.o(i.CAN_ClearITPendingBit)
    CAN_FIFORelease                          0x08000c9d   Thumb Code    22  stm32f10x_can.o(i.CAN_FIFORelease)
    CAN_GetITStatus                          0x08000cb5   Thumb Code   292  stm32f10x_can.o(i.CAN_GetITStatus)
    CAN_Receive                              0x08000ddd   Thumb Code   234  stm32f10x_can.o(i.CAN_Receive)
    EXTI0_IRQHandler                         0x08000ed9   Thumb Code    30  stm32f10x_it.o(i.EXTI0_IRQHandler)
    EXTI1_IRQHandler                         0x08000f05   Thumb Code    24  stm32f10x_it.o(i.EXTI1_IRQHandler)
    EXTI3_IRQHandler                         0x08000f2d   Thumb Code    24  stm32f10x_it.o(i.EXTI3_IRQHandler)
    EXTI9_5_IRQHandler                       0x08000f65   Thumb Code    22  stm32f10x_it.o(i.EXTI9_5_IRQHandler)
    EXTI_ClearITPendingBit                   0x08000f7d   Thumb Code     6  stm32f10x_exti.o(i.EXTI_ClearITPendingBit)
    EXTI_Configuration                       0x08000f89   Thumb Code   168  hard_init.o(i.EXTI_Configuration)
    EXTI_GetITStatus                         0x08001031   Thumb Code    34  stm32f10x_exti.o(i.EXTI_GetITStatus)
    EXTI_Init                                0x0800105d   Thumb Code   160  stm32f10x_exti.o(i.EXTI_Init)
    FLASH_GetBank1Status                     0x08001109   Thumb Code    50  stm32f10x_flash.o(i.FLASH_GetBank1Status)
    FLASH_Lock                               0x08001141   Thumb Code    14  stm32f10x_flash.o(i.FLASH_Lock)
    FLASH_PrefetchBufferCmd                  0x08001155   Thumb Code    22  stm32f10x_flash.o(i.FLASH_PrefetchBufferCmd)
    FLASH_ProgramWord                        0x08001171   Thumb Code    96  stm32f10x_flash.o(i.FLASH_ProgramWord)
    FLASH_SetLatency                         0x080011d5   Thumb Code    18  stm32f10x_flash.o(i.FLASH_SetLatency)
    FLASH_Unlock                             0x080011ed   Thumb Code    12  stm32f10x_flash.o(i.FLASH_Unlock)
    FLASH_WaitForLastOperation               0x08001205   Thumb Code    38  stm32f10x_flash.o(i.FLASH_WaitForLastOperation)
    GPIO_Configuration                       0x0800122d   Thumb Code   960  hard_init.o(i.GPIO_Configuration)
    GPIO_EXTILineConfig                      0x080015fd   Thumb Code    60  stm32f10x_gpio.o(i.GPIO_EXTILineConfig)
    GPIO_Init                                0x0800163d   Thumb Code   274  stm32f10x_gpio.o(i.GPIO_Init)
    GPIO_PinRemapConfig                      0x08001751   Thumb Code   138  stm32f10x_gpio.o(i.GPIO_PinRemapConfig)
    GPIO_WriteBit                            0x080017e1   Thumb Code    10  stm32f10x_gpio.o(i.GPIO_WriteBit)
    HardFault_Handler                        0x080017ed   Thumb Code    26  stm32f10x_it.o(i.HardFault_Handler)
    Is_Leap_Year                             0x08001821   Thumb Code    58  rtc.o(i.Is_Leap_Year)
    MemManage_Handler                        0x0800185d   Thumb Code    26  stm32f10x_it.o(i.MemManage_Handler)
    NMI_Handler                              0x08001889   Thumb Code    22  stm32f10x_it.o(i.NMI_Handler)
    NVIC_Configuration                       0x080018b1   Thumb Code   364  hard_init.o(i.NVIC_Configuration)
    NVIC_Init                                0x08001a1d   Thumb Code   118  misc.o(i.NVIC_Init)
    NVIC_PriorityGroupConfig                 0x08001aa1   Thumb Code    10  misc.o(i.NVIC_PriorityGroupConfig)
    PWR_BackupAccessCmd                      0x08001b0d   Thumb Code     6  stm32f10x_pwr.o(i.PWR_BackupAccessCmd)
    PendSV_Handler                           0x08001b19   Thumb Code    22  stm32f10x_it.o(i.PendSV_Handler)
    RCC_APB1PeriphClockCmd                   0x08001b45   Thumb Code    26  stm32f10x_rcc.o(i.RCC_APB1PeriphClockCmd)
    RCC_APB2PeriphClockCmd                   0x08001b65   Thumb Code    26  stm32f10x_rcc.o(i.RCC_APB2PeriphClockCmd)
    RCC_Configuration                        0x08001b85   Thumb Code   118  hard_init.o(i.RCC_Configuration)
    RCC_DeInit                               0x08001c01   Thumb Code    64  stm32f10x_rcc.o(i.RCC_DeInit)
    RCC_GetClocksFreq                        0x08001c4d   Thumb Code   192  stm32f10x_rcc.o(i.RCC_GetClocksFreq)
    RCC_GetFlagStatus                        0x08001d21   Thumb Code    56  stm32f10x_rcc.o(i.RCC_GetFlagStatus)
    RCC_GetSYSCLKSource                      0x08001d5d   Thumb Code    10  stm32f10x_rcc.o(i.RCC_GetSYSCLKSource)
    RCC_HCLKConfig                           0x08001d6d   Thumb Code    18  stm32f10x_rcc.o(i.RCC_HCLKConfig)
    RCC_HSICmd                               0x08001d85   Thumb Code     6  stm32f10x_rcc.o(i.RCC_HSICmd)
    RCC_PCLK1Config                          0x08001d91   Thumb Code    18  stm32f10x_rcc.o(i.RCC_PCLK1Config)
    RCC_PCLK2Config                          0x08001da9   Thumb Code    20  stm32f10x_rcc.o(i.RCC_PCLK2Config)
    RCC_PLLCmd                               0x08001dc1   Thumb Code     6  stm32f10x_rcc.o(i.RCC_PLLCmd)
    RCC_PLLConfig                            0x08001dcd   Thumb Code    24  stm32f10x_rcc.o(i.RCC_PLLConfig)
    RCC_SYSCLKConfig                         0x08001de9   Thumb Code    18  stm32f10x_rcc.o(i.RCC_SYSCLKConfig)
    RTCAlarm_IRQHandler                      0x08001e01   Thumb Code    34  stm32f10x_it.o(i.RTCAlarm_IRQHandler)
    RTC_ClearITPendingBit                    0x08001e25   Thumb Code    22  stm32f10x_rtc.o(i.RTC_ClearITPendingBit)
    RTC_EnterConfigMode                      0x08001e45   Thumb Code    16  stm32f10x_rtc.o(i.RTC_EnterConfigMode)
    RTC_ExitConfigMode                       0x08001e5d   Thumb Code    20  stm32f10x_rtc.o(i.RTC_ExitConfigMode)
    RTC_GetCounter                           0x08001e79   Thumb Code    18  stm32f10x_rtc.o(i.RTC_GetCounter)
    RTC_GetITStatus                          0x08001e95   Thumb Code    34  stm32f10x_rtc.o(i.RTC_GetITStatus)
    RTC_IRQHandler                           0x08001ec1   Thumb Code    42  stm32f10x_it.o(i.RTC_IRQHandler)
    RTC_Set                                  0x08001ef1   Thumb Code   176  rtc.o(i.RTC_Set)
    RTC_SetCounter                           0x08001fb1   Thumb Code    26  stm32f10x_rtc.o(i.RTC_SetCounter)
    RTC_WaitForLastTask                      0x08001fd5   Thumb Code    14  stm32f10x_rtc.o(i.RTC_WaitForLastTask)
    SVC_Handler                              0x08001fe9   Thumb Code    22  stm32f10x_it.o(i.SVC_Handler)
    Send_AT_And_Wait                         0x08002011   Thumb Code   106  sim900.o(i.Send_AT_And_Wait)
    SysTick_Handler                          0x0800215d   Thumb Code     2  stm32f10x_it.o(i.SysTick_Handler)
    SystemInit                               0x08002161   Thumb Code    78  system_stm32f10x.o(i.SystemInit)
    TIM2_IRQHandler                          0x080021c1   Thumb Code    40  stm32f10x_it.o(i.TIM2_IRQHandler)
    TIM3_IRQHandler                          0x080021e9   Thumb Code    62  stm32f10x_it.o(i.TIM3_IRQHandler)
    TIM_ARRPreloadConfig                     0x08002235   Thumb Code    24  stm32f10x_tim.o(i.TIM_ARRPreloadConfig)
    TIM_ClearITPendingBit                    0x0800224d   Thumb Code     6  stm32f10x_tim.o(i.TIM_ClearITPendingBit)
    TIM_Cmd                                  0x08002253   Thumb Code    24  stm32f10x_tim.o(i.TIM_Cmd)
    TIM_Configuration                        0x0800226d   Thumb Code    72  hard_init.o(i.TIM_Configuration)
    TIM_GetITStatus                          0x080022b9   Thumb Code    34  stm32f10x_tim.o(i.TIM_GetITStatus)
    TIM_ITConfig                             0x080022db   Thumb Code    24  stm32f10x_tim.o(i.TIM_ITConfig)
    TIM_TimeBaseInit                         0x080022f5   Thumb Code   122  stm32f10x_tim.o(i.TIM_TimeBaseInit)
    UART4_IRQHandler                         0x08002399   Thumb Code   130  stm32f10x_it.o(i.UART4_IRQHandler)
    UART5_IRQHandler                         0x08002431   Thumb Code    92  stm32f10x_it.o(i.UART5_IRQHandler)
    USART1_IRQHandler                        0x08002499   Thumb Code   106  stm32f10x_it.o(i.USART1_IRQHandler)
    USART2_IRQHandler                        0x08002515   Thumb Code   138  stm32f10x_it.o(i.USART2_IRQHandler)
    USART3_IRQHandler                        0x080025b9   Thumb Code   188  stm32f10x_it.o(i.USART3_IRQHandler)
    USART_ClearFlag                          0x08002691   Thumb Code    18  stm32f10x_usart.o(i.USART_ClearFlag)
    USART_Cmd                                0x080026a3   Thumb Code    24  stm32f10x_usart.o(i.USART_Cmd)
    USART_Configuration                      0x080026bd   Thumb Code   644  hard_init.o(i.USART_Configuration)
    USART_GetFlagStatus                      0x08002965   Thumb Code    26  stm32f10x_usart.o(i.USART_GetFlagStatus)
    USART_GetITStatus                        0x0800297f   Thumb Code    84  stm32f10x_usart.o(i.USART_GetITStatus)
    USART_ITConfig                           0x080029d3   Thumb Code    74  stm32f10x_usart.o(i.USART_ITConfig)
    USART_Init                               0x08002a1d   Thumb Code   210  stm32f10x_usart.o(i.USART_Init)
    USART_ReceiveData                        0x08002af5   Thumb Code    10  stm32f10x_usart.o(i.USART_ReceiveData)
    USART_SendData                           0x08002aff   Thumb Code     8  stm32f10x_usart.o(i.USART_SendData)
    USB_LP_CAN1_RX0_IRQHandler               0x08002b09   Thumb Code   166  stm32f10x_it.o(i.USB_LP_CAN1_RX0_IRQHandler)
    UsageFault_Handler                       0x08002bf5   Thumb Code    26  stm32f10x_it.o(i.UsageFault_Handler)
    WriteReadCheck                           0x08002c21   Thumb Code   116  flash.o(i.WriteReadCheck)
    __0printf                                0x08002d15   Thumb Code    22  printfa.o(i.__0printf)
    __1printf                                0x08002d15   Thumb Code     0  printfa.o(i.__0printf)
    __2printf                                0x08002d15   Thumb Code     0  printfa.o(i.__0printf)
    __c89printf                              0x08002d15   Thumb Code     0  printfa.o(i.__0printf)
    printf                                   0x08002d15   Thumb Code     0  printfa.o(i.__0printf)
    __0sprintf                               0x08002d35   Thumb Code    34  printfa.o(i.__0sprintf)
    __1sprintf                               0x08002d35   Thumb Code     0  printfa.o(i.__0sprintf)
    __2sprintf                               0x08002d35   Thumb Code     0  printfa.o(i.__0sprintf)
    __c89sprintf                             0x08002d35   Thumb Code     0  printfa.o(i.__0sprintf)
    sprintf                                  0x08002d35   Thumb Code     0  printfa.o(i.__0sprintf)
    __aeabi_errno_addr                       0x08002d5d   Thumb Code     4  errno.o(i.__aeabi_errno_addr)
    __rt_errno_addr                          0x08002d5d   Thumb Code     0  errno.o(i.__aeabi_errno_addr)
    __scatterload_copy                       0x08002d65   Thumb Code    14  handlers.o(i.__scatterload_copy)
    __scatterload_null                       0x08002d73   Thumb Code     2  handlers.o(i.__scatterload_null)
    __scatterload_zeroinit                   0x08002d75   Thumb Code    14  handlers.o(i.__scatterload_zeroinit)
    abs_load_formula                         0x0800360d   Thumb Code    54  obd.o(i.abs_load_formula)
    abs_tp_formula                           0x08003655   Thumb Code    54  obd.o(i.abs_tp_formula)
    air_flow_rate_formula                    0x0800369d   Thumb Code    42  obd.o(i.air_flow_rate_formula)
    amb_air_temp_formula                     0x080036dd   Thumb Code    68  obd.o(i.amb_air_temp_formula)
    baro_pressure_formula                    0x08003731   Thumb Code    18  obd.o(i.baro_pressure_formula)
    blueAtAndWait                            0x0800374d   Thumb Code    86  bluetooth.o(i.blueAtAndWait)
    blueToothPower                           0x080037b1   Thumb Code   102  bluetooth.o(i.blueToothPower)
    calBufCrc                                0x08003885   Thumb Code    74  flash.o(i.calBufCrc)
    cat_temp_formula                         0x080038d5   Thumb Code    98  obd.o(i.cat_temp_formula)
    clr_distance_formula                     0x08003959   Thumb Code    18  obd.o(i.clr_distance_formula)
    clr_time_formula                         0x08003975   Thumb Code    38  obd.o(i.clr_time_formula)
    collectAndSend                           0x080039ad   Thumb Code   156  mainfunc.o(i.collectAndSend)
    commanded_egr_formula                    0x08003a51   Thumb Code    54  obd.o(i.commanded_egr_formula)
    coolant_temp_formula                     0x08003a99   Thumb Code    22  obd.o(i.coolant_temp_formula)
    delay_ms                                 0x08003ab9   Thumb Code    26  hard_init.o(i.delay_ms)
    ecu_voltage_formula                      0x08003ad5   Thumb Code    42  obd.o(i.ecu_voltage_formula)
    egr_error_formula                        0x08003b11   Thumb Code    68  obd.o(i.egr_error_formula)
    engine_load_formula                      0x08003b6d   Thumb Code    54  obd.o(i.engine_load_formula)
    engine_rpm_formula                       0x08003bb5   Thumb Code    46  obd.o(i.engine_rpm_formula)
    engine_run_time_formula                  0x08003bf1   Thumb Code    58  obd.o(i.engine_run_time_formula)
    eq_ratio_formula                         0x08003c3d   Thumb Code    42  obd.o(i.eq_ratio_formula)
    evap_pct_formula                         0x08003c79   Thumb Code    54  obd.o(i.evap_pct_formula)
    evap_vp_formula                          0x08003cc1   Thumb Code    42  obd.o(i.evap_vp_formula)
    execObd                                  0x08003cf9   Thumb Code   238  obd.o(i.execObd)
    flashRead                                0x08003e19   Thumb Code    24  flash.o(i.flashRead)
    flashRollBack                            0x08003e31   Thumb Code     6  flash.o(i.flashRollBack)
    flashWrite                               0x08003e37   Thumb Code   144  flash.o(i.flashWrite)
    fputc                                    0x08003ec9   Thumb Code    32  main.o(i.fputc)
    frp_relative_formula                     0x08003eed   Thumb Code    80  obd.o(i.frp_relative_formula)
    frp_widerange_formula                    0x08003f59   Thumb Code    26  obd.o(i.frp_widerange_formula)
    fuel_level_formula                       0x08003f7d   Thumb Code    54  obd.o(i.fuel_level_formula)
    fuel_pressure_formula                    0x08003fc5   Thumb Code    20  obd.o(i.fuel_pressure_formula)
    fuel_system1_status_formula              0x08003fe1   Thumb Code    18  obd.o(i.fuel_system1_status_formula)
    fuel_system2_status_formula              0x08003ff3   Thumb Code    16  obd.o(i.fuel_system2_status_formula)
    fuel_system_status_formula               0x08004005   Thumb Code   100  obd.o(i.fuel_system_status_formula)
    gpsDataIrq                               0x080040f5   Thumb Code  3236  gps.o(i.gpsDataIrq)
    hardware_init                            0x08004dad   Thumb Code    40  hard_init.o(i.hardware_init)
    initBlueTooth                            0x08004dd9   Thumb Code   486  bluetooth.o(i.initBlueTooth)
    initObdMode                              0x080050f1   Thumb Code    24  obd.o(i.initObdMode)
    intake_air_temp_formula                  0x08005125   Thumb Code    22  obd.o(i.intake_air_temp_formula)
    intake_pressure_formula                  0x08005145   Thumb Code    18  obd.o(i.intake_pressure_formula)
    long_term_fuel_trim_formula              0x08005161   Thumb Code    84  obd.o(i.long_term_fuel_trim_formula)
    main                                     0x080051c9   Thumb Code    86  main.o(i.main)
    massProduction                           0x08005255   Thumb Code   384  sim900.o(i.massProduction)
    mil_distance_formula                     0x08005455   Thumb Code    18  obd.o(i.mil_distance_formula)
    mil_time_formula                         0x08005471   Thumb Code    38  obd.o(i.mil_time_formula)
    o2_sensor_formula                        0x080054a9   Thumb Code   152  obd.o(i.o2_sensor_formula)
    o2_sensor_wrc_formula                    0x08005595   Thumb Code   120  obd.o(i.o2_sensor_wrc_formula)
    o2_sensor_wrv_formula                    0x08005635   Thumb Code   110  obd.o(i.o2_sensor_wrv_formula)
    obdAtAndWait                             0x080056c9   Thumb Code    86  obd.o(i.obdAtAndWait)
    obdPower                                 0x0800572d   Thumb Code    62  obd.o(i.obdPower)
    obdTest                                  0x0800579d   Thumb Code   180  obd.o(i.obdTest)
    obd_requirements_formula                 0x08005895   Thumb Code   174  obd.o(i.obd_requirements_formula)
    openUsart1                               0x08005a3d   Thumb Code    62  hard_init.o(i.openUsart1)
    power_sim900                             0x08005a81   Thumb Code   118  sim900.o(i.power_sim900)
    pto_status_formula                       0x08005b7d   Thumb Code    34  obd.o(i.pto_status_formula)
    readImei                                 0x08005bb5   Thumb Code   144  sim900.o(i.readImei)
    relative_tp_formula                      0x08005c91   Thumb Code    54  obd.o(i.relative_tp_formula)
    secondary_air_status_formula             0x08005cd9   Thumb Code    68  obd.o(i.secondary_air_status_formula)
    setDebugPara                             0x08005d7d   Thumb Code   280  iap.o(i.setDebugPara)
    setReport                                0x08005ec1   Thumb Code   456  sim900.o(i.setReport)
    short_term_fuel_trim_formula             0x080060c1   Thumb Code    84  obd.o(i.short_term_fuel_trim_formula)
    showConfig                               0x08006129   Thumb Code   458  sim900.o(i.showConfig)
    sim900_power_on                          0x0800659d   Thumb Code    66  sim900.o(i.sim900_power_on)
    tac_pct_formula                          0x080065fd   Thumb Code    54  obd.o(i.tac_pct_formula)
    throttle_position_formula                0x08006645   Thumb Code    54  obd.o(i.throttle_position_formula)
    timing_advance_formula                   0x0800668d   Thumb Code    62  obd.o(i.timing_advance_formula)
    updateFlashConfig                        0x080066d5   Thumb Code   202  flash.o(i.updateFlashConfig)
    vehicle_speed_formula                    0x08006805   Thumb Code    18  obd.o(i.vehicle_speed_formula)
    warm_ups_formula                         0x08006821   Thumb Code    18  obd.o(i.warm_ups_formula)
    writeFlashCfg                            0x08006839   Thumb Code   302  flash.o(i.writeFlashCfg)
    table_week                               0x08006c0c   Data          12  rtc.o(.constdata)
    mon_table                                0x08006c18   Data          12  rtc.o(.constdata)
    __ctype_table                            0x08006c98   Data         129  ctype_o.o(.constdata)
    Region$$Table$$Base                      0x08006d20   Number         0  anon$$obj.o(Region$$Table)
    Region$$Table$$Limit                     0x08006d40   Number         0  anon$$obj.o(Region$$Table)
    USART1_RX_buffer_count                   0x20000000   Data           4  sysdef.o(.data)
    USART2_RX_buffer_count                   0x20000004   Data           4  sysdef.o(.data)
    USART3_RX_buffer_count                   0x20000008   Data           4  sysdef.o(.data)
    UART4_RX_buffer_count                    0x2000000c   Data           4  sysdef.o(.data)
    UART5_RX_buffer_count                    0x20000010   Data           4  sysdef.o(.data)
    ISP_DIRECTION                            0x20000014   Data           4  sysdef.o(.data)
    BLUE_DIRECTION                           0x20000018   Data           4  sysdef.o(.data)
    BLUE_OBD                                 0x2000001c   Data           4  sysdef.o(.data)
    gps_data_value                           0x20000020   Data           4  stm32f10x_it.o(.data)
    GPSDataType                              0x20000040   Data           4  gps.o(.data)
    GPSDataTypeStrBuff                       0x20000044   Data           8  gps.o(.data)
    GPSDataTypeStrBuffIndex                  0x2000004c   Data           4  gps.o(.data)
    GPSDataStart                             0x20000050   Data           1  gps.o(.data)
    ReciveFlag                               0x20000054   Data           4  gps.o(.data)
    gps_data_process_temp                    0x20000058   Data           4  gps.o(.data)
    GPS_GGA_DINGWEI_OK                       0x2000005c   Data           4  gps.o(.data)
    GPS_SHUJU_OK                             0x20000060   Data           4  gps.o(.data)
    GPS_RMC_DINGWEI_OK                       0x20000064   Data           4  gps.o(.data)
    satellite_have_signal                    0x20000068   Data           4  gps.o(.data)
    satellite_below_10                       0x2000006c   Data           4  gps.o(.data)
    satellite_below_20                       0x20000070   Data           4  gps.o(.data)
    satellite_below_30                       0x20000074   Data           4  gps.o(.data)
    satellite_below_40                       0x20000078   Data           4  gps.o(.data)
    sensors                                  0x2000007c   Data        8468  obd.o(.data)
    __stdout                                 0x20002190   Data           4  stdout.o(.data)
    USART1_RX_buffer                         0x20002198   Data        1300  sysdef.o(.bss)
    USART2_RX_buffer                         0x200026ac   Data        1300  sysdef.o(.bss)
    USART3_RX_buffer                         0x20002bc0   Data         300  sysdef.o(.bss)
    UART4_RX_buffer                          0x20002cec   Data         300  sysdef.o(.bss)
    UART5_RX_buffer                          0x20002e18   Data         300  sysdef.o(.bss)
    sysCfg                                   0x20002f44   Data         296  sysdef.o(.bss)
    GPS_RMC_Data                             0x20003580   Data          50  gps.o(.bss)
    GPS_GGA_Data                             0x200035b4   Data          44  gps.o(.bss)
    GPS_GSV_Data                             0x200035e0   Data          56  gps.o(.bss)
    GPS_DATA                                 0x20003618   Data          64  gps.o(.bss)
    text                                     0x20003658   Data         300  sim900.o(.bss)
    simState                                 0x20003784   Data          64  sim900.o(.bss)
    __initial_sp                             0x200047c8   Data           0  startup_stm32f10x_hd.o(STACK)



==============================================================================

Memory Map of the image

  Image Entry point : 0x08000131

  Load Region LR_IROM1 (Base: 0x08000000, Size: 0x00008ed8, Max: 0x00040000, ABSOLUTE, COMPRESSED[0x00007394])

    Execution Region ER_IROM1 (Base: 0x08000000, Size: 0x00006d40, Max: 0x00040000, ABSOLUTE)

    Base Addr    Size         Type   Attr      Idx    E Section Name        Object

    0x08000000   0x00000130   Data   RO         3318    RESET               startup_stm32f10x_hd.o
    0x08000130   0x00000000   Code   RO         4575  * .ARM.Collect$$$$00000000  mc_w.l(entry.o)(mc_w.l)
    0x08000130   0x00000004   Code   RO         4875    .ARM.Collect$$$$00000001  mc_w.l(entry2.o)(mc_w.l)
    0x08000134   0x00000004   Code   RO         4878    .ARM.Collect$$$$00000004  mc_w.l(entry5.o)(mc_w.l)
    0x08000138   0x00000008   Code   RO         4879    .ARM.Collect$$$$00000007  mc_w.l(entry7.o)(mc_w.l)
    0x08000140   0x00000004   Code   RO         4876    .ARM.Collect$$$$00002712  mc_w.l(entry2.o)(mc_w.l)
    0x08000144   0x00000024   Code   RO         3319    .text               startup_stm32f10x_hd.o
    0x08000168   0x00000024   Code   RO         4578    .text               mc_w.l(memcpya.o)(mc_w.l)
    0x0800018c   0x00000026   Code   RO         4580    .text               mc_w.l(memseta.o)(mc_w.l)
    0x080001b2   0x0000001c   Code   RO         4582    .text               mc_w.l(strcat.o)(mc_w.l)
    0x080001ce   0x0000002c   Code   RO         4584    .text               mc_w.l(strstr.o)(mc_w.l)
    0x080001fa   0x00000010   Code   RO         4586    .text               mc_w.l(strlen.o)(mc_w.l)
    0x0800020a   0x00000070   Code   RO         4851    .text               mc_w.l(strtol.o)(mc_w.l)
    0x0800027a   0x0000001a   Code   RO         4853    .text               mc_w.l(atoi.o)(mc_w.l)
    0x08000294   0x000000b0   Code   RO         4855    .text               mf_w.l(fadd.o)(mf_w.l)
    0x08000344   0x0000006c   Code   RO         4857    .text               mf_w.l(fmul.o)(mf_w.l)
    0x080003b0   0x00000080   Code   RO         4859    .text               mf_w.l(fdiv.o)(mf_w.l)
    0x08000430   0x0000014a   Code   RO         4861    .text               mf_w.l(dadd.o)(mf_w.l)
    0x0800057a   0x000000e2   Code   RO         4863    .text               mf_w.l(dmul.o)(mf_w.l)
    0x0800065c   0x00000012   Code   RO         4865    .text               mf_w.l(fflti.o)(mf_w.l)
    0x0800066e   0x00000022   Code   RO         4867    .text               mf_w.l(dflti.o)(mf_w.l)
    0x08000690   0x00000032   Code   RO         4869    .text               mf_w.l(ffixi.o)(mf_w.l)
    0x080006c2   0x0000002c   Code   RO         4871    .text               mf_w.l(f2d.o)(mf_w.l)
    0x080006ee   0x00000038   Code   RO         4873    .text               mf_w.l(d2f.o)(mf_w.l)
    0x08000726   0x0000002c   Code   RO         4881    .text               mc_w.l(uidiv.o)(mc_w.l)
    0x08000752   0x00000066   Code   RO         4883    .text               mc_w.l(uldiv.o)(mc_w.l)
    0x080007b8   0x0000001e   Code   RO         4885    .text               mc_w.l(llshl.o)(mc_w.l)
    0x080007d6   0x00000024   Code   RO         4887    .text               mc_w.l(llsshr.o)(mc_w.l)
    0x080007fa   0x00000002   PAD
    0x080007fc   0x00000008   Code   RO         4889    .text               mc_w.l(ctype_o.o)(mc_w.l)
    0x08000804   0x0000009c   Code   RO         4924    .text               mc_w.l(_strtoul.o)(mc_w.l)
    0x080008a0   0x00000000   Code   RO         4926    .text               mc_w.l(iusefp.o)(mc_w.l)
    0x080008a0   0x00000070   Code   RO         4927    .text               mf_w.l(fepilogue.o)(mf_w.l)
    0x08000910   0x000000c2   Code   RO         4929    .text               mf_w.l(depilogue.o)(mf_w.l)
    0x080009d2   0x000000de   Code   RO         4931    .text               mf_w.l(ddiv.o)(mf_w.l)
    0x08000ab0   0x00000030   Code   RO         4933    .text               mf_w.l(dfixul.o)(mf_w.l)
    0x08000ae0   0x00000028   Code   RO         4935    .text               mf_w.l(cdrcmple.o)(mf_w.l)
    0x08000b08   0x00000024   Code   RO         4937    .text               mc_w.l(init.o)(mc_w.l)
    0x08000b2c   0x00000020   Code   RO         4939    .text               mc_w.l(llushr.o)(mc_w.l)
    0x08000b4c   0x00000020   Code   RO         4941    .text               mc_w.l(_chval.o)(mc_w.l)
    0x08000b6c   0x0000005c   Code   RO         4951    .text               mc_w.l(__dczerorl2.o)(mc_w.l)
    0x08000bc8   0x0000002c   Code   RO          125    i.BusFault_Handler  stm32f10x_it.o
    0x08000bf4   0x000000a8   Code   RO         1133    i.CAN_ClearITPendingBit  stm32f10x_can.o
    0x08000c9c   0x00000016   Code   RO         1136    i.CAN_FIFORelease   stm32f10x_can.o
    0x08000cb2   0x00000002   PAD
    0x08000cb4   0x00000128   Code   RO         1139    i.CAN_GetITStatus   stm32f10x_can.o
    0x08000ddc   0x000000ea   Code   RO         1143    i.CAN_Receive       stm32f10x_can.o
    0x08000ec6   0x00000010   Code   RO         1150    i.CheckITStatus     stm32f10x_can.o
    0x08000ed6   0x00000002   PAD
    0x08000ed8   0x0000002c   Code   RO          126    i.EXTI0_IRQHandler  stm32f10x_it.o
    0x08000f04   0x00000028   Code   RO          127    i.EXTI1_IRQHandler  stm32f10x_it.o
    0x08000f2c   0x00000038   Code   RO          128    i.EXTI3_IRQHandler  stm32f10x_it.o
    0x08000f64   0x00000016   Code   RO          129    i.EXTI9_5_IRQHandler  stm32f10x_it.o
    0x08000f7a   0x00000002   PAD
    0x08000f7c   0x0000000c   Code   RO         1578    i.EXTI_ClearITPendingBit  stm32f10x_exti.o
    0x08000f88   0x000000a8   Code   RO         3624    i.EXTI_Configuration  hard_init.o
    0x08001030   0x0000002c   Code   RO         1582    i.EXTI_GetITStatus  stm32f10x_exti.o
    0x0800105c   0x000000ac   Code   RO         1583    i.EXTI_Init         stm32f10x_exti.o
    0x08001108   0x00000038   Code   RO          346    i.FLASH_GetBank1Status  stm32f10x_flash.o
    0x08001140   0x00000014   Code   RO          355    i.FLASH_Lock        stm32f10x_flash.o
    0x08001154   0x0000001c   Code   RO          357    i.FLASH_PrefetchBufferCmd  stm32f10x_flash.o
    0x08001170   0x00000064   Code   RO          360    i.FLASH_ProgramWord  stm32f10x_flash.o
    0x080011d4   0x00000018   Code   RO          362    i.FLASH_SetLatency  stm32f10x_flash.o
    0x080011ec   0x00000018   Code   RO          363    i.FLASH_Unlock      stm32f10x_flash.o
    0x08001204   0x00000026   Code   RO          367    i.FLASH_WaitForLastOperation  stm32f10x_flash.o
    0x0800122a   0x00000002   PAD
    0x0800122c   0x000003d0   Code   RO         3625    i.GPIO_Configuration  hard_init.o
    0x080015fc   0x00000040   Code   RO          517    i.GPIO_EXTILineConfig  stm32f10x_gpio.o
    0x0800163c   0x00000112   Code   RO          520    i.GPIO_Init         stm32f10x_gpio.o
    0x0800174e   0x00000002   PAD
    0x08001750   0x00000090   Code   RO          522    i.GPIO_PinRemapConfig  stm32f10x_gpio.o
    0x080017e0   0x0000000a   Code   RO          531    i.GPIO_WriteBit     stm32f10x_gpio.o
    0x080017ea   0x00000002   PAD
    0x080017ec   0x00000034   Code   RO          130    i.HardFault_Handler  stm32f10x_it.o
    0x08001820   0x0000003a   Code   RO         4164    i.Is_Leap_Year      rtc.o
    0x0800185a   0x00000002   PAD
    0x0800185c   0x0000002c   Code   RO          131    i.MemManage_Handler  stm32f10x_it.o
    0x08001888   0x00000028   Code   RO          132    i.NMI_Handler       stm32f10x_it.o
    0x080018b0   0x0000016c   Code   RO         3626    i.NVIC_Configuration  hard_init.o
    0x08001a1c   0x00000084   Code   RO          304    i.NVIC_Init         misc.o
    0x08001aa0   0x00000014   Code   RO          305    i.NVIC_PriorityGroupConfig  misc.o
    0x08001ab4   0x0000002c   Code   RO          133    i.NVIC_SystemReset  stm32f10x_it.o
    0x08001ae0   0x0000002c   Code   RO         3441    i.NVIC_SystemReset  flash.o
    0x08001b0c   0x0000000c   Code   RO         2000    i.PWR_BackupAccessCmd  stm32f10x_pwr.o
    0x08001b18   0x0000002c   Code   RO          135    i.PendSV_Handler    stm32f10x_it.o
    0x08001b44   0x00000020   Code   RO          630    i.RCC_APB1PeriphClockCmd  stm32f10x_rcc.o
    0x08001b64   0x00000020   Code   RO          632    i.RCC_APB2PeriphClockCmd  stm32f10x_rcc.o
    0x08001b84   0x0000007c   Code   RO         3627    i.RCC_Configuration  hard_init.o
    0x08001c00   0x0000004c   Code   RO          639    i.RCC_DeInit        stm32f10x_rcc.o
    0x08001c4c   0x000000d4   Code   RO          640    i.RCC_GetClocksFreq  stm32f10x_rcc.o
    0x08001d20   0x0000003c   Code   RO          641    i.RCC_GetFlagStatus  stm32f10x_rcc.o
    0x08001d5c   0x00000010   Code   RO          643    i.RCC_GetSYSCLKSource  stm32f10x_rcc.o
    0x08001d6c   0x00000018   Code   RO          644    i.RCC_HCLKConfig    stm32f10x_rcc.o
    0x08001d84   0x0000000c   Code   RO          646    i.RCC_HSICmd        stm32f10x_rcc.o
    0x08001d90   0x00000018   Code   RO          651    i.RCC_PCLK1Config   stm32f10x_rcc.o
    0x08001da8   0x00000018   Code   RO          652    i.RCC_PCLK2Config   stm32f10x_rcc.o
    0x08001dc0   0x0000000c   Code   RO          653    i.RCC_PLLCmd        stm32f10x_rcc.o
    0x08001dcc   0x0000001c   Code   RO          654    i.RCC_PLLConfig     stm32f10x_rcc.o
    0x08001de8   0x00000018   Code   RO          657    i.RCC_SYSCLKConfig  stm32f10x_rcc.o
    0x08001e00   0x00000022   Code   RO          136    i.RTCAlarm_IRQHandler  stm32f10x_it.o
    0x08001e22   0x00000002   PAD
    0x08001e24   0x00000020   Code   RO         2061    i.RTC_ClearITPendingBit  stm32f10x_rtc.o
    0x08001e44   0x00000018   Code   RO         2062    i.RTC_EnterConfigMode  stm32f10x_rtc.o
    0x08001e5c   0x0000001c   Code   RO         2063    i.RTC_ExitConfigMode  stm32f10x_rtc.o
    0x08001e78   0x0000001c   Code   RO         2064    i.RTC_GetCounter    stm32f10x_rtc.o
    0x08001e94   0x0000002c   Code   RO         2067    i.RTC_GetITStatus   stm32f10x_rtc.o
    0x08001ec0   0x00000030   Code   RO          137    i.RTC_IRQHandler    stm32f10x_it.o
    0x08001ef0   0x000000c0   Code   RO         4167    i.RTC_Set           rtc.o
    0x08001fb0   0x00000024   Code   RO         2070    i.RTC_SetCounter    stm32f10x_rtc.o
    0x08001fd4   0x00000014   Code   RO         2072    i.RTC_WaitForLastTask  stm32f10x_rtc.o
    0x08001fe8   0x00000028   Code   RO          138    i.SVC_Handler       stm32f10x_it.o
    0x08002010   0x0000007c   Code   RO         4412    i.Send_AT_And_Wait  sim900.o
    0x0800208c   0x00000008   Code   RO         3282    i.SetSysClock       system_stm32f10x.o
    0x08002094   0x000000c8   Code   RO         3283    i.SetSysClockTo72   system_stm32f10x.o
    0x0800215c   0x00000002   Code   RO          139    i.SysTick_Handler   stm32f10x_it.o
    0x0800215e   0x00000002   PAD
    0x08002160   0x00000060   Code   RO         3285    i.SystemInit        system_stm32f10x.o
    0x080021c0   0x00000028   Code   RO          140    i.TIM2_IRQHandler   stm32f10x_it.o
    0x080021e8   0x0000004c   Code   RO          141    i.TIM3_IRQHandler   stm32f10x_it.o
    0x08002234   0x00000018   Code   RO         2490    i.TIM_ARRPreloadConfig  stm32f10x_tim.o
    0x0800224c   0x00000006   Code   RO         2497    i.TIM_ClearITPendingBit  stm32f10x_tim.o
    0x08002252   0x00000018   Code   RO         2502    i.TIM_Cmd           stm32f10x_tim.o
    0x0800226a   0x00000002   PAD
    0x0800226c   0x0000004c   Code   RO         3629    i.TIM_Configuration  hard_init.o
    0x080022b8   0x00000022   Code   RO         2523    i.TIM_GetITStatus   stm32f10x_tim.o
    0x080022da   0x00000018   Code   RO         2527    i.TIM_ITConfig      stm32f10x_tim.o
    0x080022f2   0x00000002   PAD
    0x080022f4   0x000000a4   Code   RO         2573    i.TIM_TimeBaseInit  stm32f10x_tim.o
    0x08002398   0x00000098   Code   RO          142    i.UART4_IRQHandler  stm32f10x_it.o
    0x08002430   0x00000068   Code   RO          143    i.UART5_IRQHandler  stm32f10x_it.o
    0x08002498   0x0000007c   Code   RO          144    i.USART1_IRQHandler  stm32f10x_it.o
    0x08002514   0x000000a4   Code   RO          145    i.USART2_IRQHandler  stm32f10x_it.o
    0x080025b8   0x000000d8   Code   RO          146    i.USART3_IRQHandler  stm32f10x_it.o
    0x08002690   0x00000012   Code   RO         3034    i.USART_ClearFlag   stm32f10x_usart.o
    0x080026a2   0x00000018   Code   RO         3038    i.USART_Cmd         stm32f10x_usart.o
    0x080026ba   0x00000002   PAD
    0x080026bc   0x000002a8   Code   RO         3630    i.USART_Configuration  hard_init.o
    0x08002964   0x0000001a   Code   RO         3041    i.USART_GetFlagStatus  stm32f10x_usart.o
    0x0800297e   0x00000054   Code   RO         3042    i.USART_GetITStatus  stm32f10x_usart.o
    0x080029d2   0x0000004a   Code   RO         3044    i.USART_ITConfig    stm32f10x_usart.o
    0x08002a1c   0x000000d8   Code   RO         3045    i.USART_Init        stm32f10x_usart.o
    0x08002af4   0x0000000a   Code   RO         3052    i.USART_ReceiveData  stm32f10x_usart.o
    0x08002afe   0x00000008   Code   RO         3055    i.USART_SendData    stm32f10x_usart.o
    0x08002b06   0x00000002   PAD
    0x08002b08   0x000000ec   Code   RO          147    i.USB_LP_CAN1_RX0_IRQHandler  stm32f10x_it.o
    0x08002bf4   0x0000002c   Code   RO          148    i.UsageFault_Handler  stm32f10x_it.o
    0x08002c20   0x000000f4   Code   RO         3442    i.WriteReadCheck    flash.o
    0x08002d14   0x00000020   Code   RO         4823    i.__0printf         mc_w.l(printfa.o)(mc_w.l)
    0x08002d34   0x00000028   Code   RO         4825    i.__0sprintf        mc_w.l(printfa.o)(mc_w.l)
    0x08002d5c   0x00000008   Code   RO         4917    i.__aeabi_errno_addr  mc_w.l(errno.o)(mc_w.l)
    0x08002d64   0x0000000e   Code   RO         4945    i.__scatterload_copy  mc_w.l(handlers.o)(mc_w.l)
    0x08002d72   0x00000002   Code   RO         4946    i.__scatterload_null  mc_w.l(handlers.o)(mc_w.l)
    0x08002d74   0x0000000e   Code   RO         4947    i.__scatterload_zeroinit  mc_w.l(handlers.o)(mc_w.l)
    0x08002d82   0x00000002   PAD
    0x08002d84   0x00000154   Code   RO         4830    i._fp_digits        mc_w.l(printfa.o)(mc_w.l)
    0x08002ed8   0x000006d4   Code   RO         4831    i._printf_core      mc_w.l(printfa.o)(mc_w.l)
    0x080035ac   0x00000026   Code   RO         4832    i._printf_post_padding  mc_w.l(printfa.o)(mc_w.l)
    0x080035d2   0x0000002e   Code   RO         4833    i._printf_pre_padding  mc_w.l(printfa.o)(mc_w.l)
    0x08003600   0x0000000a   Code   RO         4835    i._sputc            mc_w.l(printfa.o)(mc_w.l)
    0x0800360a   0x00000002   PAD
    0x0800360c   0x00000048   Code   RO         3845    i.abs_load_formula  obd.o
    0x08003654   0x00000048   Code   RO         3846    i.abs_tp_formula    obd.o
    0x0800369c   0x00000040   Code   RO         3847    i.air_flow_rate_formula  obd.o
    0x080036dc   0x00000054   Code   RO         3848    i.amb_air_temp_formula  obd.o
    0x08003730   0x0000001c   Code   RO         3849    i.baro_pressure_formula  obd.o
    0x0800374c   0x00000064   Code   RO         3323    i.blueAtAndWait     bluetooth.o
    0x080037b0   0x000000d4   Code   RO         3326    i.blueToothPower    bluetooth.o
    0x08003884   0x00000050   Code   RO         3443    i.calBufCrc         flash.o
    0x080038d4   0x00000084   Code   RO         3850    i.cat_temp_formula  obd.o
    0x08003958   0x0000001c   Code   RO         3851    i.clr_distance_formula  obd.o
    0x08003974   0x00000038   Code   RO         3852    i.clr_time_formula  obd.o
    0x080039ac   0x000000a4   Code   RO         3773    i.collectAndSend    mainfunc.o
    0x08003a50   0x00000048   Code   RO         3853    i.commanded_egr_formula  obd.o
    0x08003a98   0x00000020   Code   RO         3854    i.coolant_temp_formula  obd.o
    0x08003ab8   0x0000001a   Code   RO         3636    i.delay_ms          hard_init.o
    0x08003ad2   0x00000002   PAD
    0x08003ad4   0x0000003c   Code   RO         3855    i.ecu_voltage_formula  obd.o
    0x08003b10   0x0000005c   Code   RO         3856    i.egr_error_formula  obd.o
    0x08003b6c   0x00000048   Code   RO         3857    i.engine_load_formula  obd.o
    0x08003bb4   0x0000003c   Code   RO         3858    i.engine_rpm_formula  obd.o
    0x08003bf0   0x0000004c   Code   RO         3859    i.engine_run_time_formula  obd.o
    0x08003c3c   0x0000003c   Code   RO         3860    i.eq_ratio_formula  obd.o
    0x08003c78   0x00000048   Code   RO         3861    i.evap_pct_formula  obd.o
    0x08003cc0   0x00000038   Code   RO         3862    i.evap_vp_formula   obd.o
    0x08003cf8   0x00000120   Code   RO         3863    i.execObd           obd.o
    0x08003e18   0x00000018   Code   RO         3445    i.flashRead         flash.o
    0x08003e30   0x00000006   Code   RO         3446    i.flashRollBack     flash.o
    0x08003e36   0x00000090   Code   RO         3447    i.flashWrite        flash.o
    0x08003ec6   0x00000002   PAD
    0x08003ec8   0x00000024   Code   RO          286    i.fputc             main.o
    0x08003eec   0x0000006c   Code   RO         3864    i.frp_relative_formula  obd.o
    0x08003f58   0x00000024   Code   RO         3865    i.frp_widerange_formula  obd.o
    0x08003f7c   0x00000048   Code   RO         3866    i.fuel_level_formula  obd.o
    0x08003fc4   0x0000001c   Code   RO         3867    i.fuel_pressure_formula  obd.o
    0x08003fe0   0x00000012   Code   RO         3868    i.fuel_system1_status_formula  obd.o
    0x08003ff2   0x00000010   Code   RO         3869    i.fuel_system2_status_formula  obd.o
    0x08004002   0x00000002   PAD
    0x08004004   0x000000f0   Code   RO         3870    i.fuel_system_status_formula  obd.o
    0x080040f4   0x00000cb8   Code   RO         3584    i.gpsDataIrq        gps.o
    0x08004dac   0x0000002c   Code   RO         3637    i.hardware_init     hard_init.o
    0x08004dd8   0x00000318   Code   RO         3327    i.initBlueTooth     bluetooth.o
    0x080050f0   0x00000034   Code   RO         3871    i.initObdMode       obd.o
    0x08005124   0x00000020   Code   RO         3872    i.intake_air_temp_formula  obd.o
    0x08005144   0x0000001c   Code   RO         3873    i.intake_pressure_formula  obd.o
    0x08005160   0x00000068   Code   RO         3874    i.long_term_fuel_trim_formula  obd.o
    0x080051c8   0x0000008c   Code   RO          287    i.main              main.o
    0x08005254   0x00000200   Code   RO         4417    i.massProduction    sim900.o
    0x08005454   0x0000001c   Code   RO         3875    i.mil_distance_formula  obd.o
    0x08005470   0x00000038   Code   RO         3876    i.mil_time_formula  obd.o
    0x080054a8   0x000000ec   Code   RO         3877    i.o2_sensor_formula  obd.o
    0x08005594   0x000000a0   Code   RO         3878    i.o2_sensor_wrc_formula  obd.o
    0x08005634   0x00000094   Code   RO         3879    i.o2_sensor_wrv_formula  obd.o
    0x080056c8   0x00000064   Code   RO         3880    i.obdAtAndWait      obd.o
    0x0800572c   0x00000070   Code   RO         3883    i.obdPower          obd.o
    0x0800579c   0x000000f8   Code   RO         3885    i.obdTest           obd.o
    0x08005894   0x000001a8   Code   RO         3886    i.obd_requirements_formula  obd.o
    0x08005a3c   0x00000044   Code   RO         3639    i.openUsart1        hard_init.o
    0x08005a80   0x000000fc   Code   RO         4419    i.power_sim900      sim900.o
    0x08005b7c   0x00000038   Code   RO         3887    i.pto_status_formula  obd.o
    0x08005bb4   0x000000dc   Code   RO         4420    i.readImei          sim900.o
    0x08005c90   0x00000048   Code   RO         3888    i.relative_tp_formula  obd.o
    0x08005cd8   0x000000a4   Code   RO         3889    i.secondary_air_status_formula  obd.o
    0x08005d7c   0x00000144   Code   RO         4340    i.setDebugPara      iap.o
    0x08005ec0   0x00000200   Code   RO         4426    i.setReport         sim900.o
    0x080060c0   0x00000068   Code   RO         3890    i.short_term_fuel_trim_formula  obd.o
    0x08006128   0x00000474   Code   RO         4428    i.showConfig        sim900.o
    0x0800659c   0x00000060   Code   RO         4433    i.sim900_power_on   sim900.o
    0x080065fc   0x00000048   Code   RO         3891    i.tac_pct_formula   obd.o
    0x08006644   0x00000048   Code   RO         3892    i.throttle_position_formula  obd.o
    0x0800668c   0x00000048   Code   RO         3893    i.timing_advance_formula  obd.o
    0x080066d4   0x00000130   Code   RO         3450    i.updateFlashConfig  flash.o
    0x08006804   0x0000001c   Code   RO         3894    i.vehicle_speed_formula  obd.o
    0x08006820   0x00000018   Code   RO         3895    i.warm_ups_formula  obd.o
    0x08006838   0x000001d4   Code   RO         3452    i.writeFlashCfg     flash.o
    0x08006a0c   0x00000200   Data   RO         3454    .constdata          flash.o
    0x08006c0c   0x00000018   Data   RO         4171    .constdata          rtc.o
    0x08006c24   0x00000074   Data   RO         4437    .constdata          sim900.o
    0x08006c98   0x00000081   Data   RO         4890    .constdata          mc_w.l(ctype_o.o)(mc_w.l)
    0x08006d19   0x00000003   PAD
    0x08006d1c   0x00000004   Data   RO         4891    .constdata          mc_w.l(ctype_o.o)(mc_w.l)
    0x08006d20   0x00000020   Data   RO         4943    Region$$Table       anon$$obj.o


    Execution Region RW_IRAM1 (Base: 0x20000000, Size: 0x000047c8, Max: 0x0000c000, ABSOLUTE, COMPRESSED[0x00000654])

    Base Addr    Size         Type   Attr      Idx    E Section Name        Object

    0x20000000   0x00000020   Data   RW            2    .data               sysdef.o
    0x20000020   0x0000000c   Data   RW          149    .data               stm32f10x_it.o
    0x2000002c   0x00000014   Data   RW          660    .data               stm32f10x_rcc.o
    0x20000040   0x0000003c   Data   RW         3589    .data               gps.o
    0x2000007c   0x00002114   Data   RW         3897    .data               obd.o
    0x20002190   0x00000004   Data   RW         4880    .data               mc_w.l(stdout.o)(mc_w.l)
    0x20002194   0x00000004   Data   RW         4920    .data               mc_w.l(errno.o)(mc_w.l)
    0x20002198   0x00000ed4   Zero   RW            1    .bss                sysdef.o
    0x2000306c   0x00000514   Zero   RW         3453    .bss                flash.o
    0x20003580   0x000000d8   Zero   RW         3588    .bss                gps.o
    0x20003658   0x0000016c   Zero   RW         4436    .bss                sim900.o
    0x200037c4   0x00000004   PAD
    0x200037c8   0x00001000   Zero   RW         3316    STACK               startup_stm32f10x_hd.o


==============================================================================

Image component sizes


      Code (inc. data)   RO Data    RW Data    ZI Data      Debug   Object Name

      1104        430          0          0          0          0   bluetooth.o
         0          0          0          0          0          0   core_cm3.o
      1314        412        512          0       1300          0   flash.o
      3256        206          0         60        216          0   gps.o
      2526         72          0          0          0          0   hard_init.o
       324         44          0          0          0          0   iap.o
       176         58          0          0          0          0   main.o
       164          8          0          0          0          0   mainfunc.o
       152         24          0          0          0          0   misc.o
      4386       1442          0       8468          0          0   obd.o
       250         16         24          0          0          0   rtc.o
      2856       1124        116          0        364          0   sim900.o
        36          8        304          0       4096          0   startup_stm32f10x_hd.o
       736         10          0          0          0          0   stm32f10x_can.o
       228         28          0          0          0          0   stm32f10x_exti.o
       290         40          0          0          0          0   stm32f10x_flash.o
       492         10          0          0          0          0   stm32f10x_gpio.o
      1710        406          0         12          0          0   stm32f10x_it.o
        12          6          0          0          0          0   stm32f10x_pwr.o
       576         92          0         20          0          0   stm32f10x_rcc.o
       212         62          0          0          0          0   stm32f10x_rtc.o
       276         42          0          0          0          0   stm32f10x_tim.o
       460          6          0          0          0          0   stm32f10x_usart.o
         0          0          0         32       3796          0   sysdef.o
       304         26          0          0          0          0   system_stm32f10x.o

    ----------------------------------------------------------------------
     21872       4572        988       8592       9776          0   Object Totals
         0          0         32          0          0          0   (incl. Generated)
        32          0          0          0          4          3   (incl. Padding)

    ----------------------------------------------------------------------

      Code (inc. data)   RO Data    RW Data    ZI Data      Debug   Library Member Name

        92          0          0          0          0          0   __dczerorl2.o
        32          0          0          0          0          0   _chval.o
       156          0          0          0          0          0   _strtoul.o
        26          0          0          0          0          0   atoi.o
         8          4        133          0          0          0   ctype_o.o
         0          0          0          0          0          0   entry.o
         8          4          0          0          0          0   entry2.o
         4          0          0          0          0          0   entry5.o
         8          4          0          0          0          0   entry7.o
         8          4          0          4          0          0   errno.o
        30          0          0          0          0          0   handlers.o
        36          8          0          0          0          0   init.o
         0          0          0          0          0          0   iusefp.o
        30          0          0          0          0          0   llshl.o
        36          0          0          0          0          0   llsshr.o
        32          0          0          0          0          0   llushr.o
        36          0          0          0          0          0   memcpya.o
        38          0          0          0          0          0   memseta.o
      2254         98          0          0          0          0   printfa.o
         0          0          0          4          0          0   stdout.o
        28          0          0          0          0          0   strcat.o
        16          0          0          0          0          0   strlen.o
        44          0          0          0          0          0   strstr.o
       112          0          0          0          0          0   strtol.o
        44          0          0          0          0          0   uidiv.o
       102          0          0          0          0          0   uldiv.o
        40          2          0          0          0          0   cdrcmple.o
        56          0          0          0          0          0   d2f.o
       330          0          0          0          0          0   dadd.o
       222          0          0          0          0          0   ddiv.o
       194          0          0          0          0          0   depilogue.o
        48          0          0          0          0          0   dfixul.o
        34          0          0          0          0          0   dflti.o
       226          0          0          0          0          0   dmul.o
        44          0          0          0          0          0   f2d.o
       176          0          0          0          0          0   fadd.o
       128          0          0          0          0          0   fdiv.o
       112          0          0          0          0          0   fepilogue.o
        50          0          0          0          0          0   ffixi.o
        18          0          0          0          0          0   fflti.o
       108          0          0          0          0          0   fmul.o

    ----------------------------------------------------------------------
      4972        124        136          8          0          0   Library Totals
         6          0          3          0          0          0   (incl. Padding)

    ----------------------------------------------------------------------

      Code (inc. data)   RO Data    RW Data    ZI Data      Debug   Library Name

      3180        122        133          8          0       1912   mc_w.l
      1786          2          0          0          0       1504   mf_w.l

    ----------------------------------------------------------------------
      4972        124        136          8          0          0   Library Totals

    ----------------------------------------------------------------------

==============================================================================


      Code (inc. data)   RO Data    RW Data    ZI Data      Debug   

     26844       4696       1124       8600       9776     399208   Grand Totals
     26844       4696       1124       1620       9776     399208   ELF Image Totals (compressed)
     26844       4696       1124       1620          0          0   ROM Totals

==============================================================================

    Total RO  Size (Code + RO Data)                27968 (  27.31kB)
    Total RW  Size (RW Data + ZI Data)             18376 (  17.95kB)
    Total ROM Size (Code + RO Data + RW Data)      29588 (  28.89kB)

==============================================================================

